#========================================================================================
#                     Free energy perturbation    
#----------------------------------------------------------------------------------------
#forward/backward          λ              ΔΔA                 ΔA                  δε   
#                                                 
#----------------------------------------------------------------------------------------
forward:               0.0000              0.0000              0.0000              0.0000  
forward:               0.0500              1.8317              1.8317              0.0174  
forward:               0.1000              1.0499              2.8816              0.0224  
forward:               0.1500              0.5984              3.4800              0.0247  
forward:               0.2000              0.3084              3.7884              0.0256  
forward:               0.2500              0.1701              3.9585              0.0262  
forward:               0.3000              0.0688              4.0272              0.0266  
forward:               0.3500              0.0110              4.0383              0.0269  
forward:               0.4000             -0.0327              4.0056              0.0273  
forward:               0.4500             -0.0726              3.9330              0.0275  
forward:               0.5000             -0.0883              3.8447              0.0277  
forward:               0.5500             -0.1607              3.6840              0.0280  
forward:               0.6000             -0.3499              3.3341              0.0282  
forward:               0.6500             -0.4935              2.8406              0.0286  
forward:               0.7000             -0.6210              2.2196              0.0289  
forward:               0.7500             -0.7289              1.4907              0.0292  
forward:               0.8000             -0.8358              0.6549              0.0295  
forward:               0.8500             -0.9129             -0.2580              0.0299  
forward:               0.9000             -1.0004             -1.2584              0.0304  
forward:               0.9500             -1.0740             -2.3324              0.0307  
forward:               1.0000             -1.1342             -3.4666              0.0312  
backward:              1.0000              0.0000             -3.4666              0.0000  
backward:              0.9500              1.1266             -2.3400              0.0040  
backward:              0.9000              1.0732             -1.2668              0.0073  
backward:              0.8500              0.9969             -0.2699              0.0093  
backward:              0.8000              0.9180              0.6481              0.0107  
backward:              0.7500              0.8375              1.4857              0.0118  
backward:              0.7000              0.7298              2.2155              0.0127  
backward:              0.6500              0.6202              2.8357              0.0137  
backward:              0.6000              0.4894              3.3251              0.0147  
backward:              0.5500              0.3397              3.6648              0.0155  
backward:              0.5000              0.1701              3.8350              0.0164  
backward:              0.4500              0.0849              3.9199              0.0168  
backward:              0.4000              0.0606              3.9804              0.0175  
backward:              0.3500              0.0303              4.0108              0.0180  
backward:              0.3000             -0.0142              3.9965              0.0190  
backward:              0.2500             -0.0802              3.9163              0.0199  
backward:              0.2000             -0.1538              3.7626              0.0215  
backward:              0.1500             -0.3049              3.4577              0.0231  
backward:              0.1000             -0.5824              2.8754              0.0301  
backward:              0.0500             -1.0668              1.8086              0.0374  
backward:              0.0000             -1.8160             -0.0075              0.0442  
Inaccuracy estimation
======================================================================================================
                   i        i+δi          P0_overlap_P1   δε(forward)/ε   δε(backward)/ε
======================================================================================================
inaccuracy:  0.00000        0.05000           34.43           -0.02            1.92
inaccuracy:  0.05000        0.10000           43.60           -0.05            1.21
inaccuracy:  0.10000        0.15000           52.05           -0.04            0.69
inaccuracy:  0.15000        0.20000           61.17           -0.02            0.37
inaccuracy:  0.20000        0.25000           63.89           -0.03            0.26
inaccuracy:  0.25000        0.30000           68.38           -0.01            0.18
inaccuracy:  0.30000        0.35000           69.83           -0.03            0.15
inaccuracy:  0.35000        0.40000           71.02           -0.02            0.14
inaccuracy:  0.40000        0.45000           72.96           -0.02            0.12
inaccuracy:  0.45000        0.50000           72.54           -0.02            0.11
inaccuracy:  0.50000        0.55000           65.25           -0.08            0.15
inaccuracy:  0.55000        0.60000           66.99           -0.07            0.11
inaccuracy:  0.60000        0.65000           67.87           -0.08            0.09
inaccuracy:  0.65000        0.70000           67.37           -0.09            0.08
inaccuracy:  0.70000        0.75000           67.06           -0.10            0.07
inaccuracy:  0.75000        0.80000           67.18           -0.10            0.06
inaccuracy:  0.80000        0.85000           66.45           -0.12            0.06
inaccuracy:  0.85000        0.90000           66.27           -0.12            0.05
inaccuracy:  0.90000        0.95000           65.55           -0.13            0.04
inaccuracy:  0.95000        1.00000           65.70           -0.12            0.04
===================================================================================================================================
                BAR        
-----------------------------------------------------------------------------------------------------------------------------------
BAR-estimator:         λ             λ+δλ          ΔΔA             ΔA            C               Δδe            δe       
                          
-----------------------------------------------------------------------------------------------------------------------------------
BAR-estimator:      0.00000        0.05000        1.8376         1.8376         1.8376         0.0088         0.0088 
BAR-estimator:      0.05000        0.10000        1.0637         2.9013         1.0637         0.0080         0.0119 
BAR-estimator:      0.10000        0.15000        0.5931         3.4944         0.5931         0.0070         0.0138 
BAR-estimator:      0.15000        0.20000        0.3104         3.8048         0.3104         0.0047         0.0146 
BAR-estimator:      0.20000        0.25000        0.1620         3.9668         0.1620         0.0042         0.0151 
BAR-estimator:      0.25000        0.30000        0.0719         4.0387         0.0719         0.0031         0.0155 
BAR-estimator:      0.30000        0.35000        0.0084         4.0471         0.0084         0.0027         0.0157 
BAR-estimator:      0.35000        0.40000       -0.0300         4.0171        -0.0300         0.0030         0.0160 
BAR-estimator:      0.40000        0.45000       -0.0671         3.9500        -0.0671         0.0024         0.0162 
BAR-estimator:      0.45000        0.50000       -0.0882         3.8618        -0.0882         0.0023         0.0163 
BAR-estimator:      0.50000        0.55000       -0.1629         3.6989        -0.1629         0.0027         0.0165 
BAR-estimator:      0.55000        0.60000       -0.3465         3.3524        -0.3465         0.0027         0.0168 
BAR-estimator:      0.60000        0.65000       -0.4906         2.8618        -0.4906         0.0029         0.0170 
BAR-estimator:      0.65000        0.70000       -0.6198         2.2420        -0.6198         0.0026         0.0172 
BAR-estimator:      0.70000        0.75000       -0.7296         1.5123        -0.7296         0.0029         0.0175 
BAR-estimator:      0.75000        0.80000       -0.8362         0.6761        -0.8362         0.0030         0.0177 
BAR-estimator:      0.80000        0.85000       -0.9162        -0.2402        -0.9162         0.0033         0.0180 
BAR-estimator:      0.85000        0.90000       -0.9977        -1.2379        -0.9977         0.0037         0.0184 
BAR-estimator:      0.90000        0.95000       -1.0762        -2.3141        -1.0762         0.0034         0.0187 
BAR-estimator:      0.95000        1.00000       -1.1295        -3.4436        -1.1295         0.0035         0.0190 
BAR-estimator: total free energy change is -3.443598475809843 , total error is 0.01902340974953826
