#========================================================================================
#                     Free energy perturbation    
#----------------------------------------------------------------------------------------
#forward/backward          λ              ΔΔA                 ΔA                  δε   
#                                                 
#----------------------------------------------------------------------------------------
forward:               0.0000              0.0000              0.0000              0.0000  
forward:               0.0500              2.1276              2.1276              0.0189  
forward:               0.1000              1.2542              3.3818              0.0248  
forward:               0.1500              0.6636              4.0455              0.0275  
forward:               0.2000              0.3349              4.3803              0.0284  
forward:               0.2500              0.1853              4.5657              0.0290  
forward:               0.3000              0.0860              4.6517              0.0293  
forward:               0.3500              0.0282              4.6798              0.0297  
forward:               0.4000             -0.0144              4.6654              0.0299  
forward:               0.4500             -0.0476              4.6178              0.0302  
forward:               0.5000             -0.0701              4.5477              0.0304  
forward:               0.5500             -0.1163              4.4314              0.0306  
forward:               0.6000             -0.2146              4.2168              0.0308  
forward:               0.6500             -0.3079              3.9089              0.0311  
forward:               0.7000             -0.3862              3.5227              0.0314  
forward:               0.7500             -0.4365              3.0863              0.0316  
forward:               0.8000             -0.5023              2.5840              0.0318  
forward:               0.8500             -0.5368              2.0472              0.0321  
forward:               0.9000             -0.5730              1.4742              0.0322  
forward:               0.9500             -0.5901              0.8840              0.0324  
forward:               1.0000             -0.5993              0.2848              0.0326  
backward:              1.0000              0.0000              0.2848              0.0000  
backward:              0.9500              0.6026              0.8873              0.0045  
backward:              0.9000              0.5806              1.4679              0.0081  
backward:              0.8500              0.5523              2.0202              0.0098  
backward:              0.8000              0.5331              2.5533              0.0109  
backward:              0.7500              0.4904              3.0436              0.0117  
backward:              0.7000              0.4282              3.4719              0.0128  
backward:              0.6500              0.3704              3.8423              0.0138  
backward:              0.6000              0.2999              4.1422              0.0145  
backward:              0.5500              0.2170              4.3591              0.0153  
backward:              0.5000              0.1120              4.4711              0.0161  
backward:              0.4500              0.0706              4.5418              0.0169  
backward:              0.4000              0.0280              4.5698              0.0244  
backward:              0.3500              0.0194              4.5892              0.0250  
backward:              0.3000             -0.0227              4.5665              0.0250  
backward:              0.2500             -0.0802              4.4863              0.0258  
backward:              0.2000             -0.1907              4.2957              0.0344  
backward:              0.1500             -0.3481              3.9476              0.0359  
backward:              0.1000             -0.6682              3.2794              0.0389  
backward:              0.0500             -1.2063              2.0731              0.0455  
backward:              0.0000             -2.1435             -0.0704              0.0596  
Inaccuracy estimation
======================================================================================================
                   i        i+δi          P0_overlap_P1   δε(forward)/ε   δε(backward)/ε
======================================================================================================
inaccuracy:  0.00000        0.05000           30.70            0.01            2.47
inaccuracy:  0.05000        0.10000           38.66           -0.06            1.56
inaccuracy:  0.10000        0.15000           50.22           -0.04            0.76
inaccuracy:  0.15000        0.20000           59.79           -0.02            0.41
inaccuracy:  0.20000        0.25000           63.76           -0.02            0.28
inaccuracy:  0.25000        0.30000           66.74           -0.02            0.21
inaccuracy:  0.30000        0.35000           68.52           -0.02            0.18
inaccuracy:  0.35000        0.40000           69.63           -0.02            0.15
inaccuracy:  0.40000        0.45000           71.18           -0.02            0.13
inaccuracy:  0.45000        0.50000           70.72           -0.02            0.13
inaccuracy:  0.50000        0.55000           68.34           -0.05            0.14
inaccuracy:  0.55000        0.60000           68.32           -0.05            0.12
inaccuracy:  0.60000        0.65000           69.52           -0.05            0.10
inaccuracy:  0.65000        0.70000           69.92           -0.06            0.10
inaccuracy:  0.70000        0.75000           69.95           -0.05            0.09
inaccuracy:  0.75000        0.80000           70.38           -0.06            0.08
inaccuracy:  0.80000        0.85000           69.23           -0.07            0.08
inaccuracy:  0.85000        0.90000           70.32           -0.06            0.07
inaccuracy:  0.90000        0.95000           68.73           -0.06            0.08
inaccuracy:  0.95000        1.00000           68.55           -0.06            0.08
===================================================================================================================================
                BAR        
-----------------------------------------------------------------------------------------------------------------------------------
BAR-estimator:         λ             λ+δλ          ΔΔA             ΔA            C               Δδe            δe       
                          
-----------------------------------------------------------------------------------------------------------------------------------
BAR-estimator:      0.00000        0.05000        2.1415         2.1415         2.1415         0.0086         0.0086 
BAR-estimator:      0.05000        0.10000        1.2474         3.3888         1.2474         0.0089         0.0124 
BAR-estimator:      0.10000        0.15000        0.6619         4.0508         0.6619         0.0046         0.0132 
BAR-estimator:      0.15000        0.20000        0.3410         4.3918         0.3410         0.0049         0.0141 
BAR-estimator:      0.20000        0.25000        0.1828         4.5746         0.1828         0.0038         0.0146 
BAR-estimator:      0.25000        0.30000        0.0859         4.6605         0.0859         0.0034         0.0150 
BAR-estimator:      0.30000        0.35000        0.0274         4.6879         0.0274         0.0030         0.0153 
BAR-estimator:      0.35000        0.40000       -0.0156         4.6722        -0.0156         0.0029         0.0156 
BAR-estimator:      0.40000        0.45000       -0.0461         4.6262        -0.0461         0.0017         0.0157 
BAR-estimator:      0.45000        0.50000       -0.0708         4.5554        -0.0708         0.0025         0.0159 
BAR-estimator:      0.50000        0.55000       -0.1129         4.4425        -0.1129         0.0027         0.0161 
BAR-estimator:      0.55000        0.60000       -0.2157         4.2268        -0.2157         0.0026         0.0163 
BAR-estimator:      0.60000        0.65000       -0.3045         3.9223        -0.3045         0.0023         0.0165 
BAR-estimator:      0.65000        0.70000       -0.3812         3.5411        -0.3812         0.0029         0.0167 
BAR-estimator:      0.70000        0.75000       -0.4342         3.1069        -0.4342         0.0028         0.0170 
BAR-estimator:      0.75000        0.80000       -0.4953         2.6115        -0.4953         0.0026         0.0172 
BAR-estimator:      0.80000        0.85000       -0.5368         2.0747        -0.5368         0.0028         0.0174 
BAR-estimator:      0.85000        0.90000       -0.5670         1.5077        -0.5670         0.0028         0.0176 
BAR-estimator:      0.90000        0.95000       -0.5914         0.9164        -0.5914         0.0030         0.0179 
BAR-estimator:      0.95000        1.00000       -0.6010         0.3153        -0.6010         0.0027         0.0181 
BAR-estimator: total free energy change is 0.3153335551120696 , total error is 0.018059388966430102
