#========================================================================================
#                     Free energy perturbation    
#----------------------------------------------------------------------------------------
#forward/backward          λ              ΔΔA                 ΔA                  δε   
#                                                 
#----------------------------------------------------------------------------------------
forward:               0.0000              0.0000              0.0000              0.0000  
forward:               0.0500              1.1035              1.1035              0.0101  
forward:               0.1000              0.7125              1.8160              0.0127  
forward:               0.1500              0.4643              2.2803              0.0146  
forward:               0.2000              0.2976              2.5779              0.0160  
forward:               0.2500              0.2115              2.7893              0.0167  
forward:               0.3000              0.1519              2.9413              0.0173  
forward:               0.3500              0.1061              3.0474              0.0177  
forward:               0.4000              0.0853              3.1326              0.0180  
forward:               0.4500              0.0541              3.1868              0.0183  
forward:               0.5000              0.0378              3.2246              0.0185  
forward:               0.5500              0.0224              3.2469              0.0187  
forward:               0.6000              0.0030              3.2500              0.0190  
forward:               0.6500             -0.0235              3.2265              0.0192  
forward:               0.7000             -0.0459              3.1806              0.0194  
forward:               0.7500             -0.0558              3.1248              0.0195  
forward:               0.8000             -0.0652              3.0595              0.0197  
forward:               0.8500             -0.0725              2.9870              0.0199  
forward:               0.9000             -0.0812              2.9058              0.0200  
forward:               0.9500             -0.0820              2.8238              0.0202  
forward:               1.0000             -0.0864              2.7375              0.0203  
backward:              1.0000              0.0000              2.7375              0.0000  
backward:              0.9500              0.0833              2.8208              0.0035  
backward:              0.9000              0.0781              2.8989              0.0048  
backward:              0.8500              0.0743              2.9731              0.0057  
backward:              0.8000              0.0649              3.0380              0.0066  
backward:              0.7500              0.0613              3.0994              0.0074  
backward:              0.7000              0.0511              3.1504              0.0080  
backward:              0.6500              0.0453              3.1957              0.0086  
backward:              0.6000              0.0224              3.2181              0.0094  
backward:              0.5500              0.0045              3.2227              0.0101  
backward:              0.5000             -0.0265              3.1962              0.0107  
backward:              0.4500             -0.0431              3.1531              0.0115  
backward:              0.4000             -0.0615              3.0917              0.0122  
backward:              0.3500             -0.0774              3.0143              0.0129  
backward:              0.3000             -0.1179              2.8964              0.0137  
backward:              0.2500             -0.1550              2.7413              0.0147  
backward:              0.2000             -0.2037              2.5377              0.0158  
backward:              0.1500             -0.3155              2.2222              0.0179  
backward:              0.1000             -0.4813              1.7409              0.0247  
backward:              0.0500             -0.7023              1.0385              0.0308  
backward:              0.0000             -1.0941             -0.0555              0.0350  
Inaccuracy estimation
======================================================================================================
                   i        i+δi          P0_overlap_P1   δε(forward)/ε   δε(backward)/ε
======================================================================================================
inaccuracy:  0.00000        0.05000           46.50           -0.03            1.00
inaccuracy:  0.05000        0.10000           54.28           -0.02            0.65
inaccuracy:  0.10000        0.15000           61.28           -0.02            0.39
inaccuracy:  0.15000        0.20000           67.43           -0.01            0.25
inaccuracy:  0.20000        0.25000           69.36           -0.01            0.20
inaccuracy:  0.25000        0.30000           72.38           -0.01            0.15
inaccuracy:  0.30000        0.35000           74.39           -0.01            0.13
inaccuracy:  0.35000        0.40000           73.55           -0.01            0.13
inaccuracy:  0.40000        0.45000           75.27           -0.01            0.10
inaccuracy:  0.45000        0.50000           75.80           -0.01            0.10
inaccuracy:  0.50000        0.55000           75.25           -0.01            0.10
inaccuracy:  0.55000        0.60000           74.39           -0.01            0.11
inaccuracy:  0.60000        0.65000           75.71           -0.01            0.09
inaccuracy:  0.65000        0.70000           76.37           -0.01            0.09
inaccuracy:  0.70000        0.75000           76.30           -0.01            0.08
inaccuracy:  0.75000        0.80000           76.19           -0.02            0.08
inaccuracy:  0.80000        0.85000           76.54           -0.01            0.08
inaccuracy:  0.85000        0.90000           75.95           -0.01            0.08
inaccuracy:  0.90000        0.95000           75.38           -0.01            0.08
inaccuracy:  0.95000        1.00000           75.75           -0.02            0.08
===================================================================================================================================
                BAR        
-----------------------------------------------------------------------------------------------------------------------------------
BAR-estimator:         λ             λ+δλ          ΔΔA             ΔA            C               Δδe            δe       
                          
-----------------------------------------------------------------------------------------------------------------------------------
BAR-estimator:      0.00000        0.05000        1.0957         1.0957         1.0957         0.0059         0.0059 
BAR-estimator:      0.05000        0.10000        0.7071         1.8028         0.7071         0.0050         0.0077 
BAR-estimator:      0.10000        0.15000        0.4595         2.2623         0.4595         0.0047         0.0090 
BAR-estimator:      0.15000        0.20000        0.3012         2.5634         0.3012         0.0046         0.0101 
BAR-estimator:      0.20000        0.25000        0.2093         2.7727         0.2093         0.0031         0.0106 
BAR-estimator:      0.25000        0.30000        0.1537         2.9264         0.1537         0.0028         0.0110 
BAR-estimator:      0.30000        0.35000        0.1093         3.0357         0.1093         0.0026         0.0113 
BAR-estimator:      0.35000        0.40000        0.0829         3.1186         0.0829         0.0024         0.0115 
BAR-estimator:      0.40000        0.45000        0.0554         3.1740         0.0554         0.0019         0.0117 
BAR-estimator:      0.45000        0.50000        0.0396         3.2136         0.0396         0.0022         0.0119 
BAR-estimator:      0.50000        0.55000        0.0238         3.2374         0.0238         0.0021         0.0121 
BAR-estimator:      0.55000        0.60000        0.0010         3.2385         0.0010         0.0021         0.0123 
BAR-estimator:      0.60000        0.65000       -0.0235         3.2150        -0.0235         0.0022         0.0124 
BAR-estimator:      0.65000        0.70000       -0.0445         3.1705        -0.0445         0.0020         0.0126 
BAR-estimator:      0.70000        0.75000       -0.0545         3.1160        -0.0545         0.0021         0.0128 
BAR-estimator:      0.75000        0.80000       -0.0639         3.0521        -0.0639         0.0020         0.0129 
BAR-estimator:      0.80000        0.85000       -0.0689         2.9832        -0.0689         0.0020         0.0131 
BAR-estimator:      0.85000        0.90000       -0.0791         2.9041        -0.0791         0.0019         0.0132 
BAR-estimator:      0.90000        0.95000       -0.0808         2.8233        -0.0808         0.0020         0.0134 
BAR-estimator:      0.95000        1.00000       -0.0853         2.7380        -0.0853         0.0020         0.0135 
BAR-estimator: total free energy change is 2.7380197956458616 , total error is 0.013518446822765111
