#========================================================================================
#                     Free energy perturbation    
#----------------------------------------------------------------------------------------
#forward/backward          λ              ΔΔA                 ΔA                  δε   
#                                                 
#----------------------------------------------------------------------------------------
forward:               0.0000              0.0000              0.0000              0.0000  
forward:               0.0500              3.2373              3.2373              0.0311  
forward:               0.1000              1.5650              4.8022              0.0394  
forward:               0.1500              0.6209              5.4232              0.0413  
forward:               0.2000              0.2150              5.6382              0.0420  
forward:               0.2500              0.0326              5.6708              0.0424  
forward:               0.3000             -0.0748              5.5960              0.0427  
forward:               0.3500             -0.1429              5.4531              0.0429  
forward:               0.4000             -0.1952              5.2579              0.0431  
forward:               0.4500             -0.2356              5.0222              0.0432  
forward:               0.5000             -0.2603              4.7619              0.0434  
forward:               0.5500             -0.3697              4.3922              0.0436  
forward:               0.6000             -0.6133              3.7790              0.0439  
forward:               0.6500             -0.7969              2.9821              0.0441  
forward:               0.7000             -0.9465              2.0356              0.0443  
forward:               0.7500             -1.0774              0.9581              0.0445  
forward:               0.8000             -1.1826             -0.2245              0.0447  
forward:               0.8500             -1.2770             -1.5015              0.0449  
forward:               0.9000             -1.3528             -2.8543              0.0450  
forward:               0.9500             -1.4107             -4.2650              0.0452  
forward:               1.0000             -1.4650             -5.7300              0.0453  
backward:              1.0000              0.0000             -5.7300              0.0000  
backward:              0.9500              1.4573             -4.2726              0.0047  
backward:              0.9000              1.4179             -2.8547              0.0068  
backward:              0.8500              1.3440             -1.5107              0.0083  
backward:              0.8000              1.2720             -0.2387              0.0094  
backward:              0.7500              1.1863              0.9476              0.0105  
backward:              0.7000              1.0661              2.0137              0.0121  
backward:              0.6500              0.9414              2.9552              0.0131  
backward:              0.6000              0.7854              3.7405              0.0145  
backward:              0.5500              0.5963              4.3368              0.0159  
backward:              0.5000              0.3598              4.6967              0.0173  
backward:              0.4500              0.2620              4.9587              0.0178  
backward:              0.4000              0.2259              5.1846              0.0185  
backward:              0.3500              0.1922              5.3768              0.0193  
backward:              0.3000              0.1405              5.5174              0.0201  
backward:              0.2500              0.0687              5.5861              0.0212  
backward:              0.2000             -0.0239              5.5622              0.0224  
backward:              0.1500             -0.2283              5.3339              0.0260  
backward:              0.1000             -0.5981              4.7358              0.0338  
backward:              0.0500             -1.5406              3.1951              0.0461  
backward:              0.0000             -3.2428             -0.0477              0.0883  
Inaccuracy estimation
======================================================================================================
                   i        i+δi          P0_overlap_P1   δε(forward)/ε   δε(backward)/ε
======================================================================================================
inaccuracy:  0.00000        0.05000           20.28            0.33            4.32
inaccuracy:  0.05000        0.10000           30.00           -0.10            2.46
inaccuracy:  0.10000        0.15000           45.65           -0.05            1.00
inaccuracy:  0.15000        0.20000           57.85           -0.03            0.44
inaccuracy:  0.20000        0.25000           63.17           -0.04            0.26
inaccuracy:  0.25000        0.30000           66.17           -0.03            0.20
inaccuracy:  0.30000        0.35000           67.98           -0.03            0.16
inaccuracy:  0.35000        0.40000           69.29           -0.03            0.14
inaccuracy:  0.40000        0.45000           70.74           -0.03            0.11
inaccuracy:  0.45000        0.50000           70.40           -0.02            0.11
inaccuracy:  0.50000        0.55000           62.41           -0.10            0.15
inaccuracy:  0.55000        0.60000           64.81           -0.10            0.10
inaccuracy:  0.60000        0.65000           65.58           -0.11            0.08
inaccuracy:  0.65000        0.70000           65.65           -0.10            0.06
inaccuracy:  0.70000        0.75000           66.23           -0.12            0.04
inaccuracy:  0.75000        0.80000           65.26           -0.13            0.03
inaccuracy:  0.80000        0.85000           66.19           -0.12            0.02
inaccuracy:  0.85000        0.90000           66.49           -0.13            0.01
inaccuracy:  0.90000        0.95000           65.32           -0.14            0.01
inaccuracy:  0.95000        1.00000           65.57           -0.13            0.01
===================================================================================================================================
                BAR        
-----------------------------------------------------------------------------------------------------------------------------------
BAR-estimator:         λ             λ+δλ          ΔΔA             ΔA            C               Δδe            δe       
                          
-----------------------------------------------------------------------------------------------------------------------------------
BAR-estimator:      0.00000        0.05000        3.1986         3.1986         3.1986         0.0108         0.0108 
BAR-estimator:      0.05000        0.10000        1.5802         4.7787         1.5802         0.0053         0.0120 
BAR-estimator:      0.10000        0.15000        0.6200         5.3988         0.6200         0.0080         0.0145 
BAR-estimator:      0.15000        0.20000        0.2202         5.6189         0.2202         0.0048         0.0152 
BAR-estimator:      0.20000        0.25000        0.0315         5.6504         0.0315         0.0038         0.0157 
BAR-estimator:      0.25000        0.30000       -0.0723         5.5781        -0.0723         0.0031         0.0160 
BAR-estimator:      0.30000        0.35000       -0.1426         5.4354        -0.1426         0.0029         0.0163 
BAR-estimator:      0.35000        0.40000       -0.1952         5.2403        -0.1952         0.0024         0.0165 
BAR-estimator:      0.40000        0.45000       -0.2339         5.0064        -0.2339         0.0026         0.0167 
BAR-estimator:      0.45000        0.50000       -0.2620         4.7444        -0.2620         0.0023         0.0168 
BAR-estimator:      0.50000        0.55000       -0.3701         4.3743        -0.3701         0.0031         0.0171 
BAR-estimator:      0.55000        0.60000       -0.6079         3.7665        -0.6079         0.0035         0.0175 
BAR-estimator:      0.60000        0.65000       -0.7896         2.9768        -0.7896         0.0029         0.0177 
BAR-estimator:      0.65000        0.70000       -0.9425         2.0343        -0.9425         0.0031         0.0180 
BAR-estimator:      0.70000        0.75000       -1.0745         0.9598        -1.0745         0.0030         0.0182 
BAR-estimator:      0.75000        0.80000       -1.1863        -0.2265        -1.1863         0.0031         0.0185 
BAR-estimator:      0.80000        0.85000       -1.2750        -1.5014        -1.2750         0.0030         0.0187 
BAR-estimator:      0.85000        0.90000       -1.3500        -2.8514        -1.3500         0.0030         0.0190 
BAR-estimator:      0.90000        0.95000       -1.4124        -4.2638        -1.4124         0.0030         0.0192 
BAR-estimator:      0.95000        1.00000       -1.4618        -5.7256        -1.4618         0.0027         0.0194 
BAR-estimator: total free energy change is -5.725603662045881 , total error is 0.01939244833001875
