#========================================================================================
#                     Free energy perturbation    
#----------------------------------------------------------------------------------------
#forward/backward          λ              ΔΔA                 ΔA                  δε   
#                                                 
#----------------------------------------------------------------------------------------
forward:               0.0000              0.0000              0.0000              0.0000  
forward:               0.0500              2.1677              2.1677              0.0240  
forward:               0.1000              1.1170              3.2847              0.0282  
forward:               0.1500              0.5219              3.8065              0.0297  
forward:               0.2000              0.2452              4.0517              0.0305  
forward:               0.2500              0.0950              4.1467              0.0310  
forward:               0.3000              0.0106              4.1573              0.0313  
forward:               0.3500             -0.0479              4.1095              0.0316  
forward:               0.4000             -0.0834              4.0261              0.0318  
forward:               0.4500             -0.1277              3.8984              0.0320  
forward:               0.5000             -0.1387              3.7597              0.0322  
forward:               0.5500             -0.3029              3.4568              0.0326  
forward:               0.6000             -0.6063              2.8505              0.0329  
forward:               0.6500             -0.8563              1.9942              0.0333  
forward:               0.7000             -1.0448              0.9493              0.0336  
forward:               0.7500             -1.1984             -0.2491              0.0339  
forward:               0.8000             -1.2944             -1.5435              0.0342  
forward:               0.8500             -1.3509             -2.8943              0.0345  
forward:               0.9000             -1.3879             -4.2823              0.0347  
forward:               0.9500             -1.4021             -5.6844              0.0350  
forward:               1.0000             -1.4028             -7.0871              0.0351  
backward:              1.0000              0.0000             -7.0871              0.0000  
backward:              0.9500              1.4058             -5.6813              0.0056  
backward:              0.9000              1.3997             -4.2816              0.0088  
backward:              0.8500              1.3829             -2.8987              0.0136  
backward:              0.8000              1.3460             -1.5527              0.0145  
backward:              0.7500              1.2845             -0.2681              0.0156  
backward:              0.7000              1.1939              0.9258              0.0165  
backward:              0.6500              1.0427              1.9685              0.0174  
backward:              0.6000              0.8456              2.8141              0.0181  
backward:              0.5500              0.6092              3.4233              0.0190  
backward:              0.5000              0.3083              3.7316              0.0197  
backward:              0.4500              0.1449              3.8765              0.0201  
backward:              0.4000              0.1140              3.9905              0.0206  
backward:              0.3500              0.0807              4.0712              0.0210  
backward:              0.3000              0.0325              4.1037              0.0215  
backward:              0.2500             -0.0182              4.0856              0.0222  
backward:              0.2000             -0.0959              3.9896              0.0233  
backward:              0.1500             -0.2452              3.7445              0.0248  
backward:              0.1000             -0.5152              3.2292              0.0284  
backward:              0.0500             -1.0737              2.1555              0.0364  
backward:              0.0000             -2.1066              0.0489              0.0582  
Inaccuracy estimation
======================================================================================================
                   i        i+δi          P0_overlap_P1   δε(forward)/ε   δε(backward)/ε
======================================================================================================
inaccuracy:  0.00000        0.05000           29.10            0.02            2.55
inaccuracy:  0.05000        0.10000           39.58           -0.06            1.53
inaccuracy:  0.10000        0.15000           53.03           -0.03            0.66
inaccuracy:  0.15000        0.20000           62.09           -0.02            0.34
inaccuracy:  0.20000        0.25000           66.81           -0.02            0.22
inaccuracy:  0.25000        0.30000           69.75           -0.02            0.16
inaccuracy:  0.30000        0.35000           71.82           -0.02            0.13
inaccuracy:  0.35000        0.40000           72.45           -0.02            0.12
inaccuracy:  0.40000        0.45000           74.27           -0.02            0.11
inaccuracy:  0.45000        0.50000           72.74           -0.02            0.10
inaccuracy:  0.50000        0.55000           61.87           -0.12            0.16
inaccuracy:  0.55000        0.60000           63.94           -0.13            0.10
inaccuracy:  0.60000        0.65000           65.02           -0.14            0.07
inaccuracy:  0.65000        0.70000           64.94           -0.14            0.04
inaccuracy:  0.70000        0.75000           65.01           -0.16            0.03
inaccuracy:  0.75000        0.80000           65.02           -0.15            0.02
inaccuracy:  0.80000        0.85000           64.81           -0.15            0.02
inaccuracy:  0.85000        0.90000           64.28           -0.15            0.02
inaccuracy:  0.90000        0.95000           63.92           -0.17            0.03
inaccuracy:  0.95000        1.00000           62.86           -0.15            0.03
===================================================================================================================================
                BAR        
-----------------------------------------------------------------------------------------------------------------------------------
BAR-estimator:         λ             λ+δλ          ΔΔA             ΔA            C               Δδe            δe       
                          
-----------------------------------------------------------------------------------------------------------------------------------
BAR-estimator:      0.00000        0.05000        2.1592         2.1592         2.1592         0.0088         0.0088 
BAR-estimator:      0.05000        0.10000        1.1230         3.2822         1.1230         0.0092         0.0127 
BAR-estimator:      0.10000        0.15000        0.5214         3.8037         0.5214         0.0041         0.0134 
BAR-estimator:      0.15000        0.20000        0.2482         4.0519         0.2482         0.0046         0.0141 
BAR-estimator:      0.20000        0.25000        0.0963         4.1481         0.0963         0.0037         0.0146 
BAR-estimator:      0.25000        0.30000        0.0125         4.1606         0.0125         0.0032         0.0149 
BAR-estimator:      0.30000        0.35000       -0.0423         4.1183        -0.0423         0.0028         0.0152 
BAR-estimator:      0.35000        0.40000       -0.0812         4.0371        -0.0812         0.0023         0.0154 
BAR-estimator:      0.40000        0.45000       -0.1202         3.9168        -0.1202         0.0024         0.0156 
BAR-estimator:      0.45000        0.50000       -0.1404         3.7765        -0.1404         0.0023         0.0157 
BAR-estimator:      0.50000        0.55000       -0.3057         3.4708        -0.3057         0.0031         0.0160 
BAR-estimator:      0.55000        0.60000       -0.6069         2.8640        -0.6069         0.0032         0.0164 
BAR-estimator:      0.60000        0.65000       -0.8509         2.0131        -0.8509         0.0029         0.0166 
BAR-estimator:      0.65000        0.70000       -1.0440         0.9691        -1.0440         0.0031         0.0169 
BAR-estimator:      0.70000        0.75000       -1.1958        -0.2267        -1.1958         0.0029         0.0171 
BAR-estimator:      0.75000        0.80000       -1.2887        -1.5154        -1.2887         0.0029         0.0174 
BAR-estimator:      0.80000        0.85000       -1.3488        -2.8643        -1.3488         0.0032         0.0177 
BAR-estimator:      0.85000        0.90000       -1.3850        -4.2492        -1.3850         0.0033         0.0180 
BAR-estimator:      0.90000        0.95000       -1.3984        -5.6476        -1.3984         0.0032         0.0183 
BAR-estimator:      0.95000        1.00000       -1.4024        -7.0500        -1.4024         0.0031         0.0185 
BAR-estimator: total free energy change is -7.049984060102184 , total error is 0.018535617766660704
