#========================================================================================
#                     Free energy perturbation    
#----------------------------------------------------------------------------------------
#forward/backward          λ              ΔΔA                 ΔA                  δε   
#                                                 
#----------------------------------------------------------------------------------------
forward:               0.0000              0.0000              0.0000              0.0000  
forward:               0.0500              0.7859              0.7859              0.0084  
forward:               0.1000              0.5034              1.2893              0.0109  
forward:               0.1500              0.3274              1.6167              0.0117  
forward:               0.2000              0.2166              1.8332              0.0126  
forward:               0.2500              0.1575              1.9907              0.0134  
forward:               0.3000              0.1108              2.1016              0.0138  
forward:               0.3500              0.0777              2.1793              0.0142  
forward:               0.4000              0.0496              2.2289              0.0145  
forward:               0.4500              0.0341              2.2629              0.0148  
forward:               0.5000              0.0186              2.2815              0.0150  
forward:               0.5500             -0.0894              2.1922              0.0155  
forward:               0.6000             -0.2648              1.9273              0.0158  
forward:               0.6500             -0.4359              1.4914              0.0165  
forward:               0.7000             -0.5773              0.9141              0.0170  
forward:               0.7500             -0.6693              0.2448              0.0174  
forward:               0.8000             -0.7069             -0.4621              0.0177  
forward:               0.8500             -0.7001             -1.1622              0.0180  
forward:               0.9000             -0.6830             -1.8452              0.0183  
forward:               0.9500             -0.6516             -2.4968              0.0185  
forward:               1.0000             -0.6222             -3.1190              0.0187  
backward:              1.0000              0.0000             -3.1190              0.0000  
backward:              0.9500              0.6123             -2.5067              0.0044  
backward:              0.9000              0.6445             -1.8622              0.0062  
backward:              0.8500              0.6738             -1.1884              0.0074  
backward:              0.8000              0.6993             -0.4891              0.0084  
backward:              0.7500              0.7068              0.2177              0.0093  
backward:              0.7000              0.6681              0.8857              0.0104  
backward:              0.6500              0.5771              1.4629              0.0112  
backward:              0.6000              0.4280              1.8909              0.0120  
backward:              0.5500              0.2570              2.1479              0.0125  
backward:              0.5000              0.0874              2.2353              0.0131  
backward:              0.4500             -0.0280              2.2073              0.0135  
backward:              0.4000             -0.0369              2.1703              0.0139  
backward:              0.3500             -0.0553              2.1150              0.0144  
backward:              0.3000             -0.0745              2.0405              0.0149  
backward:              0.2500             -0.1155              1.9250              0.0160  
backward:              0.2000             -0.1464              1.7786              0.0166  
backward:              0.1500             -0.2162              1.5624              0.0181  
backward:              0.1000             -0.3294              1.2329              0.0195  
backward:              0.0500             -0.5150              0.7179              0.0261  
backward:              0.0000             -0.8081             -0.0902              0.0298  
Inaccuracy estimation
======================================================================================================
                   i        i+δi          P0_overlap_P1   δε(forward)/ε   δε(backward)/ε
======================================================================================================
inaccuracy:  0.00000        0.05000           53.12           -0.02            0.67
inaccuracy:  0.05000        0.10000           61.05           -0.01            0.44
inaccuracy:  0.10000        0.15000           66.68           -0.01            0.27
inaccuracy:  0.15000        0.20000           70.53           -0.00            0.20
inaccuracy:  0.20000        0.25000           72.09           -0.01            0.15
inaccuracy:  0.25000        0.30000           75.19           -0.01            0.12
inaccuracy:  0.30000        0.35000           75.88           -0.01            0.11
inaccuracy:  0.35000        0.40000           77.90           -0.01            0.10
inaccuracy:  0.40000        0.45000           77.70           -0.01            0.09
inaccuracy:  0.45000        0.50000           78.45           -0.01            0.08
inaccuracy:  0.50000        0.55000           70.66           -0.06            0.12
inaccuracy:  0.55000        0.60000           70.94           -0.08            0.09
inaccuracy:  0.60000        0.65000           70.02           -0.09            0.07
inaccuracy:  0.65000        0.70000           69.08           -0.09            0.06
inaccuracy:  0.70000        0.75000           69.35           -0.08            0.06
inaccuracy:  0.75000        0.80000           69.80           -0.07            0.06
inaccuracy:  0.80000        0.85000           69.84           -0.07            0.06
inaccuracy:  0.85000        0.90000           69.66           -0.07            0.07
inaccuracy:  0.90000        0.95000           69.31           -0.07            0.08
inaccuracy:  0.95000        1.00000           68.98           -0.07            0.09
===================================================================================================================================
                BAR        
-----------------------------------------------------------------------------------------------------------------------------------
BAR-estimator:         λ             λ+δλ          ΔΔA             ΔA            C               Δδe            δe       
                          
-----------------------------------------------------------------------------------------------------------------------------------
BAR-estimator:      0.00000        0.05000        0.7953         0.7953         0.7953         0.0048         0.0048 
BAR-estimator:      0.05000        0.10000        0.5036         1.2989         0.5036         0.0042         0.0064 
BAR-estimator:      0.10000        0.15000        0.3261         1.6250         0.3261         0.0036         0.0073 
BAR-estimator:      0.15000        0.20000        0.2146         1.8396         0.2146         0.0028         0.0079 
BAR-estimator:      0.20000        0.25000        0.1529         1.9924         0.1529         0.0029         0.0084 
BAR-estimator:      0.25000        0.30000        0.1119         2.1043         0.1119         0.0023         0.0087 
BAR-estimator:      0.30000        0.35000        0.0763         2.1806         0.0763         0.0020         0.0089 
BAR-estimator:      0.35000        0.40000        0.0520         2.2326         0.0520         0.0021         0.0092 
BAR-estimator:      0.40000        0.45000        0.0361         2.2687         0.0361         0.0021         0.0094 
BAR-estimator:      0.45000        0.50000        0.0214         2.2902         0.0214         0.0018         0.0096 
BAR-estimator:      0.50000        0.55000       -0.0859         2.2042        -0.0859         0.0023         0.0099 
BAR-estimator:      0.55000        0.60000       -0.2609         1.9433        -0.2609         0.0022         0.0101 
BAR-estimator:      0.60000        0.65000       -0.4309         1.5124        -0.4309         0.0028         0.0105 
BAR-estimator:      0.65000        0.70000       -0.5762         0.9363        -0.5762         0.0027         0.0108 
BAR-estimator:      0.70000        0.75000       -0.6677         0.2686        -0.6677         0.0026         0.0111 
BAR-estimator:      0.75000        0.80000       -0.7075        -0.4389        -0.7075         0.0025         0.0114 
BAR-estimator:      0.80000        0.85000       -0.6993        -1.1381        -0.6993         0.0024         0.0116 
BAR-estimator:      0.85000        0.90000       -0.6807        -1.8188        -0.6807         0.0025         0.0119 
BAR-estimator:      0.90000        0.95000       -0.6466        -2.4654        -0.6466         0.0025         0.0122 
BAR-estimator:      0.95000        1.00000       -0.6186        -3.0840        -0.6186         0.0023         0.0124 
BAR-estimator: total free energy change is -3.0840046757513373 , total error is 0.012399045515536127
