#========================================================================================
#                     Free energy perturbation    
#----------------------------------------------------------------------------------------
#forward/backward          λ              ΔΔA                 ΔA                  δε   
#                                                 
#----------------------------------------------------------------------------------------
forward:               0.0000              0.0000              0.0000              0.0000  
forward:               0.0500              1.9175              1.9175              0.0175  
forward:               0.1000              1.1839              3.1014              0.0210  
forward:               0.1500              0.6676              3.7690              0.0233  
forward:               0.2000              0.3743              4.1433              0.0247  
forward:               0.2500              0.2100              4.3533              0.0255  
forward:               0.3000              0.0998              4.4531              0.0262  
forward:               0.3500              0.0137              4.4668              0.0267  
forward:               0.4000             -0.0295              4.4373              0.0270  
forward:               0.4500             -0.0660              4.3713              0.0273  
forward:               0.5000             -0.0947              4.2766              0.0276  
forward:               0.5500             -0.2996              3.9770              0.0280  
forward:               0.6000             -0.5706              3.4064              0.0285  
forward:               0.6500             -0.8028              2.6036              0.0288  
forward:               0.7000             -1.0082              1.5954              0.0293  
forward:               0.7500             -1.1452              0.4502              0.0297  
forward:               0.8000             -1.2339             -0.7837              0.0300  
forward:               0.8500             -1.2866             -2.0703              0.0303  
forward:               0.9000             -1.3029             -3.3732              0.0305  
forward:               0.9500             -1.3168             -4.6900              0.0308  
forward:               1.0000             -1.3337             -6.0237              0.0311  
backward:              1.0000              0.0000             -6.0237              0.0000  
backward:              0.9500              1.3205             -4.7032              0.0054  
backward:              0.9000              1.3210             -3.3822              0.0074  
backward:              0.8500              1.3030             -2.0792              0.0090  
backward:              0.8000              1.2799             -0.7993              0.0108  
backward:              0.7500              1.2295              0.4302              0.0120  
backward:              0.7000              1.1515              1.5816              0.0132  
backward:              0.6500              0.9953              2.5769              0.0144  
backward:              0.6000              0.8108              3.3878              0.0154  
backward:              0.5500              0.5573              3.9451              0.0166  
backward:              0.5000              0.2859              4.2310              0.0176  
backward:              0.4500              0.0992              4.3302              0.0184  
backward:              0.4000              0.0741              4.4043              0.0191  
backward:              0.3500              0.0380              4.4423              0.0198  
backward:              0.3000             -0.1112              4.3311              0.0841  
backward:              0.2500             -0.0869              4.2442              0.0844  
backward:              0.2000             -0.2104              4.0338              0.0850  
backward:              0.1500             -0.4019              3.6319              0.0858  
backward:              0.1000             -0.6443              2.9876              0.0865  
backward:              0.0500             -1.2145              1.7731              0.0966  
backward:              0.0000             -1.9032             -0.1301              0.1030  
Inaccuracy estimation
======================================================================================================
                   i        i+δi          P0_overlap_P1   δε(forward)/ε   δε(backward)/ε
======================================================================================================
inaccuracy:  0.00000        0.05000           32.40           -0.01            2.09
inaccuracy:  0.05000        0.10000           41.02           -0.06            1.32
inaccuracy:  0.10000        0.15000           49.83           -0.05            0.76
inaccuracy:  0.15000        0.20000           57.00           -0.04            0.45
inaccuracy:  0.20000        0.25000           61.35           -0.04            0.32
inaccuracy:  0.25000        0.30000           63.97           -0.03            0.25
inaccuracy:  0.30000        0.35000           67.43           -0.03            0.19
inaccuracy:  0.35000        0.40000           67.28           -0.03            0.17
inaccuracy:  0.40000        0.45000           67.85           -0.03            0.15
inaccuracy:  0.45000        0.50000           68.37           -0.03            0.15
inaccuracy:  0.50000        0.55000           61.23           -0.13            0.19
inaccuracy:  0.55000        0.60000           61.98           -0.14            0.13
inaccuracy:  0.60000        0.65000           61.24           -0.17            0.10
inaccuracy:  0.65000        0.70000           62.58           -0.15            0.07
inaccuracy:  0.70000        0.75000           62.09           -0.17            0.05
inaccuracy:  0.75000        0.80000           62.62           -0.17            0.04
inaccuracy:  0.80000        0.85000           62.12           -0.18            0.04
inaccuracy:  0.85000        0.90000           62.13           -0.17            0.05
inaccuracy:  0.90000        0.95000           60.83           -0.19            0.05
inaccuracy:  0.95000        1.00000           60.67           -0.18            0.05
===================================================================================================================================
                BAR        
-----------------------------------------------------------------------------------------------------------------------------------
BAR-estimator:         λ             λ+δλ          ΔΔA             ΔA            C               Δδe            δe       
                          
-----------------------------------------------------------------------------------------------------------------------------------
BAR-estimator:      0.00000        0.05000        1.8871         1.8871         1.8871         0.0082         0.0082 
BAR-estimator:      0.05000        0.10000        1.1717         3.0588         1.1717         0.0071         0.0108 
BAR-estimator:      0.10000        0.15000        0.6728         3.7316         0.6728         0.0061         0.0125 
BAR-estimator:      0.15000        0.20000        0.3835         4.1151         0.3835         0.0051         0.0134 
BAR-estimator:      0.20000        0.25000        0.2080         4.3231         0.2080         0.0044         0.0141 
BAR-estimator:      0.25000        0.30000        0.0970         4.4201         0.0970         0.0038         0.0146 
BAR-estimator:      0.30000        0.35000        0.0194         4.4395         0.0194         0.0044         0.0153 
BAR-estimator:      0.35000        0.40000       -0.0314         4.4081        -0.0314         0.0030         0.0156 
BAR-estimator:      0.40000        0.45000       -0.0696         4.3385        -0.0696         0.0027         0.0158 
BAR-estimator:      0.45000        0.50000       -0.0974         4.2411        -0.0974         0.0027         0.0160 
BAR-estimator:      0.50000        0.55000       -0.2937         3.9474        -0.2937         0.0031         0.0163 
BAR-estimator:      0.55000        0.60000       -0.5677         3.3797        -0.5677         0.0031         0.0166 
BAR-estimator:      0.60000        0.65000       -0.8053         2.5744        -0.8053         0.0032         0.0169 
BAR-estimator:      0.65000        0.70000       -1.0031         1.5713        -1.0031         0.0029         0.0172 
BAR-estimator:      0.70000        0.75000       -1.1450         0.4264        -1.1450         0.0032         0.0175 
BAR-estimator:      0.75000        0.80000       -1.2324        -0.8061        -1.2324         0.0031         0.0178 
BAR-estimator:      0.80000        0.85000       -1.2875        -2.0936        -1.2875         0.0036         0.0181 
BAR-estimator:      0.85000        0.90000       -1.3030        -3.3966        -1.3030         0.0033         0.0184 
BAR-estimator:      0.90000        0.95000       -1.3171        -4.7137        -1.3171         0.0036         0.0188 
BAR-estimator:      0.95000        1.00000       -1.3285        -6.0422        -1.3285         0.0033         0.0191 
BAR-estimator: total free energy change is -6.042193121099459 , total error is 0.0190638144432935
