#========================================================================================
#                     Free energy perturbation    
#----------------------------------------------------------------------------------------
#forward/backward          λ              ΔΔA                 ΔA                  δε   
#                                                 
#----------------------------------------------------------------------------------------
forward:               0.0000              0.0000              0.0000              0.0000  
forward:               0.0500              1.0874              1.0874              0.0096  
forward:               0.1000              0.6036              1.6911              0.0118  
forward:               0.1500              0.3711              2.0621              0.0131  
forward:               0.2000              0.2334              2.2956              0.0139  
forward:               0.2500              0.1553              2.4508              0.0145  
forward:               0.3000              0.1022              2.5530              0.0148  
forward:               0.3500              0.0738              2.6268              0.0152  
forward:               0.4000              0.0361              2.6630              0.0156  
forward:               0.4500              0.0182              2.6812              0.0158  
forward:               0.5000              0.0006              2.6818              0.0160  
forward:               0.5500             -0.0425              2.6393              0.0163  
forward:               0.6000             -0.1070              2.5322              0.0165  
forward:               0.6500             -0.1680              2.3642              0.0166  
forward:               0.7000             -0.2096              2.1546              0.0168  
forward:               0.7500             -0.2366              1.9180              0.0169  
forward:               0.8000             -0.2691              1.6489              0.0171  
forward:               0.8500             -0.2967              1.3522              0.0172  
forward:               0.9000             -0.3154              1.0367              0.0174  
forward:               0.9500             -0.3334              0.7034              0.0175  
forward:               1.0000             -0.3488              0.3546              0.0176  
backward:              1.0000              0.0000              0.3546              0.0000  
backward:              0.9500              0.3514              0.7060              0.0016  
backward:              0.9000              0.3292              1.0352              0.0031  
backward:              0.8500              0.3178              1.3530              0.0040  
backward:              0.8000              0.2940              1.6470              0.0047  
backward:              0.7500              0.2663              1.9133              0.0054  
backward:              0.7000              0.2375              2.1508              0.0060  
backward:              0.6500              0.2049              2.3557              0.0066  
backward:              0.6000              0.1675              2.5232              0.0071  
backward:              0.5500              0.1086              2.6318              0.0078  
backward:              0.5000              0.0422              2.6740              0.0084  
backward:              0.4500              0.0008              2.6748              0.0090  
backward:              0.4000             -0.0160              2.6588              0.0094  
backward:              0.3500             -0.0326              2.6263              0.0099  
backward:              0.3000             -0.0675              2.5587              0.0105  
backward:              0.2500             -0.1037              2.4550              0.0114  
backward:              0.2000             -0.1530              2.3020              0.0123  
backward:              0.1500             -0.2387              2.0633              0.0134  
backward:              0.1000             -0.3714              1.6919              0.0151  
backward:              0.0500             -0.5907              1.1012              0.0174  
backward:              0.0000             -1.0934              0.0077              0.0352  
Inaccuracy estimation
======================================================================================================
                   i        i+δi          P0_overlap_P1   δε(forward)/ε   δε(backward)/ε
======================================================================================================
inaccuracy:  0.00000        0.05000           45.71           -0.02            1.27
inaccuracy:  0.05000        0.10000           58.85           -0.01            0.54
inaccuracy:  0.10000        0.15000           66.11           -0.01            0.29
inaccuracy:  0.15000        0.20000           71.60           -0.01            0.19
inaccuracy:  0.20000        0.25000           74.74           -0.00            0.13
inaccuracy:  0.25000        0.30000           76.40           -0.00            0.11
inaccuracy:  0.30000        0.35000           76.90           -0.01            0.10
inaccuracy:  0.35000        0.40000           78.58           -0.01            0.08
inaccuracy:  0.40000        0.45000           79.26           -0.01            0.07
inaccuracy:  0.45000        0.50000           79.42           -0.01            0.06
inaccuracy:  0.50000        0.55000           76.22           -0.02            0.07
inaccuracy:  0.55000        0.60000           77.40           -0.02            0.07
inaccuracy:  0.60000        0.65000           78.08           -0.02            0.06
inaccuracy:  0.65000        0.70000           78.93           -0.02            0.05
inaccuracy:  0.70000        0.75000           78.36           -0.02            0.05
inaccuracy:  0.75000        0.80000           78.74           -0.02            0.05
inaccuracy:  0.80000        0.85000           79.21           -0.02            0.05
inaccuracy:  0.85000        0.90000           78.33           -0.02            0.05
inaccuracy:  0.90000        0.95000           78.98           -0.02            0.04
inaccuracy:  0.95000        1.00000           78.13           -0.02            0.05
===================================================================================================================================
                BAR        
-----------------------------------------------------------------------------------------------------------------------------------
BAR-estimator:         λ             λ+δλ          ΔΔA             ΔA            C               Δδe            δe       
                          
-----------------------------------------------------------------------------------------------------------------------------------
BAR-estimator:      0.00000        0.05000        1.0911         1.0911         1.0911         0.0060         0.0060 
BAR-estimator:      0.05000        0.10000        0.6060         1.6971         0.6060         0.0044         0.0074 
BAR-estimator:      0.10000        0.15000        0.3707         2.0678         0.3707         0.0038         0.0083 
BAR-estimator:      0.15000        0.20000        0.2357         2.3036         0.2357         0.0031         0.0089 
BAR-estimator:      0.20000        0.25000        0.1549         2.4585         0.1549         0.0027         0.0093 
BAR-estimator:      0.25000        0.30000        0.1014         2.5598         0.1014         0.0022         0.0095 
BAR-estimator:      0.30000        0.35000        0.0720         2.6318         0.0720         0.0022         0.0098 
BAR-estimator:      0.35000        0.40000        0.0352         2.6670         0.0352         0.0021         0.0100 
BAR-estimator:      0.40000        0.45000        0.0176         2.6845         0.0176         0.0018         0.0102 
BAR-estimator:      0.45000        0.50000       -0.0010         2.6835        -0.0010         0.0018         0.0103 
BAR-estimator:      0.50000        0.55000       -0.0422         2.6413        -0.0422         0.0022         0.0106 
BAR-estimator:      0.55000        0.60000       -0.1084         2.5329        -0.1084         0.0017         0.0107 
BAR-estimator:      0.60000        0.65000       -0.1676         2.3653        -0.1676         0.0019         0.0109 
BAR-estimator:      0.65000        0.70000       -0.2073         2.1580        -0.2073         0.0017         0.0110 
BAR-estimator:      0.70000        0.75000       -0.2378         1.9203        -0.2378         0.0018         0.0111 
BAR-estimator:      0.75000        0.80000       -0.2682         1.6520        -0.2682         0.0017         0.0113 
BAR-estimator:      0.80000        0.85000       -0.2945         1.3576        -0.2945         0.0017         0.0114 
BAR-estimator:      0.85000        0.90000       -0.3170         1.0406        -0.3170         0.0017         0.0115 
BAR-estimator:      0.90000        0.95000       -0.3314         0.7092        -0.3314         0.0018         0.0117 
BAR-estimator:      0.95000        1.00000       -0.3503         0.3590        -0.3503         0.0015         0.0117 
BAR-estimator: total free energy change is 0.358975001505644 , total error is 0.01174988307850323
