#========================================================================================
#                     Free energy perturbation    
#----------------------------------------------------------------------------------------
#forward/backward          λ              ΔΔA                 ΔA                  δε   
#                                                 
#----------------------------------------------------------------------------------------
forward:               0.0000              0.0000              0.0000              0.0000  
forward:               0.0500              1.3522              1.3522              0.0139  
forward:               0.1000              0.8117              2.1639              0.0179  
forward:               0.1500              0.4697              2.6336              0.0198  
forward:               0.2000              0.2509              2.8845              0.0208  
forward:               0.2500              0.1268              3.0113              0.0215  
forward:               0.3000              0.0552              3.0665              0.0219  
forward:               0.3500             -0.0062              3.0604              0.0223  
forward:               0.4000             -0.0390              3.0214              0.0226  
forward:               0.4500             -0.0680              2.9534              0.0228  
forward:               0.5000             -0.0934              2.8600              0.0231  
forward:               0.5500             -0.1662              2.6938              0.0234  
forward:               0.6000             -0.2555              2.4383              0.0236  
forward:               0.6500             -0.3233              2.1150              0.0238  
forward:               0.7000             -0.3823              1.7327              0.0240  
forward:               0.7500             -0.4358              1.2970              0.0242  
forward:               0.8000             -0.4710              0.8260              0.0243  
forward:               0.8500             -0.5112              0.3148              0.0245  
forward:               0.9000             -0.5358             -0.2209              0.0247  
forward:               0.9500             -0.5546             -0.7756              0.0248  
forward:               1.0000             -0.5714             -1.3470              0.0250  
backward:              1.0000              0.0000             -1.3470              0.0000  
backward:              0.9500              0.5707             -0.7763              0.0035  
backward:              0.9000              0.5551             -0.2213              0.0050  
backward:              0.8500              0.5293              0.3080              0.0062  
backward:              0.8000              0.5059              0.8140              0.0074  
backward:              0.7500              0.4783              1.2923              0.0082  
backward:              0.7000              0.4271              1.7194              0.0091  
backward:              0.6500              0.3843              2.1036              0.0099  
backward:              0.6000              0.3187              2.4223              0.0107  
backward:              0.5500              0.2524              2.6747              0.0113  
backward:              0.5000              0.1620              2.8366              0.0121  
backward:              0.4500              0.0925              2.9291              0.0128  
backward:              0.4000              0.0674              2.9965              0.0135  
backward:              0.3500              0.0276              3.0241              0.0149  
backward:              0.3000             -0.0101              3.0140              0.0157  
backward:              0.2500             -0.0480              2.9661              0.0161  
backward:              0.2000             -0.1318              2.8343              0.0174  
backward:              0.1500             -0.2704              2.5639              0.0196  
backward:              0.1000             -0.4675              2.0963              0.0252  
backward:              0.0500             -0.8096              1.2867              0.0291  
backward:              0.0000             -1.3479             -0.0612              0.0348  
Inaccuracy estimation
======================================================================================================
                   i        i+δi          P0_overlap_P1   δε(forward)/ε   δε(backward)/ε
======================================================================================================
inaccuracy:  0.00000        0.05000           40.04           -0.04            1.37
inaccuracy:  0.05000        0.10000           48.43           -0.04            0.90
inaccuracy:  0.10000        0.15000           56.37           -0.03            0.51
inaccuracy:  0.15000        0.20000           63.51           -0.02            0.31
inaccuracy:  0.20000        0.25000           67.50           -0.01            0.23
inaccuracy:  0.25000        0.30000           68.73           -0.02            0.18
inaccuracy:  0.30000        0.35000           72.31           -0.02            0.15
inaccuracy:  0.35000        0.40000           72.24           -0.02            0.12
inaccuracy:  0.40000        0.45000           72.76           -0.02            0.12
inaccuracy:  0.45000        0.50000           73.62           -0.02            0.11
inaccuracy:  0.50000        0.55000           70.04           -0.04            0.12
inaccuracy:  0.55000        0.60000           71.25           -0.04            0.09
inaccuracy:  0.60000        0.65000           71.83           -0.05            0.09
inaccuracy:  0.65000        0.70000           71.04           -0.05            0.08
inaccuracy:  0.70000        0.75000           71.87           -0.05            0.07
inaccuracy:  0.75000        0.80000           70.89           -0.05            0.08
inaccuracy:  0.80000        0.85000           71.36           -0.05            0.07
inaccuracy:  0.85000        0.90000           71.39           -0.05            0.07
inaccuracy:  0.90000        0.95000           71.08           -0.05            0.07
inaccuracy:  0.95000        1.00000           70.77           -0.06            0.07
===================================================================================================================================
                BAR        
-----------------------------------------------------------------------------------------------------------------------------------
BAR-estimator:         λ             λ+δλ          ΔΔA             ΔA            C               Δδe            δe       
                          
-----------------------------------------------------------------------------------------------------------------------------------
BAR-estimator:      0.00000        0.05000        1.3561         1.3561         1.3561         0.0069         0.0069 
BAR-estimator:      0.05000        0.10000        0.8177         2.1738         0.8177         0.0055         0.0088 
BAR-estimator:      0.10000        0.15000        0.4673         2.6411         0.4673         0.0055         0.0103 
BAR-estimator:      0.15000        0.20000        0.2584         2.8994         0.2584         0.0042         0.0112 
BAR-estimator:      0.20000        0.25000        0.1294         3.0288         0.1294         0.0039         0.0118 
BAR-estimator:      0.25000        0.30000        0.0518         3.0806         0.0518         0.0030         0.0122 
BAR-estimator:      0.30000        0.35000        0.0010         3.0816         0.0010         0.0029         0.0125 
BAR-estimator:      0.35000        0.40000       -0.0366         3.0449        -0.0366         0.0025         0.0128 
BAR-estimator:      0.40000        0.45000       -0.0668         2.9782        -0.0668         0.0024         0.0130 
BAR-estimator:      0.45000        0.50000       -0.0914         2.8868        -0.0914         0.0023         0.0132 
BAR-estimator:      0.50000        0.55000       -0.1641         2.7227        -0.1641         0.0026         0.0135 
BAR-estimator:      0.55000        0.60000       -0.2548         2.4679        -0.2548         0.0021         0.0136 
BAR-estimator:      0.60000        0.65000       -0.3209         2.1470        -0.3209         0.0022         0.0138 
BAR-estimator:      0.65000        0.70000       -0.3830         1.7640        -0.3830         0.0025         0.0140 
BAR-estimator:      0.70000        0.75000       -0.4344         1.3296        -0.4344         0.0023         0.0142 
BAR-estimator:      0.75000        0.80000       -0.4737         0.8559        -0.4737         0.0023         0.0144 
BAR-estimator:      0.80000        0.85000       -0.5090         0.3469        -0.5090         0.0023         0.0146 
BAR-estimator:      0.85000        0.90000       -0.5324        -0.1855        -0.5324         0.0027         0.0149 
BAR-estimator:      0.90000        0.95000       -0.5555        -0.7411        -0.5555         0.0023         0.0150 
BAR-estimator:      0.95000        1.00000       -0.5698        -1.3109        -0.5698         0.0021         0.0152 
BAR-estimator: total free energy change is -1.310903880132829 , total error is 0.015168312846822978
