#========================================================================================
#                     Free energy perturbation    
#----------------------------------------------------------------------------------------
#forward/backward          λ              ΔΔA                 ΔA                  δε   
#                                                 
#----------------------------------------------------------------------------------------
forward:               0.0000              0.0000              0.0000              0.0000  
forward:               0.0500              1.4817              1.4817              0.0140  
forward:               0.1000              0.7747              2.2564              0.0173  
forward:               0.1500              0.4227              2.6790              0.0184  
forward:               0.2000              0.2428              2.9218              0.0191  
forward:               0.2500              0.1339              3.0558              0.0196  
forward:               0.3000              0.0706              3.1264              0.0200  
forward:               0.3500              0.0373              3.1637              0.0203  
forward:               0.4000              0.0014              3.1651              0.0205  
forward:               0.4500             -0.0336              3.1316              0.0207  
forward:               0.5000             -0.0478              3.0837              0.0209  
forward:               0.5500             -0.1181              2.9657              0.0211  
forward:               0.6000             -0.1905              2.7752              0.0213  
forward:               0.6500             -0.2413              2.5338              0.0216  
forward:               0.7000             -0.2797              2.2542              0.0221  
forward:               0.7500             -0.3171              1.9370              0.0225  
forward:               0.8000             -0.3565              1.5806              0.0233  
forward:               0.8500             -0.3875              1.1930              0.0234  
forward:               0.9000             -0.4090              0.7840              0.0243  
forward:               0.9500             -0.4300              0.3540              0.0262  
forward:               1.0000             -0.4731             -0.1190              0.0268  
backward:              1.0000              0.0000             -0.1190              0.0000  
backward:              0.9500              0.4500              0.3309              0.0098  
backward:              0.9000              0.4322              0.7631              0.0102  
backward:              0.8500              0.3963              1.1594              0.0118  
backward:              0.8000              0.3754              1.5348              0.0132  
backward:              0.7500              0.3445              1.8793              0.0134  
backward:              0.7000              0.3105              2.1898              0.0142  
backward:              0.6500              0.2792              2.4691              0.0145  
backward:              0.6000              0.2394              2.7085              0.0150  
backward:              0.5500              0.1857              2.8942              0.0153  
backward:              0.5000              0.1124              3.0066              0.0157  
backward:              0.4500              0.0488              3.0553              0.0160  
backward:              0.4000              0.0360              3.0913              0.0164  
backward:              0.3500              0.0092              3.1005              0.0169  
backward:              0.3000             -0.0346              3.0659              0.0174  
backward:              0.2500             -0.0870              2.9789              0.0182  
backward:              0.2000             -0.1419              2.8370              0.0193  
backward:              0.1500             -0.2531              2.5839              0.0205  
backward:              0.1000             -0.4346              2.1493              0.0241  
backward:              0.0500             -0.8024              1.3468              0.0289  
backward:              0.0000             -1.5325             -0.1856              0.0957  
Inaccuracy estimation
======================================================================================================
                   i        i+δi          P0_overlap_P1   δε(forward)/ε   δε(backward)/ε
======================================================================================================
inaccuracy:  0.00000        0.05000           37.74           -0.03            1.95
inaccuracy:  0.05000        0.10000           52.57           -0.02            0.77
inaccuracy:  0.10000        0.15000           61.96           -0.01            0.41
inaccuracy:  0.15000        0.20000           68.33           -0.01            0.23
inaccuracy:  0.20000        0.25000           71.75           -0.01            0.16
inaccuracy:  0.25000        0.30000           75.10           -0.01            0.11
inaccuracy:  0.30000        0.35000           74.72           -0.01            0.10
inaccuracy:  0.35000        0.40000           75.32           -0.01            0.09
inaccuracy:  0.40000        0.45000           77.63           -0.01            0.08
inaccuracy:  0.45000        0.50000           77.74           -0.01            0.07
inaccuracy:  0.50000        0.55000           75.32           -0.03            0.08
inaccuracy:  0.55000        0.60000           76.00           -0.03            0.06
inaccuracy:  0.60000        0.65000           76.59           -0.02            0.06
inaccuracy:  0.65000        0.70000           76.88           -0.03            0.06
inaccuracy:  0.70000        0.75000           76.96           -0.03            0.05
inaccuracy:  0.75000        0.80000           77.53           -0.03            0.05
inaccuracy:  0.80000        0.85000           77.73           -0.03            0.05
inaccuracy:  0.85000        0.90000           77.64           -0.02            0.05
inaccuracy:  0.90000        0.95000           75.82           -0.03            0.05
inaccuracy:  0.95000        1.00000           77.78           -0.04            0.04
===================================================================================================================================
                BAR        
-----------------------------------------------------------------------------------------------------------------------------------
BAR-estimator:         λ             λ+δλ          ΔΔA             ΔA            C               Δδe            δe       
                          
-----------------------------------------------------------------------------------------------------------------------------------
BAR-estimator:      0.00000        0.05000        1.4843         1.4843         1.4843         0.0141         0.0141 
BAR-estimator:      0.05000        0.10000        0.7908         2.2751         0.7908         0.0060         0.0153 
BAR-estimator:      0.10000        0.15000        0.4226         2.6977         0.4226         0.0046         0.0160 
BAR-estimator:      0.15000        0.20000        0.2457         2.9434         0.2457         0.0035         0.0164 
BAR-estimator:      0.20000        0.25000        0.1355         3.0789         0.1355         0.0028         0.0166 
BAR-estimator:      0.25000        0.30000        0.0755         3.1544         0.0755         0.0033         0.0169 
BAR-estimator:      0.30000        0.35000        0.0360         3.1904         0.0360         0.0024         0.0171 
BAR-estimator:      0.35000        0.40000       -0.0030         3.1874        -0.0030         0.0024         0.0173 
BAR-estimator:      0.40000        0.45000       -0.0341         3.1533        -0.0341         0.0022         0.0174 
BAR-estimator:      0.45000        0.50000       -0.0484         3.1049        -0.0484         0.0020         0.0175 
BAR-estimator:      0.50000        0.55000       -0.1150         2.9899        -0.1150         0.0021         0.0176 
BAR-estimator:      0.55000        0.60000       -0.1894         2.8005        -0.1894         0.0020         0.0177 
BAR-estimator:      0.60000        0.65000       -0.2404         2.5602        -0.2404         0.0021         0.0179 
BAR-estimator:      0.65000        0.70000       -0.2792         2.2810        -0.2792         0.0029         0.0181 
BAR-estimator:      0.70000        0.75000       -0.3174         1.9636        -0.3174         0.0025         0.0183 
BAR-estimator:      0.75000        0.80000       -0.3499         1.6137        -0.3499         0.0034         0.0186 
BAR-estimator:      0.80000        0.85000       -0.3815         1.2322        -0.3815         0.0017         0.0187 
BAR-estimator:      0.85000        0.90000       -0.4009         0.8313        -0.4009         0.0036         0.0190 
BAR-estimator:      0.90000        0.95000       -0.4319         0.3994        -0.4319         0.0054         0.0198 
BAR-estimator:      0.95000        1.00000       -0.4624        -0.0630        -0.4624         0.0032         0.0200 
BAR-estimator: total free energy change is -0.0630313364597948 , total error is 0.02004495859988277
