#========================================================================================
#                     Free energy perturbation    
#----------------------------------------------------------------------------------------
#forward/backward          λ              ΔΔA                 ΔA                  δε   
#                                                 
#----------------------------------------------------------------------------------------
forward:               0.0000              0.0000              0.0000              0.0000  
forward:               0.0500              1.7550              1.7550              0.0176  
forward:               0.1000              1.0064              2.7614              0.0218  
forward:               0.1500              0.5136              3.2750              0.0236  
forward:               0.2000              0.2843              3.5593              0.0244  
forward:               0.2500              0.1612              3.7205              0.0250  
forward:               0.3000              0.0680              3.7885              0.0254  
forward:               0.3500              0.0155              3.8040              0.0257  
forward:               0.4000             -0.0220              3.7820              0.0260  
forward:               0.4500             -0.0470              3.7350              0.0262  
forward:               0.5000             -0.0800              3.6550              0.0264  
forward:               0.5500             -0.1979              3.4572              0.0268  
forward:               0.6000             -0.4155              3.0416              0.0272  
forward:               0.6500             -0.6106              2.4310              0.0278  
forward:               0.7000             -0.7763              1.6547              0.0284  
forward:               0.7500             -0.8973              0.7574              0.0290  
forward:               0.8000             -0.9631             -0.2057              0.0295  
forward:               0.8500             -0.9931             -1.1988              0.0297  
forward:               0.9000             -0.9877             -2.1865              0.0300  
forward:               0.9500             -0.9764             -3.1629              0.0300  
forward:               1.0000             -0.9575             -4.1204              0.0302  
backward:              1.0000              0.0000             -4.1204              0.0000  
backward:              0.9500              0.9538             -3.1666              0.0054  
backward:              0.9000              0.9652             -2.2014              0.0073  
backward:              0.8500              0.9912             -1.2102              0.0087  
backward:              0.8000              0.9862             -0.2240              0.0102  
backward:              0.7500              0.9762              0.7522              0.0111  
backward:              0.7000              0.8993              1.6515              0.0129  
backward:              0.6500              0.7922              2.4437              0.0143  
backward:              0.6000              0.6012              3.0449              0.0154  
backward:              0.5500              0.4169              3.4618              0.0160  
backward:              0.5000              0.1964              3.6582              0.0169  
backward:              0.4500              0.0752              3.7333              0.0174  
backward:              0.4000              0.0547              3.7880              0.0180  
backward:              0.3500              0.0191              3.8071              0.0185  
backward:              0.3000             -0.0188              3.7883              0.0192  
backward:              0.2500             -0.0745              3.7138              0.0200  
backward:              0.2000             -0.1605              3.5533              0.0220  
backward:              0.1500             -0.2860              3.2673              0.0259  
backward:              0.1000             -0.5325              2.7348              0.0281  
backward:              0.0500             -1.0325              1.7023              0.0434  
backward:              0.0000             -1.7321             -0.0298              0.0478  
Inaccuracy estimation
======================================================================================================
                   i        i+δi          P0_overlap_P1   δε(forward)/ε   δε(backward)/ε
======================================================================================================
inaccuracy:  0.00000        0.05000           35.57           -0.02            1.88
inaccuracy:  0.05000        0.10000           44.33           -0.05            1.16
inaccuracy:  0.10000        0.15000           56.20           -0.02            0.59
inaccuracy:  0.15000        0.20000           62.16           -0.02            0.33
inaccuracy:  0.20000        0.25000           65.72           -0.02            0.23
inaccuracy:  0.25000        0.30000           69.86           -0.02            0.16
inaccuracy:  0.30000        0.35000           71.66           -0.02            0.14
inaccuracy:  0.35000        0.40000           72.20           -0.02            0.13
inaccuracy:  0.40000        0.45000           71.93           -0.02            0.12
inaccuracy:  0.45000        0.50000           73.64           -0.01            0.11
inaccuracy:  0.50000        0.55000           64.67           -0.08            0.15
inaccuracy:  0.55000        0.60000           66.18           -0.11            0.10
inaccuracy:  0.60000        0.65000           66.02           -0.11            0.08
inaccuracy:  0.65000        0.70000           64.08           -0.15            0.07
inaccuracy:  0.70000        0.75000           65.33           -0.13            0.06
inaccuracy:  0.75000        0.80000           64.73           -0.14            0.05
inaccuracy:  0.80000        0.85000           65.84           -0.11            0.06
inaccuracy:  0.85000        0.90000           65.23           -0.11            0.06
inaccuracy:  0.90000        0.95000           65.82           -0.10            0.07
inaccuracy:  0.95000        1.00000           64.84           -0.11            0.07
===================================================================================================================================
                BAR        
-----------------------------------------------------------------------------------------------------------------------------------
BAR-estimator:         λ             λ+δλ          ΔΔA             ΔA            C               Δδe            δe       
                          
-----------------------------------------------------------------------------------------------------------------------------------
BAR-estimator:      0.00000        0.05000        1.7853         1.7853         1.7853         0.0079         0.0079 
BAR-estimator:      0.05000        0.10000        1.0117         2.7970         1.0117         0.0070         0.0105 
BAR-estimator:      0.10000        0.15000        0.5263         3.3233         0.5263         0.0062         0.0122 
BAR-estimator:      0.15000        0.20000        0.2809         3.6042         0.2809         0.0044         0.0130 
BAR-estimator:      0.20000        0.25000        0.1562         3.7605         0.1562         0.0040         0.0136 
BAR-estimator:      0.25000        0.30000        0.0696         3.8301         0.0696         0.0039         0.0141 
BAR-estimator:      0.30000        0.35000        0.0164         3.8465         0.0164         0.0030         0.0145 
BAR-estimator:      0.35000        0.40000       -0.0198         3.8267        -0.0198         0.0028         0.0147 
BAR-estimator:      0.40000        0.45000       -0.0517         3.7750        -0.0517         0.0025         0.0149 
BAR-estimator:      0.45000        0.50000       -0.0790         3.6960        -0.0790         0.0024         0.0151 
BAR-estimator:      0.50000        0.55000       -0.2001         3.4959        -0.2001         0.0028         0.0154 
BAR-estimator:      0.55000        0.60000       -0.4155         3.0805        -0.4155         0.0027         0.0156 
BAR-estimator:      0.60000        0.65000       -0.6028         2.4777        -0.6028         0.0032         0.0160 
BAR-estimator:      0.65000        0.70000       -0.7863         1.6914        -0.7863         0.0044         0.0166 
BAR-estimator:      0.70000        0.75000       -0.8993         0.7922        -0.8993         0.0026         0.0168 
BAR-estimator:      0.75000        0.80000       -0.9703        -0.1781        -0.9703         0.0032         0.0171 
BAR-estimator:      0.80000        0.85000       -0.9917        -1.1698        -0.9917         0.0031         0.0173 
BAR-estimator:      0.85000        0.90000       -0.9879        -2.1577        -0.9879         0.0029         0.0176 
BAR-estimator:      0.90000        0.95000       -0.9715        -3.1292        -0.9715         0.0031         0.0179 
BAR-estimator:      0.95000        1.00000       -0.9564        -4.0856        -0.9564         0.0030         0.0181 
BAR-estimator: total free energy change is -4.085579064178329 , total error is 0.018111359444312015
