#========================================================================================
#                     Free energy perturbation    
#----------------------------------------------------------------------------------------
#forward/backward          λ              ΔΔA                 ΔA                  δε   
#                                                 
#----------------------------------------------------------------------------------------
forward:               0.0000              0.0000              0.0000              0.0000  
forward:               0.0500              0.8660              0.8660              0.0081  
forward:               0.1000              0.5686              1.4346              0.0108  
forward:               0.1500              0.3794              1.8140              0.0120  
forward:               0.2000              0.2624              2.0764              0.0130  
forward:               0.2500              0.1948              2.2712              0.0136  
forward:               0.3000              0.1431              2.4143              0.0141  
forward:               0.3500              0.1166              2.5309              0.0146  
forward:               0.4000              0.0887              2.6197              0.0149  
forward:               0.4500              0.0713              2.6910              0.0152  
forward:               0.5000              0.0560              2.7470              0.0154  
forward:               0.5500              0.0510              2.7980              0.0157  
forward:               0.6000              0.0185              2.8165              0.0159  
forward:               0.6500             -0.0061              2.8104              0.0161  
forward:               0.7000             -0.0264              2.7840              0.0163  
forward:               0.7500             -0.0345              2.7494              0.0165  
forward:               0.8000             -0.0535              2.6960              0.0167  
forward:               0.8500             -0.0606              2.6354              0.0169  
forward:               0.9000             -0.0688              2.5666              0.0171  
forward:               0.9500             -0.0768              2.4898              0.0172  
forward:               1.0000             -0.0852              2.4046              0.0174  
backward:              1.0000              0.0000              2.4046              0.0000  
backward:              0.9500              0.0791              2.4837              0.0028  
backward:              0.9000              0.0744              2.5581              0.0040  
backward:              0.8500              0.0663              2.6243              0.0052  
backward:              0.8000              0.0613              2.6856              0.0060  
backward:              0.7500              0.0451              2.7307              0.0069  
backward:              0.7000              0.0407              2.7714              0.0076  
backward:              0.6500              0.0264              2.7978              0.0083  
backward:              0.6000             -0.0005              2.7973              0.0089  
backward:              0.5500             -0.0153              2.7820              0.0095  
backward:              0.5000             -0.0389              2.7431              0.0099  
backward:              0.4500             -0.0572              2.6859              0.0105  
backward:              0.4000             -0.0695              2.6164              0.0111  
backward:              0.3500             -0.0938              2.5226              0.0117  
backward:              0.3000             -0.1160              2.4066              0.0124  
backward:              0.2500             -0.1567              2.2499              0.0135  
backward:              0.2000             -0.1956              2.0543              0.0143  
backward:              0.1500             -0.2565              1.7978              0.0156  
backward:              0.1000             -0.3788              1.4190              0.0182  
backward:              0.0500             -0.5614              0.8576              0.0203  
backward:              0.0000             -0.8888             -0.0312              0.0253  
Inaccuracy estimation
======================================================================================================
                   i        i+δi          P0_overlap_P1   δε(forward)/ε   δε(backward)/ε
======================================================================================================
inaccuracy:  0.00000        0.05000           52.61           -0.01            0.72
inaccuracy:  0.05000        0.10000           59.74           -0.01            0.49
inaccuracy:  0.10000        0.15000           65.57           -0.00            0.30
inaccuracy:  0.15000        0.20000           70.10           -0.01            0.21
inaccuracy:  0.20000        0.25000           72.65           -0.01            0.15
inaccuracy:  0.25000        0.30000           75.20           -0.01            0.12
inaccuracy:  0.30000        0.35000           75.55           -0.00            0.12
inaccuracy:  0.35000        0.40000           76.72           -0.01            0.10
inaccuracy:  0.40000        0.45000           76.79           -0.01            0.10
inaccuracy:  0.45000        0.50000           77.43           -0.01            0.09
inaccuracy:  0.50000        0.55000           75.68           -0.02            0.10
inaccuracy:  0.55000        0.60000           76.19           -0.01            0.09
inaccuracy:  0.60000        0.65000           77.53           -0.01            0.08
inaccuracy:  0.65000        0.70000           77.08           -0.01            0.08
inaccuracy:  0.70000        0.75000           76.48           -0.02            0.08
inaccuracy:  0.75000        0.80000           77.90           -0.02            0.07
inaccuracy:  0.80000        0.85000           77.49           -0.01            0.08
inaccuracy:  0.85000        0.90000           77.33           -0.01            0.07
inaccuracy:  0.90000        0.95000           77.28           -0.02            0.07
inaccuracy:  0.95000        1.00000           77.68           -0.01            0.07
===================================================================================================================================
                BAR        
-----------------------------------------------------------------------------------------------------------------------------------
BAR-estimator:         λ             λ+δλ          ΔΔA             ΔA            C               Δδe            δe       
                          
-----------------------------------------------------------------------------------------------------------------------------------
BAR-estimator:      0.00000        0.05000        0.8736         0.8736         0.8736         0.0028         0.0028 
BAR-estimator:      0.05000        0.10000        0.5707         1.4444         0.5707         0.0045         0.0053 
BAR-estimator:      0.10000        0.15000        0.3779         1.8223         0.3779         0.0036         0.0065 
BAR-estimator:      0.15000        0.20000        0.2615         2.0839         0.2615         0.0032         0.0072 
BAR-estimator:      0.20000        0.25000        0.1947         2.2785         0.1947         0.0028         0.0077 
BAR-estimator:      0.25000        0.30000        0.1467         2.4252         0.1467         0.0024         0.0081 
BAR-estimator:      0.30000        0.35000        0.1169         2.5421         0.1169         0.0025         0.0084 
BAR-estimator:      0.35000        0.40000        0.0899         2.6321         0.0899         0.0021         0.0087 
BAR-estimator:      0.40000        0.45000        0.0715         2.7036         0.0715         0.0021         0.0090 
BAR-estimator:      0.45000        0.50000        0.0560         2.7596         0.0560         0.0019         0.0092 
BAR-estimator:      0.50000        0.55000        0.0476         2.8072         0.0476         0.0022         0.0094 
BAR-estimator:      0.55000        0.60000        0.0171         2.8243         0.0171         0.0020         0.0096 
BAR-estimator:      0.60000        0.65000       -0.0041         2.8202        -0.0041         0.0020         0.0098 
BAR-estimator:      0.65000        0.70000       -0.0275         2.7927        -0.0275         0.0019         0.0100 
BAR-estimator:      0.70000        0.75000       -0.0380         2.7547        -0.0380         0.0019         0.0102 
BAR-estimator:      0.75000        0.80000       -0.0515         2.7032        -0.0515         0.0020         0.0104 
BAR-estimator:      0.80000        0.85000       -0.0604         2.6428        -0.0604         0.0019         0.0106 
BAR-estimator:      0.85000        0.90000       -0.0679         2.5749        -0.0679         0.0020         0.0108 
BAR-estimator:      0.90000        0.95000       -0.0764         2.4984        -0.0764         0.0019         0.0109 
BAR-estimator:      0.95000        1.00000       -0.0825         2.4159        -0.0825         0.0019         0.0111 
BAR-estimator: total free energy change is 2.4159403775376305 , total error is 0.011085433479144112
