#========================================================================================
#                     Free energy perturbation    
#----------------------------------------------------------------------------------------
#forward/backward          λ              ΔΔA                 ΔA                  δε   
#                                                 
#----------------------------------------------------------------------------------------
forward:               0.0000              0.0000              0.0000              0.0000  
forward:               0.0500              0.8472              0.8472              0.0090  
forward:               0.1000              0.4897              1.3369              0.0112  
forward:               0.1500              0.3096              1.6465              0.0121  
forward:               0.2000              0.2172              1.8637              0.0128  
forward:               0.2500              0.1504              2.0141              0.0133  
forward:               0.3000              0.1164              2.1304              0.0136  
forward:               0.3500              0.0902              2.2206              0.0140  
forward:               0.4000              0.0609              2.2816              0.0143  
forward:               0.4500              0.0475              2.3291              0.0145  
forward:               0.5000              0.0373              2.3663              0.0148  
forward:               0.5500             -0.0324              2.3339              0.0150  
forward:               0.6000             -0.1164              2.2176              0.0153  
forward:               0.6500             -0.1839              2.0337              0.0155  
forward:               0.7000             -0.2391              1.7946              0.0158  
forward:               0.7500             -0.2802              1.5144              0.0160  
forward:               0.8000             -0.3140              1.2004              0.0162  
forward:               0.8500             -0.3348              0.8656              0.0164  
forward:               0.9000             -0.3506              0.5150              0.0165  
forward:               0.9500             -0.3659              0.1492              0.0167  
forward:               1.0000             -0.3744             -0.2252              0.0168  
backward:              1.0000              0.0000             -0.2252              0.0000  
backward:              0.9500              0.3740              0.1489              0.0029  
backward:              0.9000              0.3599              0.5088              0.0045  
backward:              0.8500              0.3502              0.8591              0.0054  
backward:              0.8000              0.3338              1.1928              0.0062  
backward:              0.7500              0.3090              1.5018              0.0068  
backward:              0.7000              0.2797              1.7815              0.0074  
backward:              0.6500              0.2372              2.0187              0.0079  
backward:              0.6000              0.1824              2.2011              0.0084  
backward:              0.5500              0.1127              2.3138              0.0090  
backward:              0.5000              0.0238              2.3376              0.0096  
backward:              0.4500             -0.0350              2.3027              0.0101  
backward:              0.4000             -0.0466              2.2560              0.0106  
backward:              0.3500             -0.0688              2.1872              0.0113  
backward:              0.3000             -0.0893              2.0979              0.0118  
backward:              0.2500             -0.1094              1.9886              0.0124  
backward:              0.2000             -0.1541              1.8345              0.0134  
backward:              0.1500             -0.2203              1.6142              0.0144  
backward:              0.1000             -0.3146              1.2996              0.0157  
backward:              0.0500             -0.5289              0.7707              0.0539  
backward:              0.0000             -0.8642             -0.0934              0.0575  
Inaccuracy estimation
======================================================================================================
                   i        i+δi          P0_overlap_P1   δε(forward)/ε   δε(backward)/ε
======================================================================================================
inaccuracy:  0.00000        0.05000           50.94           -0.01            0.91
inaccuracy:  0.05000        0.10000           61.41           -0.01            0.43
inaccuracy:  0.10000        0.15000           69.73           -0.01            0.24
inaccuracy:  0.15000        0.20000           72.74           -0.00            0.17
inaccuracy:  0.20000        0.25000           76.03           -0.01            0.12
inaccuracy:  0.25000        0.30000           76.17           -0.01            0.11
inaccuracy:  0.30000        0.35000           77.59           -0.00            0.09
inaccuracy:  0.35000        0.40000           79.70           -0.00            0.08
inaccuracy:  0.40000        0.45000           79.44           -0.00            0.08
inaccuracy:  0.45000        0.50000           79.35           -0.01            0.07
inaccuracy:  0.50000        0.55000           75.86           -0.03            0.08
inaccuracy:  0.55000        0.60000           75.93           -0.03            0.07
inaccuracy:  0.60000        0.65000           76.39           -0.03            0.06
inaccuracy:  0.65000        0.70000           77.00           -0.03            0.06
inaccuracy:  0.70000        0.75000           76.72           -0.03            0.05
inaccuracy:  0.75000        0.80000           76.94           -0.03            0.05
inaccuracy:  0.80000        0.85000           76.63           -0.03            0.06
inaccuracy:  0.85000        0.90000           75.99           -0.03            0.06
inaccuracy:  0.90000        0.95000           76.65           -0.03            0.06
inaccuracy:  0.95000        1.00000           75.72           -0.03            0.06
===================================================================================================================================
                BAR        
-----------------------------------------------------------------------------------------------------------------------------------
BAR-estimator:         λ             λ+δλ          ΔΔA             ΔA            C               Δδe            δe       
                          
-----------------------------------------------------------------------------------------------------------------------------------
BAR-estimator:      0.00000        0.05000        0.8456         0.8456         0.8456         0.0053         0.0053 
BAR-estimator:      0.05000        0.10000        0.4845         1.3301         0.4845         0.0045         0.0070 
BAR-estimator:      0.10000        0.15000        0.3119         1.6420         0.3119         0.0030         0.0076 
BAR-estimator:      0.15000        0.20000        0.2181         1.8601         0.2181         0.0028         0.0081 
BAR-estimator:      0.20000        0.25000        0.1517         2.0118         0.1517         0.0024         0.0084 
BAR-estimator:      0.25000        0.30000        0.1137         2.1255         0.1137         0.0022         0.0087 
BAR-estimator:      0.30000        0.35000        0.0895         2.2150         0.0895         0.0021         0.0089 
BAR-estimator:      0.35000        0.40000        0.0644         2.2794         0.0644         0.0019         0.0091 
BAR-estimator:      0.40000        0.45000        0.0478         2.3273         0.0478         0.0018         0.0093 
BAR-estimator:      0.45000        0.50000        0.0364         2.3636         0.0364         0.0019         0.0095 
BAR-estimator:      0.50000        0.55000       -0.0288         2.3348        -0.0288         0.0020         0.0097 
BAR-estimator:      0.55000        0.60000       -0.1158         2.2190        -0.1158         0.0021         0.0099 
BAR-estimator:      0.60000        0.65000       -0.1838         2.0352        -0.1838         0.0020         0.0101 
BAR-estimator:      0.65000        0.70000       -0.2379         1.7973        -0.2379         0.0018         0.0103 
BAR-estimator:      0.70000        0.75000       -0.2799         1.5174        -0.2799         0.0018         0.0105 
BAR-estimator:      0.75000        0.80000       -0.3119         1.2055        -0.3119         0.0020         0.0106 
BAR-estimator:      0.80000        0.85000       -0.3351         0.8704        -0.3351         0.0019         0.0108 
BAR-estimator:      0.85000        0.90000       -0.3514         0.5190        -0.3514         0.0019         0.0110 
BAR-estimator:      0.90000        0.95000       -0.3636         0.1555        -0.3636         0.0017         0.0111 
BAR-estimator:      0.95000        1.00000       -0.3755        -0.2201        -0.3755         0.0019         0.0113 
BAR-estimator: total free energy change is -0.2200866109626256 , total error is 0.011263884456804724
