#========================================================================================
#                     Free energy perturbation    
#----------------------------------------------------------------------------------------
#forward/backward          λ              ΔΔA                 ΔA                  δε   
#                                                 
#----------------------------------------------------------------------------------------
forward:               0.0000              0.0000              0.0000              0.0000  
forward:               0.0500              2.3558              2.3558              0.0226  
forward:               0.1000              1.3464              3.7022              0.0270  
forward:               0.1500              0.6744              4.3766              0.0290  
forward:               0.2000              0.3422              4.7188              0.0299  
forward:               0.2500              0.1621              4.8808              0.0302  
forward:               0.3000              0.0503              4.9312              0.0306  
forward:               0.3500             -0.0242              4.9070              0.0310  
forward:               0.4000             -0.0715              4.8355              0.0312  
forward:               0.4500             -0.1045              4.7310              0.0314  
forward:               0.5000             -0.1369              4.5941              0.0316  
forward:               0.5500             -0.2856              4.3085              0.0321  
forward:               0.6000             -0.5986              3.7099              0.0326  
forward:               0.6500             -0.8740              2.8359              0.0331  
forward:               0.7000             -1.1186              1.7173              0.0335  
forward:               0.7500             -1.3012              0.4161              0.0338  
forward:               0.8000             -1.4093             -0.9933              0.0342  
forward:               0.8500             -1.4861             -2.4794              0.0343  
forward:               0.9000             -1.5449             -4.0243              0.0346  
forward:               0.9500             -1.5739             -5.5981              0.0349  
forward:               1.0000             -1.6032             -7.2013              0.0352  
backward:              1.0000              0.0000             -7.2013              0.0000  
backward:              0.9500              1.6023             -5.5990              0.0054  
backward:              0.9000              1.5707             -4.0283              0.0077  
backward:              0.8500              1.5432             -2.4851              0.0094  
backward:              0.8000              1.4839             -1.0013              0.0112  
backward:              0.7500              1.4093              0.4080              0.0130  
backward:              0.7000              1.2863              1.6943              0.0145  
backward:              0.6500              1.1192              2.8136              0.0156  
backward:              0.6000              0.8653              3.6789              0.0170  
backward:              0.5500              0.5799              4.2588              0.0181  
backward:              0.5000              0.2896              4.5483              0.0195  
backward:              0.4500              0.1371              4.6855              0.0201  
backward:              0.4000              0.1079              4.7934              0.0206  
backward:              0.3500              0.0609              4.8542              0.0214  
backward:              0.3000              0.0173              4.8715              0.0222  
backward:              0.2500             -0.0414              4.8300              0.0231  
backward:              0.2000             -0.1518              4.6783              0.0246  
backward:              0.1500             -0.3257              4.3526              0.0272  
backward:              0.1000             -0.6849              3.6677              0.0338  
backward:              0.0500             -1.3229              2.3449              0.0515  
backward:              0.0000             -2.2695              0.0754              0.0608  
Inaccuracy estimation
======================================================================================================
                   i        i+δi          P0_overlap_P1   δε(forward)/ε   δε(backward)/ε
======================================================================================================
inaccuracy:  0.00000        0.05000           27.17            0.05            2.86
inaccuracy:  0.05000        0.10000           36.14           -0.07            1.76
inaccuracy:  0.10000        0.15000           48.19           -0.05            0.85
inaccuracy:  0.15000        0.20000           56.58           -0.04            0.48
inaccuracy:  0.20000        0.25000           61.41           -0.03            0.32
inaccuracy:  0.25000        0.30000           65.17           -0.03            0.23
inaccuracy:  0.30000        0.35000           67.67           -0.03            0.18
inaccuracy:  0.35000        0.40000           68.81           -0.03            0.15
inaccuracy:  0.40000        0.45000           69.36           -0.03            0.14
inaccuracy:  0.45000        0.50000           70.22           -0.02            0.14
inaccuracy:  0.50000        0.55000           60.60           -0.14            0.19
inaccuracy:  0.55000        0.60000           61.87           -0.16            0.12
inaccuracy:  0.60000        0.65000           60.40           -0.18            0.09
inaccuracy:  0.65000        0.70000           61.31           -0.18            0.06
inaccuracy:  0.70000        0.75000           62.54           -0.17            0.03
inaccuracy:  0.75000        0.80000           61.73           -0.18            0.02
inaccuracy:  0.80000        0.85000           61.68           -0.18            0.02
inaccuracy:  0.85000        0.90000           62.03           -0.18            0.01
inaccuracy:  0.90000        0.95000           61.61           -0.20            0.01
inaccuracy:  0.95000        1.00000           60.82           -0.19            0.01
===================================================================================================================================
                BAR        
-----------------------------------------------------------------------------------------------------------------------------------
BAR-estimator:         λ             λ+δλ          ΔΔA             ΔA            C               Δδe            δe       
                          
-----------------------------------------------------------------------------------------------------------------------------------
BAR-estimator:      0.00000        0.05000        2.3393         2.3393         2.3393         0.0075         0.0075 
BAR-estimator:      0.05000        0.10000        1.3213         3.6606         1.3213         0.0079         0.0108 
BAR-estimator:      0.10000        0.15000        0.6781         4.3387         0.6781         0.0037         0.0115 
BAR-estimator:      0.15000        0.20000        0.3393         4.6780         0.3393         0.0048         0.0124 
BAR-estimator:      0.20000        0.25000        0.1581         4.8361         0.1581         0.0032         0.0128 
BAR-estimator:      0.25000        0.30000        0.0497         4.8858         0.0497         0.0036         0.0133 
BAR-estimator:      0.30000        0.35000       -0.0233         4.8625        -0.0233         0.0032         0.0137 
BAR-estimator:      0.35000        0.40000       -0.0705         4.7920        -0.0705         0.0029         0.0140 
BAR-estimator:      0.40000        0.45000       -0.1055         4.6865        -0.1055         0.0028         0.0143 
BAR-estimator:      0.45000        0.50000       -0.1358         4.5507        -0.1358         0.0025         0.0145 
BAR-estimator:      0.50000        0.55000       -0.2893         4.2614        -0.2893         0.0032         0.0148 
BAR-estimator:      0.55000        0.60000       -0.5914         3.6700        -0.5914         0.0034         0.0152 
BAR-estimator:      0.60000        0.65000       -0.8717         2.7983        -0.8717         0.0032         0.0156 
BAR-estimator:      0.65000        0.70000       -1.1210         1.6773        -1.1210         0.0034         0.0159 
BAR-estimator:      0.70000        0.75000       -1.2963         0.3810        -1.2963         0.0032         0.0163 
BAR-estimator:      0.75000        0.80000       -1.4110        -1.0300        -1.4110         0.0035         0.0166 
BAR-estimator:      0.80000        0.85000       -1.4870        -2.5170        -1.4870         0.0034         0.0170 
BAR-estimator:      0.85000        0.90000       -1.5418        -4.0588        -1.5418         0.0034         0.0173 
BAR-estimator:      0.90000        0.95000       -1.5704        -5.6292        -1.5704         0.0035         0.0176 
BAR-estimator:      0.95000        1.00000       -1.6015        -7.2307        -1.6015         0.0036         0.0180 
BAR-estimator: total free energy change is -7.230707888847835 , total error is 0.01800490856473406
