#========================================================================================
#                     Free energy perturbation    
#----------------------------------------------------------------------------------------
#forward/backward          λ              ΔΔA                 ΔA                  δε   
#                                                 
#----------------------------------------------------------------------------------------
forward:               0.0000              0.0000              0.0000              0.0000  
forward:               0.0500              1.6415              1.6415              0.0151  
forward:               0.1000              0.9275              2.5690              0.0189  
forward:               0.1500              0.4725              3.0415              0.0209  
forward:               0.2000              0.2586              3.3002              0.0212  
forward:               0.2500              0.1352              3.4353              0.0218  
forward:               0.3000              0.0638              3.4991              0.0221  
forward:               0.3500              0.0212              3.5203              0.0225  
forward:               0.4000             -0.0259              3.4944              0.0227  
forward:               0.4500             -0.0530              3.4414              0.0230  
forward:               0.5000             -0.0698              3.3715              0.0232  
forward:               0.5500             -0.1476              3.2239              0.0234  
forward:               0.6000             -0.2973              2.9266              0.0238  
forward:               0.6500             -0.4390              2.4876              0.0240  
forward:               0.7000             -0.5601              1.9275              0.0243  
forward:               0.7500             -0.6603              1.2672              0.0246  
forward:               0.8000             -0.7243              0.5429              0.0249  
forward:               0.8500             -0.7718             -0.2289              0.0251  
forward:               0.9000             -0.7917             -1.0207              0.0253  
forward:               0.9500             -0.8074             -1.8281              0.0254  
forward:               1.0000             -0.8087             -2.6367              0.0256  
backward:              1.0000              0.0000             -2.6367              0.0000  
backward:              0.9500              0.8024             -1.8343              0.0054  
backward:              0.9000              0.8006             -1.0338              0.0068  
backward:              0.8500              0.7932             -0.2406              0.0079  
backward:              0.8000              0.7661              0.5255              0.0090  
backward:              0.7500              0.7214              1.2468              0.0100  
backward:              0.7000              0.6609              1.9077              0.0109  
backward:              0.6500              0.5574              2.4651              0.0118  
backward:              0.6000              0.4352              2.9003              0.0124  
backward:              0.5500              0.2948              3.1951              0.0132  
backward:              0.5000              0.1534              3.3484              0.0140  
backward:              0.4500              0.0667              3.4151              0.0146  
backward:              0.4000              0.0481              3.4632              0.0151  
backward:              0.3500              0.0202              3.4834              0.0158  
backward:              0.3000             -0.0138              3.4696              0.0166  
backward:              0.2500             -0.0639              3.4057              0.0174  
backward:              0.2000             -0.1399              3.2658              0.0188  
backward:              0.1500             -0.2564              3.0094              0.0206  
backward:              0.1000             -0.4664              2.5430              0.0237  
backward:              0.0500             -0.9257              1.6174              0.0323  
backward:              0.0000             -1.5924              0.0250              0.0379  
Inaccuracy estimation
======================================================================================================
                   i        i+δi          P0_overlap_P1   δε(forward)/ε   δε(backward)/ε
======================================================================================================
inaccuracy:  0.00000        0.05000           36.30           -0.03            1.69
inaccuracy:  0.05000        0.10000           45.21           -0.04            1.07
inaccuracy:  0.10000        0.15000           56.88           -0.02            0.54
inaccuracy:  0.15000        0.20000           64.03           -0.02            0.30
inaccuracy:  0.20000        0.25000           68.33           -0.01            0.21
inaccuracy:  0.25000        0.30000           70.61           -0.01            0.16
inaccuracy:  0.30000        0.35000           70.93           -0.01            0.14
inaccuracy:  0.35000        0.40000           73.14           -0.01            0.11
inaccuracy:  0.40000        0.45000           74.35           -0.01            0.11
inaccuracy:  0.45000        0.50000           73.97           -0.01            0.10
inaccuracy:  0.50000        0.55000           68.50           -0.06            0.13
inaccuracy:  0.55000        0.60000           69.28           -0.06            0.10
inaccuracy:  0.60000        0.65000           69.32           -0.08            0.08
inaccuracy:  0.65000        0.70000           69.36           -0.08            0.07
inaccuracy:  0.70000        0.75000           69.25           -0.08            0.06
inaccuracy:  0.75000        0.80000           69.85           -0.08            0.06
inaccuracy:  0.80000        0.85000           70.63           -0.07            0.05
inaccuracy:  0.85000        0.90000           69.28           -0.07            0.06
inaccuracy:  0.90000        0.95000           69.75           -0.08            0.05
inaccuracy:  0.95000        1.00000           69.00           -0.07            0.06
===================================================================================================================================
                BAR        
-----------------------------------------------------------------------------------------------------------------------------------
BAR-estimator:         λ             λ+δλ          ΔΔA             ΔA            C               Δδe            δe       
                          
-----------------------------------------------------------------------------------------------------------------------------------
BAR-estimator:      0.00000        0.05000        1.6270         1.6270         1.6270         0.0075         0.0075 
BAR-estimator:      0.05000        0.10000        0.9226         2.5496         0.9226         0.0048         0.0089 
BAR-estimator:      0.10000        0.15000        0.4722         3.0217         0.4722         0.0055         0.0105 
BAR-estimator:      0.15000        0.20000        0.2586         3.2803         0.2586         0.0032         0.0109 
BAR-estimator:      0.20000        0.25000        0.1361         3.4164         0.1361         0.0034         0.0115 
BAR-estimator:      0.25000        0.30000        0.0640         3.4804         0.0640         0.0029         0.0118 
BAR-estimator:      0.30000        0.35000        0.0171         3.4975         0.0171         0.0027         0.0121 
BAR-estimator:      0.35000        0.40000       -0.0247         3.4728        -0.0247         0.0023         0.0123 
BAR-estimator:      0.40000        0.45000       -0.0499         3.4229        -0.0499         0.0023         0.0126 
BAR-estimator:      0.45000        0.50000       -0.0699         3.3531        -0.0699         0.0021         0.0127 
BAR-estimator:      0.50000        0.55000       -0.1484         3.2047        -0.1484         0.0025         0.0130 
BAR-estimator:      0.55000        0.60000       -0.2977         2.9069        -0.2977         0.0025         0.0132 
BAR-estimator:      0.60000        0.65000       -0.4386         2.4684        -0.4386         0.0028         0.0135 
BAR-estimator:      0.65000        0.70000       -0.5617         1.9067        -0.5617         0.0025         0.0137 
BAR-estimator:      0.70000        0.75000       -0.6618         1.2449        -0.6618         0.0026         0.0140 
BAR-estimator:      0.75000        0.80000       -0.7235         0.5214        -0.7235         0.0026         0.0142 
BAR-estimator:      0.80000        0.85000       -0.7697        -0.2483        -0.7697         0.0027         0.0145 
BAR-estimator:      0.85000        0.90000       -0.7930        -1.0413        -0.7930         0.0027         0.0147 
BAR-estimator:      0.90000        0.95000       -0.8059        -1.8471        -0.8059         0.0026         0.0150 
BAR-estimator:      0.95000        1.00000       -0.8089        -2.6561        -0.8089         0.0026         0.0152 
BAR-estimator: total free energy change is -2.6560811659809955 , total error is 0.015177389723419444
