#========================================================================================
#                     Free energy perturbation    
#----------------------------------------------------------------------------------------
#forward/backward          λ              ΔΔA                 ΔA                  δε   
#                                                 
#----------------------------------------------------------------------------------------
forward:               0.0000              0.0000              0.0000              0.0000  
forward:               0.0500              4.4971              4.4971              0.0550  
forward:               0.1000              2.3607              6.8578              0.0652  
forward:               0.1500              1.0592              7.9170              0.0672  
forward:               0.2000              0.4116              8.3286              0.0681  
forward:               0.2500              0.1027              8.4313              0.0685  
forward:               0.3000             -0.0561              8.3752              0.0687  
forward:               0.3500             -0.1687              8.2065              0.0689  
forward:               0.4000             -0.2406              7.9660              0.0690  
forward:               0.4500             -0.2929              7.6731              0.0692  
forward:               0.5000             -0.3489              7.3242              0.0693  
forward:               0.5500             -0.4305              6.8936              0.0694  
forward:               0.6000             -0.5297              6.3639              0.0695  
forward:               0.6500             -0.6108              5.7531              0.0696  
forward:               0.7000             -0.6728              5.0803              0.0697  
forward:               0.7500             -0.7182              4.3621              0.0697  
forward:               0.8000             -0.7609              3.6012              0.0698  
forward:               0.8500             -0.7990              2.8022              0.0699  
forward:               0.9000             -0.8342              1.9680              0.0699  
forward:               0.9500             -0.8517              1.1163              0.0700  
forward:               1.0000             -0.8845              0.2318              0.0701  
backward:              1.0000              0.0000              0.2318              0.0000  
backward:              0.9500              0.8812              1.1131              0.0037  
backward:              0.9000              0.8533              1.9664              0.0055  
backward:              0.8500              0.8274              2.7938              0.0069  
backward:              0.8000              0.7996              3.5934              0.0080  
backward:              0.7500              0.7613              4.3547              0.0089  
backward:              0.7000              0.7179              5.0726              0.0098  
backward:              0.6500              0.6701              5.7427              0.0106  
backward:              0.6000              0.6143              6.3570              0.0117  
backward:              0.5500              0.5323              6.8893              0.0125  
backward:              0.5000              0.4264              7.3157              0.0129  
backward:              0.4500              0.3502              7.6659              0.0139  
backward:              0.4000              0.3035              7.9694              0.0149  
backward:              0.3500              0.2384              8.2078              0.0160  
backward:              0.3000              0.1630              8.3708              0.0174  
backward:              0.2500              0.0766              8.4475              0.0187  
backward:              0.2000             -0.1262              8.3213              0.0217  
backward:              0.1500             -0.3988              7.9224              0.0256  
backward:              0.1000             -1.1094              6.8131              0.0659  
backward:              0.0500             -2.3546              4.4585              0.1079  
backward:              0.0000             -4.3846              0.0740              0.1810  
Inaccuracy estimation
======================================================================================================
                   i        i+δi          P0_overlap_P1   δε(forward)/ε   δε(backward)/ε
======================================================================================================
inaccuracy:  0.00000        0.05000           13.16            0.98            7.39
inaccuracy:  0.05000        0.10000           23.67            0.01            3.62
inaccuracy:  0.10000        0.15000           36.96           -0.11            1.61
inaccuracy:  0.15000        0.20000           50.52           -0.07            0.67
inaccuracy:  0.20000        0.25000           58.67           -0.05            0.36
inaccuracy:  0.25000        0.30000           61.05           -0.05            0.26
inaccuracy:  0.30000        0.35000           64.89           -0.04            0.18
inaccuracy:  0.35000        0.40000           66.60           -0.05            0.15
inaccuracy:  0.40000        0.45000           66.71           -0.05            0.13
inaccuracy:  0.45000        0.50000           68.44           -0.04            0.11
inaccuracy:  0.50000        0.55000           66.23           -0.07            0.12
inaccuracy:  0.55000        0.60000           67.73           -0.07            0.09
inaccuracy:  0.60000        0.65000           67.78           -0.07            0.08
inaccuracy:  0.65000        0.70000           68.30           -0.06            0.07
inaccuracy:  0.70000        0.75000           68.85           -0.08            0.06
inaccuracy:  0.75000        0.80000           69.02           -0.08            0.06
inaccuracy:  0.80000        0.85000           68.86           -0.07            0.06
inaccuracy:  0.85000        0.90000           69.40           -0.07            0.05
inaccuracy:  0.90000        0.95000           68.17           -0.08            0.05
inaccuracy:  0.95000        1.00000           68.66           -0.08            0.05
===================================================================================================================================
                BAR        
-----------------------------------------------------------------------------------------------------------------------------------
BAR-estimator:         λ             λ+δλ          ΔΔA             ΔA            C               Δδe            δe       
                          
-----------------------------------------------------------------------------------------------------------------------------------
BAR-estimator:      0.00000        0.05000        4.5065         4.5065         4.5065         0.0151         0.0151 
BAR-estimator:      0.05000        0.10000        2.3827         6.8892         2.3827         0.0121         0.0194 
BAR-estimator:      0.10000        0.15000        1.0539         7.9431         1.0539         0.0091         0.0214 
BAR-estimator:      0.15000        0.20000        0.4133         8.3564         0.4133         0.0064         0.0224 
BAR-estimator:      0.20000        0.25000        0.1088         8.4652         0.1088         0.0043         0.0228 
BAR-estimator:      0.25000        0.30000       -0.0609         8.4043        -0.0609         0.0038         0.0231 
BAR-estimator:      0.30000        0.35000       -0.1667         8.2376        -0.1667         0.0034         0.0234 
BAR-estimator:      0.35000        0.40000       -0.2377         8.0000        -0.2377         0.0029         0.0235 
BAR-estimator:      0.40000        0.45000       -0.2984         7.7016        -0.2984         0.0028         0.0237 
BAR-estimator:      0.45000        0.50000       -0.3508         7.3507        -0.3508         0.0021         0.0238 
BAR-estimator:      0.50000        0.55000       -0.4278         6.9230        -0.4278         0.0028         0.0240 
BAR-estimator:      0.55000        0.60000       -0.5309         6.3920        -0.5309         0.0025         0.0241 
BAR-estimator:      0.60000        0.65000       -0.6129         5.7791        -0.6129         0.0027         0.0242 
BAR-estimator:      0.65000        0.70000       -0.6720         5.1071        -0.6720         0.0024         0.0244 
BAR-estimator:      0.70000        0.75000       -0.7204         4.3867        -0.7204         0.0026         0.0245 
BAR-estimator:      0.75000        0.80000       -0.7618         3.6249        -0.7618         0.0029         0.0247 
BAR-estimator:      0.80000        0.85000       -0.7987         2.8262        -0.7987         0.0026         0.0248 
BAR-estimator:      0.85000        0.90000       -0.8308         1.9954        -0.8308         0.0026         0.0249 
BAR-estimator:      0.90000        0.95000       -0.8537         1.1417        -0.8537         0.0026         0.0251 
BAR-estimator:      0.95000        1.00000       -0.8828         0.2589        -0.8828         0.0024         0.0252 
BAR-estimator: total free energy change is 0.2588678687733911 , total error is 0.02518929993041652
