#========================================================================================
#                     Free energy perturbation    
#----------------------------------------------------------------------------------------
#forward/backward          λ              ΔΔA                 ΔA                  δε   
#                                                 
#----------------------------------------------------------------------------------------
forward:               0.0000              0.0000              0.0000              0.0000  
forward:               0.0500              1.5954              1.5954              0.0163  
forward:               0.1000              0.8439              2.4393              0.0187  
forward:               0.1500              0.4068              2.8460              0.0202  
forward:               0.2000              0.2215              3.0675              0.0209  
forward:               0.2500              0.0970              3.1645              0.0214  
forward:               0.3000              0.0404              3.2049              0.0217  
forward:               0.3500             -0.0039              3.2010              0.0220  
forward:               0.4000             -0.0440              3.1570              0.0222  
forward:               0.4500             -0.0746              3.0824              0.0224  
forward:               0.5000             -0.0895              2.9929              0.0226  
forward:               0.5500             -0.1719              2.8210              0.0229  
forward:               0.6000             -0.3164              2.5046              0.0231  
forward:               0.6500             -0.4309              2.0737              0.0233  
forward:               0.7000             -0.5190              1.5547              0.0235  
forward:               0.7500             -0.6008              0.9539              0.0240  
forward:               0.8000             -0.6575              0.2964              0.0242  
forward:               0.8500             -0.7109             -0.4145              0.0244  
forward:               0.9000             -0.7535             -1.1680              0.0245  
forward:               0.9500             -0.7815             -1.9495              0.0247  
forward:               1.0000             -0.8098             -2.7593              0.0248  
backward:              1.0000              0.0000             -2.7593              0.0000  
backward:              0.9500              0.8117             -1.9476              0.0035  
backward:              0.9000              0.7760             -1.1715              0.0049  
backward:              0.8500              0.7493             -0.4223              0.0060  
backward:              0.8000              0.7140              0.2917              0.0070  
backward:              0.7500              0.6565              0.9482              0.0077  
backward:              0.7000              0.6072              1.5554              0.0084  
backward:              0.6500              0.5194              2.0747              0.0091  
backward:              0.6000              0.4252              2.4999              0.0100  
backward:              0.5500              0.3174              2.8173              0.0105  
backward:              0.5000              0.1719              2.9892              0.0114  
backward:              0.4500              0.0849              3.0742              0.0119  
backward:              0.4000              0.0676              3.1417              0.0125  
backward:              0.3500              0.0449              3.1866              0.0132  
backward:              0.3000              0.0119              3.1985              0.0138  
backward:              0.2500             -0.0373              3.1612              0.0145  
backward:              0.2000             -0.1088              3.0524              0.0159  
backward:              0.1500             -0.2197              2.8327              0.0174  
backward:              0.1000             -0.4092              2.4235              0.0199  
backward:              0.0500             -0.8202              1.6033              0.0245  
backward:              0.0000             -1.5405              0.0627              0.0327  
Inaccuracy estimation
======================================================================================================
                   i        i+δi          P0_overlap_P1   δε(forward)/ε   δε(backward)/ε
======================================================================================================
inaccuracy:  0.00000        0.05000           35.52           -0.04            1.82
inaccuracy:  0.05000        0.10000           47.35           -0.03            0.98
inaccuracy:  0.10000        0.15000           59.80           -0.01            0.44
inaccuracy:  0.15000        0.20000           65.83           -0.01            0.27
inaccuracy:  0.20000        0.25000           70.41           -0.01            0.17
inaccuracy:  0.25000        0.30000           71.63           -0.02            0.14
inaccuracy:  0.30000        0.35000           72.96           -0.01            0.12
inaccuracy:  0.35000        0.40000           74.37           -0.02            0.10
inaccuracy:  0.40000        0.45000           76.03           -0.01            0.09
inaccuracy:  0.45000        0.50000           75.99           -0.01            0.09
inaccuracy:  0.50000        0.55000           68.94           -0.05            0.11
inaccuracy:  0.55000        0.60000           71.26           -0.06            0.09
inaccuracy:  0.60000        0.65000           71.84           -0.06            0.07
inaccuracy:  0.65000        0.70000           71.57           -0.06            0.06
inaccuracy:  0.70000        0.75000           72.01           -0.06            0.05
inaccuracy:  0.75000        0.80000           71.83           -0.06            0.05
inaccuracy:  0.80000        0.85000           71.45           -0.07            0.04
inaccuracy:  0.85000        0.90000           72.12           -0.05            0.04
inaccuracy:  0.90000        0.95000           71.60           -0.06            0.04
inaccuracy:  0.95000        1.00000           71.39           -0.06            0.04
===================================================================================================================================
                BAR        
-----------------------------------------------------------------------------------------------------------------------------------
BAR-estimator:         λ             λ+δλ          ΔΔA             ΔA            C               Δδe            δe       
                          
-----------------------------------------------------------------------------------------------------------------------------------
BAR-estimator:      0.00000        0.05000        1.5844         1.5844         1.5844         0.0075         0.0075 
BAR-estimator:      0.05000        0.10000        0.8347         2.4191         0.8347         0.0058         0.0095 
BAR-estimator:      0.10000        0.15000        0.4094         2.8284         0.4094         0.0050         0.0108 
BAR-estimator:      0.15000        0.20000        0.2200         3.0484         0.2200         0.0035         0.0113 
BAR-estimator:      0.20000        0.25000        0.0989         3.1473         0.0989         0.0030         0.0117 
BAR-estimator:      0.25000        0.30000        0.0400         3.1873         0.0400         0.0031         0.0121 
BAR-estimator:      0.30000        0.35000       -0.0060         3.1813        -0.0060         0.0024         0.0123 
BAR-estimator:      0.35000        0.40000       -0.0468         3.1346        -0.0468         0.0022         0.0125 
BAR-estimator:      0.40000        0.45000       -0.0720         3.0625        -0.0720         0.0020         0.0127 
BAR-estimator:      0.45000        0.50000       -0.0874         2.9751        -0.0874         0.0020         0.0128 
BAR-estimator:      0.50000        0.55000       -0.1715         2.8036        -0.1715         0.0025         0.0131 
BAR-estimator:      0.55000        0.60000       -0.3170         2.4866        -0.3170         0.0023         0.0133 
BAR-estimator:      0.60000        0.65000       -0.4290         2.0576        -0.4290         0.0023         0.0135 
BAR-estimator:      0.65000        0.70000       -0.5205         1.5371        -0.5205         0.0022         0.0137 
BAR-estimator:      0.70000        0.75000       -0.6016         0.9354        -0.6016         0.0021         0.0138 
BAR-estimator:      0.75000        0.80000       -0.6577         0.2778        -0.6577         0.0024         0.0140 
BAR-estimator:      0.80000        0.85000       -0.7140        -0.4362        -0.7140         0.0023         0.0142 
BAR-estimator:      0.85000        0.90000       -0.7514        -1.1877        -0.7514         0.0023         0.0144 
BAR-estimator:      0.90000        0.95000       -0.7798        -1.9675        -0.7798         0.0024         0.0146 
BAR-estimator:      0.95000        1.00000       -0.8106        -2.7781        -0.8106         0.0023         0.0148 
BAR-estimator: total free energy change is -2.778052659413909 , total error is 0.0147569866074372
