#========================================================================================
#                     Free energy perturbation    
#----------------------------------------------------------------------------------------
#forward/backward          λ              ΔΔA                 ΔA                  δε   
#                                                 
#----------------------------------------------------------------------------------------
forward:               0.0000              0.0000              0.0000              0.0000  
forward:               0.0500              5.2252              5.2252              0.0606  
forward:               0.1000              2.6882              7.9134              0.0748  
forward:               0.1500              1.1785              9.0919              0.0787  
forward:               0.2000              0.4386              9.5305              0.0799  
forward:               0.2500              0.0844              9.6149              0.0804  
forward:               0.3000             -0.0952              9.5197              0.0808  
forward:               0.3500             -0.2037              9.3160              0.0809  
forward:               0.4000             -0.2905              9.0255              0.0810  
forward:               0.4500             -0.3446              8.6809              0.0812  
forward:               0.5000             -0.4002              8.2808              0.0813  
forward:               0.5500             -0.7275              7.5532              0.0816  
forward:               0.6000             -1.2891              6.2641              0.0821  
forward:               0.6500             -1.7613              4.5029              0.0825  
forward:               0.7000             -2.1768              2.3260              0.0829  
forward:               0.7500             -2.4490             -0.1230              0.0832  
forward:               0.8000             -2.6863             -2.8093              0.0834  
forward:               0.8500             -2.8229             -5.6323              0.0839  
forward:               0.9000             -2.9528             -8.5850              0.0846  
forward:               0.9500             -3.0652            -11.6502              0.0854  
forward:               1.0000             -3.2184            -14.8687              0.0902  
backward:              1.0000              0.0000            -14.8687              0.0000  
backward:              0.9500              3.2058            -11.6629              0.0081  
backward:              0.9000              3.0398             -8.6231              0.0124  
backward:              0.8500              2.9552             -5.6679              0.0142  
backward:              0.8000              2.8130             -2.8549              0.0171  
backward:              0.7500              2.6814             -0.1735              0.0190  
backward:              0.7000              2.4621              2.2886              0.0208  
backward:              0.6500              2.1598              4.4484              0.0224  
backward:              0.6000              1.7540              6.2024              0.0242  
backward:              0.5500              1.2739              7.4763              0.0266  
backward:              0.5000              0.7385              8.2149              0.0282  
backward:              0.4500              0.3907              8.6055              0.0286  
backward:              0.4000              0.3526              8.9582              0.0294  
backward:              0.3500              0.2860              9.2442              0.0301  
backward:              0.3000              0.2103              9.4545              0.0311  
backward:              0.2500              0.0993              9.5538              0.0323  
backward:              0.2000             -0.0888              9.4650              0.0341  
backward:              0.1500             -0.3884              9.0766              0.0407  
backward:              0.1000             -1.1634              7.9132              0.0527  
backward:              0.0500             -2.5677              5.3455              0.0694  
backward:              0.0000             -5.1516              0.1939              0.1672  
Inaccuracy estimation
======================================================================================================
                   i        i+δi          P0_overlap_P1   δε(forward)/ε   δε(backward)/ε
======================================================================================================
inaccuracy:  0.00000        0.05000            9.84            1.46            8.88
inaccuracy:  0.05000        0.10000           19.39            0.06            4.47
inaccuracy:  0.10000        0.15000           32.52           -0.15            2.02
inaccuracy:  0.15000        0.20000           44.62           -0.12            0.93
inaccuracy:  0.20000        0.25000           53.75           -0.08            0.47
inaccuracy:  0.25000        0.30000           57.78           -0.08            0.32
inaccuracy:  0.30000        0.35000           59.79           -0.07            0.25
inaccuracy:  0.35000        0.40000           62.26           -0.06            0.20
inaccuracy:  0.40000        0.45000           62.12           -0.06            0.18
inaccuracy:  0.45000        0.50000           64.49           -0.06            0.15
inaccuracy:  0.50000        0.55000           49.94           -0.34            0.26
inaccuracy:  0.55000        0.60000           52.16           -0.36            0.11
inaccuracy:  0.60000        0.65000           52.19           -0.43            0.02
inaccuracy:  0.65000        0.70000           52.88           -0.45           -0.05
inaccuracy:  0.70000        0.75000           52.11           -0.50           -0.11
inaccuracy:  0.75000        0.80000           52.99           -0.46           -0.16
inaccuracy:  0.80000        0.85000           52.61           -0.51           -0.17
inaccuracy:  0.85000        0.90000           51.76           -0.52           -0.21
inaccuracy:  0.90000        0.95000           51.53           -0.57           -0.20
inaccuracy:  0.95000        1.00000           49.70           -0.71           -0.26
===================================================================================================================================
                BAR        
-----------------------------------------------------------------------------------------------------------------------------------
BAR-estimator:         λ             λ+δλ          ΔΔA             ΔA            C               Δδe            δe       
                          
-----------------------------------------------------------------------------------------------------------------------------------
BAR-estimator:      0.00000        0.05000        5.1117         5.1117         5.1117         0.0153         0.0153 
BAR-estimator:      0.05000        0.10000        2.6879         7.7996         2.6879         0.0211         0.0260 
BAR-estimator:      0.10000        0.15000        1.2001         8.9997         1.2001         0.0124         0.0288 
BAR-estimator:      0.15000        0.20000        0.4253         9.4249         0.4253         0.0089         0.0302 
BAR-estimator:      0.20000        0.25000        0.0891         9.5141         0.0891         0.0069         0.0309 
BAR-estimator:      0.25000        0.30000       -0.0993         9.4148        -0.0993         0.0048         0.0313 
BAR-estimator:      0.30000        0.35000       -0.2056         9.2092        -0.2056         0.0036         0.0315 
BAR-estimator:      0.35000        0.40000       -0.2895         8.9197        -0.2895         0.0033         0.0317 
BAR-estimator:      0.40000        0.45000       -0.3485         8.5712        -0.3485         0.0030         0.0318 
BAR-estimator:      0.45000        0.50000       -0.3958         8.1754        -0.3958         0.0030         0.0320 
BAR-estimator:      0.50000        0.55000       -0.7302         7.4452        -0.7302         0.0040         0.0322 
BAR-estimator:      0.55000        0.60000       -1.2833         6.1619        -1.2833         0.0038         0.0325 
BAR-estimator:      0.60000        0.65000       -1.7565         4.4054        -1.7565         0.0044         0.0328 
BAR-estimator:      0.65000        0.70000       -2.1653         2.2401        -2.1653         0.0049         0.0331 
BAR-estimator:      0.70000        0.75000       -2.4553        -0.2152        -2.4553         0.0044         0.0334 
BAR-estimator:      0.75000        0.80000       -2.6788        -2.8940        -2.6788         0.0076         0.0343 
BAR-estimator:      0.80000        0.85000       -2.8226        -5.7166        -2.8226         0.0053         0.0347 
BAR-estimator:      0.85000        0.90000       -2.9499        -8.6664        -2.9499         0.0064         0.0352 
BAR-estimator:      0.90000        0.95000       -3.0580       -11.7244        -3.0580         0.0067         0.0359 
BAR-estimator:      0.95000        1.00000       -3.2092       -14.9336        -3.2092         0.0115         0.0377 
BAR-estimator: total free energy change is -14.933593881726186 , total error is 0.037681829427398485
