#========================================================================================
#                     Free energy perturbation    
#----------------------------------------------------------------------------------------
#forward/backward          λ              ΔΔA                 ΔA                  δε   
#                                                 
#----------------------------------------------------------------------------------------
forward:               0.0000              0.0000              0.0000              0.0000  
forward:               0.0500              2.1937              2.1937              0.0190  
forward:               0.1000              1.3142              3.5078              0.0250  
forward:               0.1500              0.7545              4.2623              0.0274  
forward:               0.2000              0.4178              4.6801              0.0290  
forward:               0.2500              0.2393              4.9194              0.0298  
forward:               0.3000              0.1312              5.0506              0.0305  
forward:               0.3500              0.0426              5.0932              0.0309  
forward:               0.4000             -0.0121              5.0811              0.0313  
forward:               0.4500             -0.0428              5.0383              0.0315  
forward:               0.5000             -0.0788              4.9595              0.0322  
forward:               0.5500             -0.2064              4.7531              0.0326  
forward:               0.6000             -0.3906              4.3625              0.0329  
forward:               0.6500             -0.5659              3.7966              0.0332  
forward:               0.7000             -0.7273              3.0693              0.0336  
forward:               0.7500             -0.8235              2.2458              0.0340  
forward:               0.8000             -0.8651              1.3807              0.0342  
forward:               0.8500             -0.8658              0.5149              0.0345  
forward:               0.9000             -0.8446             -0.3297              0.0346  
forward:               0.9500             -0.8177             -1.1473              0.0348  
forward:               1.0000             -0.8008             -1.9481              0.0350  
backward:              1.0000              0.0000             -1.9481              0.0000  
backward:              0.9500              0.7869             -1.1612              0.0046  
backward:              0.9000              0.8176             -0.3436              0.0075  
backward:              0.8500              0.8288              0.4852              0.0096  
backward:              0.8000              0.8564              1.3416              0.0114  
backward:              0.7500              0.8693              2.2109              0.0146  
backward:              0.7000              0.8222              3.0331              0.0155  
backward:              0.6500              0.7174              3.7505              0.0167  
backward:              0.6000              0.5603              4.3108              0.0176  
backward:              0.5500              0.3835              4.6943              0.0186  
backward:              0.5000              0.1943              4.8886              0.0199  
backward:              0.4500              0.0769              4.9655              0.0202  
backward:              0.4000              0.0541              5.0196              0.0210  
backward:              0.3500              0.0088              5.0284              0.0220  
backward:              0.3000             -0.0366              4.9918              0.0230  
backward:              0.2500             -0.1142              4.8776              0.0239  
backward:              0.2000             -0.2272              4.6504              0.0264  
backward:              0.1500             -0.4350              4.2153              0.0299  
backward:              0.1000             -0.7512              3.4642              0.0333  
backward:              0.0500             -1.4247              2.0395              0.0981  
backward:              0.0000             -2.2594             -0.2199              0.1145  
Inaccuracy estimation
======================================================================================================
                   i        i+δi          P0_overlap_P1   δε(forward)/ε   δε(backward)/ε
======================================================================================================
inaccuracy:  0.00000        0.05000           29.76            0.03            2.60
inaccuracy:  0.05000        0.10000           38.63           -0.07            1.61
inaccuracy:  0.10000        0.15000           48.35           -0.05            0.88
inaccuracy:  0.15000        0.20000           56.28           -0.05            0.50
inaccuracy:  0.20000        0.25000           59.79           -0.05            0.36
inaccuracy:  0.25000        0.30000           62.60           -0.04            0.29
inaccuracy:  0.30000        0.35000           65.11           -0.04            0.23
inaccuracy:  0.35000        0.40000           66.55           -0.03            0.18
inaccuracy:  0.40000        0.45000           66.58           -0.03            0.17
inaccuracy:  0.45000        0.50000           67.80           -0.03            0.16
inaccuracy:  0.50000        0.55000           62.99           -0.09            0.18
inaccuracy:  0.55000        0.60000           63.81           -0.12            0.15
inaccuracy:  0.60000        0.65000           62.76           -0.14            0.12
inaccuracy:  0.65000        0.70000           63.18           -0.13            0.10
inaccuracy:  0.70000        0.75000           63.16           -0.14            0.09
inaccuracy:  0.75000        0.80000           63.38           -0.12            0.09
inaccuracy:  0.80000        0.85000           63.36           -0.11            0.10
inaccuracy:  0.85000        0.90000           63.35           -0.11            0.10
inaccuracy:  0.90000        0.95000           62.31           -0.11            0.11
inaccuracy:  0.95000        1.00000           62.57           -0.11            0.12
===================================================================================================================================
                BAR        
-----------------------------------------------------------------------------------------------------------------------------------
BAR-estimator:         λ             λ+δλ          ΔΔA             ΔA            C               Δδe            δe       
                          
-----------------------------------------------------------------------------------------------------------------------------------
BAR-estimator:      0.00000        0.05000        2.1963         2.1963         2.1963         0.0085         0.0085 
BAR-estimator:      0.05000        0.10000        1.3273         3.5236         1.3273         0.0084         0.0120 
BAR-estimator:      0.10000        0.15000        0.7633         4.2868         0.7633         0.0065         0.0136 
BAR-estimator:      0.15000        0.20000        0.4237         4.7105         0.4237         0.0059         0.0148 
BAR-estimator:      0.20000        0.25000        0.2361         4.9466         0.2361         0.0044         0.0155 
BAR-estimator:      0.25000        0.30000        0.1278         5.0744         0.1278         0.0045         0.0161 
BAR-estimator:      0.30000        0.35000        0.0421         5.1165         0.0421         0.0040         0.0166 
BAR-estimator:      0.35000        0.40000       -0.0118         5.1047        -0.0118         0.0032         0.0169 
BAR-estimator:      0.40000        0.45000       -0.0462         5.0585        -0.0462         0.0029         0.0171 
BAR-estimator:      0.45000        0.50000       -0.0787         4.9798        -0.0787         0.0028         0.0174 
BAR-estimator:      0.50000        0.55000       -0.2056         4.7742        -0.2056         0.0031         0.0176 
BAR-estimator:      0.55000        0.60000       -0.3893         4.3849        -0.3893         0.0029         0.0179 
BAR-estimator:      0.60000        0.65000       -0.5647         3.8202        -0.5647         0.0033         0.0182 
BAR-estimator:      0.65000        0.70000       -0.7237         3.0964        -0.7237         0.0037         0.0186 
BAR-estimator:      0.70000        0.75000       -0.8235         2.2729        -0.8235         0.0033         0.0188 
BAR-estimator:      0.75000        0.80000       -0.8659         1.4069        -0.8659         0.0030         0.0191 
BAR-estimator:      0.80000        0.85000       -0.8639         0.5430        -0.8639         0.0037         0.0194 
BAR-estimator:      0.85000        0.90000       -0.8390        -0.2960        -0.8390         0.0033         0.0197 
BAR-estimator:      0.90000        0.95000       -0.8171        -1.1131        -0.8171         0.0030         0.0200 
BAR-estimator:      0.95000        1.00000       -0.7951        -1.9082        -0.7951         0.0028         0.0202 
BAR-estimator: total free energy change is -1.9081520438332362 , total error is 0.020155173124036595
