#========================================================================================
#                     Free energy perturbation    
#----------------------------------------------------------------------------------------
#forward/backward          λ              ΔΔA                 ΔA                  δε   
#                                                 
#----------------------------------------------------------------------------------------
forward:               0.0000              0.0000              0.0000              0.0000  
forward:               0.0500              1.0877              1.0877              0.0101  
forward:               0.1000              0.7164              1.8041              0.0132  
forward:               0.1500              0.4322              2.2363              0.0148  
forward:               0.2000              0.2870              2.5232              0.0159  
forward:               0.2500              0.2049              2.7281              0.0166  
forward:               0.3000              0.1364              2.8645              0.0171  
forward:               0.3500              0.1071              2.9716              0.0174  
forward:               0.4000              0.0836              3.0552              0.0182  
forward:               0.4500              0.0508              3.1061              0.0184  
forward:               0.5000              0.0355              3.1416              0.0187  
forward:               0.5500              0.0298              3.1714              0.0189  
forward:               0.6000             -0.0005              3.1709              0.0191  
forward:               0.6500             -0.0202              3.1507              0.0193  
forward:               0.7000             -0.0376              3.1131              0.0195  
forward:               0.7500             -0.0512              3.0619              0.0197  
forward:               0.8000             -0.0647              2.9971              0.0199  
forward:               0.8500             -0.0673              2.9298              0.0201  
forward:               0.9000             -0.0768              2.8530              0.0202  
forward:               0.9500             -0.0827              2.7704              0.0203  
forward:               1.0000             -0.0866              2.6837              0.0205  
backward:              1.0000              0.0000              2.6837              0.0000  
backward:              0.9500              0.0851              2.7688              0.0030  
backward:              0.9000              0.0794              2.8482              0.0043  
backward:              0.8500              0.0785              2.9267              0.0052  
backward:              0.8000              0.0681              2.9948              0.0061  
backward:              0.7500              0.0611              3.0559              0.0069  
backward:              0.7000              0.0525              3.1084              0.0077  
backward:              0.6500              0.0433              3.1517              0.0083  
backward:              0.6000              0.0226              3.1743              0.0094  
backward:              0.5500              0.0103              3.1846              0.0099  
backward:              0.5000             -0.0309              3.1537              0.0107  
backward:              0.4500             -0.0342              3.1194              0.0112  
backward:              0.4000             -0.0574              3.0621              0.0122  
backward:              0.3500             -0.0728              2.9892              0.0129  
backward:              0.3000             -0.1054              2.8838              0.0136  
backward:              0.2500             -0.1429              2.7409              0.0145  
backward:              0.2000             -0.2058              2.5352              0.0167  
backward:              0.1500             -0.2892              2.2459              0.0185  
backward:              0.1000             -0.4329              1.8130              0.0204  
backward:              0.0500             -0.7083              1.1047              0.0246  
backward:              0.0000             -1.0951              0.0096              0.0307  
Inaccuracy estimation
======================================================================================================
                   i        i+δi          P0_overlap_P1   δε(forward)/ε   δε(backward)/ε
======================================================================================================
inaccuracy:  0.00000        0.05000           47.07           -0.02            0.96
inaccuracy:  0.05000        0.10000           53.70           -0.02            0.65
inaccuracy:  0.10000        0.15000           62.41           -0.01            0.39
inaccuracy:  0.15000        0.20000           67.62           -0.01            0.26
inaccuracy:  0.20000        0.25000           70.10           -0.02            0.19
inaccuracy:  0.25000        0.30000           73.17           -0.01            0.15
inaccuracy:  0.30000        0.35000           73.52           -0.01            0.14
inaccuracy:  0.35000        0.40000           73.55           -0.01            0.13
inaccuracy:  0.40000        0.45000           75.75           -0.01            0.11
inaccuracy:  0.45000        0.50000           75.65           -0.01            0.10
inaccuracy:  0.50000        0.55000           74.92           -0.01            0.11
inaccuracy:  0.55000        0.60000           74.49           -0.01            0.10
inaccuracy:  0.60000        0.65000           75.42           -0.02            0.09
inaccuracy:  0.65000        0.70000           75.29           -0.01            0.09
inaccuracy:  0.70000        0.75000           75.58           -0.02            0.09
inaccuracy:  0.75000        0.80000           76.66           -0.02            0.08
inaccuracy:  0.80000        0.85000           75.89           -0.02            0.08
inaccuracy:  0.85000        0.90000           76.17           -0.02            0.09
inaccuracy:  0.90000        0.95000           76.03           -0.02            0.08
inaccuracy:  0.95000        1.00000           76.13           -0.02            0.08
===================================================================================================================================
                BAR        
-----------------------------------------------------------------------------------------------------------------------------------
BAR-estimator:         λ             λ+δλ          ΔΔA             ΔA            C               Δδe            δe       
                          
-----------------------------------------------------------------------------------------------------------------------------------
BAR-estimator:      0.00000        0.05000        1.0963         1.0963         1.0963         0.0058         0.0058 
BAR-estimator:      0.05000        0.10000        0.7123         1.8086         0.7123         0.0053         0.0079 
BAR-estimator:      0.10000        0.15000        0.4355         2.2441         0.4355         0.0043         0.0090 
BAR-estimator:      0.15000        0.20000        0.2898         2.5339         0.2898         0.0039         0.0098 
BAR-estimator:      0.20000        0.25000        0.2033         2.7372         0.2033         0.0031         0.0103 
BAR-estimator:      0.25000        0.30000        0.1395         2.8767         0.1395         0.0028         0.0107 
BAR-estimator:      0.30000        0.35000        0.1077         2.9843         0.1077         0.0024         0.0109 
BAR-estimator:      0.35000        0.40000        0.0805         3.0648         0.0805         0.0026         0.0112 
BAR-estimator:      0.40000        0.45000        0.0533         3.1181         0.0533         0.0021         0.0114 
BAR-estimator:      0.45000        0.50000        0.0355         3.1536         0.0355         0.0021         0.0116 
BAR-estimator:      0.50000        0.55000        0.0299         3.1835         0.0299         0.0023         0.0118 
BAR-estimator:      0.55000        0.60000       -0.0044         3.1791        -0.0044         0.0020         0.0120 
BAR-estimator:      0.60000        0.65000       -0.0217         3.1574        -0.0217         0.0022         0.0122 
BAR-estimator:      0.65000        0.70000       -0.0401         3.1173        -0.0401         0.0020         0.0124 
BAR-estimator:      0.70000        0.75000       -0.0520         3.0653        -0.0520         0.0024         0.0126 
BAR-estimator:      0.75000        0.80000       -0.0635         3.0017        -0.0635         0.0020         0.0128 
BAR-estimator:      0.80000        0.85000       -0.0682         2.9335        -0.0682         0.0021         0.0130 
BAR-estimator:      0.85000        0.90000       -0.0767         2.8567        -0.0767         0.0023         0.0132 
BAR-estimator:      0.90000        0.95000       -0.0829         2.7738        -0.0829         0.0020         0.0133 
BAR-estimator:      0.95000        1.00000       -0.0856         2.6882        -0.0856         0.0022         0.0135 
BAR-estimator: total free energy change is 2.688247053400821 , total error is 0.013477822268809253
