#========================================================================================
#                     Free energy perturbation    
#----------------------------------------------------------------------------------------
#forward/backward          λ              ΔΔA                 ΔA                  δε   
#                                                 
#----------------------------------------------------------------------------------------
forward:               0.0000              0.0000              0.0000              0.0000  
forward:               0.0500              1.3610              1.3610              0.0120  
forward:               0.1000              0.8621              2.2232              0.0151  
forward:               0.1500              0.5217              2.7448              0.0168  
forward:               0.2000              0.3376              3.0824              0.0180  
forward:               0.2500              0.2142              3.2966              0.0187  
forward:               0.3000              0.1299              3.4265              0.0193  
forward:               0.3500              0.0839              3.5104              0.0197  
forward:               0.4000              0.0359              3.5463              0.0201  
forward:               0.4500              0.0174              3.5637              0.0204  
forward:               0.5000             -0.0089              3.5549              0.0207  
forward:               0.5500             -0.1187              3.4362              0.0211  
forward:               0.6000             -0.3023              3.1339              0.0215  
forward:               0.6500             -0.4485              2.6854              0.0218  
forward:               0.7000             -0.5874              2.0980              0.0222  
forward:               0.7500             -0.6903              1.4077              0.0224  
forward:               0.8000             -0.7535              0.6542              0.0227  
forward:               0.8500             -0.8092             -0.1550              0.0229  
forward:               0.9000             -0.8364             -0.9914              0.0232  
forward:               0.9500             -0.8612             -1.8526              0.0234  
forward:               1.0000             -0.8755             -2.7281              0.0237  
backward:              1.0000              0.0000             -2.7281              0.0000  
backward:              0.9500              0.8793             -1.8488              0.0038  
backward:              0.9000              0.8629             -0.9859              0.0059  
backward:              0.8500              0.8444             -0.1415              0.0072  
backward:              0.8000              0.8033              0.6618              0.0084  
backward:              0.7500              0.7467              1.4085              0.0101  
backward:              0.7000              0.6858              2.0943              0.0109  
backward:              0.6500              0.5871              2.6814              0.0117  
backward:              0.6000              0.4543              3.1357              0.0125  
backward:              0.5500              0.2998              3.4355              0.0131  
backward:              0.5000              0.1222              3.5578              0.0140  
backward:              0.4500              0.0050              3.5628              0.0147  
backward:              0.4000             -0.0140              3.5488              0.0151  
backward:              0.3500             -0.0477              3.5012              0.0159  
backward:              0.3000             -0.0838              3.4174              0.0166  
backward:              0.2500             -0.1442              3.2732              0.0183  
backward:              0.2000             -0.2220              3.0512              0.0195  
backward:              0.1500             -0.3272              2.7240              0.0205  
backward:              0.1000             -0.5369              2.1870              0.0234  
backward:              0.0500             -0.9160              1.2711              0.0398  
backward:              0.0000             -1.3571             -0.0860              0.0446  
Inaccuracy estimation
======================================================================================================
                   i        i+δi          P0_overlap_P1   δε(forward)/ε   δε(backward)/ε
======================================================================================================
inaccuracy:  0.00000        0.05000           40.83           -0.03            1.38
inaccuracy:  0.05000        0.10000           51.04           -0.03            0.82
inaccuracy:  0.10000        0.15000           58.43           -0.03            0.47
inaccuracy:  0.15000        0.20000           62.93           -0.02            0.32
inaccuracy:  0.20000        0.25000           67.49           -0.02            0.23
inaccuracy:  0.25000        0.30000           69.88           -0.02            0.18
inaccuracy:  0.30000        0.35000           70.68           -0.02            0.16
inaccuracy:  0.35000        0.40000           73.14           -0.01            0.12
inaccuracy:  0.40000        0.45000           72.44           -0.02            0.12
inaccuracy:  0.45000        0.50000           73.47           -0.02            0.11
inaccuracy:  0.50000        0.55000           66.89           -0.07            0.15
inaccuracy:  0.55000        0.60000           68.58           -0.07            0.12
inaccuracy:  0.60000        0.65000           67.76           -0.08            0.10
inaccuracy:  0.65000        0.70000           68.14           -0.08            0.08
inaccuracy:  0.70000        0.75000           68.59           -0.08            0.07
inaccuracy:  0.75000        0.80000           68.58           -0.08            0.06
inaccuracy:  0.80000        0.85000           68.90           -0.08            0.06
inaccuracy:  0.85000        0.90000           67.93           -0.09            0.06
inaccuracy:  0.90000        0.95000           67.55           -0.09            0.06
inaccuracy:  0.95000        1.00000           67.32           -0.09            0.06
===================================================================================================================================
                BAR        
-----------------------------------------------------------------------------------------------------------------------------------
BAR-estimator:         λ             λ+δλ          ΔΔA             ΔA            C               Δδe            δe       
                          
-----------------------------------------------------------------------------------------------------------------------------------
BAR-estimator:      0.00000        0.05000        1.3699         1.3699         1.3699         0.0064         0.0064 
BAR-estimator:      0.05000        0.10000        0.8645         2.2344         0.8645         0.0056         0.0085 
BAR-estimator:      0.10000        0.15000        0.5273         2.7617         0.5273         0.0047         0.0097 
BAR-estimator:      0.15000        0.20000        0.3349         3.0965         0.3349         0.0041         0.0105 
BAR-estimator:      0.20000        0.25000        0.2163         3.3129         0.2163         0.0034         0.0111 
BAR-estimator:      0.25000        0.30000        0.1339         3.4468         0.1339         0.0031         0.0115 
BAR-estimator:      0.30000        0.35000        0.0838         3.5306         0.0838         0.0029         0.0118 
BAR-estimator:      0.35000        0.40000        0.0397         3.5702         0.0397         0.0025         0.0121 
BAR-estimator:      0.40000        0.45000        0.0161         3.5863         0.0161         0.0024         0.0123 
BAR-estimator:      0.45000        0.50000       -0.0083         3.5780        -0.0083         0.0021         0.0125 
BAR-estimator:      0.50000        0.55000       -0.1182         3.4598        -0.1182         0.0030         0.0129 
BAR-estimator:      0.55000        0.60000       -0.2969         3.1629        -0.2969         0.0028         0.0132 
BAR-estimator:      0.60000        0.65000       -0.4506         2.7123        -0.4506         0.0029         0.0135 
BAR-estimator:      0.65000        0.70000       -0.5850         2.1273        -0.5850         0.0027         0.0137 
BAR-estimator:      0.70000        0.75000       -0.6889         1.4384        -0.6889         0.0027         0.0140 
BAR-estimator:      0.75000        0.80000       -0.7536         0.6848        -0.7536         0.0027         0.0143 
BAR-estimator:      0.80000        0.85000       -0.8058        -0.1209        -0.8058         0.0027         0.0145 
BAR-estimator:      0.85000        0.90000       -0.8396        -0.9605        -0.8396         0.0030         0.0148 
BAR-estimator:      0.90000        0.95000       -0.8598        -1.8203        -0.8598         0.0027         0.0151 
BAR-estimator:      0.95000        1.00000       -0.8756        -2.6958        -0.8756         0.0026         0.0153 
BAR-estimator: total free energy change is -2.695848699847968 , total error is 0.015292635510175276
