#========================================================================================
#                     Free energy perturbation    
#----------------------------------------------------------------------------------------
#forward/backward          λ              ΔΔA                 ΔA                  δε   
#                                                 
#----------------------------------------------------------------------------------------
forward:               0.0000              0.0000              0.0000              0.0000  
forward:               0.0500              1.7166              1.7166              0.0228  
forward:               0.1000              0.8812              2.5978              0.0258  
forward:               0.1500              0.3653              2.9631              0.0270  
forward:               0.2000              0.1195              3.0827              0.0276  
forward:               0.2500              0.0036              3.0862              0.0280  
forward:               0.3000             -0.0666              3.0196              0.0283  
forward:               0.3500             -0.1108              2.9088              0.0285  
forward:               0.4000             -0.1540              2.7548              0.0288  
forward:               0.4500             -0.1752              2.5797              0.0289  
forward:               0.5000             -0.1966              2.3831              0.0291  
forward:               0.5500             -0.5326              1.8505              0.0295  
forward:               0.6000             -0.9924              0.8581              0.0303  
forward:               0.6500             -1.3768             -0.5187              0.0312  
forward:               0.7000             -1.6916             -2.2104              0.0321  
forward:               0.7500             -1.8464             -4.0567              0.0329  
forward:               0.8000             -1.8776             -5.9343              0.0358  
forward:               0.8500             -1.8131             -7.7474              0.0397  
forward:               0.9000             -1.8162             -9.5637              0.0494  
forward:               0.9500             -1.8569            -11.4206              0.0498  
forward:               1.0000             -1.9922            -13.4128              0.0540  
backward:              1.0000              0.0000            -13.4128              0.0000  
backward:              0.9500              1.9576            -11.4552              0.0112  
backward:              0.9000              1.8392             -9.6160              0.0168  
backward:              0.8500              1.7779             -7.8381              0.0259  
backward:              0.8000              1.8593             -5.9788              0.0267  
backward:              0.7500              2.0475             -3.9313              0.0277  
backward:              0.7000              2.0093             -1.9220              0.0287  
backward:              0.6500              1.7868             -0.1352              0.0297  
backward:              0.6000              1.3623              1.2270              0.0304  
backward:              0.5500              1.0172              2.2443              0.0310  
backward:              0.5000              0.5336              2.7779              0.0316  
backward:              0.4500              0.1936              2.9715              0.0319  
backward:              0.4000              0.1733              3.1448              0.0321  
backward:              0.3500              0.1445              3.2893              0.0326  
backward:              0.3000              0.1193              3.4086              0.0329  
backward:              0.2500              0.0618              3.4705              0.0334  
backward:              0.2000             -0.0115              3.4590              0.0339  
backward:              0.1500             -0.1473              3.3116              0.0354  
backward:              0.1000             -0.3618              2.9498              0.0359  
backward:              0.0500             -0.8690              2.0808              0.0424  
backward:              0.0000             -1.6620              0.4188              0.0487  
Inaccuracy estimation
======================================================================================================
                   i        i+δi          P0_overlap_P1   δε(forward)/ε   δε(backward)/ε
======================================================================================================
inaccuracy:  0.00000        0.05000           34.01           -0.04            1.76
inaccuracy:  0.05000        0.10000           42.09           -0.05            1.24
inaccuracy:  0.10000        0.15000           55.82           -0.03            0.57
inaccuracy:  0.15000        0.20000           65.22           -0.01            0.28
inaccuracy:  0.20000        0.25000           68.80           -0.02            0.19
inaccuracy:  0.25000        0.30000           70.91           -0.01            0.15
inaccuracy:  0.30000        0.35000           71.12           -0.02            0.13
inaccuracy:  0.35000        0.40000           73.29           -0.02            0.11
inaccuracy:  0.40000        0.45000           74.16           -0.02            0.09
inaccuracy:  0.45000        0.50000           74.37           -0.02            0.09
inaccuracy:  0.50000        0.55000           58.66           -0.20            0.18
inaccuracy:  0.55000        0.60000           56.51           -0.32            0.08
inaccuracy:  0.60000        0.65000           58.09           -0.32            0.03
inaccuracy:  0.65000        0.70000           51.81           -0.49           -0.02
inaccuracy:  0.70000        0.75000           48.90           -0.55           -0.06
inaccuracy:  0.75000        0.80000           47.31           -0.54           -0.06
inaccuracy:  0.80000        0.85000           51.48           -0.42           -0.00
inaccuracy:  0.85000        0.90000           51.24           -0.46            0.04
inaccuracy:  0.90000        0.95000           47.37           -0.55            0.05
inaccuracy:  0.95000        1.00000           46.30           -0.58            0.04
===================================================================================================================================
                BAR        
-----------------------------------------------------------------------------------------------------------------------------------
BAR-estimator:         λ             λ+δλ          ΔΔA             ΔA            C               Δδe            δe       
                          
-----------------------------------------------------------------------------------------------------------------------------------
BAR-estimator:      0.00000        0.05000        1.7075         1.7075         1.7075         0.0115         0.0115 
BAR-estimator:      0.05000        0.10000        0.8867         2.5942         0.8867         0.0100         0.0153 
BAR-estimator:      0.10000        0.15000        0.3716         2.9659         0.3716         0.0077         0.0171 
BAR-estimator:      0.15000        0.20000        0.1292         3.0950         0.1292         0.0039         0.0175 
BAR-estimator:      0.20000        0.25000        0.0077         3.1028         0.0077         0.0033         0.0178 
BAR-estimator:      0.25000        0.30000       -0.0651         3.0376        -0.0651         0.0029         0.0181 
BAR-estimator:      0.30000        0.35000       -0.1148         2.9228        -0.1148         0.0099         0.0206 
BAR-estimator:      0.35000        0.40000       -0.1519         2.7709        -0.1519         0.0026         0.0208 
BAR-estimator:      0.40000        0.45000       -0.1745         2.5964        -0.1745         0.0022         0.0209 
BAR-estimator:      0.45000        0.50000       -0.1959         2.4006        -0.1959         0.0022         0.0210 
BAR-estimator:      0.50000        0.55000       -0.5325         1.8681        -0.5325         0.0032         0.0213 
BAR-estimator:      0.55000        0.60000       -1.0090         0.8591        -1.0090         0.0034         0.0215 
BAR-estimator:      0.60000        0.65000       -1.3652        -0.5061        -1.3652         0.0038         0.0219 
BAR-estimator:      0.65000        0.70000       -1.7418        -2.2479        -1.7418         0.0044         0.0223 
BAR-estimator:      0.70000        0.75000       -1.9299        -4.1778        -1.9299         0.0042         0.0227 
BAR-estimator:      0.75000        0.80000       -1.9541        -6.1319        -1.9541         0.0071         0.0238 
BAR-estimator:      0.80000        0.85000       -1.8255        -7.9574        -1.8255         0.0099         0.0258 
BAR-estimator:      0.85000        0.90000       -1.7947        -9.7521        -1.7947         0.0130         0.0289 
BAR-estimator:      0.90000        0.95000       -1.8630       -11.6151        -1.8630         0.0047         0.0292 
BAR-estimator:      0.95000        1.00000       -1.9669       -13.5820        -1.9669         0.0094         0.0307 
BAR-estimator: total free energy change is -13.58204732365185 , total error is 0.030707336882787685
