#========================================================================================
#                     Free energy perturbation    
#----------------------------------------------------------------------------------------
#forward/backward          λ              ΔΔA                 ΔA                  δε   
#                                                 
#----------------------------------------------------------------------------------------
forward:               0.0000              0.0000              0.0000              0.0000  
forward:               0.0500              1.7018              1.7018              0.0169  
forward:               0.1000              1.0580              2.7598              0.0208  
forward:               0.1500              0.6074              3.3671              0.0226  
forward:               0.2000              0.3494              3.7165              0.0235  
forward:               0.2500              0.2069              3.9234              0.0243  
forward:               0.3000              0.1222              4.0457              0.0247  
forward:               0.3500              0.0684              4.1141              0.0249  
forward:               0.4000              0.0223              4.1364              0.0253  
forward:               0.4500             -0.0057              4.1307              0.0256  
forward:               0.5000             -0.0304              4.1003              0.0259  
forward:               0.5500             -0.1204              3.9800              0.0262  
forward:               0.6000             -0.2806              3.6993              0.0265  
forward:               0.6500             -0.4488              3.2506              0.0269  
forward:               0.7000             -0.5985              2.6520              0.0272  
forward:               0.7500             -0.7022              1.9498              0.0276  
forward:               0.8000             -0.7585              1.1913              0.0278  
forward:               0.8500             -0.7973              0.3941              0.0281  
forward:               0.9000             -0.8257             -0.4316              0.0284  
forward:               0.9500             -0.8381             -1.2698              0.0286  
forward:               1.0000             -0.8451             -2.1149              0.0288  
backward:              1.0000              0.0000             -2.1149              0.0000  
backward:              0.9500              0.8409             -1.2739              0.0051  
backward:              0.9000              0.8422             -0.4317              0.0069  
backward:              0.8500              0.8162              0.3845              0.0091  
backward:              0.8000              0.7909              1.1753              0.0105  
backward:              0.7500              0.7531              1.9285              0.0118  
backward:              0.7000              0.6902              2.6187              0.0129  
backward:              0.6500              0.5869              3.2055              0.0139  
backward:              0.6000              0.4456              3.6511              0.0149  
backward:              0.5500              0.2941              3.9452              0.0159  
backward:              0.5000              0.1208              4.0660              0.0168  
backward:              0.4500              0.0289              4.0949              0.0174  
backward:              0.4000             -0.0054              4.0895              0.0181  
backward:              0.3500             -0.0282              4.0613              0.0189  
backward:              0.3000             -0.0596              4.0017              0.0198  
backward:              0.2500             -0.1097              3.8920              0.0207  
backward:              0.2000             -0.2054              3.6866              0.0220  
backward:              0.1500             -0.3455              3.3411              0.0239  
backward:              0.1000             -0.6198              2.7214              0.0305  
backward:              0.0500             -1.0412              1.6802              0.0350  
backward:              0.0000             -1.6957             -0.0155              0.0407  
Inaccuracy estimation
======================================================================================================
                   i        i+δi          P0_overlap_P1   δε(forward)/ε   δε(backward)/ε
======================================================================================================
inaccuracy:  0.00000        0.05000           36.09           -0.02            1.78
inaccuracy:  0.05000        0.10000           44.06           -0.05            1.12
inaccuracy:  0.10000        0.15000           53.48           -0.03            0.64
inaccuracy:  0.15000        0.20000           60.84           -0.02            0.38
inaccuracy:  0.20000        0.25000           65.41           -0.02            0.28
inaccuracy:  0.25000        0.30000           66.75           -0.02            0.21
inaccuracy:  0.30000        0.35000           68.35           -0.02            0.18
inaccuracy:  0.35000        0.40000           70.86           -0.01            0.15
inaccuracy:  0.40000        0.45000           71.64           -0.02            0.13
inaccuracy:  0.45000        0.50000           72.22           -0.02            0.13
inaccuracy:  0.50000        0.55000           66.50           -0.07            0.15
inaccuracy:  0.55000        0.60000           65.40           -0.09            0.13
inaccuracy:  0.60000        0.65000           66.61           -0.08            0.11
inaccuracy:  0.65000        0.70000           66.76           -0.09            0.09
inaccuracy:  0.70000        0.75000           67.20           -0.08            0.08
inaccuracy:  0.75000        0.80000           67.73           -0.09            0.07
inaccuracy:  0.80000        0.85000           67.46           -0.09            0.07
inaccuracy:  0.85000        0.90000           67.23           -0.08            0.07
inaccuracy:  0.90000        0.95000           66.47           -0.08            0.07
inaccuracy:  0.95000        1.00000           66.70           -0.07            0.08
===================================================================================================================================
                BAR        
-----------------------------------------------------------------------------------------------------------------------------------
BAR-estimator:         λ             λ+δλ          ΔΔA             ΔA            C               Δδe            δe       
                          
-----------------------------------------------------------------------------------------------------------------------------------
BAR-estimator:      0.00000        0.05000        1.6971         1.6971         1.6971         0.0080         0.0080 
BAR-estimator:      0.05000        0.10000        1.0528         2.7499         1.0528         0.0069         0.0105 
BAR-estimator:      0.10000        0.15000        0.6090         3.3589         0.6090         0.0063         0.0122 
BAR-estimator:      0.15000        0.20000        0.3509         3.7097         0.3509         0.0044         0.0130 
BAR-estimator:      0.20000        0.25000        0.2075         3.9173         0.2075         0.0042         0.0137 
BAR-estimator:      0.25000        0.30000        0.1182         4.0354         0.1182         0.0034         0.0141 
BAR-estimator:      0.30000        0.35000        0.0635         4.0989         0.0635         0.0026         0.0143 
BAR-estimator:      0.35000        0.40000        0.0246         4.1235         0.0246         0.0026         0.0146 
BAR-estimator:      0.40000        0.45000       -0.0024         4.1212        -0.0024         0.0027         0.0148 
BAR-estimator:      0.45000        0.50000       -0.0297         4.0915        -0.0297         0.0026         0.0151 
BAR-estimator:      0.50000        0.55000       -0.1220         3.9694        -0.1220         0.0029         0.0153 
BAR-estimator:      0.55000        0.60000       -0.2879         3.6815        -0.2879         0.0027         0.0156 
BAR-estimator:      0.60000        0.65000       -0.4467         3.2349        -0.4467         0.0030         0.0159 
BAR-estimator:      0.65000        0.70000       -0.5949         2.6400        -0.5949         0.0031         0.0162 
BAR-estimator:      0.70000        0.75000       -0.6939         1.9461        -0.6939         0.0030         0.0164 
BAR-estimator:      0.75000        0.80000       -0.7580         1.1881        -0.7580         0.0027         0.0167 
BAR-estimator:      0.80000        0.85000       -0.7961         0.3920        -0.7961         0.0030         0.0169 
BAR-estimator:      0.85000        0.90000       -0.8213        -0.4293        -0.8213         0.0030         0.0172 
BAR-estimator:      0.90000        0.95000       -0.8387        -1.2680        -0.8387         0.0031         0.0175 
BAR-estimator:      0.95000        1.00000       -0.8443        -2.1123        -0.8443         0.0028         0.0177 
BAR-estimator: total free energy change is -2.112305213444569 , total error is 0.017689008220477333
