#========================================================================================
#                     Free energy perturbation    
#----------------------------------------------------------------------------------------
#forward/backward          λ              ΔΔA                 ΔA                  δε   
#                                                 
#----------------------------------------------------------------------------------------
forward:               0.0000              0.0000              0.0000              0.0000  
forward:               0.0500              1.9985              1.9985              0.0204  
forward:               0.1000              0.9067              2.9052              0.0245  
forward:               0.1500              0.3906              3.2959              0.0258  
forward:               0.2000              0.1358              3.4316              0.0267  
forward:               0.2500              0.0059              3.4375              0.0270  
forward:               0.3000             -0.0748              3.3627              0.0273  
forward:               0.3500             -0.1373              3.2254              0.0275  
forward:               0.4000             -0.1804              3.0450              0.0277  
forward:               0.4500             -0.2094              2.8356              0.0278  
forward:               0.5000             -0.2360              2.5996              0.0279  
forward:               0.5500             -0.5960              2.0036              0.0285  
forward:               0.6000             -1.1252              0.8784              0.0291  
forward:               0.6500             -1.6204             -0.7420              0.0298  
forward:               0.7000             -2.0230             -2.7651              0.0301  
forward:               0.7500             -2.2744             -5.0395              0.0307  
forward:               0.8000             -2.3979             -7.4373              0.0311  
forward:               0.8500             -2.4356             -9.8729              0.0315  
forward:               0.9000             -2.4380            -12.3109              0.0319  
forward:               0.9500             -2.4092            -14.7201              0.0322  
forward:               1.0000             -2.3713            -17.0914              0.0324  
backward:              1.0000              0.0000            -17.0914              0.0000  
backward:              0.9500              2.3556            -14.7358              0.0115  
backward:              0.9000              2.3939            -12.3419              0.0130  
backward:              0.8500              2.4312             -9.9108              0.0149  
backward:              0.8000              2.4479             -7.4629              0.0164  
backward:              0.7500              2.3890             -5.0738              0.0177  
backward:              0.7000              2.2784             -2.7955              0.0191  
backward:              0.6500              2.0231             -0.7723              0.0201  
backward:              0.6000              1.6150              0.8426              0.0211  
backward:              0.5500              1.1341              1.9768              0.0219  
backward:              0.5000              0.5876              2.5643              0.0235  
backward:              0.4500              0.2327              2.7970              0.0237  
backward:              0.4000              0.2147              3.0117              0.0240  
backward:              0.3500              0.1692              3.1809              0.0244  
backward:              0.3000              0.1346              3.3155              0.0247  
backward:              0.2500              0.0813              3.3968              0.0253  
backward:              0.2000              0.0007              3.3975              0.0259  
backward:              0.1500             -0.1322              3.2653              0.0274  
backward:              0.1000             -0.4419              2.8234              0.0390  
backward:              0.0500             -0.8756              1.9478              0.0443  
backward:              0.0000             -2.0280             -0.0802              0.0998  
Inaccuracy estimation
======================================================================================================
                   i        i+δi          P0_overlap_P1   δε(forward)/ε   δε(backward)/ε
======================================================================================================
inaccuracy:  0.00000        0.05000           27.00           -0.03            3.54
inaccuracy:  0.05000        0.10000           43.70           -0.05            1.24
inaccuracy:  0.10000        0.15000           57.07           -0.02            0.49
inaccuracy:  0.15000        0.20000           64.78           -0.02            0.28
inaccuracy:  0.20000        0.25000           69.08           -0.01            0.17
inaccuracy:  0.25000        0.30000           71.02           -0.03            0.14
inaccuracy:  0.30000        0.35000           74.08           -0.02            0.11
inaccuracy:  0.35000        0.40000           75.56           -0.02            0.08
inaccuracy:  0.40000        0.45000           75.55           -0.02            0.08
inaccuracy:  0.45000        0.50000           76.23           -0.02            0.07
inaccuracy:  0.50000        0.55000           57.52           -0.23            0.16
inaccuracy:  0.55000        0.60000           57.66           -0.30            0.06
inaccuracy:  0.60000        0.65000           57.42           -0.36           -0.01
inaccuracy:  0.65000        0.70000           57.76           -0.34           -0.06
inaccuracy:  0.70000        0.75000           58.78           -0.34           -0.09
inaccuracy:  0.75000        0.80000           59.30           -0.31           -0.10
inaccuracy:  0.80000        0.85000           57.93           -0.33           -0.12
inaccuracy:  0.85000        0.90000           57.45           -0.34           -0.09
inaccuracy:  0.90000        0.95000           57.17           -0.35           -0.08
inaccuracy:  0.95000        1.00000           55.93           -0.33           -0.08
===================================================================================================================================
                BAR        
-----------------------------------------------------------------------------------------------------------------------------------
BAR-estimator:         λ             λ+δλ          ΔΔA             ΔA            C               Δδe            δe       
                          
-----------------------------------------------------------------------------------------------------------------------------------
BAR-estimator:      0.00000        0.05000        1.9852         1.9852         1.9852         0.0096         0.0096 
BAR-estimator:      0.05000        0.10000        0.9129         2.8981         0.9129         0.0079         0.0124 
BAR-estimator:      0.10000        0.15000        0.3905         3.2886         0.3905         0.0025         0.0127 
BAR-estimator:      0.15000        0.20000        0.1361         3.4248         0.1361         0.0042         0.0134 
BAR-estimator:      0.20000        0.25000        0.0042         3.4289         0.0042         0.0031         0.0137 
BAR-estimator:      0.25000        0.30000       -0.0779         3.3510        -0.0779         0.0029         0.0140 
BAR-estimator:      0.30000        0.35000       -0.1357         3.2153        -0.1357         0.0024         0.0142 
BAR-estimator:      0.35000        0.40000       -0.1761         3.0392        -0.1761         0.0025         0.0144 
BAR-estimator:      0.40000        0.45000       -0.2100         2.8292        -0.2100         0.0022         0.0146 
BAR-estimator:      0.45000        0.50000       -0.2344         2.5949        -0.2344         0.0014         0.0147 
BAR-estimator:      0.50000        0.55000       -0.5901         2.0048        -0.5901         0.0033         0.0150 
BAR-estimator:      0.55000        0.60000       -1.1269         0.8778        -1.1269         0.0033         0.0154 
BAR-estimator:      0.60000        0.65000       -1.6195        -0.7417        -1.6195         0.0038         0.0159 
BAR-estimator:      0.65000        0.70000       -2.0239        -2.7656        -2.0239         0.0036         0.0163 
BAR-estimator:      0.70000        0.75000       -2.2775        -5.0431        -2.2775         0.0035         0.0167 
BAR-estimator:      0.75000        0.80000       -2.3952        -7.4383        -2.3952         0.0035         0.0170 
BAR-estimator:      0.80000        0.85000       -2.4417        -9.8800        -2.4417         0.0036         0.0174 
BAR-estimator:      0.85000        0.90000       -2.4377       -12.3177        -2.4377         0.0037         0.0178 
BAR-estimator:      0.90000        0.95000       -2.4025       -14.7203        -2.4025         0.0038         0.0182 
BAR-estimator:      0.95000        1.00000       -2.3668       -17.0870        -2.3668         0.0034         0.0185 
BAR-estimator: total free energy change is -17.08701923185696 , total error is 0.018479245196728344
