#========================================================================================
#                     Free energy perturbation    
#----------------------------------------------------------------------------------------
#forward/backward          λ              ΔΔA                 ΔA                  δε   
#                                                 
#----------------------------------------------------------------------------------------
forward:               0.0000              0.0000              0.0000              0.0000  
forward:               0.0500              1.4907              1.4907              0.0130  
forward:               0.1000              0.9102              2.4009              0.0166  
forward:               0.1500              0.5477              2.9486              0.0186  
forward:               0.2000              0.3173              3.2659              0.0198  
forward:               0.2500              0.2005              3.4664              0.0204  
forward:               0.3000              0.1151              3.5815              0.0210  
forward:               0.3500              0.0596              3.6411              0.0214  
forward:               0.4000              0.0164              3.6575              0.0218  
forward:               0.4500             -0.0101              3.6474              0.0220  
forward:               0.5000             -0.0267              3.6206              0.0223  
forward:               0.5500             -0.1458              3.4748              0.0226  
forward:               0.6000             -0.3255              3.1493              0.0231  
forward:               0.6500             -0.5004              2.6490              0.0236  
forward:               0.7000             -0.6590              1.9899              0.0240  
forward:               0.7500             -0.7498              1.2401              0.0244  
forward:               0.8000             -0.7866              0.4535              0.0247  
forward:               0.8500             -0.7821             -0.3286              0.0250  
forward:               0.9000             -0.7612             -1.0898              0.0253  
forward:               0.9500             -0.7336             -1.8233              0.0259  
forward:               1.0000             -0.7101             -2.5334              0.0262  
backward:              1.0000              0.0000             -2.5334              0.0000  
backward:              0.9500              0.7058             -1.8276              0.0044  
backward:              0.9000              0.7278             -1.0998              0.0068  
backward:              0.8500              0.7559             -0.3439              0.0084  
backward:              0.8000              0.7705              0.4266              0.0106  
backward:              0.7500              0.7824              1.2090              0.0120  
backward:              0.7000              0.7445              1.9534              0.0140  
backward:              0.6500              0.6512              2.6046              0.0150  
backward:              0.6000              0.5009              3.1055              0.0159  
backward:              0.5500              0.3314              3.4370              0.0166  
backward:              0.5000              0.1435              3.5804              0.0173  
backward:              0.4500              0.0197              3.6002              0.0179  
backward:              0.4000              0.0041              3.6043              0.0185  
backward:              0.3500             -0.0262              3.5780              0.0191  
backward:              0.3000             -0.0601              3.5179              0.0199  
backward:              0.2500             -0.1267              3.3912              0.0208  
backward:              0.2000             -0.1861              3.2051              0.0220  
backward:              0.1500             -0.3106              2.8946              0.0234  
backward:              0.1000             -0.5349              2.3597              0.0283  
backward:              0.0500             -0.9302              1.4295              0.0353  
backward:              0.0000             -1.5216             -0.0920              0.0479  
Inaccuracy estimation
======================================================================================================
                   i        i+δi          P0_overlap_P1   δε(forward)/ε   δε(backward)/ε
======================================================================================================
inaccuracy:  0.00000        0.05000           38.22           -0.03            1.55
inaccuracy:  0.05000        0.10000           47.62           -0.04            0.95
inaccuracy:  0.10000        0.15000           54.94           -0.03            0.58
inaccuracy:  0.15000        0.20000           62.20           -0.02            0.35
inaccuracy:  0.20000        0.25000           64.90           -0.02            0.25
inaccuracy:  0.25000        0.30000           68.79           -0.02            0.18
inaccuracy:  0.30000        0.35000           69.72           -0.02            0.16
inaccuracy:  0.35000        0.40000           72.25           -0.02            0.14
inaccuracy:  0.40000        0.45000           72.24           -0.02            0.13
inaccuracy:  0.45000        0.50000           72.85           -0.01            0.12
inaccuracy:  0.50000        0.55000           66.54           -0.07            0.14
inaccuracy:  0.55000        0.60000           66.26           -0.10            0.12
inaccuracy:  0.60000        0.65000           65.67           -0.11            0.10
inaccuracy:  0.65000        0.70000           66.10           -0.11            0.08
inaccuracy:  0.70000        0.75000           66.29           -0.11            0.08
inaccuracy:  0.75000        0.80000           66.42           -0.08            0.07
inaccuracy:  0.80000        0.85000           66.07           -0.09            0.08
inaccuracy:  0.85000        0.90000           66.15           -0.09            0.09
inaccuracy:  0.90000        0.95000           65.22           -0.08            0.09
inaccuracy:  0.95000        1.00000           65.17           -0.09            0.10
===================================================================================================================================
                BAR        
-----------------------------------------------------------------------------------------------------------------------------------
BAR-estimator:         λ             λ+δλ          ΔΔA             ΔA            C               Δδe            δe       
                          
-----------------------------------------------------------------------------------------------------------------------------------
BAR-estimator:      0.00000        0.05000        1.4874         1.4874         1.4874         0.0068         0.0068 
BAR-estimator:      0.05000        0.10000        0.9103         2.3977         0.9103         0.0061         0.0092 
BAR-estimator:      0.10000        0.15000        0.5460         2.9437         0.5460         0.0053         0.0106 
BAR-estimator:      0.15000        0.20000        0.3168         3.2605         0.3168         0.0043         0.0114 
BAR-estimator:      0.20000        0.25000        0.1964         3.4569         0.1964         0.0034         0.0119 
BAR-estimator:      0.25000        0.30000        0.1187         3.5756         0.1187         0.0032         0.0123 
BAR-estimator:      0.30000        0.35000        0.0587         3.6343         0.0587         0.0031         0.0127 
BAR-estimator:      0.35000        0.40000        0.0202         3.6545         0.0202         0.0028         0.0130 
BAR-estimator:      0.40000        0.45000       -0.0086         3.6459        -0.0086         0.0025         0.0133 
BAR-estimator:      0.45000        0.50000       -0.0256         3.6202        -0.0256         0.0023         0.0135 
BAR-estimator:      0.50000        0.55000       -0.1432         3.4770        -0.1432         0.0026         0.0137 
BAR-estimator:      0.55000        0.60000       -0.3279         3.1492        -0.3279         0.0030         0.0140 
BAR-estimator:      0.60000        0.65000       -0.4999         2.6492        -0.4999         0.0029         0.0143 
BAR-estimator:      0.65000        0.70000       -0.6551         1.9942        -0.6551         0.0031         0.0147 
BAR-estimator:      0.70000        0.75000       -0.7464         1.2477        -0.7464         0.0029         0.0149 
BAR-estimator:      0.75000        0.80000       -0.7852         0.4625        -0.7852         0.0030         0.0152 
BAR-estimator:      0.80000        0.85000       -0.7800        -0.3175        -0.7800         0.0027         0.0155 
BAR-estimator:      0.85000        0.90000       -0.7585        -1.0760        -0.7585         0.0028         0.0157 
BAR-estimator:      0.90000        0.95000       -0.7331        -1.8091        -0.7331         0.0030         0.0160 
BAR-estimator:      0.95000        1.00000       -0.7075        -2.5166        -0.7075         0.0028         0.0163 
BAR-estimator: total free energy change is -2.516574605564882 , total error is 0.016267061396587096
