#========================================================================================
#                     Free energy perturbation    
#----------------------------------------------------------------------------------------
#forward/backward          λ              ΔΔA                 ΔA                  δε   
#                                                 
#----------------------------------------------------------------------------------------
forward:               0.0000              0.0000              0.0000              0.0000  
forward:               0.0500              1.4015              1.4015              0.0126  
forward:               0.1000              0.7651              2.1665              0.0165  
forward:               0.1500              0.4413              2.6078              0.0180  
forward:               0.2000              0.2527              2.8605              0.0198  
forward:               0.2500              0.1442              3.0046              0.0203  
forward:               0.3000              0.0704              3.0751              0.0208  
forward:               0.3500              0.0318              3.1069              0.0211  
forward:               0.4000             -0.0057              3.1012              0.0214  
forward:               0.4500             -0.0356              3.0657              0.0217  
forward:               0.5000             -0.0543              3.0113              0.0219  
forward:               0.5500             -0.0779              2.9335              0.0221  
forward:               0.6000             -0.1326              2.8009              0.0223  
forward:               0.6500             -0.1604              2.6405              0.0225  
forward:               0.7000             -0.1929              2.4476              0.0226  
forward:               0.7500             -0.2060              2.2416              0.0228  
forward:               0.8000             -0.2316              2.0100              0.0229  
forward:               0.8500             -0.2413              1.7687              0.0230  
forward:               0.9000             -0.2500              1.5188              0.0232  
forward:               0.9500             -0.2595              1.2593              0.0233  
forward:               1.0000             -0.2681              0.9911              0.0234  
backward:              1.0000              0.0000              0.9911              0.0000  
backward:              0.9500              0.2637              1.2548              0.0033  
backward:              0.9000              0.2587              1.5136              0.0047  
backward:              0.8500              0.2536              1.7672              0.0058  
backward:              0.8000              0.2444              2.0116              0.0066  
backward:              0.7500              0.2258              2.2374              0.0073  
backward:              0.7000              0.2085              2.4459              0.0080  
backward:              0.6500              0.1822              2.6282              0.0091  
backward:              0.6000              0.1556              2.7837              0.0100  
backward:              0.5500              0.1286              2.9123              0.0106  
backward:              0.5000              0.0809              2.9932              0.0113  
backward:              0.4500              0.0547              3.0479              0.0119  
backward:              0.4000              0.0403              3.0882              0.0125  
backward:              0.3500              0.0063              3.0945              0.0132  
backward:              0.3000             -0.0335              3.0611              0.0139  
backward:              0.2500             -0.0802              2.9809              0.0150  
backward:              0.2000             -0.1420              2.8389              0.0161  
backward:              0.1500             -0.2445              2.5944              0.0177  
backward:              0.1000             -0.4103              2.1841              0.0200  
backward:              0.0500             -0.7355              1.4486              0.0262  
backward:              0.0000             -1.4052              0.0434              0.0362  
Inaccuracy estimation
======================================================================================================
                   i        i+δi          P0_overlap_P1   δε(forward)/ε   δε(backward)/ε
======================================================================================================
inaccuracy:  0.00000        0.05000           37.72           -0.04            1.75
inaccuracy:  0.05000        0.10000           50.49           -0.03            0.84
inaccuracy:  0.10000        0.15000           58.29           -0.03            0.47
inaccuracy:  0.15000        0.20000           64.36           -0.02            0.28
inaccuracy:  0.20000        0.25000           68.29           -0.01            0.20
inaccuracy:  0.25000        0.30000           70.95           -0.01            0.15
inaccuracy:  0.30000        0.35000           72.02           -0.02            0.13
inaccuracy:  0.35000        0.40000           72.73           -0.01            0.12
inaccuracy:  0.40000        0.45000           73.60           -0.01            0.11
inaccuracy:  0.45000        0.50000           74.41           -0.01            0.10
inaccuracy:  0.50000        0.55000           72.63           -0.02            0.10
inaccuracy:  0.55000        0.60000           74.13           -0.02            0.10
inaccuracy:  0.60000        0.65000           74.13           -0.02            0.09
inaccuracy:  0.65000        0.70000           74.70           -0.02            0.08
inaccuracy:  0.70000        0.75000           74.11           -0.03            0.09
inaccuracy:  0.75000        0.80000           74.99           -0.02            0.08
inaccuracy:  0.80000        0.85000           73.82           -0.03            0.08
inaccuracy:  0.85000        0.90000           73.87           -0.03            0.08
inaccuracy:  0.90000        0.95000           73.93           -0.03            0.08
inaccuracy:  0.95000        1.00000           74.04           -0.02            0.08
===================================================================================================================================
                BAR        
-----------------------------------------------------------------------------------------------------------------------------------
BAR-estimator:         λ             λ+δλ          ΔΔA             ΔA            C               Δδe            δe       
                          
-----------------------------------------------------------------------------------------------------------------------------------
BAR-estimator:      0.00000        0.05000        1.4023         1.4023         1.4023         0.0067         0.0067 
BAR-estimator:      0.05000        0.10000        0.7663         2.1686         0.7663         0.0063         0.0092 
BAR-estimator:      0.10000        0.15000        0.4360         2.6046         0.4360         0.0047         0.0103 
BAR-estimator:      0.15000        0.20000        0.2500         2.8546         0.2500         0.0038         0.0110 
BAR-estimator:      0.20000        0.25000        0.1438         2.9984         0.1438         0.0032         0.0114 
BAR-estimator:      0.25000        0.30000        0.0707         3.0691         0.0707         0.0032         0.0119 
BAR-estimator:      0.30000        0.35000        0.0301         3.0993         0.0301         0.0027         0.0122 
BAR-estimator:      0.35000        0.40000       -0.0060         3.0932        -0.0060         0.0025         0.0124 
BAR-estimator:      0.40000        0.45000       -0.0366         3.0566        -0.0366         0.0023         0.0127 
BAR-estimator:      0.45000        0.50000       -0.0533         3.0033        -0.0533         0.0024         0.0129 
BAR-estimator:      0.50000        0.55000       -0.0787         2.9247        -0.0787         0.0022         0.0131 
BAR-estimator:      0.55000        0.60000       -0.1297         2.7949        -0.1297         0.0022         0.0132 
BAR-estimator:      0.60000        0.65000       -0.1597         2.6352        -0.1597         0.0019         0.0134 
BAR-estimator:      0.65000        0.70000       -0.1902         2.4450        -0.1902         0.0020         0.0135 
BAR-estimator:      0.70000        0.75000       -0.2062         2.2388        -0.2062         0.0022         0.0137 
BAR-estimator:      0.75000        0.80000       -0.2288         2.0100        -0.2288         0.0016         0.0138 
BAR-estimator:      0.80000        0.85000       -0.2419         1.7681        -0.2419         0.0018         0.0139 
BAR-estimator:      0.85000        0.90000       -0.2513         1.5168        -0.2513         0.0022         0.0141 
BAR-estimator:      0.90000        0.95000       -0.2597         1.2572        -0.2597         0.0021         0.0142 
BAR-estimator:      0.95000        1.00000       -0.2654         0.9918        -0.2654         0.0019         0.0144 
BAR-estimator: total free energy change is 0.9917780080933929 , total error is 0.014362911958088923
