#========================================================================================
#                     Free energy perturbation    
#----------------------------------------------------------------------------------------
#forward/backward          λ              ΔΔA                 ΔA                  δε   
#                                                 
#----------------------------------------------------------------------------------------
forward:               0.0000              0.0000              0.0000              0.0000  
forward:               0.0500              3.2967              3.2967              0.0405  
forward:               0.1000              1.7204              5.0170              0.0474  
forward:               0.1500              0.7356              5.7526              0.0491  
forward:               0.2000              0.2294              5.9820              0.0498  
forward:               0.2500             -0.0007              5.9814              0.0502  
forward:               0.3000             -0.1273              5.8540              0.0504  
forward:               0.3500             -0.2049              5.6491              0.0506  
forward:               0.4000             -0.2699              5.3793              0.0508  
forward:               0.4500             -0.3162              5.0630              0.0509  
forward:               0.5000             -0.3494              4.7136              0.0511  
forward:               0.5500             -0.5959              4.1178              0.0513  
forward:               0.6000             -0.9732              3.1445              0.0516  
forward:               0.6500             -1.2624              1.8822              0.0519  
forward:               0.7000             -1.4912              0.3910              0.0522  
forward:               0.7500             -1.6283             -1.2373              0.0525  
forward:               0.8000             -1.7021             -2.9394              0.0527  
forward:               0.8500             -1.7104             -4.6498              0.0529  
forward:               0.9000             -1.6989             -6.3487              0.0534  
forward:               0.9500             -1.6766             -8.0253              0.0536  
forward:               1.0000             -1.7002             -9.7255              0.0578  
backward:              1.0000              0.0000             -9.7255              0.0000  
backward:              0.9500              1.7083             -8.0172              0.0060  
backward:              0.9000              1.6813             -6.3359              0.0083  
backward:              0.8500              1.6868             -4.6491              0.0108  
backward:              0.8000              1.7133             -2.9358              0.0120  
backward:              0.7500              1.6875             -1.2482              0.0142  
backward:              0.7000              1.6322              0.3840              0.0152  
backward:              0.6500              1.4895              1.8735              0.0164  
backward:              0.6000              1.2525              3.1260              0.0174  
backward:              0.5500              0.9744              4.1004              0.0182  
backward:              0.5000              0.6059              4.7063              0.0196  
backward:              0.4500              0.3527              5.0589              0.0201  
backward:              0.4000              0.3132              5.3721              0.0207  
backward:              0.3500              0.2614              5.6335              0.0215  
backward:              0.3000              0.2046              5.8381              0.0223  
backward:              0.2500              0.1314              5.9695              0.0232  
backward:              0.2000              0.0096              5.9790              0.0246  
backward:              0.1500             -0.2222              5.7568              0.0267  
backward:              0.1000             -0.6877              5.0691              0.0392  
backward:              0.0500             -1.7221              3.3470              0.0495  
backward:              0.0000             -3.2388              0.1083              0.0728  
Inaccuracy estimation
======================================================================================================
                   i        i+δi          P0_overlap_P1   δε(forward)/ε   δε(backward)/ε
======================================================================================================
inaccuracy:  0.00000        0.05000           19.89            0.33            4.35
inaccuracy:  0.05000        0.10000           29.62           -0.09            2.58
inaccuracy:  0.10000        0.15000           41.86           -0.10            1.15
inaccuracy:  0.15000        0.20000           55.28           -0.05            0.53
inaccuracy:  0.20000        0.25000           60.47           -0.04            0.31
inaccuracy:  0.25000        0.30000           64.67           -0.03            0.21
inaccuracy:  0.30000        0.35000           66.74           -0.04            0.16
inaccuracy:  0.35000        0.40000           68.72           -0.03            0.13
inaccuracy:  0.40000        0.45000           69.37           -0.04            0.12
inaccuracy:  0.45000        0.50000           69.81           -0.03            0.11
inaccuracy:  0.50000        0.55000           57.17           -0.19            0.18
inaccuracy:  0.55000        0.60000           59.28           -0.21            0.09
inaccuracy:  0.60000        0.65000           60.72           -0.25            0.04
inaccuracy:  0.65000        0.70000           60.29           -0.24            0.01
inaccuracy:  0.70000        0.75000           60.22           -0.23           -0.00
inaccuracy:  0.75000        0.80000           60.34           -0.24           -0.01
inaccuracy:  0.80000        0.85000           59.88           -0.25           -0.00
inaccuracy:  0.85000        0.90000           59.28           -0.23            0.01
inaccuracy:  0.90000        0.95000           57.56           -0.27            0.02
inaccuracy:  0.95000        1.00000           55.58           -0.40            0.03
===================================================================================================================================
                BAR        
-----------------------------------------------------------------------------------------------------------------------------------
BAR-estimator:         λ             λ+δλ          ΔΔA             ΔA            C               Δδe            δe       
                          
-----------------------------------------------------------------------------------------------------------------------------------
BAR-estimator:      0.00000        0.05000        3.2684         3.2684         3.2684         0.0251         0.0251 
BAR-estimator:      0.05000        0.10000        1.7386         5.0070         1.7386         0.0115         0.0276 
BAR-estimator:      0.10000        0.15000        0.7159         5.7229         0.7159         0.0080         0.0287 
BAR-estimator:      0.15000        0.20000        0.2336         5.9565         0.2336         0.0054         0.0292 
BAR-estimator:      0.20000        0.25000       -0.0018         5.9548        -0.0018         0.0040         0.0295 
BAR-estimator:      0.25000        0.30000       -0.1278         5.8270        -0.1278         0.0034         0.0297 
BAR-estimator:      0.30000        0.35000       -0.2065         5.6205        -0.2065         0.0032         0.0299 
BAR-estimator:      0.35000        0.40000       -0.2655         5.3550        -0.2655         0.0028         0.0300 
BAR-estimator:      0.40000        0.45000       -0.3154         5.0395        -0.3154         0.0025         0.0301 
BAR-estimator:      0.45000        0.50000       -0.3504         4.6891        -0.3504         0.0024         0.0302 
BAR-estimator:      0.50000        0.55000       -0.6013         4.0878        -0.6013         0.0032         0.0304 
BAR-estimator:      0.55000        0.60000       -0.9729         3.1148        -0.9729         0.0032         0.0305 
BAR-estimator:      0.60000        0.65000       -1.2595         1.8554        -1.2595         0.0033         0.0307 
BAR-estimator:      0.65000        0.70000       -1.4913         0.3640        -1.4913         0.0033         0.0309 
BAR-estimator:      0.70000        0.75000       -1.6286        -1.2645        -1.6286         0.0036         0.0311 
BAR-estimator:      0.75000        0.80000       -1.6995        -2.9641        -1.6995         0.0032         0.0313 
BAR-estimator:      0.80000        0.85000       -1.7148        -4.6789        -1.7148         0.0034         0.0314 
BAR-estimator:      0.85000        0.90000       -1.6927        -6.3716        -1.6927         0.0039         0.0317 
BAR-estimator:      0.90000        0.95000       -1.6791        -8.0507        -1.6791         0.0037         0.0319 
BAR-estimator:      0.95000        1.00000       -1.7028        -9.7536        -1.7028         0.0073         0.0327 
BAR-estimator: total free energy change is -9.753556791800118 , total error is 0.032718121169786035
