#========================================================================================
#                     Free energy perturbation    
#----------------------------------------------------------------------------------------
#forward/backward          λ              ΔΔA                 ΔA                  δε   
#                                                 
#----------------------------------------------------------------------------------------
forward:               0.0000              0.0000              0.0000              0.0000  
forward:               0.0500              3.2997              3.2997              0.0371  
forward:               0.1000              1.7680              5.0678              0.0457  
forward:               0.1500              0.7458              5.8136              0.0478  
forward:               0.2000              0.2690              6.0826              0.0492  
forward:               0.2500              0.0389              6.1215              0.0495  
forward:               0.3000             -0.0815              6.0400              0.0497  
forward:               0.3500             -0.1714              5.8686              0.0499  
forward:               0.4000             -0.2236              5.6450              0.0501  
forward:               0.4500             -0.2801              5.3649              0.0502  
forward:               0.5000             -0.3073              5.0576              0.0503  
forward:               0.5500             -0.3690              4.6886              0.0504  
forward:               0.6000             -0.4137              4.2749              0.0505  
forward:               0.6500             -0.4557              3.8192              0.0506  
forward:               0.7000             -0.4875              3.3317              0.0507  
forward:               0.7500             -0.5206              2.8112              0.0508  
forward:               0.8000             -0.5502              2.2610              0.0508  
forward:               0.8500             -0.5749              1.6860              0.0509  
forward:               0.9000             -0.5901              1.0960              0.0510  
forward:               0.9500             -0.6179              0.4780              0.0510  
forward:               1.0000             -0.6328             -0.1548              0.0511  
backward:              1.0000              0.0000             -0.1548              0.0000  
backward:              0.9500              0.6298              0.4750              0.0034  
backward:              0.9000              0.6120              1.0870              0.0048  
backward:              0.8500              0.5917              1.6787              0.0057  
backward:              0.8000              0.5690              2.2477              0.0067  
backward:              0.7500              0.5441              2.7919              0.0075  
backward:              0.7000              0.5128              3.3047              0.0078  
backward:              0.6500              0.4881              3.7928              0.0087  
backward:              0.6000              0.4488              4.2416              0.0105  
backward:              0.5500              0.4073              4.6489              0.0113  
backward:              0.5000              0.3578              5.0067              0.0123  
backward:              0.4500              0.3137              5.3203              0.0128  
backward:              0.4000              0.2665              5.5869              0.0138  
backward:              0.3500              0.2319              5.8188              0.0146  
backward:              0.3000              0.1656              5.9844              0.0156  
backward:              0.2500              0.0762              6.0606              0.0168  
backward:              0.2000             -0.0513              6.0093              0.0188  
backward:              0.1500             -0.2709              5.7383              0.0279  
backward:              0.1000             -0.7045              5.0339              0.0327  
backward:              0.0500             -1.6933              3.3406              0.0479  
backward:              0.0000             -3.1992              0.1414              0.0941  
Inaccuracy estimation
======================================================================================================
                   i        i+δi          P0_overlap_P1   δε(forward)/ε   δε(backward)/ε
======================================================================================================
inaccuracy:  0.00000        0.05000           19.12            0.30            5.19
inaccuracy:  0.05000        0.10000           29.92           -0.07            2.50
inaccuracy:  0.10000        0.15000           44.23           -0.07            1.09
inaccuracy:  0.15000        0.20000           55.19           -0.05            0.49
inaccuracy:  0.20000        0.25000           63.68           -0.03            0.27
inaccuracy:  0.25000        0.30000           66.98           -0.04            0.18
inaccuracy:  0.30000        0.35000           69.44           -0.03            0.14
inaccuracy:  0.35000        0.40000           69.56           -0.03            0.12
inaccuracy:  0.40000        0.45000           72.62           -0.03            0.09
inaccuracy:  0.45000        0.50000           72.38           -0.03            0.09
inaccuracy:  0.50000        0.55000           72.47           -0.03            0.08
inaccuracy:  0.55000        0.60000           72.61           -0.04            0.07
inaccuracy:  0.60000        0.65000           72.82           -0.04            0.06
inaccuracy:  0.65000        0.70000           72.90           -0.04            0.06
inaccuracy:  0.70000        0.75000           73.56           -0.04            0.05
inaccuracy:  0.75000        0.80000           73.33           -0.04            0.05
inaccuracy:  0.80000        0.85000           73.60           -0.04            0.05
inaccuracy:  0.85000        0.90000           72.84           -0.05            0.05
inaccuracy:  0.90000        0.95000           73.47           -0.04            0.05
inaccuracy:  0.95000        1.00000           72.68           -0.04            0.05
===================================================================================================================================
                BAR        
-----------------------------------------------------------------------------------------------------------------------------------
BAR-estimator:         λ             λ+δλ          ΔΔA             ΔA            C               Δδe            δe       
                          
-----------------------------------------------------------------------------------------------------------------------------------
BAR-estimator:      0.00000        0.05000        3.3369         3.3369         3.3369         0.0117         0.0117 
BAR-estimator:      0.05000        0.10000        1.7561         5.0930         1.7561         0.0117         0.0165 
BAR-estimator:      0.10000        0.15000        0.7450         5.8380         0.7450         0.0088         0.0187 
BAR-estimator:      0.15000        0.20000        0.2609         6.0989         0.2609         0.0058         0.0196 
BAR-estimator:      0.20000        0.25000        0.0454         6.1443         0.0454         0.0037         0.0200 
BAR-estimator:      0.25000        0.30000       -0.0812         6.0631        -0.0812         0.0032         0.0202 
BAR-estimator:      0.30000        0.35000       -0.1703         5.8928        -0.1703         0.0037         0.0206 
BAR-estimator:      0.35000        0.40000       -0.2259         5.6668        -0.2259         0.0026         0.0207 
BAR-estimator:      0.40000        0.45000       -0.2760         5.3908        -0.2760         0.0027         0.0209 
BAR-estimator:      0.45000        0.50000       -0.3084         5.0825        -0.3084         0.0024         0.0210 
BAR-estimator:      0.50000        0.55000       -0.3647         4.7178        -0.3647         0.0020         0.0211 
BAR-estimator:      0.55000        0.60000       -0.4111         4.3067        -0.4111         0.0022         0.0213 
BAR-estimator:      0.60000        0.65000       -0.4532         3.8535        -0.4532         0.0021         0.0214 
BAR-estimator:      0.65000        0.70000       -0.4883         3.3652        -0.4883         0.0022         0.0215 
BAR-estimator:      0.70000        0.75000       -0.5180         2.8472        -0.5180         0.0021         0.0216 
BAR-estimator:      0.75000        0.80000       -0.5481         2.2991        -0.5481         0.0022         0.0217 
BAR-estimator:      0.80000        0.85000       -0.5737         1.7254        -0.5737         0.0023         0.0218 
BAR-estimator:      0.85000        0.90000       -0.5906         1.1348        -0.5906         0.0029         0.0220 
BAR-estimator:      0.90000        0.95000       -0.6154         0.5194        -0.6154         0.0024         0.0221 
BAR-estimator:      0.95000        1.00000       -0.6309        -0.1115        -0.6309         0.0022         0.0222 
BAR-estimator: total free energy change is -0.11151693459468914 , total error is 0.02224260566622403
