#========================================================================================
#                     Free energy perturbation    
#----------------------------------------------------------------------------------------
#forward/backward          λ              ΔΔA                 ΔA                  δε   
#                                                 
#----------------------------------------------------------------------------------------
forward:               0.0000              0.0000              0.0000              0.0000  
forward:               0.0500              3.8288              3.8288              0.0468  
forward:               0.1000              2.1267              5.9555              0.0518  
forward:               0.1500              1.0494              7.0049              0.0541  
forward:               0.2000              0.4935              7.4984              0.0551  
forward:               0.2500              0.2053              7.7037              0.0557  
forward:               0.3000              0.0496              7.7533              0.0564  
forward:               0.3500             -0.0512              7.7020              0.0567  
forward:               0.4000             -0.1370              7.5650              0.0569  
forward:               0.4500             -0.1913              7.3737              0.0571  
forward:               0.5000             -0.2311              7.1426              0.0573  
forward:               0.5500             -0.3617              6.7809              0.0576  
forward:               0.6000             -0.6892              6.0916              0.0580  
forward:               0.6500             -0.9875              5.1041              0.0584  
forward:               0.7000             -1.2775              3.8266              0.0589  
forward:               0.7500             -1.4929              2.3338              0.0594  
forward:               0.8000             -1.6393              0.6945              0.0599  
forward:               0.8500             -1.7027             -1.0082              0.0601  
forward:               0.9000             -1.7267             -2.7349              0.0612  
forward:               0.9500             -1.7538             -4.4887              0.0613  
forward:               1.0000             -1.7777             -6.2665              0.0639  
backward:              1.0000              0.0000             -6.2665              0.0000  
backward:              0.9500              1.7875             -4.4790              0.0065  
backward:              0.9000              1.7539             -2.7252              0.0124  
backward:              0.8500              1.7113             -1.0138              0.0153  
backward:              0.8000              1.6920              0.6781              0.0183  
backward:              0.7500              1.6185              2.2967              0.0200  
backward:              0.7000              1.4663              3.7630              0.0202  
backward:              0.6500              1.2648              5.0278              0.0224  
backward:              0.6000              0.9955              6.0233              0.0238  
backward:              0.5500              0.6934              6.7167              0.0264  
backward:              0.5000              0.3514              7.0681              0.0283  
backward:              0.4500              0.2238              7.2920              0.0291  
backward:              0.4000              0.1834              7.4754              0.0299  
backward:              0.3500              0.1360              7.6114              0.0307  
backward:              0.3000              0.0491              7.6605              0.0313  
backward:              0.2500             -0.0512              7.6093              0.0326  
backward:              0.2000             -0.2197              7.3896              0.0362  
backward:              0.1500             -0.5020              6.8876              0.0448  
backward:              0.1000             -1.0291              5.8585              0.0509  
backward:              0.0500             -2.1718              3.6867              0.0884  
backward:              0.0000             -4.2691             -0.5824              0.4192  
Inaccuracy estimation
======================================================================================================
                   i        i+δi          P0_overlap_P1   δε(forward)/ε   δε(backward)/ε
======================================================================================================
inaccuracy:  0.00000        0.05000           16.23            0.59            5.41
inaccuracy:  0.05000        0.10000           25.96           -0.04            3.16
inaccuracy:  0.10000        0.15000           37.68           -0.11            1.53
inaccuracy:  0.15000        0.20000           48.37           -0.08            0.75
inaccuracy:  0.20000        0.25000           54.48           -0.06            0.46
inaccuracy:  0.25000        0.30000           58.42           -0.06            0.34
inaccuracy:  0.30000        0.35000           60.96           -0.06            0.27
inaccuracy:  0.35000        0.40000           62.65           -0.05            0.23
inaccuracy:  0.40000        0.45000           64.15           -0.05            0.20
inaccuracy:  0.45000        0.50000           64.48           -0.06            0.18
inaccuracy:  0.50000        0.55000           56.31           -0.18            0.24
inaccuracy:  0.55000        0.60000           56.41           -0.22            0.17
inaccuracy:  0.60000        0.65000           55.88           -0.27            0.12
inaccuracy:  0.65000        0.70000           56.16           -0.28            0.08
inaccuracy:  0.70000        0.75000           56.78           -0.27            0.04
inaccuracy:  0.75000        0.80000           57.92           -0.23            0.02
inaccuracy:  0.80000        0.85000           57.68           -0.27            0.01
inaccuracy:  0.85000        0.90000           56.54           -0.28            0.01
inaccuracy:  0.90000        0.95000           55.60           -0.31            0.01
inaccuracy:  0.95000        1.00000           55.00           -0.35            0.01
===================================================================================================================================
                BAR        
-----------------------------------------------------------------------------------------------------------------------------------
BAR-estimator:         λ             λ+δλ          ΔΔA             ΔA            C               Δδe            δe       
                          
-----------------------------------------------------------------------------------------------------------------------------------
BAR-estimator:      0.00000        0.05000        3.7741         3.7741         3.7741         0.0115         0.0115 
BAR-estimator:      0.05000        0.10000        2.1057         5.8799         2.1057         0.0099         0.0152 
BAR-estimator:      0.10000        0.15000        1.0452         6.9251         1.0452         0.0119         0.0193 
BAR-estimator:      0.15000        0.20000        0.4924         7.4175         0.4924         0.0070         0.0205 
BAR-estimator:      0.20000        0.25000        0.2086         7.6260         0.2086         0.0053         0.0212 
BAR-estimator:      0.25000        0.30000        0.0518         7.6779         0.0518         0.0056         0.0219 
BAR-estimator:      0.30000        0.35000       -0.0504         7.6274        -0.0504         0.0044         0.0223 
BAR-estimator:      0.35000        0.40000       -0.1377         7.4897        -0.1377         0.0043         0.0228 
BAR-estimator:      0.40000        0.45000       -0.1872         7.3025        -0.1872         0.0035         0.0230 
BAR-estimator:      0.45000        0.50000       -0.2284         7.0742        -0.2284         0.0032         0.0233 
BAR-estimator:      0.50000        0.55000       -0.3644         6.7097        -0.3644         0.0037         0.0235 
BAR-estimator:      0.55000        0.60000       -0.6943         6.0154        -0.6943         0.0038         0.0239 
BAR-estimator:      0.60000        0.65000       -0.9924         5.0230        -0.9924         0.0042         0.0242 
BAR-estimator:      0.65000        0.70000       -1.2757         3.7473        -1.2757         0.0042         0.0246 
BAR-estimator:      0.70000        0.75000       -1.4884         2.2589        -1.4884         0.0048         0.0251 
BAR-estimator:      0.75000        0.80000       -1.6291         0.6297        -1.6291         0.0043         0.0254 
BAR-estimator:      0.80000        0.85000       -1.6985        -1.0688        -1.6985         0.0051         0.0259 
BAR-estimator:      0.85000        0.90000       -1.7279        -2.7967        -1.7279         0.0060         0.0266 
BAR-estimator:      0.90000        0.95000       -1.7616        -4.5583        -1.7616         0.0059         0.0273 
BAR-estimator:      0.95000        1.00000       -1.7853        -6.3437        -1.7853         0.0083         0.0285 
BAR-estimator: total free energy change is -6.343662371286545 , total error is 0.0285041569284863
