#========================================================================================
#                     Free energy perturbation    
#----------------------------------------------------------------------------------------
#forward/backward          λ              ΔΔA                 ΔA                  δε   
#                                                 
#----------------------------------------------------------------------------------------
forward:               0.0000              0.0000              0.0000              0.0000  
forward:               0.0500              2.1579              2.1579              0.0223  
forward:               0.1000              1.1437              3.3016              0.0270  
forward:               0.1500              0.5120              3.8136              0.0283  
forward:               0.2000              0.2267              4.0403              0.0291  
forward:               0.2500              0.0927              4.1330              0.0296  
forward:               0.3000              0.0037              4.1368              0.0299  
forward:               0.3500             -0.0488              4.0880              0.0302  
forward:               0.4000             -0.0881              3.9999              0.0304  
forward:               0.4500             -0.1166              3.8833              0.0307  
forward:               0.5000             -0.1444              3.7389              0.0308  
forward:               0.5500             -0.3147              3.4242              0.0312  
forward:               0.6000             -0.6034              2.8208              0.0315  
forward:               0.6500             -0.8348              1.9860              0.0319  
forward:               0.7000             -1.0236              0.9625              0.0322  
forward:               0.7500             -1.1740             -0.2116              0.0326  
forward:               0.8000             -1.2726             -1.4842              0.0329  
forward:               0.8500             -1.3241             -2.8082              0.0332  
forward:               0.9000             -1.3708             -4.1790              0.0335  
forward:               0.9500             -1.3814             -5.5604              0.0337  
forward:               1.0000             -1.3945             -6.9549              0.0339  
backward:              1.0000              0.0000             -6.9549              0.0000  
backward:              0.9500              1.3867             -5.5682              0.0054  
backward:              0.9000              1.3748             -4.1933              0.0078  
backward:              0.8500              1.3598             -2.8335              0.0092  
backward:              0.8000              1.3266             -1.5069              0.0107  
backward:              0.7500              1.2538             -0.2531              0.0123  
backward:              0.7000              1.1760              0.9229              0.0133  
backward:              0.6500              1.0259              1.9487              0.0145  
backward:              0.6000              0.8251              2.7738              0.0156  
backward:              0.5500              0.6041              3.3779              0.0164  
backward:              0.5000              0.3081              3.6860              0.0174  
backward:              0.4500              0.1442              3.8302              0.0178  
backward:              0.4000              0.1185              3.9488              0.0183  
backward:              0.3500              0.0947              4.0435              0.0188  
backward:              0.3000              0.0514              4.0949              0.0198  
backward:              0.2500             -0.0037              4.0912              0.0206  
backward:              0.2000             -0.1053              3.9859              0.0247  
backward:              0.1500             -0.2355              3.7504              0.0273  
backward:              0.1000             -0.5051              3.2453              0.0305  
backward:              0.0500             -1.0999              2.1454              0.0442  
backward:              0.0000             -2.1343              0.0111              0.0553  
Inaccuracy estimation
======================================================================================================
                   i        i+δi          P0_overlap_P1   δε(forward)/ε   δε(backward)/ε
======================================================================================================
inaccuracy:  0.00000        0.05000           29.47            0.02            2.49
inaccuracy:  0.05000        0.10000           39.77           -0.05            1.49
inaccuracy:  0.10000        0.15000           53.74           -0.04            0.65
inaccuracy:  0.15000        0.20000           62.18           -0.02            0.34
inaccuracy:  0.20000        0.25000           66.83           -0.02            0.22
inaccuracy:  0.25000        0.30000           69.55           -0.02            0.16
inaccuracy:  0.30000        0.35000           70.75           -0.02            0.14
inaccuracy:  0.35000        0.40000           71.52           -0.02            0.12
inaccuracy:  0.40000        0.45000           72.66           -0.02            0.11
inaccuracy:  0.45000        0.50000           73.68           -0.02            0.10
inaccuracy:  0.50000        0.55000           62.52           -0.10            0.15
inaccuracy:  0.55000        0.60000           63.99           -0.12            0.10
inaccuracy:  0.60000        0.65000           64.95           -0.14            0.07
inaccuracy:  0.65000        0.70000           65.01           -0.16            0.04
inaccuracy:  0.70000        0.75000           65.35           -0.15            0.03
inaccuracy:  0.75000        0.80000           65.57           -0.14            0.03
inaccuracy:  0.80000        0.85000           64.09           -0.16            0.02
inaccuracy:  0.85000        0.90000           64.66           -0.15            0.02
inaccuracy:  0.90000        0.95000           64.04           -0.15            0.03
inaccuracy:  0.95000        1.00000           63.69           -0.15            0.03
===================================================================================================================================
                BAR        
-----------------------------------------------------------------------------------------------------------------------------------
BAR-estimator:         λ             λ+δλ          ΔΔA             ΔA            C               Δδe            δe       
                          
-----------------------------------------------------------------------------------------------------------------------------------
BAR-estimator:      0.00000        0.05000        2.1623         2.1623         2.1623         0.0089         0.0089 
BAR-estimator:      0.05000        0.10000        1.1425         3.3048         1.1425         0.0115         0.0145 
BAR-estimator:      0.10000        0.15000        0.5147         3.8194         0.5147         0.0060         0.0157 
BAR-estimator:      0.15000        0.20000        0.2287         4.0482         0.2287         0.0048         0.0164 
BAR-estimator:      0.20000        0.25000        0.0911         4.1393         0.0911         0.0035         0.0168 
BAR-estimator:      0.25000        0.30000        0.0049         4.1442         0.0049         0.0032         0.0171 
BAR-estimator:      0.30000        0.35000       -0.0495         4.0946        -0.0495         0.0029         0.0174 
BAR-estimator:      0.35000        0.40000       -0.0904         4.0042        -0.0904         0.0026         0.0176 
BAR-estimator:      0.40000        0.45000       -0.1175         3.8867        -0.1175         0.0025         0.0177 
BAR-estimator:      0.45000        0.50000       -0.1434         3.7433        -0.1434         0.0019         0.0178 
BAR-estimator:      0.50000        0.55000       -0.3111         3.4322        -0.3111         0.0031         0.0181 
BAR-estimator:      0.55000        0.60000       -0.6027         2.8295        -0.6027         0.0031         0.0184 
BAR-estimator:      0.60000        0.65000       -0.8342         1.9953        -0.8342         0.0030         0.0186 
BAR-estimator:      0.65000        0.70000       -1.0255         0.9698        -1.0255         0.0033         0.0189 
BAR-estimator:      0.70000        0.75000       -1.1716        -0.2018        -1.1716         0.0030         0.0191 
BAR-estimator:      0.75000        0.80000       -1.2663        -1.4681        -1.2663         0.0031         0.0194 
BAR-estimator:      0.80000        0.85000       -1.3271        -2.7952        -1.3271         0.0032         0.0197 
BAR-estimator:      0.85000        0.90000       -1.3656        -4.1608        -1.3656         0.0031         0.0199 
BAR-estimator:      0.90000        0.95000       -1.3802        -5.5410        -1.3802         0.0034         0.0202 
BAR-estimator:      0.95000        1.00000       -1.3911        -6.9321        -1.3911         0.0029         0.0204 
BAR-estimator: total free energy change is -6.932134213032036 , total error is 0.020392226979263947
