#========================================================================================
#                     Free energy perturbation    
#----------------------------------------------------------------------------------------
#forward/backward          λ              ΔΔA                 ΔA                  δε   
#                                                 
#----------------------------------------------------------------------------------------
forward:               0.0000              0.0000              0.0000              0.0000  
forward:               0.0500              1.8788              1.8788              0.0176  
forward:               0.1000              1.0997              2.9785              0.0234  
forward:               0.1500              0.5850              3.5635              0.0255  
forward:               0.2000              0.3206              3.8840              0.0264  
forward:               0.2500              0.1845              4.0685              0.0272  
forward:               0.3000              0.1001              4.1687              0.0276  
forward:               0.3500              0.0399              4.2086              0.0279  
forward:               0.4000             -0.0009              4.2077              0.0281  
forward:               0.4500             -0.0306              4.1770              0.0283  
forward:               0.5000             -0.0624              4.1146              0.0286  
forward:               0.5500             -0.1029              4.0117              0.0288  
forward:               0.6000             -0.2107              3.8010              0.0291  
forward:               0.6500             -0.3022              3.4987              0.0294  
forward:               0.7000             -0.3862              3.1126              0.0296  
forward:               0.7500             -0.4590              2.6536              0.0299  
forward:               0.8000             -0.5066              2.1470              0.0301  
forward:               0.8500             -0.5547              1.5923              0.0303  
forward:               0.9000             -0.5971              0.9952              0.0305  
forward:               0.9500             -0.6309              0.3643              0.0307  
forward:               1.0000             -0.6439             -0.2796              0.0309  
backward:              1.0000              0.0000             -0.2796              0.0000  
backward:              0.9500              0.6294              0.3498              0.0069  
backward:              0.9000              0.6274              0.9771              0.0080  
backward:              0.8500              0.5849              1.5621              0.0093  
backward:              0.8000              0.5617              2.1237              0.0102  
backward:              0.7500              0.5055              2.6293              0.0111  
backward:              0.7000              0.4508              3.0801              0.0120  
backward:              0.6500              0.3816              3.4616              0.0130  
backward:              0.6000              0.3038              3.7654              0.0139  
backward:              0.5500              0.2100              3.9754              0.0147  
backward:              0.5000              0.1024              4.0778              0.0152  
backward:              0.4500              0.0458              4.1236              0.0159  
backward:              0.4000              0.0218              4.1454              0.0165  
backward:              0.3500              0.0013              4.1467              0.0172  
backward:              0.3000             -0.0405              4.1062              0.0179  
backward:              0.2500             -0.0960              4.0103              0.0188  
backward:              0.2000             -0.1930              3.8172              0.0206  
backward:              0.1500             -0.3199              3.4973              0.0224  
backward:              0.1000             -0.6180              2.8794              0.0293  
backward:              0.0500             -1.1151              1.7643              0.0368  
backward:              0.0000             -1.9122             -0.1479              0.0479  
Inaccuracy estimation
======================================================================================================
                   i        i+δi          P0_overlap_P1   δε(forward)/ε   δε(backward)/ε
======================================================================================================
inaccuracy:  0.00000        0.05000           34.15           -0.01            2.01
inaccuracy:  0.05000        0.10000           42.93           -0.04            1.28
inaccuracy:  0.10000        0.15000           53.93           -0.03            0.65
inaccuracy:  0.15000        0.20000           61.26           -0.02            0.38
inaccuracy:  0.20000        0.25000           65.66           -0.02            0.25
inaccuracy:  0.25000        0.30000           68.05           -0.02            0.19
inaccuracy:  0.30000        0.35000           69.93           -0.02            0.16
inaccuracy:  0.35000        0.40000           70.73           -0.02            0.14
inaccuracy:  0.40000        0.45000           71.70           -0.02            0.12
inaccuracy:  0.45000        0.50000           73.48           -0.02            0.12
inaccuracy:  0.50000        0.55000           68.82           -0.05            0.14
inaccuracy:  0.55000        0.60000           69.42           -0.05            0.12
inaccuracy:  0.60000        0.65000           69.99           -0.05            0.10
inaccuracy:  0.65000        0.70000           70.94           -0.05            0.09
inaccuracy:  0.70000        0.75000           70.47           -0.05            0.08
inaccuracy:  0.75000        0.80000           69.95           -0.06            0.08
inaccuracy:  0.80000        0.85000           69.91           -0.06            0.08
inaccuracy:  0.85000        0.90000           70.66           -0.06            0.07
inaccuracy:  0.90000        0.95000           70.75           -0.06            0.07
inaccuracy:  0.95000        1.00000           70.58           -0.06            0.06
===================================================================================================================================
                BAR        
-----------------------------------------------------------------------------------------------------------------------------------
BAR-estimator:         λ             λ+δλ          ΔΔA             ΔA            C               Δδe            δe       
                          
-----------------------------------------------------------------------------------------------------------------------------------
BAR-estimator:      0.00000        0.05000        1.8984         1.8984         1.8984         0.0081         0.0081 
BAR-estimator:      0.05000        0.10000        1.1094         3.0078         1.1094         0.0083         0.0116 
BAR-estimator:      0.10000        0.15000        0.5949         3.6026         0.5949         0.0061         0.0131 
BAR-estimator:      0.15000        0.20000        0.3232         3.9258         0.3232         0.0046         0.0139 
BAR-estimator:      0.20000        0.25000        0.1879         4.1137         0.1879         0.0042         0.0145 
BAR-estimator:      0.25000        0.30000        0.1004         4.2141         0.1004         0.0035         0.0149 
BAR-estimator:      0.30000        0.35000        0.0409         4.2550         0.0409         0.0030         0.0152 
BAR-estimator:      0.35000        0.40000       -0.0016         4.2534        -0.0016         0.0029         0.0155 
BAR-estimator:      0.40000        0.45000       -0.0283         4.2251        -0.0283         0.0025         0.0157 
BAR-estimator:      0.45000        0.50000       -0.0563         4.1688        -0.0563         0.0025         0.0159 
BAR-estimator:      0.50000        0.55000       -0.1012         4.0676        -0.1012         0.0025         0.0161 
BAR-estimator:      0.55000        0.60000       -0.2108         3.8569        -0.2108         0.0025         0.0163 
BAR-estimator:      0.60000        0.65000       -0.3026         3.5542        -0.3026         0.0021         0.0164 
BAR-estimator:      0.65000        0.70000       -0.3825         3.1717        -0.3825         0.0025         0.0166 
BAR-estimator:      0.70000        0.75000       -0.4530         2.7187        -0.4530         0.0026         0.0168 
BAR-estimator:      0.75000        0.80000       -0.5080         2.2108        -0.5080         0.0027         0.0171 
BAR-estimator:      0.80000        0.85000       -0.5571         1.6536        -0.5571         0.0026         0.0173 
BAR-estimator:      0.85000        0.90000       -0.5945         1.0592        -0.5945         0.0026         0.0175 
BAR-estimator:      0.90000        0.95000       -0.6274         0.4318        -0.6274         0.0027         0.0177 
BAR-estimator:      0.95000        1.00000       -0.6403        -0.2085        -0.6403         0.0024         0.0178 
BAR-estimator: total free energy change is -0.20851308030836146 , total error is 0.017835682803259638
