#========================================================================================
#                     Free energy perturbation    
#----------------------------------------------------------------------------------------
#forward/backward          λ              ΔΔA                 ΔA                  δε   
#                                                 
#----------------------------------------------------------------------------------------
forward:               0.0000              0.0000              0.0000              0.0000  
forward:               0.0500              1.2891              1.2891              0.0118  
forward:               0.1000              0.7285              2.0176              0.0148  
forward:               0.1500              0.4062              2.4238              0.0162  
forward:               0.2000              0.2442              2.6680              0.0169  
forward:               0.2500              0.1603              2.8283              0.0174  
forward:               0.3000              0.1062              2.9345              0.0177  
forward:               0.3500              0.0683              3.0028              0.0180  
forward:               0.4000              0.0356              3.0384              0.0182  
forward:               0.4500              0.0150              3.0534              0.0184  
forward:               0.5000             -0.0037              3.0497              0.0186  
forward:               0.5500             -0.0447              3.0049              0.0189  
forward:               0.6000             -0.1287              2.8762              0.0192  
forward:               0.6500             -0.2015              2.6747              0.0194  
forward:               0.7000             -0.2510              2.4237              0.0196  
forward:               0.7500             -0.2924              2.1313              0.0198  
forward:               0.8000             -0.3246              1.8067              0.0200  
forward:               0.8500             -0.3465              1.4601              0.0201  
forward:               0.9000             -0.3705              1.0896              0.0203  
forward:               0.9500             -0.3840              0.7056              0.0204  
forward:               1.0000             -0.3994              0.3062              0.0206  
backward:              1.0000              0.0000              0.3062              0.0000  
backward:              0.9500              0.3937              0.6999              0.0032  
backward:              0.9000              0.3803              1.0801              0.0044  
backward:              0.8500              0.3685              1.4487              0.0056  
backward:              0.8000              0.3412              1.7899              0.0065  
backward:              0.7500              0.3209              2.1107              0.0076  
backward:              0.7000              0.2895              2.4003              0.0083  
backward:              0.6500              0.2462              2.6465              0.0087  
backward:              0.6000              0.2015              2.8480              0.0092  
backward:              0.5500              0.1277              2.9758              0.0099  
backward:              0.5000              0.0506              3.0264              0.0105  
backward:              0.4500              0.0061              3.0325              0.0111  
backward:              0.4000             -0.0086              3.0240              0.0118  
backward:              0.3500             -0.0326              2.9913              0.0124  
backward:              0.3000             -0.0604              2.9310              0.0131  
backward:              0.2500             -0.0953              2.8357              0.0137  
backward:              0.2000             -0.1494              2.6863              0.0149  
backward:              0.1500             -0.2430              2.4433              0.0166  
backward:              0.1000             -0.3952              2.0482              0.0188  
backward:              0.0500             -0.7319              1.3162              0.0253  
backward:              0.0000             -1.2859              0.0304              0.0303  
Inaccuracy estimation
======================================================================================================
                   i        i+δi          P0_overlap_P1   δε(forward)/ε   δε(backward)/ε
======================================================================================================
inaccuracy:  0.00000        0.05000           42.70           -0.03            1.10
inaccuracy:  0.05000        0.10000           52.51           -0.02            0.75
inaccuracy:  0.10000        0.15000           61.80           -0.02            0.39
inaccuracy:  0.15000        0.20000           68.21           -0.01            0.24
inaccuracy:  0.20000        0.25000           71.10           -0.01            0.17
inaccuracy:  0.25000        0.30000           72.77           -0.01            0.14
inaccuracy:  0.30000        0.35000           74.03           -0.01            0.11
inaccuracy:  0.35000        0.40000           75.99           -0.01            0.10
inaccuracy:  0.40000        0.45000           75.52           -0.01            0.10
inaccuracy:  0.45000        0.50000           76.60           -0.01            0.09
inaccuracy:  0.50000        0.55000           72.51           -0.03            0.10
inaccuracy:  0.55000        0.60000           74.34           -0.03            0.09
inaccuracy:  0.60000        0.65000           75.26           -0.03            0.08
inaccuracy:  0.65000        0.70000           75.38           -0.03            0.07
inaccuracy:  0.70000        0.75000           75.33           -0.03            0.06
inaccuracy:  0.75000        0.80000           75.09           -0.03            0.06
inaccuracy:  0.80000        0.85000           75.13           -0.03            0.06
inaccuracy:  0.85000        0.90000           75.22           -0.03            0.06
inaccuracy:  0.90000        0.95000           75.16           -0.03            0.06
inaccuracy:  0.95000        1.00000           75.19           -0.04            0.06
===================================================================================================================================
                BAR        
-----------------------------------------------------------------------------------------------------------------------------------
BAR-estimator:         λ             λ+δλ          ΔΔA             ΔA            C               Δδe            δe       
                          
-----------------------------------------------------------------------------------------------------------------------------------
BAR-estimator:      0.00000        0.05000        1.2884         1.2884         1.2884         0.0064         0.0064 
BAR-estimator:      0.05000        0.10000        0.7321         2.0205         0.7321         0.0056         0.0085 
BAR-estimator:      0.10000        0.15000        0.4027         2.4232         0.4027         0.0044         0.0096 
BAR-estimator:      0.15000        0.20000        0.2435         2.6667         0.2435         0.0034         0.0102 
BAR-estimator:      0.20000        0.25000        0.1574         2.8242         0.1574         0.0028         0.0105 
BAR-estimator:      0.25000        0.30000        0.1035         2.9277         0.1035         0.0025         0.0108 
BAR-estimator:      0.30000        0.35000        0.0648         2.9924         0.0648         0.0023         0.0111 
BAR-estimator:      0.35000        0.40000        0.0346         3.0270         0.0346         0.0020         0.0113 
BAR-estimator:      0.40000        0.45000        0.0132         3.0402         0.0132         0.0022         0.0115 
BAR-estimator:      0.45000        0.50000       -0.0050         3.0351        -0.0050         0.0020         0.0116 
BAR-estimator:      0.50000        0.55000       -0.0467         2.9884        -0.0467         0.0023         0.0119 
BAR-estimator:      0.55000        0.60000       -0.1280         2.8604        -0.1280         0.0022         0.0121 
BAR-estimator:      0.60000        0.65000       -0.2002         2.6602        -0.2002         0.0021         0.0122 
BAR-estimator:      0.65000        0.70000       -0.2498         2.4104        -0.2498         0.0021         0.0124 
BAR-estimator:      0.70000        0.75000       -0.2910         2.1194        -0.2910         0.0020         0.0126 
BAR-estimator:      0.75000        0.80000       -0.3243         1.7951        -0.3243         0.0021         0.0128 
BAR-estimator:      0.80000        0.85000       -0.3448         1.4503        -0.3448         0.0021         0.0129 
BAR-estimator:      0.85000        0.90000       -0.3711         1.0792        -0.3711         0.0021         0.0131 
BAR-estimator:      0.90000        0.95000       -0.3830         0.6962        -0.3830         0.0021         0.0133 
BAR-estimator:      0.95000        1.00000       -0.3980         0.2982        -0.3980         0.0024         0.0135 
BAR-estimator: total free energy change is 0.2982278596550047 , total error is 0.0134916368224971
