#========================================================================================
#                     Free energy perturbation    
#----------------------------------------------------------------------------------------
#forward/backward          λ              ΔΔA                 ΔA                  δε   
#                                                 
#----------------------------------------------------------------------------------------
forward:               0.0000              0.0000              0.0000              0.0000  
forward:               0.0500              2.6177              2.6177              0.0221  
forward:               0.1000              1.3706              3.9883              0.0278  
forward:               0.1500              0.6474              4.6357              0.0303  
forward:               0.2000              0.2773              4.9131              0.0312  
forward:               0.2500              0.1225              5.0356              0.0316  
forward:               0.3000              0.0131              5.0487              0.0319  
forward:               0.3500             -0.0572              4.9915              0.0322  
forward:               0.4000             -0.1057              4.8857              0.0324  
forward:               0.4500             -0.1450              4.7408              0.0326  
forward:               0.5000             -0.1746              4.5661              0.0327  
forward:               0.5500             -0.2228              4.3433              0.0329  
forward:               0.6000             -0.2881              4.0552              0.0330  
forward:               0.6500             -0.3321              3.7231              0.0332  
forward:               0.7000             -0.3745              3.3486              0.0333  
forward:               0.7500             -0.4037              2.9449              0.0334  
forward:               0.8000             -0.4375              2.5073              0.0335  
forward:               0.8500             -0.4588              2.0485              0.0336  
forward:               0.9000             -0.4830              1.5656              0.0337  
forward:               0.9500             -0.5036              1.0620              0.0337  
forward:               1.0000             -0.5188              0.5432              0.0338  
backward:              1.0000              0.0000              0.5432              0.0000  
backward:              0.9500              0.5194              1.0626              0.0030  
backward:              0.9000              0.4960              1.5586              0.0048  
backward:              0.8500              0.4764              2.0351              0.0059  
backward:              0.8000              0.4551              2.4901              0.0067  
backward:              0.7500              0.4309              2.9210              0.0074  
backward:              0.7000              0.4088              3.3298              0.0079  
backward:              0.6500              0.3735              3.7033              0.0088  
backward:              0.6000              0.3308              4.0341              0.0095  
backward:              0.5500              0.2854              4.3195              0.0104  
backward:              0.5000              0.2221              4.5417              0.0111  
backward:              0.4500              0.1808              4.7224              0.0115  
backward:              0.4000              0.1429              4.8653              0.0122  
backward:              0.3500              0.1084              4.9738              0.0129  
backward:              0.3000              0.0522              5.0260              0.0138  
backward:              0.2500             -0.0129              5.0131              0.0149  
backward:              0.2000             -0.1013              4.9118              0.0163  
backward:              0.1500             -0.2786              4.6332              0.0190  
backward:              0.1000             -0.6624              3.9708              0.0273  
backward:              0.0500             -1.3781              2.5927              0.0503  
backward:              0.0000             -2.5737              0.0190              0.0710  
Inaccuracy estimation
======================================================================================================
                   i        i+δi          P0_overlap_P1   δε(forward)/ε   δε(backward)/ε
======================================================================================================
inaccuracy:  0.00000        0.05000           24.81            0.11            3.74
inaccuracy:  0.05000        0.10000           37.15           -0.06            1.71
inaccuracy:  0.10000        0.15000           50.52           -0.04            0.78
inaccuracy:  0.15000        0.20000           60.98           -0.03            0.36
inaccuracy:  0.20000        0.25000           64.84           -0.03            0.23
inaccuracy:  0.25000        0.30000           69.66           -0.02            0.16
inaccuracy:  0.30000        0.35000           71.55           -0.02            0.12
inaccuracy:  0.35000        0.40000           72.75           -0.02            0.11
inaccuracy:  0.40000        0.45000           73.66           -0.02            0.09
inaccuracy:  0.45000        0.50000           74.31           -0.02            0.09
inaccuracy:  0.50000        0.55000           73.02           -0.03            0.09
inaccuracy:  0.55000        0.60000           74.52           -0.03            0.08
inaccuracy:  0.60000        0.65000           73.82           -0.03            0.06
inaccuracy:  0.65000        0.70000           74.51           -0.03            0.06
inaccuracy:  0.70000        0.75000           74.36           -0.04            0.06
inaccuracy:  0.75000        0.80000           75.28           -0.03            0.05
inaccuracy:  0.80000        0.85000           74.94           -0.04            0.05
inaccuracy:  0.85000        0.90000           75.03           -0.03            0.05
inaccuracy:  0.90000        0.95000           75.38           -0.04            0.05
inaccuracy:  0.95000        1.00000           74.63           -0.03            0.05
===================================================================================================================================
                BAR        
-----------------------------------------------------------------------------------------------------------------------------------
BAR-estimator:         λ             λ+δλ          ΔΔA             ΔA            C               Δδe            δe       
                          
-----------------------------------------------------------------------------------------------------------------------------------
BAR-estimator:      0.00000        0.05000        2.6232         2.6232         2.6232         0.0102         0.0102 
BAR-estimator:      0.05000        0.10000        1.3699         3.9931         1.3699         0.0081         0.0130 
BAR-estimator:      0.10000        0.15000        0.6460         4.6390         0.6460         0.0076         0.0151 
BAR-estimator:      0.15000        0.20000        0.2782         4.9172         0.2782         0.0046         0.0158 
BAR-estimator:      0.20000        0.25000        0.1130         5.0302         0.1130         0.0035         0.0162 
BAR-estimator:      0.25000        0.30000        0.0140         5.0441         0.0140         0.0028         0.0164 
BAR-estimator:      0.30000        0.35000       -0.0564         4.9877        -0.0564         0.0028         0.0166 
BAR-estimator:      0.35000        0.40000       -0.1064         4.8813        -0.1064         0.0025         0.0168 
BAR-estimator:      0.40000        0.45000       -0.1443         4.7370        -0.1443         0.0025         0.0170 
BAR-estimator:      0.45000        0.50000       -0.1755         4.5614        -0.1755         0.0023         0.0172 
BAR-estimator:      0.50000        0.55000       -0.2229         4.3385        -0.2229         0.0022         0.0173 
BAR-estimator:      0.55000        0.60000       -0.2871         4.0514        -0.2871         0.0022         0.0174 
BAR-estimator:      0.60000        0.65000       -0.3329         3.7186        -0.3329         0.0021         0.0176 
BAR-estimator:      0.65000        0.70000       -0.3746         3.3440        -0.3746         0.0021         0.0177 
BAR-estimator:      0.70000        0.75000       -0.4053         2.9387        -0.4053         0.0020         0.0178 
BAR-estimator:      0.75000        0.80000       -0.4342         2.5045        -0.4342         0.0020         0.0179 
BAR-estimator:      0.80000        0.85000       -0.4578         2.0467        -0.4578         0.0021         0.0180 
BAR-estimator:      0.85000        0.90000       -0.4800         1.5667        -0.4800         0.0021         0.0181 
BAR-estimator:      0.90000        0.95000       -0.5024         1.0644        -0.5024         0.0021         0.0183 
BAR-estimator:      0.95000        1.00000       -0.5168         0.5476        -0.5168         0.0020         0.0184 
BAR-estimator: total free energy change is 0.5475626171732191 , total error is 0.018382430045265335
