#========================================================================================
#                     Free energy perturbation    
#----------------------------------------------------------------------------------------
#forward/backward          λ              ΔΔA                 ΔA                  δε   
#                                                 
#----------------------------------------------------------------------------------------
forward:               0.0000              0.0000              0.0000              0.0000  
forward:               0.0500              1.9040              1.9040              0.0166  
forward:               0.1000              1.1221              3.0260              0.0209  
forward:               0.1500              0.5960              3.6221              0.0227  
forward:               0.2000              0.3376              3.9596              0.0236  
forward:               0.2500              0.1997              4.1593              0.0242  
forward:               0.3000              0.1201              4.2794              0.0247  
forward:               0.3500              0.0532              4.3327              0.0250  
forward:               0.4000              0.0130              4.3457              0.0253  
forward:               0.4500             -0.0184              4.3272              0.0256  
forward:               0.5000             -0.0469              4.2803              0.0257  
forward:               0.5500             -0.0926              4.1877              0.0261  
forward:               0.6000             -0.1933              3.9945              0.0263  
forward:               0.6500             -0.2915              3.7030              0.0266  
forward:               0.7000             -0.3671              3.3359              0.0269  
forward:               0.7500             -0.4355              2.9004              0.0272  
forward:               0.8000             -0.4951              2.4053              0.0274  
forward:               0.8500             -0.5387              1.8666              0.0276  
forward:               0.9000             -0.5913              1.2753              0.0279  
forward:               0.9500             -0.6117              0.6636              0.0281  
forward:               1.0000             -0.6203              0.0432              0.0283  
backward:              1.0000              0.0000              0.0432              0.0000  
backward:              0.9500              0.6183              0.6616              0.0056  
backward:              0.9000              0.6076              1.2692              0.0074  
backward:              0.8500              0.5767              1.8459              0.0088  
backward:              0.8000              0.5451              2.3910              0.0102  
backward:              0.7500              0.5018              2.8928              0.0112  
backward:              0.7000              0.4302              3.3229              0.0120  
backward:              0.6500              0.3758              3.6988              0.0130  
backward:              0.6000              0.2852              3.9839              0.0137  
backward:              0.5500              0.1996              4.1836              0.0144  
backward:              0.5000              0.0848              4.2684              0.0151  
backward:              0.4500              0.0440              4.3123              0.0157  
backward:              0.4000              0.0224              4.3348              0.0163  
backward:              0.3500             -0.0246              4.3101              0.0166  
backward:              0.3000             -0.0623              4.2478              0.0177  
backward:              0.2500             -0.1110              4.1369              0.0194  
backward:              0.2000             -0.2054              3.9315              0.0206  
backward:              0.1500             -0.3335              3.5979              0.0235  
backward:              0.1000             -0.5973              3.0006              0.0272  
backward:              0.0500             -1.0593              1.9413              0.0333  
backward:              0.0000             -1.9484             -0.0071              0.0518  
Inaccuracy estimation
======================================================================================================
                   i        i+δi          P0_overlap_P1   δε(forward)/ε   δε(backward)/ε
======================================================================================================
inaccuracy:  0.00000        0.05000           33.06           -0.01            2.04
inaccuracy:  0.05000        0.10000           41.20           -0.05            1.31
inaccuracy:  0.10000        0.15000           53.71           -0.04            0.65
inaccuracy:  0.15000        0.20000           60.32           -0.03            0.39
inaccuracy:  0.20000        0.25000           65.57           -0.02            0.25
inaccuracy:  0.25000        0.30000           67.43           -0.02            0.20
inaccuracy:  0.30000        0.35000           70.24           -0.02            0.17
inaccuracy:  0.35000        0.40000           71.05           -0.02            0.14
inaccuracy:  0.40000        0.45000           70.83           -0.02            0.14
inaccuracy:  0.45000        0.50000           72.03           -0.02            0.12
inaccuracy:  0.50000        0.55000           68.45           -0.05            0.13
inaccuracy:  0.55000        0.60000           69.15           -0.05            0.12
inaccuracy:  0.60000        0.65000           70.12           -0.05            0.10
inaccuracy:  0.65000        0.70000           68.59           -0.05            0.10
inaccuracy:  0.70000        0.75000           70.08           -0.06            0.09
inaccuracy:  0.75000        0.80000           69.73           -0.07            0.08
inaccuracy:  0.80000        0.85000           69.30           -0.06            0.08
inaccuracy:  0.85000        0.90000           70.47           -0.05            0.07
inaccuracy:  0.90000        0.95000           69.75           -0.06            0.07
inaccuracy:  0.95000        1.00000           69.26           -0.06            0.07
===================================================================================================================================
                BAR        
-----------------------------------------------------------------------------------------------------------------------------------
BAR-estimator:         λ             λ+δλ          ΔΔA             ΔA            C               Δδe            δe       
                          
-----------------------------------------------------------------------------------------------------------------------------------
BAR-estimator:      0.00000        0.05000        1.8954         1.8954         1.8954         0.0081         0.0081 
BAR-estimator:      0.05000        0.10000        1.1066         3.0021         1.1066         0.0075         0.0110 
BAR-estimator:      0.10000        0.15000        0.5987         3.6008         0.5987         0.0057         0.0124 
BAR-estimator:      0.15000        0.20000        0.3350         3.9358         0.3350         0.0044         0.0131 
BAR-estimator:      0.20000        0.25000        0.2007         4.1365         0.2007         0.0037         0.0137 
BAR-estimator:      0.25000        0.30000        0.1187         4.2552         0.1187         0.0032         0.0140 
BAR-estimator:      0.30000        0.35000        0.0561         4.3112         0.0561         0.0030         0.0143 
BAR-estimator:      0.35000        0.40000        0.0161         4.3273         0.0161         0.0027         0.0146 
BAR-estimator:      0.40000        0.45000       -0.0180         4.3093        -0.0180         0.0027         0.0148 
BAR-estimator:      0.45000        0.50000       -0.0469         4.2624        -0.0469         0.0020         0.0150 
BAR-estimator:      0.50000        0.55000       -0.0901         4.1723        -0.0901         0.0027         0.0152 
BAR-estimator:      0.55000        0.60000       -0.1953         3.9770        -0.1953         0.0027         0.0154 
BAR-estimator:      0.60000        0.65000       -0.2900         3.6869        -0.2900         0.0028         0.0157 
BAR-estimator:      0.65000        0.70000       -0.3708         3.3161        -0.3708         0.0026         0.0159 
BAR-estimator:      0.70000        0.75000       -0.4337         2.8824        -0.4337         0.0028         0.0162 
BAR-estimator:      0.75000        0.80000       -0.4983         2.3841        -0.4983         0.0026         0.0164 
BAR-estimator:      0.80000        0.85000       -0.5435         1.8406        -0.5435         0.0027         0.0166 
BAR-estimator:      0.85000        0.90000       -0.5847         1.2559        -0.5847         0.0028         0.0168 
BAR-estimator:      0.90000        0.95000       -0.6121         0.6438        -0.6121         0.0029         0.0171 
BAR-estimator:      0.95000        1.00000       -0.6226         0.0211        -0.6226         0.0027         0.0173 
BAR-estimator: total free energy change is 0.021136058404612856 , total error is 0.017277112052921508
