#========================================================================================
#                     Free energy perturbation    
#----------------------------------------------------------------------------------------
#forward/backward          λ              ΔΔA                 ΔA                  δε   
#                                                 
#----------------------------------------------------------------------------------------
forward:               0.0000              0.0000              0.0000              0.0000  
forward:               0.0500              1.0659              1.0659              0.0092  
forward:               0.1000              0.6868              1.7528              0.0123  
forward:               0.1500              0.4142              2.1670              0.0139  
forward:               0.2000              0.2627              2.4297              0.0150  
forward:               0.2500              0.1651              2.5948              0.0157  
forward:               0.3000              0.1032              2.6981              0.0162  
forward:               0.3500              0.0630              2.7611              0.0165  
forward:               0.4000              0.0298              2.7909              0.0169  
forward:               0.4500              0.0130              2.8039              0.0172  
forward:               0.5000             -0.0082              2.7957              0.0173  
forward:               0.5500             -0.1181              2.6776              0.0175  
forward:               0.6000             -0.2998              2.3778              0.0179  
forward:               0.6500             -0.4594              1.9184              0.0183  
forward:               0.7000             -0.6028              1.3157              0.0187  
forward:               0.7500             -0.6975              0.6181              0.0190  
forward:               0.8000             -0.7554             -0.1373              0.0193  
forward:               0.8500             -0.7798             -0.9171              0.0196  
forward:               0.9000             -0.7942             -1.7113              0.0198  
forward:               0.9500             -0.7975             -2.5088              0.0201  
forward:               1.0000             -0.7951             -3.3039              0.0203  
backward:              1.0000              0.0000             -3.3039              0.0000  
backward:              0.9500              0.7823             -2.5215              0.0050  
backward:              0.9000              0.7933             -1.7282              0.0067  
backward:              0.8500              0.7883             -0.9400              0.0079  
backward:              0.8000              0.7815             -0.1585              0.0089  
backward:              0.7500              0.7511              0.5926              0.0099  
backward:              0.7000              0.6809              1.2734              0.0111  
backward:              0.6500              0.6044              1.8778              0.0118  
backward:              0.6000              0.4606              2.3384              0.0126  
backward:              0.5500              0.2969              2.6353              0.0133  
backward:              0.5000              0.1166              2.7519              0.0140  
backward:              0.4500              0.0129              2.7649              0.0147  
backward:              0.4000             -0.0084              2.7564              0.0153  
backward:              0.3500             -0.0238              2.7327              0.0158  
backward:              0.3000             -0.0606              2.6721              0.0164  
backward:              0.2500             -0.0978              2.5743              0.0171  
backward:              0.2000             -0.1623              2.4120              0.0181  
backward:              0.1500             -0.2656              2.1464              0.0189  
backward:              0.1000             -0.4234              1.7230              0.0207  
backward:              0.0500             -0.6670              1.0560              0.0267  
backward:              0.0000             -1.0509              0.0051              0.0302  
Inaccuracy estimation
======================================================================================================
                   i        i+δi          P0_overlap_P1   δε(forward)/ε   δε(backward)/ε
======================================================================================================
inaccuracy:  0.00000        0.05000           46.61           -0.03            0.92
inaccuracy:  0.05000        0.10000           53.61           -0.02            0.65
inaccuracy:  0.10000        0.15000           62.61           -0.01            0.39
inaccuracy:  0.15000        0.20000           66.38           -0.01            0.25
inaccuracy:  0.20000        0.25000           69.13           -0.01            0.19
inaccuracy:  0.25000        0.30000           72.05           -0.01            0.16
inaccuracy:  0.30000        0.35000           72.89           -0.01            0.13
inaccuracy:  0.35000        0.40000           73.96           -0.01            0.12
inaccuracy:  0.40000        0.45000           74.07           -0.01            0.12
inaccuracy:  0.45000        0.50000           74.21           -0.01            0.10
inaccuracy:  0.50000        0.55000           67.85           -0.07            0.13
inaccuracy:  0.55000        0.60000           68.87           -0.08            0.10
inaccuracy:  0.60000        0.65000           68.48           -0.09            0.08
inaccuracy:  0.65000        0.70000           68.18           -0.09            0.07
inaccuracy:  0.70000        0.75000           69.65           -0.08            0.06
inaccuracy:  0.75000        0.80000           69.10           -0.08            0.06
inaccuracy:  0.80000        0.85000           69.14           -0.08            0.06
inaccuracy:  0.85000        0.90000           69.03           -0.08            0.06
inaccuracy:  0.90000        0.95000           68.11           -0.08            0.06
inaccuracy:  0.95000        1.00000           68.24           -0.07            0.07
===================================================================================================================================
                BAR        
-----------------------------------------------------------------------------------------------------------------------------------
BAR-estimator:         λ             λ+δλ          ΔΔA             ΔA            C               Δδe            δe       
                          
-----------------------------------------------------------------------------------------------------------------------------------
BAR-estimator:      0.00000        0.05000        1.0646         1.0646         1.0646         0.0053         0.0053 
BAR-estimator:      0.05000        0.10000        0.6807         1.7453         0.6807         0.0050         0.0073 
BAR-estimator:      0.10000        0.15000        0.4215         2.1668         0.4215         0.0042         0.0084 
BAR-estimator:      0.15000        0.20000        0.2649         2.4317         0.2649         0.0036         0.0092 
BAR-estimator:      0.20000        0.25000        0.1636         2.5952         0.1636         0.0031         0.0097 
BAR-estimator:      0.25000        0.30000        0.1032         2.6984         0.1032         0.0028         0.0101 
BAR-estimator:      0.30000        0.35000        0.0629         2.7613         0.0629         0.0024         0.0104 
BAR-estimator:      0.35000        0.40000        0.0296         2.7909         0.0296         0.0024         0.0107 
BAR-estimator:      0.40000        0.45000        0.0110         2.8019         0.0110         0.0022         0.0109 
BAR-estimator:      0.45000        0.50000       -0.0106         2.7913        -0.0106         0.0022         0.0111 
BAR-estimator:      0.50000        0.55000       -0.1175         2.6738        -0.1175         0.0025         0.0114 
BAR-estimator:      0.55000        0.60000       -0.2980         2.3758        -0.2980         0.0027         0.0117 
BAR-estimator:      0.60000        0.65000       -0.4598         1.9159        -0.4598         0.0030         0.0121 
BAR-estimator:      0.65000        0.70000       -0.6036         1.3123        -0.6036         0.0027         0.0124 
BAR-estimator:      0.70000        0.75000       -0.6943         0.6179        -0.6943         0.0026         0.0127 
BAR-estimator:      0.75000        0.80000       -0.7544        -0.1364        -0.7544         0.0026         0.0129 
BAR-estimator:      0.80000        0.85000       -0.7800        -0.9165        -0.7800         0.0024         0.0131 
BAR-estimator:      0.85000        0.90000       -0.7922        -1.7087        -0.7922         0.0027         0.0134 
BAR-estimator:      0.90000        0.95000       -0.7964        -2.5050        -0.7964         0.0028         0.0137 
BAR-estimator:      0.95000        1.00000       -0.7914        -3.2964        -0.7914         0.0024         0.0139 
BAR-estimator: total free energy change is -3.2963992053661633 , total error is 0.013906144094405744
