#========================================================================================
#                     Free energy perturbation    
#----------------------------------------------------------------------------------------
#forward/backward          λ              ΔΔA                 ΔA                  δε   
#                                                 
#----------------------------------------------------------------------------------------
forward:               0.0000              0.0000              0.0000              0.0000  
forward:               0.0500              1.5238              1.5238              0.0145  
forward:               0.1000              0.9480              2.4718              0.0178  
forward:               0.1500              0.5448              3.0166              0.0201  
forward:               0.2000              0.3196              3.3362              0.0210  
forward:               0.2500              0.1919              3.5281              0.0216  
forward:               0.3000              0.1126              3.6407              0.0221  
forward:               0.3500              0.0474              3.6881              0.0225  
forward:               0.4000              0.0139              3.7020              0.0228  
forward:               0.4500             -0.0199              3.6821              0.0232  
forward:               0.5000             -0.0416              3.6405              0.0234  
forward:               0.5500             -0.1549              3.4856              0.0238  
forward:               0.6000             -0.3440              3.1417              0.0242  
forward:               0.6500             -0.5130              2.6286              0.0247  
forward:               0.7000             -0.6617              1.9670              0.0250  
forward:               0.7500             -0.7583              1.2087              0.0253  
forward:               0.8000             -0.8165              0.3922              0.0256  
forward:               0.8500             -0.8539             -0.4618              0.0258  
forward:               0.9000             -0.8622             -1.3240              0.0260  
forward:               0.9500             -0.8605             -2.1845              0.0263  
forward:               1.0000             -0.8568             -3.0413              0.0265  
backward:              1.0000              0.0000             -3.0413              0.0000  
backward:              0.9500              0.8503             -2.1909              0.0048  
backward:              0.9000              0.8603             -1.3307              0.0066  
backward:              0.8500              0.8628             -0.4678              0.0078  
backward:              0.8000              0.8433              0.3755              0.0089  
backward:              0.7500              0.8131              1.1886              0.0101  
backward:              0.7000              0.7546              1.9432              0.0112  
backward:              0.6500              0.6592              2.6024              0.0124  
backward:              0.6000              0.5174              3.1198              0.0132  
backward:              0.5500              0.3458              3.4656              0.0140  
backward:              0.5000              0.1643              3.6299              0.0148  
backward:              0.4500              0.0490              3.6789              0.0155  
backward:              0.4000              0.0194              3.6983              0.0161  
backward:              0.3500             -0.0141              3.6841              0.0171  
backward:              0.3000             -0.0671              3.6171              0.0182  
backward:              0.2500             -0.1231              3.4940              0.0192  
backward:              0.2000             -0.2032              3.2908              0.0213  
backward:              0.1500             -0.3178              2.9730              0.0228  
backward:              0.1000             -0.5622              2.4109              0.0250  
backward:              0.0500             -0.9540              1.4569              0.0385  
backward:              0.0000             -1.5100             -0.0531              0.0482  
Inaccuracy estimation
======================================================================================================
                   i        i+δi          P0_overlap_P1   δε(forward)/ε   δε(backward)/ε
======================================================================================================
inaccuracy:  0.00000        0.05000           37.96           -0.03            1.57
inaccuracy:  0.05000        0.10000           46.40           -0.04            1.04
inaccuracy:  0.10000        0.15000           55.35           -0.03            0.55
inaccuracy:  0.15000        0.20000           61.69           -0.02            0.36
inaccuracy:  0.20000        0.25000           65.83           -0.02            0.25
inaccuracy:  0.25000        0.30000           68.12           -0.02            0.19
inaccuracy:  0.30000        0.35000           70.74           -0.01            0.16
inaccuracy:  0.35000        0.40000           70.22           -0.02            0.14
inaccuracy:  0.40000        0.45000           71.64           -0.02            0.14
inaccuracy:  0.45000        0.50000           70.97           -0.02            0.13
inaccuracy:  0.50000        0.55000           65.26           -0.08            0.16
inaccuracy:  0.55000        0.60000           66.41           -0.10            0.12
inaccuracy:  0.60000        0.65000           65.55           -0.10            0.10
inaccuracy:  0.65000        0.70000           66.14           -0.09            0.08
inaccuracy:  0.70000        0.75000           66.85           -0.09            0.07
inaccuracy:  0.75000        0.80000           67.11           -0.09            0.07
inaccuracy:  0.80000        0.85000           67.37           -0.10            0.07
inaccuracy:  0.85000        0.90000           66.09           -0.10            0.07
inaccuracy:  0.90000        0.95000           65.58           -0.09            0.07
inaccuracy:  0.95000        1.00000           65.78           -0.10            0.08
===================================================================================================================================
                BAR        
-----------------------------------------------------------------------------------------------------------------------------------
BAR-estimator:         λ             λ+δλ          ΔΔA             ΔA            C               Δδe            δe       
                          
-----------------------------------------------------------------------------------------------------------------------------------
BAR-estimator:      0.00000        0.05000        1.5266         1.5266         1.5266         0.0069         0.0069 
BAR-estimator:      0.05000        0.10000        0.9541         2.4807         0.9541         0.0062         0.0093 
BAR-estimator:      0.10000        0.15000        0.5563         3.0370         0.5563         0.0058         0.0109 
BAR-estimator:      0.15000        0.20000        0.3240         3.3610         0.3240         0.0041         0.0117 
BAR-estimator:      0.20000        0.25000        0.1939         3.5549         0.1939         0.0039         0.0123 
BAR-estimator:      0.25000        0.30000        0.1153         3.6702         0.1153         0.0032         0.0127 
BAR-estimator:      0.30000        0.35000        0.0552         3.7254         0.0552         0.0030         0.0131 
BAR-estimator:      0.35000        0.40000        0.0133         3.7387         0.0133         0.0025         0.0133 
BAR-estimator:      0.40000        0.45000       -0.0178         3.7209        -0.0178         0.0025         0.0135 
BAR-estimator:      0.45000        0.50000       -0.0456         3.6753        -0.0456         0.0024         0.0137 
BAR-estimator:      0.50000        0.55000       -0.1573         3.5180        -0.1573         0.0027         0.0140 
BAR-estimator:      0.55000        0.60000       -0.3453         3.1727        -0.3453         0.0029         0.0143 
BAR-estimator:      0.60000        0.65000       -0.5146         2.6581        -0.5146         0.0030         0.0146 
BAR-estimator:      0.65000        0.70000       -0.6610         1.9971        -0.6610         0.0029         0.0149 
BAR-estimator:      0.70000        0.75000       -0.7577         1.2394        -0.7577         0.0028         0.0152 
BAR-estimator:      0.75000        0.80000       -0.8154         0.4240        -0.8154         0.0029         0.0154 
BAR-estimator:      0.80000        0.85000       -0.8483        -0.4243        -0.8483         0.0028         0.0157 
BAR-estimator:      0.85000        0.90000       -0.8590        -1.2833        -0.8590         0.0029         0.0159 
BAR-estimator:      0.90000        0.95000       -0.8598        -2.1431        -0.8598         0.0027         0.0162 
BAR-estimator:      0.95000        1.00000       -0.8554        -2.9985        -0.8554         0.0026         0.0164 
BAR-estimator: total free energy change is -2.9985099961102746 , total error is 0.01637232694962209
