#========================================================================================
#                     Free energy perturbation    
#----------------------------------------------------------------------------------------
#forward/backward          λ              ΔΔA                 ΔA                  δε   
#                                                 
#----------------------------------------------------------------------------------------
forward:               0.0000              0.0000              0.0000              0.0000  
forward:               0.0500              0.6963              0.6963              0.0067  
forward:               0.1000              0.4631              1.1594              0.0086  
forward:               0.1500              0.3214              1.4808              0.0103  
forward:               0.2000              0.2264              1.7072              0.0110  
forward:               0.2500              0.1752              1.8824              0.0115  
forward:               0.3000              0.1367              2.0190              0.0121  
forward:               0.3500              0.1059              2.1249              0.0125  
forward:               0.4000              0.0952              2.2201              0.0128  
forward:               0.4500              0.0798              2.3000              0.0131  
forward:               0.5000              0.0609              2.3608              0.0135  
forward:               0.5500              0.0550              2.4158              0.0138  
forward:               0.6000              0.0488              2.4647              0.0140  
forward:               0.6500              0.0389              2.5036              0.0142  
forward:               0.7000              0.0341              2.5377              0.0144  
forward:               0.7500              0.0280              2.5657              0.0146  
forward:               0.8000              0.0195              2.5852              0.0148  
forward:               0.8500              0.0133              2.5985              0.0149  
forward:               0.9000              0.0118              2.6104              0.0151  
forward:               0.9500              0.0117              2.6220              0.0153  
forward:               1.0000              0.0063              2.6283              0.0154  
backward:              1.0000              0.0000              2.6283              0.0000  
backward:              0.9500             -0.0091              2.6192              0.0024  
backward:              0.9000             -0.0119              2.6073              0.0039  
backward:              0.8500             -0.0152              2.5921              0.0047  
backward:              0.8000             -0.0175              2.5746              0.0054  
backward:              0.7500             -0.0256              2.5490              0.0061  
backward:              0.7000             -0.0344              2.5147              0.0068  
backward:              0.6500             -0.0341              2.4805              0.0074  
backward:              0.6000             -0.0398              2.4408              0.0081  
backward:              0.5500             -0.0486              2.3922              0.0090  
backward:              0.5000             -0.0612              2.3310              0.0098  
backward:              0.4500             -0.0625              2.2685              0.0103  
backward:              0.4000             -0.0769              2.1915              0.0110  
backward:              0.3500             -0.0974              2.0941              0.0116  
backward:              0.3000             -0.1118              1.9823              0.0126  
backward:              0.2500             -0.1346              1.8478              0.0132  
backward:              0.2000             -0.1748              1.6729              0.0143  
backward:              0.1500             -0.2339              1.4390              0.0151  
backward:              0.1000             -0.3187              1.1203              0.0165  
backward:              0.0500             -0.4528              0.6675              0.0183  
backward:              0.0000             -0.7006             -0.0331              0.0220  
Inaccuracy estimation
======================================================================================================
                   i        i+δi          P0_overlap_P1   δε(forward)/ε   δε(backward)/ε
======================================================================================================
inaccuracy:  0.00000        0.05000           56.37           -0.01            0.58
inaccuracy:  0.05000        0.10000           62.97           -0.01            0.37
inaccuracy:  0.10000        0.15000           68.50           -0.01            0.24
inaccuracy:  0.15000        0.20000           73.45           -0.01            0.17
inaccuracy:  0.20000        0.25000           74.38           -0.00            0.13
inaccuracy:  0.25000        0.30000           75.57           -0.01            0.12
inaccuracy:  0.30000        0.35000           77.58           -0.01            0.10
inaccuracy:  0.35000        0.40000           77.21           -0.01            0.09
inaccuracy:  0.40000        0.45000           77.25           -0.01            0.09
inaccuracy:  0.45000        0.50000           78.74           -0.01            0.09
inaccuracy:  0.50000        0.55000           78.95           -0.01            0.08
inaccuracy:  0.55000        0.60000           78.44           -0.01            0.08
inaccuracy:  0.60000        0.65000           78.80           -0.00            0.07
inaccuracy:  0.65000        0.70000           78.78           -0.01            0.07
inaccuracy:  0.70000        0.75000           78.98           -0.01            0.07
inaccuracy:  0.75000        0.80000           79.19           -0.01            0.07
inaccuracy:  0.80000        0.85000           79.58           -0.01            0.07
inaccuracy:  0.85000        0.90000           78.76           -0.01            0.07
inaccuracy:  0.90000        0.95000           78.57           -0.01            0.07
inaccuracy:  0.95000        1.00000           78.64           -0.01            0.07
===================================================================================================================================
                BAR        
-----------------------------------------------------------------------------------------------------------------------------------
BAR-estimator:         λ             λ+δλ          ΔΔA             ΔA            C               Δδe            δe       
                          
-----------------------------------------------------------------------------------------------------------------------------------
BAR-estimator:      0.00000        0.05000        0.6978         0.6978         0.6978         0.0049         0.0049 
BAR-estimator:      0.05000        0.10000        0.4596         1.1574         0.4596         0.0038         0.0062 
BAR-estimator:      0.10000        0.15000        0.3207         1.4781         0.3207         0.0035         0.0071 
BAR-estimator:      0.15000        0.20000        0.2303         1.7084         0.2303         0.0027         0.0076 
BAR-estimator:      0.20000        0.25000        0.1747         1.8831         0.1747         0.0025         0.0080 
BAR-estimator:      0.25000        0.30000        0.1361         2.0191         0.1361         0.0025         0.0084 
BAR-estimator:      0.30000        0.35000        0.1081         2.1272         0.1081         0.0022         0.0087 
BAR-estimator:      0.35000        0.40000        0.0945         2.2217         0.0945         0.0019         0.0089 
BAR-estimator:      0.40000        0.45000        0.0773         2.2990         0.0773         0.0020         0.0091 
BAR-estimator:      0.45000        0.50000        0.0628         2.3618         0.0628         0.0021         0.0093 
BAR-estimator:      0.50000        0.55000        0.0565         2.4183         0.0565         0.0025         0.0097 
BAR-estimator:      0.55000        0.60000        0.0487         2.4670         0.0487         0.0019         0.0098 
BAR-estimator:      0.60000        0.65000        0.0390         2.5060         0.0390         0.0018         0.0100 
BAR-estimator:      0.65000        0.70000        0.0342         2.5402         0.0342         0.0020         0.0102 
BAR-estimator:      0.70000        0.75000        0.0293         2.5695         0.0293         0.0020         0.0104 
BAR-estimator:      0.75000        0.80000        0.0207         2.5902         0.0207         0.0018         0.0105 
BAR-estimator:      0.80000        0.85000        0.0157         2.6059         0.0157         0.0018         0.0107 
BAR-estimator:      0.85000        0.90000        0.0128         2.6187         0.0128         0.0019         0.0109 
BAR-estimator:      0.90000        0.95000        0.0113         2.6299         0.0113         0.0018         0.0110 
BAR-estimator:      0.95000        1.00000        0.0067         2.6367         0.0067         0.0017         0.0111 
BAR-estimator: total free energy change is 2.6366636211698102 , total error is 0.011144195837436834
