#========================================================================================
#                     Free energy perturbation    
#----------------------------------------------------------------------------------------
#forward/backward          λ              ΔΔA                 ΔA                  δε   
#                                                 
#----------------------------------------------------------------------------------------
forward:               0.0000              0.0000              0.0000              0.0000  
forward:               0.0500              1.2816              1.2816              0.0117  
forward:               0.1000              0.7790              2.0605              0.0154  
forward:               0.1500              0.4665              2.5270              0.0170  
forward:               0.2000              0.2783              2.8053              0.0181  
forward:               0.2500              0.1829              2.9882              0.0188  
forward:               0.3000              0.1167              3.1048              0.0192  
forward:               0.3500              0.0662              3.1710              0.0196  
forward:               0.4000              0.0286              3.1996              0.0199  
forward:               0.4500              0.0142              3.2138              0.0202  
forward:               0.5000             -0.0170              3.1968              0.0203  
forward:               0.5500             -0.1257              3.0711              0.0208  
forward:               0.6000             -0.2954              2.7757              0.0211  
forward:               0.6500             -0.4639              2.3118              0.0215  
forward:               0.7000             -0.6232              1.6886              0.0221  
forward:               0.7500             -0.7052              0.9834              0.0225  
forward:               0.8000             -0.7543              0.2291              0.0227  
forward:               0.8500             -0.7541             -0.5250              0.0231  
forward:               0.9000             -0.7118             -1.2368              0.0233  
forward:               0.9500             -0.6908             -1.9276              0.0235  
forward:               1.0000             -0.6551             -2.5827              0.0238  
backward:              1.0000              0.0000             -2.5827              0.0000  
backward:              0.9500              0.6622             -1.9205              0.0040  
backward:              0.9000              0.6937             -1.2268              0.0061  
backward:              0.8500              0.7254             -0.5014              0.0075  
backward:              0.8000              0.7357              0.2343              0.0089  
backward:              0.7500              0.7397              0.9739              0.0101  
backward:              0.7000              0.7232              1.6972              0.0113  
backward:              0.6500              0.6199              2.3171              0.0127  
backward:              0.6000              0.4614              2.7785              0.0137  
backward:              0.5500              0.2979              3.0764              0.0146  
backward:              0.5000              0.1252              3.2016              0.0152  
backward:              0.4500              0.0074              3.2090              0.0157  
backward:              0.4000             -0.0097              3.1993              0.0163  
backward:              0.3500             -0.0422              3.1571              0.0170  
backward:              0.3000             -0.0719              3.0853              0.0175  
backward:              0.2500             -0.1030              2.9823              0.0182  
backward:              0.2000             -0.1903              2.7920              0.0193  
backward:              0.1500             -0.2897              2.5023              0.0209  
backward:              0.1000             -0.4645              2.0378              0.0241  
backward:              0.0500             -0.7877              1.2501              0.0316  
backward:              0.0000             -1.2688             -0.0187              0.0359  
Inaccuracy estimation
======================================================================================================
                   i        i+δi          P0_overlap_P1   δε(forward)/ε   δε(backward)/ε
======================================================================================================
inaccuracy:  0.00000        0.05000           42.68           -0.04            1.22
inaccuracy:  0.05000        0.10000           51.15           -0.03            0.79
inaccuracy:  0.10000        0.15000           58.87           -0.02            0.48
inaccuracy:  0.15000        0.20000           65.35           -0.02            0.29
inaccuracy:  0.20000        0.25000           68.73           -0.02            0.21
inaccuracy:  0.25000        0.30000           69.78           -0.02            0.17
inaccuracy:  0.30000        0.35000           72.37           -0.01            0.13
inaccuracy:  0.35000        0.40000           73.74           -0.01            0.12
inaccuracy:  0.40000        0.45000           73.01           -0.01            0.12
inaccuracy:  0.45000        0.50000           74.92           -0.01            0.10
inaccuracy:  0.50000        0.55000           68.11           -0.07            0.14
inaccuracy:  0.55000        0.60000           67.57           -0.10            0.10
inaccuracy:  0.60000        0.65000           67.22           -0.12            0.09
inaccuracy:  0.65000        0.70000           66.92           -0.11            0.08
inaccuracy:  0.70000        0.75000           66.21           -0.11            0.07
inaccuracy:  0.75000        0.80000           68.46           -0.09            0.07
inaccuracy:  0.80000        0.85000           68.74           -0.09            0.07
inaccuracy:  0.85000        0.90000           66.07           -0.08            0.08
inaccuracy:  0.90000        0.95000           66.18           -0.08            0.09
inaccuracy:  0.95000        1.00000           65.69           -0.09            0.10
===================================================================================================================================
                BAR        
-----------------------------------------------------------------------------------------------------------------------------------
BAR-estimator:         λ             λ+δλ          ΔΔA             ΔA            C               Δδe            δe       
                          
-----------------------------------------------------------------------------------------------------------------------------------
BAR-estimator:      0.00000        0.05000        1.2782         1.2782         1.2782         0.0065         0.0065 
BAR-estimator:      0.05000        0.10000        0.7836         2.0619         0.7836         0.0060         0.0089 
BAR-estimator:      0.10000        0.15000        0.4652         2.5271         0.4652         0.0046         0.0100 
BAR-estimator:      0.15000        0.20000        0.2840         2.8111         0.2840         0.0043         0.0109 
BAR-estimator:      0.20000        0.25000        0.1858         2.9969         0.1858         0.0034         0.0114 
BAR-estimator:      0.25000        0.30000        0.1136         3.1105         0.1136         0.0030         0.0118 
BAR-estimator:      0.30000        0.35000        0.0690         3.1795         0.0690         0.0028         0.0121 
BAR-estimator:      0.35000        0.40000        0.0321         3.2116         0.0321         0.0026         0.0124 
BAR-estimator:      0.40000        0.45000        0.0128         3.2244         0.0128         0.0024         0.0126 
BAR-estimator:      0.45000        0.50000       -0.0137         3.2106        -0.0137         0.0022         0.0128 
BAR-estimator:      0.50000        0.55000       -0.1234         3.0873        -0.1234         0.0027         0.0131 
BAR-estimator:      0.55000        0.60000       -0.2987         2.7886        -0.2987         0.0027         0.0134 
BAR-estimator:      0.60000        0.65000       -0.4655         2.3231        -0.4655         0.0028         0.0137 
BAR-estimator:      0.65000        0.70000       -0.6212         1.7019        -0.6212         0.0031         0.0140 
BAR-estimator:      0.70000        0.75000       -0.7141         0.9878        -0.7141         0.0029         0.0143 
BAR-estimator:      0.75000        0.80000       -0.7494         0.2384        -0.7494         0.0028         0.0146 
BAR-estimator:      0.80000        0.85000       -0.7472        -0.5088        -0.7472         0.0029         0.0149 
BAR-estimator:      0.85000        0.90000       -0.7177        -1.2265        -0.7177         0.0027         0.0151 
BAR-estimator:      0.90000        0.95000       -0.6906        -1.9171        -0.6906         0.0028         0.0154 
BAR-estimator:      0.95000        1.00000       -0.6598        -2.5768        -0.6598         0.0032         0.0157 
BAR-estimator: total free energy change is -2.5768460453985624 , total error is 0.015693862712288613
