#========================================================================================
#                     Free energy perturbation    
#----------------------------------------------------------------------------------------
#forward/backward          λ              ΔΔA                 ΔA                  δε   
#                                                 
#----------------------------------------------------------------------------------------
forward:               0.0000              0.0000              0.0000              0.0000  
forward:               0.0500              1.3167              1.3167              0.0114  
forward:               0.1000              0.7686              2.0854              0.0144  
forward:               0.1500              0.4593              2.5447              0.0170  
forward:               0.2000              0.2823              2.8271              0.0178  
forward:               0.2500              0.1806              3.0076              0.0185  
forward:               0.3000              0.1262              3.1338              0.0187  
forward:               0.3500              0.0732              3.2071              0.0191  
forward:               0.4000              0.0516              3.2587              0.0194  
forward:               0.4500              0.0164              3.2751              0.0196  
forward:               0.5000             -0.0107              3.2644              0.0199  
forward:               0.5500             -0.0703              3.1941              0.0202  
forward:               0.6000             -0.1582              3.0359              0.0204  
forward:               0.6500             -0.2307              2.8052              0.0206  
forward:               0.7000             -0.2795              2.5257              0.0208  
forward:               0.7500             -0.3334              2.1923              0.0212  
forward:               0.8000             -0.3570              1.8353              0.0213  
forward:               0.8500             -0.3835              1.4518              0.0216  
forward:               0.9000             -0.4007              1.0512              0.0218  
forward:               0.9500             -0.4101              0.6411              0.0219  
forward:               1.0000             -0.4266              0.2145              0.0221  
backward:              1.0000              0.0000              0.2145              0.0000  
backward:              0.9500              0.4256              0.6400              0.0037  
backward:              0.9000              0.4128              1.0528              0.0054  
backward:              0.8500              0.3990              1.4518              0.0070  
backward:              0.8000              0.3799              1.8317              0.0077  
backward:              0.7500              0.3616              2.1932              0.0087  
backward:              0.7000              0.3215              2.5147              0.0096  
backward:              0.6500              0.2812              2.7959              0.0102  
backward:              0.6000              0.2251              3.0210              0.0108  
backward:              0.5500              0.1592              3.1802              0.0114  
backward:              0.5000              0.0650              3.2452              0.0121  
backward:              0.4500             -0.0019              3.2433              0.0127  
backward:              0.4000             -0.0185              3.2248              0.0135  
backward:              0.3500             -0.0446              3.1802              0.0141  
backward:              0.3000             -0.0779              3.1024              0.0149  
backward:              0.2500             -0.1253              2.9770              0.0157  
backward:              0.2000             -0.1882              2.7889              0.0169  
backward:              0.1500             -0.2704              2.5185              0.0182  
backward:              0.1000             -0.4783              2.0401              0.0230  
backward:              0.0500             -0.7241              1.3160              0.0259  
backward:              0.0000             -1.2696              0.0464              0.0310  
Inaccuracy estimation
======================================================================================================
                   i        i+δi          P0_overlap_P1   δε(forward)/ε   δε(backward)/ε
======================================================================================================
inaccuracy:  0.00000        0.05000           41.11           -0.03            1.51
inaccuracy:  0.05000        0.10000           51.30           -0.03            0.75
inaccuracy:  0.10000        0.15000           60.43           -0.01            0.40
inaccuracy:  0.15000        0.20000           65.46           -0.02            0.26
inaccuracy:  0.20000        0.25000           70.29           -0.01            0.19
inaccuracy:  0.25000        0.30000           71.74           -0.01            0.15
inaccuracy:  0.30000        0.35000           73.42           -0.01            0.12
inaccuracy:  0.35000        0.40000           73.53           -0.01            0.12
inaccuracy:  0.40000        0.45000           74.98           -0.01            0.10
inaccuracy:  0.45000        0.50000           76.71           -0.01            0.09
inaccuracy:  0.50000        0.55000           72.29           -0.04            0.11
inaccuracy:  0.55000        0.60000           72.68           -0.04            0.09
inaccuracy:  0.60000        0.65000           73.61           -0.04            0.07
inaccuracy:  0.65000        0.70000           73.35           -0.03            0.08
inaccuracy:  0.70000        0.75000           74.77           -0.03            0.07
inaccuracy:  0.75000        0.80000           73.11           -0.04            0.07
inaccuracy:  0.80000        0.85000           73.82           -0.03            0.07
inaccuracy:  0.85000        0.90000           73.45           -0.04            0.07
inaccuracy:  0.90000        0.95000           72.72           -0.04            0.07
inaccuracy:  0.95000        1.00000           72.81           -0.04            0.08
===================================================================================================================================
                BAR        
-----------------------------------------------------------------------------------------------------------------------------------
BAR-estimator:         λ             λ+δλ          ΔΔA             ΔA            C               Δδe            δe       
                          
-----------------------------------------------------------------------------------------------------------------------------------
BAR-estimator:      0.00000        0.05000        1.3135         1.3135         1.3135         0.0061         0.0061 
BAR-estimator:      0.05000        0.10000        0.7608         2.0743         0.7608         0.0055         0.0082 
BAR-estimator:      0.10000        0.15000        0.4606         2.5349         0.4606         0.0058         0.0101 
BAR-estimator:      0.15000        0.20000        0.2797         2.8146         0.2797         0.0035         0.0107 
BAR-estimator:      0.20000        0.25000        0.1846         2.9992         0.1846         0.0035         0.0112 
BAR-estimator:      0.25000        0.30000        0.1259         3.1251         0.1259         0.0027         0.0115 
BAR-estimator:      0.30000        0.35000        0.0734         3.1985         0.0734         0.0027         0.0119 
BAR-estimator:      0.35000        0.40000        0.0484         3.2469         0.0484         0.0022         0.0121 
BAR-estimator:      0.40000        0.45000        0.0161         3.2629         0.0161         0.0023         0.0123 
BAR-estimator:      0.45000        0.50000       -0.0065         3.2565        -0.0065         0.0022         0.0125 
BAR-estimator:      0.50000        0.55000       -0.0689         3.1876        -0.0689         0.0023         0.0127 
BAR-estimator:      0.55000        0.60000       -0.1584         3.0292        -0.1584         0.0024         0.0129 
BAR-estimator:      0.60000        0.65000       -0.2317         2.7975        -0.2317         0.0021         0.0131 
BAR-estimator:      0.65000        0.70000       -0.2793         2.5182        -0.2793         0.0025         0.0133 
BAR-estimator:      0.70000        0.75000       -0.3296         2.1886        -0.3296         0.0022         0.0135 
BAR-estimator:      0.75000        0.80000       -0.3590         1.8295        -0.3590         0.0022         0.0137 
BAR-estimator:      0.80000        0.85000       -0.3806         1.4489        -0.3806         0.0022         0.0139 
BAR-estimator:      0.85000        0.90000       -0.4008         1.0481        -0.4008         0.0025         0.0141 
BAR-estimator:      0.90000        0.95000       -0.4126         0.6356        -0.4126         0.0024         0.0143 
BAR-estimator:      0.95000        1.00000       -0.4266         0.2089        -0.4266         0.0021         0.0144 
BAR-estimator: total free energy change is 0.20894407743729954 , total error is 0.014435223941723157
