#========================================================================================
#                     Free energy perturbation    
#----------------------------------------------------------------------------------------
#forward/backward          λ              ΔΔA                 ΔA                  δε   
#                                                 
#----------------------------------------------------------------------------------------
forward:               0.0000              0.0000              0.0000              0.0000  
forward:               0.0500              2.2127              2.2127              0.0218  
forward:               0.1000              1.1479              3.3606              0.0260  
forward:               0.1500              0.5790              3.9396              0.0279  
forward:               0.2000              0.2951              4.2347              0.0286  
forward:               0.2500              0.1486              4.3832              0.0291  
forward:               0.3000              0.0505              4.4337              0.0294  
forward:               0.3500             -0.0036              4.4302              0.0297  
forward:               0.4000             -0.0564              4.3737              0.0299  
forward:               0.4500             -0.0953              4.2784              0.0301  
forward:               0.5000             -0.1208              4.1576              0.0303  
forward:               0.5500             -0.1725              3.9851              0.0304  
forward:               0.6000             -0.2439              3.7412              0.0305  
forward:               0.6500             -0.2794              3.4618              0.0306  
forward:               0.7000             -0.3129              3.1490              0.0307  
forward:               0.7500             -0.3320              2.8170              0.0308  
forward:               0.8000             -0.3487              2.4682              0.0309  
forward:               0.8500             -0.3578              2.1104              0.0310  
forward:               0.9000             -0.3757              1.7347              0.0311  
forward:               0.9500             -0.3853              1.3494              0.0312  
forward:               1.0000             -0.3915              0.9579              0.0313  
backward:              1.0000              0.0000              0.9579              0.0000  
backward:              0.9500              0.3900              1.3479              0.0030  
backward:              0.9000              0.3874              1.7352              0.0043  
backward:              0.8500              0.3706              2.1059              0.0053  
backward:              0.8000              0.3656              2.4715              0.0060  
backward:              0.7500              0.3452              2.8167              0.0071  
backward:              0.7000              0.3334              3.1501              0.0077  
backward:              0.6500              0.3082              3.4583              0.0083  
backward:              0.6000              0.2794              3.7378              0.0091  
backward:              0.5500              0.2275              3.9653              0.0100  
backward:              0.5000              0.1807              4.1460              0.0107  
backward:              0.4500              0.1250              4.2710              0.0112  
backward:              0.4000              0.0952              4.3662              0.0121  
backward:              0.3500              0.0612              4.4274              0.0127  
backward:              0.3000              0.0118              4.4392              0.0135  
backward:              0.2500             -0.0615              4.3778              0.0145  
backward:              0.2000             -0.1434              4.2344              0.0158  
backward:              0.1500             -0.2881              3.9463              0.0186  
backward:              0.1000             -0.6113              3.3350              0.0252  
backward:              0.0500             -1.1241              2.2109              0.0325  
backward:              0.0000             -2.2702             -0.0593              0.0586  
Inaccuracy estimation
======================================================================================================
                   i        i+δi          P0_overlap_P1   δε(forward)/ε   δε(backward)/ε
======================================================================================================
inaccuracy:  0.00000        0.05000           27.42            0.02            3.08
inaccuracy:  0.05000        0.10000           41.90           -0.05            1.40
inaccuracy:  0.10000        0.15000           54.32           -0.03            0.63
inaccuracy:  0.15000        0.20000           61.39           -0.02            0.34
inaccuracy:  0.20000        0.25000           66.99           -0.02            0.22
inaccuracy:  0.25000        0.30000           71.08           -0.02            0.16
inaccuracy:  0.30000        0.35000           71.14           -0.02            0.13
inaccuracy:  0.35000        0.40000           72.84           -0.02            0.11
inaccuracy:  0.40000        0.45000           73.76           -0.02            0.10
inaccuracy:  0.45000        0.50000           74.44           -0.02            0.09
inaccuracy:  0.50000        0.55000           72.14           -0.03            0.09
inaccuracy:  0.55000        0.60000           75.46           -0.02            0.07
inaccuracy:  0.60000        0.65000           74.63           -0.03            0.07
inaccuracy:  0.65000        0.70000           76.01           -0.03            0.06
inaccuracy:  0.70000        0.75000           75.28           -0.02            0.06
inaccuracy:  0.75000        0.80000           75.21           -0.03            0.06
inaccuracy:  0.80000        0.85000           74.43           -0.03            0.06
inaccuracy:  0.85000        0.90000           75.33           -0.03            0.06
inaccuracy:  0.90000        0.95000           74.87           -0.03            0.06
inaccuracy:  0.95000        1.00000           75.16           -0.03            0.05
===================================================================================================================================
                BAR        
-----------------------------------------------------------------------------------------------------------------------------------
BAR-estimator:         λ             λ+δλ          ΔΔA             ΔA            C               Δδe            δe       
                          
-----------------------------------------------------------------------------------------------------------------------------------
BAR-estimator:      0.00000        0.05000        2.2311         2.2311         2.2311         0.0096         0.0096 
BAR-estimator:      0.05000        0.10000        1.1564         3.3875         1.1564         0.0080         0.0125 
BAR-estimator:      0.10000        0.15000        0.5852         3.9727         0.5852         0.0061         0.0139 
BAR-estimator:      0.15000        0.20000        0.2924         4.2651         0.2924         0.0043         0.0146 
BAR-estimator:      0.20000        0.25000        0.1477         4.4127         0.1477         0.0035         0.0150 
BAR-estimator:      0.25000        0.30000        0.0563         4.4691         0.0563         0.0028         0.0153 
BAR-estimator:      0.30000        0.35000       -0.0061         4.4629        -0.0061         0.0028         0.0155 
BAR-estimator:      0.35000        0.40000       -0.0581         4.4048        -0.0581         0.0032         0.0158 
BAR-estimator:      0.40000        0.45000       -0.0960         4.3088        -0.0960         0.0022         0.0160 
BAR-estimator:      0.45000        0.50000       -0.1219         4.1869        -0.1219         0.0023         0.0162 
BAR-estimator:      0.50000        0.55000       -0.1753         4.0117        -0.1753         0.0023         0.0163 
BAR-estimator:      0.55000        0.60000       -0.2383         3.7733        -0.2383         0.0021         0.0165 
BAR-estimator:      0.60000        0.65000       -0.2809         3.4924        -0.2809         0.0021         0.0166 
BAR-estimator:      0.65000        0.70000       -0.3096         3.1828        -0.3096         0.0020         0.0167 
BAR-estimator:      0.70000        0.75000       -0.3319         2.8509        -0.3319         0.0020         0.0168 
BAR-estimator:      0.75000        0.80000       -0.3483         2.5026        -0.3483         0.0021         0.0170 
BAR-estimator:      0.80000        0.85000       -0.3603         2.1423        -0.3603         0.0020         0.0171 
BAR-estimator:      0.85000        0.90000       -0.3744         1.7679        -0.3744         0.0021         0.0172 
BAR-estimator:      0.90000        0.95000       -0.3856         1.3823        -0.3856         0.0021         0.0173 
BAR-estimator:      0.95000        1.00000       -0.3908         0.9915        -0.3908         0.0019         0.0174 
BAR-estimator: total free energy change is 0.9915326251089029 , total error is 0.017435736406456976
