#========================================================================================
#                     Free energy perturbation    
#----------------------------------------------------------------------------------------
#forward/backward          λ              ΔΔA                 ΔA                  δε   
#                                                 
#----------------------------------------------------------------------------------------
forward:               0.0000              0.0000              0.0000              0.0000  
forward:               0.0500              1.8197              1.8197              0.0169  
forward:               0.1000              0.9780              2.7977              0.0208  
forward:               0.1500              0.5201              3.3179              0.0224  
forward:               0.2000              0.2825              3.6004              0.0232  
forward:               0.2500              0.1634              3.7638              0.0237  
forward:               0.3000              0.0771              3.8409              0.0241  
forward:               0.3500              0.0281              3.8690              0.0243  
forward:               0.4000             -0.0102              3.8588              0.0245  
forward:               0.4500             -0.0400              3.8188              0.0247  
forward:               0.5000             -0.0657              3.7531              0.0249  
forward:               0.5500             -0.1104              3.6427              0.0252  
forward:               0.6000             -0.2363              3.4064              0.0254  
forward:               0.6500             -0.3330              3.0733              0.0256  
forward:               0.7000             -0.4180              2.6553              0.0258  
forward:               0.7500             -0.4793              2.1760              0.0259  
forward:               0.8000             -0.5298              1.6462              0.0261  
forward:               0.8500             -0.5818              1.0643              0.0263  
forward:               0.9000             -0.6125              0.4518              0.0265  
forward:               0.9500             -0.6483             -0.1965              0.0266  
forward:               1.0000             -0.6639             -0.8605              0.0268  
backward:              1.0000              0.0000             -0.8605              0.0000  
backward:              0.9500              0.6628             -0.1976              0.0051  
backward:              0.9000              0.6355              0.4379              0.0064  
backward:              0.8500              0.6138              1.0517              0.0076  
backward:              0.8000              0.5712              1.6230              0.0085  
backward:              0.7500              0.5356              2.1586              0.0092  
backward:              0.7000              0.4777              2.6364              0.0101  
backward:              0.6500              0.4152              3.0516              0.0107  
backward:              0.6000              0.3326              3.3841              0.0114  
backward:              0.5500              0.2376              3.6218              0.0120  
backward:              0.5000              0.1220              3.7438              0.0126  
backward:              0.4500              0.0634              3.8071              0.0132  
backward:              0.4000              0.0345              3.8417              0.0139  
backward:              0.3500              0.0078              3.8494              0.0148  
backward:              0.3000             -0.0233              3.8261              0.0156  
backward:              0.2500             -0.0913              3.7348              0.0165  
backward:              0.2000             -0.1654              3.5694              0.0177  
backward:              0.1500             -0.2735              3.2958              0.0197  
backward:              0.1000             -0.5263              2.7695              0.0235  
backward:              0.0500             -0.9878              1.7817              0.0457  
backward:              0.0000             -1.8233             -0.0416              0.0936  
Inaccuracy estimation
======================================================================================================
                   i        i+δi          P0_overlap_P1   δε(forward)/ε   δε(backward)/ε
======================================================================================================
inaccuracy:  0.00000        0.05000           32.80           -0.02            2.25
inaccuracy:  0.05000        0.10000           45.10           -0.05            1.12
inaccuracy:  0.10000        0.15000           55.62           -0.02            0.54
inaccuracy:  0.15000        0.20000           63.39           -0.02            0.32
inaccuracy:  0.20000        0.25000           67.69           -0.02            0.21
inaccuracy:  0.25000        0.30000           71.48           -0.02            0.15
inaccuracy:  0.30000        0.35000           71.35           -0.01            0.14
inaccuracy:  0.35000        0.40000           73.22           -0.02            0.12
inaccuracy:  0.40000        0.45000           74.13           -0.02            0.11
inaccuracy:  0.45000        0.50000           74.95           -0.01            0.10
inaccuracy:  0.50000        0.55000           68.44           -0.05            0.12
inaccuracy:  0.55000        0.60000           70.08           -0.05            0.10
inaccuracy:  0.60000        0.65000           71.49           -0.04            0.08
inaccuracy:  0.65000        0.70000           71.75           -0.05            0.08
inaccuracy:  0.70000        0.75000           71.65           -0.06            0.07
inaccuracy:  0.75000        0.80000           71.85           -0.06            0.07
inaccuracy:  0.80000        0.85000           72.51           -0.05            0.06
inaccuracy:  0.85000        0.90000           71.29           -0.06            0.06
inaccuracy:  0.90000        0.95000           72.52           -0.06            0.06
inaccuracy:  0.95000        1.00000           71.07           -0.07            0.06
===================================================================================================================================
                BAR        
-----------------------------------------------------------------------------------------------------------------------------------
BAR-estimator:         λ             λ+δλ          ΔΔA             ΔA            C               Δδe            δe       
                          
-----------------------------------------------------------------------------------------------------------------------------------
BAR-estimator:      0.00000        0.05000        1.8129         1.8129         1.8129         0.0081         0.0081 
BAR-estimator:      0.05000        0.10000        0.9713         2.7842         0.9713         0.0074         0.0110 
BAR-estimator:      0.10000        0.15000        0.5169         3.3011         0.5169         0.0053         0.0122 
BAR-estimator:      0.15000        0.20000        0.2794         3.5805         0.2794         0.0040         0.0128 
BAR-estimator:      0.20000        0.25000        0.1612         3.7417         0.1612         0.0031         0.0132 
BAR-estimator:      0.25000        0.30000        0.0821         3.8238         0.0821         0.0030         0.0135 
BAR-estimator:      0.30000        0.35000        0.0271         3.8510         0.0271         0.0025         0.0138 
BAR-estimator:      0.35000        0.40000       -0.0094         3.8416        -0.0094         0.0026         0.0140 
BAR-estimator:      0.40000        0.45000       -0.0378         3.8038        -0.0378         0.0022         0.0142 
BAR-estimator:      0.45000        0.50000       -0.0638         3.7400        -0.0638         0.0022         0.0143 
BAR-estimator:      0.50000        0.55000       -0.1146         3.6253        -0.1146         0.0027         0.0146 
BAR-estimator:      0.55000        0.60000       -0.2380         3.3874        -0.2380         0.0025         0.0148 
BAR-estimator:      0.60000        0.65000       -0.3328         3.0546        -0.3328         0.0024         0.0150 
BAR-estimator:      0.65000        0.70000       -0.4158         2.6388        -0.4158         0.0023         0.0152 
BAR-estimator:      0.70000        0.75000       -0.4809         2.1579        -0.4809         0.0022         0.0153 
BAR-estimator:      0.75000        0.80000       -0.5323         1.6256        -0.5323         0.0021         0.0155 
BAR-estimator:      0.80000        0.85000       -0.5779         1.0477        -0.5779         0.0024         0.0157 
BAR-estimator:      0.85000        0.90000       -0.6142         0.4335        -0.6142         0.0026         0.0159 
BAR-estimator:      0.90000        0.95000       -0.6427        -0.2093        -0.6427         0.0025         0.0161 
BAR-estimator:      0.95000        1.00000       -0.6641        -0.8734        -0.6641         0.0025         0.0163 
BAR-estimator: total free energy change is -0.8733939641043237 , total error is 0.016257358572814858
