#========================================================================================
#                     Free energy perturbation    
#----------------------------------------------------------------------------------------
#forward/backward          λ              ΔΔA                 ΔA                  δε   
#                                                 
#----------------------------------------------------------------------------------------
forward:               0.0000              0.0000              0.0000              0.0000  
forward:               0.0500              0.9003              0.9003              0.0082  
forward:               0.1000              0.5457              1.4460              0.0108  
forward:               0.1500              0.3219              1.7679              0.0121  
forward:               0.2000              0.2183              1.9862              0.0129  
forward:               0.2500              0.1414              2.1276              0.0135  
forward:               0.3000              0.0852              2.2129              0.0140  
forward:               0.3500              0.0522              2.2651              0.0144  
forward:               0.4000              0.0307              2.2958              0.0147  
forward:               0.4500              0.0074              2.3032              0.0149  
forward:               0.5000             -0.0147              2.2885              0.0152  
forward:               0.5500             -0.1803              2.1083              0.0157  
forward:               0.6000             -0.4671              1.6412              0.0162  
forward:               0.6500             -0.7407              0.9004              0.0168  
forward:               0.7000             -0.9871             -0.0867              0.0174  
forward:               0.7500             -1.1425             -1.2292              0.0179  
forward:               0.8000             -1.2420             -2.4712              0.0184  
forward:               0.8500             -1.3027             -3.7739              0.0189  
forward:               0.9000             -1.3412             -5.1151              0.0192  
forward:               0.9500             -1.3715             -6.4866              0.0196  
forward:               1.0000             -1.3725             -7.8591              0.0200  
backward:              1.0000              0.0000             -7.8591              0.0000  
backward:              0.9500              1.3684             -6.4907              0.0047  
backward:              0.9000              1.3568             -5.1339              0.0071  
backward:              0.8500              1.3396             -3.7944              0.0091  
backward:              0.8000              1.3110             -2.4833              0.0102  
backward:              0.7500              1.2432             -1.2402              0.0115  
backward:              0.7000              1.1436             -0.0965              0.0124  
backward:              0.6500              0.9775              0.8810              0.0134  
backward:              0.6000              0.7439              1.6249              0.0143  
backward:              0.5500              0.4648              2.0897              0.0151  
backward:              0.5000              0.1767              2.2664              0.0158  
backward:              0.4500              0.0052              2.2716              0.0162  
backward:              0.4000             -0.0107              2.2609              0.0165  
backward:              0.3500             -0.0323              2.2286              0.0172  
backward:              0.3000             -0.0533              2.1753              0.0177  
backward:              0.2500             -0.0899              2.0855              0.0182  
backward:              0.2000             -0.1425              1.9430              0.0189  
backward:              0.1500             -0.2042              1.7388              0.0200  
backward:              0.1000             -0.3300              1.4087              0.0213  
backward:              0.0500             -0.5357              0.8730              0.0250  
backward:              0.0000             -0.9053             -0.0323              0.0302  
Inaccuracy estimation
======================================================================================================
                   i        i+δi          P0_overlap_P1   δε(forward)/ε   δε(backward)/ε
======================================================================================================
inaccuracy:  0.00000        0.05000           50.06           -0.02            0.80
inaccuracy:  0.05000        0.10000           57.88           -0.01            0.52
inaccuracy:  0.10000        0.15000           65.93           -0.01            0.31
inaccuracy:  0.15000        0.20000           68.42           -0.01            0.22
inaccuracy:  0.20000        0.25000           72.45           -0.01            0.15
inaccuracy:  0.25000        0.30000           74.84           -0.01            0.12
inaccuracy:  0.30000        0.35000           75.47           -0.01            0.11
inaccuracy:  0.35000        0.40000           76.06           -0.01            0.10
inaccuracy:  0.40000        0.45000           76.67           -0.01            0.09
inaccuracy:  0.45000        0.50000           78.16           -0.01            0.08
inaccuracy:  0.50000        0.55000           66.46           -0.10            0.13
inaccuracy:  0.55000        0.60000           65.14           -0.13            0.09
inaccuracy:  0.60000        0.65000           64.42           -0.14            0.07
inaccuracy:  0.65000        0.70000           65.56           -0.13            0.04
inaccuracy:  0.70000        0.75000           66.05           -0.14            0.03
inaccuracy:  0.75000        0.80000           66.08           -0.14            0.02
inaccuracy:  0.80000        0.85000           65.34           -0.14            0.02
inaccuracy:  0.85000        0.90000           65.77           -0.15            0.02
inaccuracy:  0.90000        0.95000           65.88           -0.14            0.02
inaccuracy:  0.95000        1.00000           64.78           -0.15            0.02
===================================================================================================================================
                BAR        
-----------------------------------------------------------------------------------------------------------------------------------
BAR-estimator:         λ             λ+δλ          ΔΔA             ΔA            C               Δδe            δe       
                          
-----------------------------------------------------------------------------------------------------------------------------------
BAR-estimator:      0.00000        0.05000        0.8990         0.8990         0.8990         0.0051         0.0051 
BAR-estimator:      0.05000        0.10000        0.5439         1.4430         0.5439         0.0046         0.0068 
BAR-estimator:      0.10000        0.15000        0.3256         1.7686         0.3256         0.0038         0.0078 
BAR-estimator:      0.15000        0.20000        0.2134         1.9820         0.2134         0.0035         0.0085 
BAR-estimator:      0.20000        0.25000        0.1401         2.1221         0.1401         0.0026         0.0089 
BAR-estimator:      0.25000        0.30000        0.0875         2.2096         0.0875         0.0028         0.0094 
BAR-estimator:      0.30000        0.35000        0.0523         2.2619         0.0523         0.0023         0.0096 
BAR-estimator:      0.35000        0.40000        0.0299         2.2918         0.0299         0.0021         0.0099 
BAR-estimator:      0.40000        0.45000        0.0078         2.2995         0.0078         0.0022         0.0101 
BAR-estimator:      0.45000        0.50000       -0.0113         2.2882        -0.0113         0.0019         0.0103 
BAR-estimator:      0.50000        0.55000       -0.1791         2.1091        -0.1791         0.0026         0.0106 
BAR-estimator:      0.55000        0.60000       -0.4666         1.6425        -0.4666         0.0026         0.0109 
BAR-estimator:      0.60000        0.65000       -0.7404         0.9021        -0.7404         0.0028         0.0113 
BAR-estimator:      0.65000        0.70000       -0.9819        -0.0798        -0.9819         0.0029         0.0116 
BAR-estimator:      0.70000        0.75000       -1.1429        -1.2227        -1.1429         0.0029         0.0120 
BAR-estimator:      0.75000        0.80000       -1.2454        -2.4681        -1.2454         0.0027         0.0123 
BAR-estimator:      0.80000        0.85000       -1.3059        -3.7740        -1.3059         0.0030         0.0126 
BAR-estimator:      0.85000        0.90000       -1.3440        -5.1181        -1.3440         0.0028         0.0129 
BAR-estimator:      0.90000        0.95000       -1.3672        -6.4853        -1.3672         0.0031         0.0133 
BAR-estimator:      0.95000        1.00000       -1.3712        -7.8564        -1.3712         0.0027         0.0136 
BAR-estimator: total free energy change is -7.856442701106648 , total error is 0.013579685222422594
