#========================================================================================
#                     Free energy perturbation    
#----------------------------------------------------------------------------------------
#forward/backward          λ              ΔΔA                 ΔA                  δε   
#                                                 
#----------------------------------------------------------------------------------------
forward:               0.0000              0.0000              0.0000              0.0000  
forward:               0.0500              1.4060              1.4060              0.0143  
forward:               0.1000              0.8925              2.2985              0.0175  
forward:               0.1500              0.5413              2.8398              0.0192  
forward:               0.2000              0.3263              3.1661              0.0202  
forward:               0.2500              0.1935              3.3596              0.0211  
forward:               0.3000              0.1191              3.4787              0.0216  
forward:               0.3500              0.0748              3.5535              0.0220  
forward:               0.4000              0.0338              3.5873              0.0224  
forward:               0.4500              0.0064              3.5937              0.0227  
forward:               0.5000             -0.0220              3.5716              0.0229  
forward:               0.5500             -0.1319              3.4397              0.0231  
forward:               0.6000             -0.2967              3.1430              0.0234  
forward:               0.6500             -0.4403              2.7026              0.0239  
forward:               0.7000             -0.5678              2.1348              0.0243  
forward:               0.7500             -0.6567              1.4782              0.0245  
forward:               0.8000             -0.7234              0.7548              0.0248  
forward:               0.8500             -0.7574             -0.0025              0.0250  
forward:               0.9000             -0.7885             -0.7910              0.0252  
forward:               0.9500             -0.8035             -1.5945              0.0254  
forward:               1.0000             -0.8117             -2.4063              0.0257  
backward:              1.0000              0.0000             -2.4063              0.0000  
backward:              0.9500              0.8038             -1.6024              0.0042  
backward:              0.9000              0.8038             -0.7986              0.0060  
backward:              0.8500              0.7825             -0.0161              0.0073  
backward:              0.8000              0.7599              0.7438              0.0083  
backward:              0.7500              0.7197              1.4635              0.0093  
backward:              0.7000              0.6521              2.1156              0.0108  
backward:              0.6500              0.5656              2.6812              0.0117  
backward:              0.6000              0.4475              3.1287              0.0128  
backward:              0.5500              0.2891              3.4178              0.0135  
backward:              0.5000              0.1266              3.5443              0.0145  
backward:              0.4500              0.0272              3.5715              0.0151  
backward:              0.4000              0.0056              3.5772              0.0158  
backward:              0.3500             -0.0248              3.5524              0.0165  
backward:              0.3000             -0.0792              3.4732              0.0175  
backward:              0.2500             -0.1200              3.3532              0.0185  
backward:              0.2000             -0.2030              3.1502              0.0197  
backward:              0.1500             -0.3075              2.8426              0.0212  
backward:              0.1000             -0.5272              2.3155              0.0239  
backward:              0.0500             -0.8975              1.4180              0.0295  
backward:              0.0000             -1.4326             -0.0147              0.0363  
Inaccuracy estimation
======================================================================================================
                   i        i+δi          P0_overlap_P1   δε(forward)/ε   δε(backward)/ε
======================================================================================================
inaccuracy:  0.00000        0.05000           40.50           -0.03            1.44
inaccuracy:  0.05000        0.10000           47.85           -0.03            0.92
inaccuracy:  0.10000        0.15000           55.67           -0.03            0.54
inaccuracy:  0.15000        0.20000           62.09           -0.02            0.34
inaccuracy:  0.20000        0.25000           67.05           -0.02            0.22
inaccuracy:  0.25000        0.30000           68.79           -0.02            0.18
inaccuracy:  0.30000        0.35000           70.38           -0.01            0.16
inaccuracy:  0.35000        0.40000           70.74           -0.02            0.14
inaccuracy:  0.40000        0.45000           70.94           -0.02            0.13
inaccuracy:  0.45000        0.50000           72.34           -0.02            0.12
inaccuracy:  0.50000        0.55000           67.26           -0.06            0.14
inaccuracy:  0.55000        0.60000           68.72           -0.07            0.11
inaccuracy:  0.60000        0.65000           67.21           -0.09            0.10
inaccuracy:  0.65000        0.70000           67.88           -0.07            0.08
inaccuracy:  0.70000        0.75000           68.42           -0.08            0.07
inaccuracy:  0.75000        0.80000           68.47           -0.09            0.07
inaccuracy:  0.80000        0.85000           68.47           -0.09            0.07
inaccuracy:  0.85000        0.90000           68.74           -0.08            0.07
inaccuracy:  0.90000        0.95000           67.51           -0.08            0.07
inaccuracy:  0.95000        1.00000           68.32           -0.09            0.07
===================================================================================================================================
                BAR        
-----------------------------------------------------------------------------------------------------------------------------------
BAR-estimator:         λ             λ+δλ          ΔΔA             ΔA            C               Δδe            δe       
                          
-----------------------------------------------------------------------------------------------------------------------------------
BAR-estimator:      0.00000        0.05000        1.4326         1.4326         1.4326         0.0070         0.0070 
BAR-estimator:      0.05000        0.10000        0.8908         2.3234         0.8908         0.0058         0.0091 
BAR-estimator:      0.10000        0.15000        0.5369         2.8604         0.5369         0.0051         0.0105 
BAR-estimator:      0.15000        0.20000        0.3227         3.1831         0.3227         0.0041         0.0113 
BAR-estimator:      0.20000        0.25000        0.1954         3.3785         0.1954         0.0036         0.0118 
BAR-estimator:      0.25000        0.30000        0.1196         3.4981         0.1196         0.0031         0.0122 
BAR-estimator:      0.30000        0.35000        0.0767         3.5748         0.0767         0.0029         0.0126 
BAR-estimator:      0.35000        0.40000        0.0299         3.6047         0.0299         0.0028         0.0129 
BAR-estimator:      0.40000        0.45000        0.0009         3.6055         0.0009         0.0026         0.0131 
BAR-estimator:      0.45000        0.50000       -0.0232         3.5823        -0.0232         0.0023         0.0133 
BAR-estimator:      0.50000        0.55000       -0.1300         3.4523        -0.1300         0.0027         0.0136 
BAR-estimator:      0.55000        0.60000       -0.2934         3.1588        -0.2934         0.0027         0.0139 
BAR-estimator:      0.60000        0.65000       -0.4432         2.7157        -0.4432         0.0027         0.0141 
BAR-estimator:      0.65000        0.70000       -0.5677         2.1480        -0.5677         0.0028         0.0144 
BAR-estimator:      0.70000        0.75000       -0.6557         1.4923        -0.6557         0.0027         0.0146 
BAR-estimator:      0.75000        0.80000       -0.7220         0.7703        -0.7220         0.0025         0.0149 
BAR-estimator:      0.80000        0.85000       -0.7592         0.0111        -0.7592         0.0027         0.0151 
BAR-estimator:      0.85000        0.90000       -0.7860        -0.7749        -0.7860         0.0027         0.0154 
BAR-estimator:      0.90000        0.95000       -0.8016        -1.5765        -0.8016         0.0026         0.0156 
BAR-estimator:      0.95000        1.00000       -0.8079        -2.3844        -0.8079         0.0027         0.0158 
BAR-estimator: total free energy change is -2.3843981198342634 , total error is 0.015801138211095463
