#========================================================================================
#                     Free energy perturbation    
#----------------------------------------------------------------------------------------
#forward/backward          λ              ΔΔA                 ΔA                  δε   
#                                                 
#----------------------------------------------------------------------------------------
forward:               0.0000              0.0000              0.0000              0.0000  
forward:               0.0500              0.8208              0.8208              0.0076  
forward:               0.1000              0.5296              1.3504              0.0101  
forward:               0.1500              0.3360              1.6864              0.0115  
forward:               0.2000              0.2213              1.9077              0.0124  
forward:               0.2500              0.1490              2.0567              0.0131  
forward:               0.3000              0.0923              2.1489              0.0135  
forward:               0.3500              0.0578              2.2067              0.0139  
forward:               0.4000              0.0331              2.2398              0.0143  
forward:               0.4500              0.0174              2.2572              0.0145  
forward:               0.5000             -0.0035              2.2537              0.0148  
forward:               0.5500             -0.1134              2.1403              0.0152  
forward:               0.6000             -0.2975              1.8428              0.0155  
forward:               0.6500             -0.4544              1.3883              0.0160  
forward:               0.7000             -0.5872              0.8011              0.0164  
forward:               0.7500             -0.6789              0.1222              0.0167  
forward:               0.8000             -0.7300             -0.6078              0.0170  
forward:               0.8500             -0.7495             -1.3572              0.0173  
forward:               0.9000             -0.7543             -2.1115              0.0175  
forward:               0.9500             -0.7583             -2.8698              0.0177  
forward:               1.0000             -0.7466             -3.6164              0.0179  
backward:              1.0000              0.0000             -3.6164              0.0000  
backward:              0.9500              0.7379             -2.8784              0.0044  
backward:              0.9000              0.7516             -2.1269              0.0058  
backward:              0.8500              0.7531             -1.3738              0.0069  
backward:              0.8000              0.7561             -0.6177              0.0077  
backward:              0.7500              0.7253              0.1076              0.0086  
backward:              0.7000              0.6739              0.7815              0.0094  
backward:              0.6500              0.5897              1.3712              0.0102  
backward:              0.6000              0.4525              1.8238              0.0110  
backward:              0.5500              0.2938              2.1175              0.0118  
backward:              0.5000              0.1146              2.2321              0.0127  
backward:              0.4500              0.0150              2.2471              0.0130  
backward:              0.4000             -0.0121              2.2350              0.0136  
backward:              0.3500             -0.0388              2.1962              0.0142  
backward:              0.3000             -0.0604              2.1358              0.0148  
backward:              0.2500             -0.0999              2.0359              0.0156  
backward:              0.2000             -0.1373              1.8986              0.0165  
backward:              0.1500             -0.2245              1.6740              0.0174  
backward:              0.1000             -0.3416              1.3325              0.0188  
backward:              0.0500             -0.5367              0.7958              0.0205  
backward:              0.0000             -0.8555             -0.0597              0.0302  
Inaccuracy estimation
======================================================================================================
                   i        i+δi          P0_overlap_P1   δε(forward)/ε   δε(backward)/ε
======================================================================================================
inaccuracy:  0.00000        0.05000           52.82           -0.02            0.67
inaccuracy:  0.05000        0.10000           60.16           -0.02            0.47
inaccuracy:  0.10000        0.15000           66.09           -0.01            0.29
inaccuracy:  0.15000        0.20000           69.83           -0.01            0.21
inaccuracy:  0.20000        0.25000           71.27           -0.01            0.16
inaccuracy:  0.25000        0.30000           74.97           -0.01            0.12
inaccuracy:  0.30000        0.35000           75.85           -0.00            0.11
inaccuracy:  0.35000        0.40000           76.63           -0.01            0.10
inaccuracy:  0.40000        0.45000           76.02           -0.01            0.09
inaccuracy:  0.45000        0.50000           76.52           -0.01            0.09
inaccuracy:  0.50000        0.55000           68.57           -0.06            0.12
inaccuracy:  0.55000        0.60000           69.71           -0.07            0.09
inaccuracy:  0.60000        0.65000           69.76           -0.08            0.07
inaccuracy:  0.65000        0.70000           70.29           -0.09            0.06
inaccuracy:  0.70000        0.75000           70.57           -0.07            0.05
inaccuracy:  0.75000        0.80000           70.83           -0.07            0.05
inaccuracy:  0.80000        0.85000           70.90           -0.08            0.05
inaccuracy:  0.85000        0.90000           70.24           -0.07            0.06
inaccuracy:  0.90000        0.95000           69.84           -0.07            0.06
inaccuracy:  0.95000        1.00000           69.53           -0.07            0.06
===================================================================================================================================
                BAR        
-----------------------------------------------------------------------------------------------------------------------------------
BAR-estimator:         λ             λ+δλ          ΔΔA             ΔA            C               Δδe            δe       
                          
-----------------------------------------------------------------------------------------------------------------------------------
BAR-estimator:      0.00000        0.05000        0.8269         0.8269         0.8269         0.0047         0.0047 
BAR-estimator:      0.05000        0.10000        0.5371         1.3640         0.5371         0.0042         0.0063 
BAR-estimator:      0.10000        0.15000        0.3381         1.7021         0.3381         0.0036         0.0073 
BAR-estimator:      0.15000        0.20000        0.2232         1.9253         0.2232         0.0034         0.0081 
BAR-estimator:      0.20000        0.25000        0.1443         2.0696         0.1443         0.0029         0.0086 
BAR-estimator:      0.25000        0.30000        0.0935         2.1631         0.0935         0.0024         0.0089 
BAR-estimator:      0.30000        0.35000        0.0588         2.2219         0.0588         0.0023         0.0092 
BAR-estimator:      0.35000        0.40000        0.0343         2.2562         0.0343         0.0021         0.0094 
BAR-estimator:      0.40000        0.45000        0.0155         2.2717         0.0155         0.0020         0.0097 
BAR-estimator:      0.45000        0.50000       -0.0073         2.2644        -0.0073         0.0019         0.0098 
BAR-estimator:      0.50000        0.55000       -0.1145         2.1500        -0.1145         0.0025         0.0102 
BAR-estimator:      0.55000        0.60000       -0.2970         1.8529        -0.2970         0.0025         0.0105 
BAR-estimator:      0.60000        0.65000       -0.4568         1.3961        -0.4568         0.0024         0.0107 
BAR-estimator:      0.65000        0.70000       -0.5883         0.8079        -0.5883         0.0024         0.0110 
BAR-estimator:      0.70000        0.75000       -0.6802         0.1277        -0.6802         0.0024         0.0113 
BAR-estimator:      0.75000        0.80000       -0.7269        -0.5993        -0.7269         0.0024         0.0115 
BAR-estimator:      0.80000        0.85000       -0.7511        -1.3504        -0.7511         0.0025         0.0118 
BAR-estimator:      0.85000        0.90000       -0.7545        -2.1050        -0.7545         0.0023         0.0120 
BAR-estimator:      0.90000        0.95000       -0.7561        -2.8611        -0.7561         0.0020         0.0122 
BAR-estimator:      0.95000        1.00000       -0.7437        -3.6048        -0.7437         0.0022         0.0124 
BAR-estimator: total free energy change is -3.6047860437183217 , total error is 0.012384944171670988
