#========================================================================================
#                     Free energy perturbation    
#----------------------------------------------------------------------------------------
#forward/backward          λ              ΔΔA                 ΔA                  δε   
#                                                 
#----------------------------------------------------------------------------------------
forward:               0.0000              0.0000              0.0000              0.0000  
forward:               0.0500              1.6354              1.6354              0.0168  
forward:               0.1000              0.9201              2.5555              0.0219  
forward:               0.1500              0.4543              3.0098              0.0233  
forward:               0.2000              0.2481              3.2578              0.0239  
forward:               0.2500              0.1239              3.3817              0.0245  
forward:               0.3000              0.0481              3.4298              0.0248  
forward:               0.3500             -0.0123              3.4175              0.0250  
forward:               0.4000             -0.0522              3.3654              0.0252  
forward:               0.4500             -0.0843              3.2811              0.0254  
forward:               0.5000             -0.1059              3.1752              0.0256  
forward:               0.5500             -0.3111              2.8641              0.0261  
forward:               0.6000             -0.6774              2.1867              0.0265  
forward:               0.6500             -1.0051              1.1816              0.0269  
forward:               0.7000             -1.2621             -0.0805              0.0274  
forward:               0.7500             -1.4475             -1.5280              0.0277  
forward:               0.8000             -1.5484             -3.0764              0.0280  
forward:               0.8500             -1.6382             -4.7146              0.0284  
forward:               0.9000             -1.6746             -6.3892              0.0286  
forward:               0.9500             -1.6904             -8.0796              0.0290  
forward:               1.0000             -1.6963             -9.7758              0.0292  
backward:              1.0000              0.0000             -9.7758              0.0000  
backward:              0.9500              1.6856             -8.0902              0.0082  
backward:              0.9000              1.6883             -6.4020              0.0100  
backward:              0.8500              1.6705             -4.7315              0.0116  
backward:              0.8000              1.6219             -3.1096              0.0128  
backward:              0.7500              1.5614             -1.5482              0.0136  
backward:              0.7000              1.4383             -0.1098              0.0147  
backward:              0.6500              1.2653              1.1554              0.0160  
backward:              0.6000              0.9973              2.1527              0.0168  
backward:              0.5500              0.6730              2.8257              0.0176  
backward:              0.5000              0.3183              3.1440              0.0184  
backward:              0.4500              0.1025              3.2465              0.0188  
backward:              0.4000              0.0823              3.3288              0.0192  
backward:              0.3500              0.0498              3.3785              0.0195  
backward:              0.3000              0.0079              3.3864              0.0200  
backward:              0.2500             -0.0378              3.3486              0.0207  
backward:              0.2000             -0.1116              3.2370              0.0217  
backward:              0.1500             -0.2402              2.9968              0.0232  
backward:              0.1000             -0.4816              2.5153              0.0297  
backward:              0.0500             -0.9288              1.5865              0.0381  
backward:              0.0000             -1.6455             -0.0590              0.0451  
Inaccuracy estimation
======================================================================================================
                   i        i+δi          P0_overlap_P1   δε(forward)/ε   δε(backward)/ε
======================================================================================================
inaccuracy:  0.00000        0.05000           35.99           -0.03            1.70
inaccuracy:  0.05000        0.10000           46.44           -0.04            1.07
inaccuracy:  0.10000        0.15000           58.00           -0.02            0.51
inaccuracy:  0.15000        0.20000           63.65           -0.03            0.31
inaccuracy:  0.20000        0.25000           66.92           -0.02            0.20
inaccuracy:  0.25000        0.30000           70.30           -0.02            0.15
inaccuracy:  0.30000        0.35000           72.97           -0.01            0.13
inaccuracy:  0.35000        0.40000           74.30           -0.01            0.11
inaccuracy:  0.40000        0.45000           74.77           -0.01            0.10
inaccuracy:  0.45000        0.50000           75.05           -0.02            0.09
inaccuracy:  0.50000        0.55000           61.71           -0.13            0.17
inaccuracy:  0.55000        0.60000           62.94           -0.16            0.10
inaccuracy:  0.60000        0.65000           62.50           -0.19            0.05
inaccuracy:  0.65000        0.70000           62.42           -0.19            0.02
inaccuracy:  0.70000        0.75000           64.52           -0.19            0.01
inaccuracy:  0.75000        0.80000           62.82           -0.18           -0.00
inaccuracy:  0.80000        0.85000           64.25           -0.16           -0.01
inaccuracy:  0.85000        0.90000           62.83           -0.18           -0.01
inaccuracy:  0.90000        0.95000           62.06           -0.18           -0.01
inaccuracy:  0.95000        1.00000           61.97           -0.18           -0.00
===================================================================================================================================
                BAR        
-----------------------------------------------------------------------------------------------------------------------------------
BAR-estimator:         λ             λ+δλ          ΔΔA             ΔA            C               Δδe            δe       
                          
-----------------------------------------------------------------------------------------------------------------------------------
BAR-estimator:      0.00000        0.05000        1.6518         1.6518         1.6518         0.0088         0.0088 
BAR-estimator:      0.05000        0.10000        0.9156         2.5674         0.9156         0.0076         0.0116 
BAR-estimator:      0.10000        0.15000        0.4611         3.0285         0.4611         0.0054         0.0128 
BAR-estimator:      0.15000        0.20000        0.2454         3.2739         0.2454         0.0038         0.0134 
BAR-estimator:      0.20000        0.25000        0.1164         3.3903         0.1164         0.0034         0.0138 
BAR-estimator:      0.25000        0.30000        0.0449         3.4352         0.0449         0.0027         0.0140 
BAR-estimator:      0.30000        0.35000       -0.0107         3.4246        -0.0107         0.0026         0.0143 
BAR-estimator:      0.35000        0.40000       -0.0508         3.3738        -0.0508         0.0023         0.0145 
BAR-estimator:      0.40000        0.45000       -0.0825         3.2913        -0.0825         0.0023         0.0146 
BAR-estimator:      0.45000        0.50000       -0.1050         3.1864        -0.1050         0.0021         0.0148 
BAR-estimator:      0.50000        0.55000       -0.3111         2.8753        -0.3111         0.0028         0.0151 
BAR-estimator:      0.55000        0.60000       -0.6741         2.2012        -0.6741         0.0028         0.0153 
BAR-estimator:      0.60000        0.65000       -1.0006         1.2007        -1.0006         0.0030         0.0156 
BAR-estimator:      0.65000        0.70000       -1.2685        -0.0678        -1.2685         0.0030         0.0159 
BAR-estimator:      0.70000        0.75000       -1.4428        -1.5105        -1.4428         0.0031         0.0162 
BAR-estimator:      0.75000        0.80000       -1.5535        -3.0640        -1.5535         0.0031         0.0165 
BAR-estimator:      0.80000        0.85000       -1.6303        -4.6943        -1.6303         0.0032         0.0168 
BAR-estimator:      0.85000        0.90000       -1.6724        -6.3666        -1.6724         0.0032         0.0171 
BAR-estimator:      0.90000        0.95000       -1.6901        -8.0567        -1.6901         0.0032         0.0174 
BAR-estimator:      0.95000        1.00000       -1.6942        -9.7509        -1.6942         0.0030         0.0176 
BAR-estimator: total free energy change is -9.75094496050272 , total error is 0.017645462120888963
