#========================================================================================
#                     Free energy perturbation    
#----------------------------------------------------------------------------------------
#forward/backward          λ              ΔΔA                 ΔA                  δε   
#                                                 
#----------------------------------------------------------------------------------------
forward:               0.0000              0.0000              0.0000              0.0000  
forward:               0.0500              1.7871              1.7871              0.0165  
forward:               0.1000              1.0140              2.8012              0.0217  
forward:               0.1500              0.5573              3.3584              0.0233  
forward:               0.2000              0.2917              3.6502              0.0243  
forward:               0.2500              0.1511              3.8013              0.0248  
forward:               0.3000              0.0769              3.8782              0.0251  
forward:               0.3500              0.0254              3.9036              0.0255  
forward:               0.4000             -0.0249              3.8787              0.0258  
forward:               0.4500             -0.0477              3.8310              0.0260  
forward:               0.5000             -0.0755              3.7555              0.0262  
forward:               0.5500             -0.2011              3.5544              0.0265  
forward:               0.6000             -0.4296              3.1248              0.0270  
forward:               0.6500             -0.6418              2.4830              0.0275  
forward:               0.7000             -0.8293              1.6537              0.0280  
forward:               0.7500             -0.9562              0.6975              0.0282  
forward:               0.8000             -1.0023             -0.3048              0.0285  
forward:               0.8500             -1.0213             -1.3261              0.0289  
forward:               0.9000             -1.0272             -2.3533              0.0291  
forward:               0.9500             -1.0120             -3.3653              0.0294  
forward:               1.0000             -0.9939             -4.3592              0.0296  
backward:              1.0000              0.0000             -4.3592              0.0000  
backward:              0.9500              0.9973             -3.3619              0.0052  
backward:              0.9000              1.0060             -2.3559              0.0074  
backward:              0.8500              1.0224             -1.3335              0.0089  
backward:              0.8000              1.0304             -0.3031              0.0103  
backward:              0.7500              1.0123              0.7092              0.0114  
backward:              0.7000              0.9408              1.6500              0.0129  
backward:              0.6500              0.8107              2.4608              0.0143  
backward:              0.6000              0.6454              3.1061              0.0152  
backward:              0.5500              0.4307              3.5369              0.0164  
backward:              0.5000              0.1967              3.7335              0.0174  
backward:              0.4500              0.0716              3.8051              0.0178  
backward:              0.4000              0.0436              3.8487              0.0183  
backward:              0.3500              0.0289              3.8776              0.0189  
backward:              0.3000             -0.0142              3.8634              0.0196  
backward:              0.2500             -0.0846              3.7787              0.0211  
backward:              0.2000             -0.1647              3.6141              0.0222  
backward:              0.1500             -0.2874              3.3267              0.0240  
backward:              0.1000             -0.5324              2.7943              0.0297  
backward:              0.0500             -1.0277              1.7666              0.0503  
backward:              0.0000             -1.7718             -0.0052              0.0550  
Inaccuracy estimation
======================================================================================================
                   i        i+δi          P0_overlap_P1   δε(forward)/ε   δε(backward)/ε
======================================================================================================
inaccuracy:  0.00000        0.05000           34.18           -0.02            1.87
inaccuracy:  0.05000        0.10000           44.08           -0.04            1.18
inaccuracy:  0.10000        0.15000           53.16           -0.03            0.60
inaccuracy:  0.15000        0.20000           61.98           -0.02            0.35
inaccuracy:  0.20000        0.25000           67.30           -0.02            0.23
inaccuracy:  0.25000        0.30000           69.42           -0.02            0.18
inaccuracy:  0.30000        0.35000           69.52           -0.02            0.15
inaccuracy:  0.35000        0.40000           71.74           -0.01            0.13
inaccuracy:  0.40000        0.45000           73.15           -0.02            0.12
inaccuracy:  0.45000        0.50000           73.96           -0.02            0.11
inaccuracy:  0.50000        0.55000           64.83           -0.08            0.15
inaccuracy:  0.55000        0.60000           65.47           -0.11            0.11
inaccuracy:  0.60000        0.65000           65.03           -0.13            0.09
inaccuracy:  0.65000        0.70000           66.26           -0.13            0.06
inaccuracy:  0.70000        0.75000           66.57           -0.12            0.05
inaccuracy:  0.75000        0.80000           65.15           -0.12            0.05
inaccuracy:  0.80000        0.85000           64.98           -0.12            0.06
inaccuracy:  0.85000        0.90000           65.09           -0.10            0.06
inaccuracy:  0.90000        0.95000           64.79           -0.10            0.07
inaccuracy:  0.95000        1.00000           64.20           -0.12            0.07
===================================================================================================================================
                BAR        
-----------------------------------------------------------------------------------------------------------------------------------
BAR-estimator:         λ             λ+δλ          ΔΔA             ΔA            C               Δδe            δe       
                          
-----------------------------------------------------------------------------------------------------------------------------------
BAR-estimator:      0.00000        0.05000        1.7919         1.7919         1.7919         0.0078         0.0078 
BAR-estimator:      0.05000        0.10000        1.0138         2.8057         1.0138         0.0081         0.0112 
BAR-estimator:      0.10000        0.15000        0.5453         3.3511         0.5453         0.0056         0.0126 
BAR-estimator:      0.15000        0.20000        0.2919         3.6430         0.2919         0.0050         0.0135 
BAR-estimator:      0.20000        0.25000        0.1557         3.7987         0.1557         0.0035         0.0140 
BAR-estimator:      0.25000        0.30000        0.0781         3.8768         0.0781         0.0029         0.0143 
BAR-estimator:      0.30000        0.35000        0.0205         3.8973         0.0205         0.0025         0.0145 
BAR-estimator:      0.35000        0.40000       -0.0257         3.8716        -0.0257         0.0026         0.0147 
BAR-estimator:      0.40000        0.45000       -0.0452         3.8264        -0.0452         0.0026         0.0149 
BAR-estimator:      0.45000        0.50000       -0.0738         3.7526        -0.0738         0.0022         0.0151 
BAR-estimator:      0.50000        0.55000       -0.1986         3.5540        -0.1986         0.0031         0.0154 
BAR-estimator:      0.55000        0.60000       -0.4329         3.1211        -0.4329         0.0031         0.0157 
BAR-estimator:      0.60000        0.65000       -0.6423         2.4788        -0.6423         0.0031         0.0160 
BAR-estimator:      0.65000        0.70000       -0.8195         1.6593        -0.8195         0.0030         0.0163 
BAR-estimator:      0.70000        0.75000       -0.9488         0.7105        -0.9488         0.0031         0.0166 
BAR-estimator:      0.75000        0.80000       -1.0057        -0.2952        -1.0057         0.0032         0.0169 
BAR-estimator:      0.80000        0.85000       -1.0250        -1.3202        -1.0250         0.0030         0.0171 
BAR-estimator:      0.85000        0.90000       -1.0245        -2.3447        -1.0245         0.0032         0.0174 
BAR-estimator:      0.90000        0.95000       -1.0084        -3.3532        -1.0084         0.0034         0.0178 
BAR-estimator:      0.95000        1.00000       -0.9952        -4.3484        -0.9952         0.0028         0.0180 
BAR-estimator: total free energy change is -4.348383497986821 , total error is 0.018002871236866325
