#========================================================================================
#                     Free energy perturbation    
#----------------------------------------------------------------------------------------
#forward/backward          λ              ΔΔA                 ΔA                  δε   
#                                                 
#----------------------------------------------------------------------------------------
forward:               0.0000              0.0000              0.0000              0.0000  
forward:               0.0500              2.0744              2.0744              0.0207  
forward:               0.1000              1.1860              3.2604              0.0249  
forward:               0.1500              0.5953              3.8558              0.0276  
forward:               0.2000              0.2844              4.1402              0.0285  
forward:               0.2500              0.1313              4.2715              0.0291  
forward:               0.3000              0.0443              4.3158              0.0295  
forward:               0.3500             -0.0253              4.2905              0.0298  
forward:               0.4000             -0.0705              4.2200              0.0300  
forward:               0.4500             -0.0996              4.1204              0.0303  
forward:               0.5000             -0.1201              4.0003              0.0306  
forward:               0.5500             -0.2762              3.7241              0.0310  
forward:               0.6000             -0.5794              3.1447              0.0315  
forward:               0.6500             -0.8498              2.2949              0.0319  
forward:               0.7000             -1.0945              1.2004              0.0322  
forward:               0.7500             -1.2608             -0.0604              0.0325  
forward:               0.8000             -1.3696             -1.4300              0.0329  
forward:               0.8500             -1.4480             -2.8780              0.0332  
forward:               0.9000             -1.4955             -4.3735              0.0334  
forward:               0.9500             -1.5292             -5.9027              0.0337  
forward:               1.0000             -1.5456             -7.4484              0.0339  
backward:              1.0000              0.0000             -7.4484              0.0000  
backward:              0.9500              1.5578             -5.8905              0.0048  
backward:              0.9000              1.5177             -4.3728              0.0082  
backward:              0.8500              1.4872             -2.8856              0.0101  
backward:              0.8000              1.4361             -1.4495              0.0117  
backward:              0.7500              1.3647             -0.0848              0.0129  
backward:              0.7000              1.2544              1.1696              0.0141  
backward:              0.6500              1.0841              2.2537              0.0153  
backward:              0.6000              0.8441              3.0978              0.0165  
backward:              0.5500              0.5718              3.6696              0.0174  
backward:              0.5000              0.2705              3.9400              0.0186  
backward:              0.4500              0.1179              4.0579              0.0191  
backward:              0.4000              0.1068              4.1648              0.0197  
backward:              0.3500              0.0630              4.2277              0.0204  
backward:              0.3000              0.0188              4.2465              0.0212  
backward:              0.2500             -0.0381              4.2085              0.0222  
backward:              0.2000             -0.1440              4.0644              0.0237  
backward:              0.1500             -0.3043              3.7601              0.0277  
backward:              0.1000             -0.6311              3.1290              0.0442  
backward:              0.0500             -1.1851              1.9439              0.0641  
backward:              0.0000             -2.0563             -0.1124              0.0699  
Inaccuracy estimation
======================================================================================================
                   i        i+δi          P0_overlap_P1   δε(forward)/ε   δε(backward)/ε
======================================================================================================
inaccuracy:  0.00000        0.05000           30.36            0.00            2.43
inaccuracy:  0.05000        0.10000           39.41           -0.06            1.47
inaccuracy:  0.10000        0.15000           50.83           -0.04            0.74
inaccuracy:  0.15000        0.20000           59.89           -0.03            0.40
inaccuracy:  0.20000        0.25000           64.96           -0.02            0.25
inaccuracy:  0.25000        0.30000           67.22           -0.02            0.20
inaccuracy:  0.30000        0.35000           69.17           -0.02            0.16
inaccuracy:  0.35000        0.40000           70.51           -0.02            0.14
inaccuracy:  0.40000        0.45000           70.89           -0.02            0.13
inaccuracy:  0.45000        0.50000           71.27           -0.02            0.12
inaccuracy:  0.50000        0.55000           62.05           -0.11            0.17
inaccuracy:  0.55000        0.60000           62.41           -0.14            0.12
inaccuracy:  0.60000        0.65000           61.63           -0.16            0.08
inaccuracy:  0.65000        0.70000           63.13           -0.14            0.05
inaccuracy:  0.70000        0.75000           63.30           -0.15            0.03
inaccuracy:  0.75000        0.80000           63.46           -0.17            0.02
inaccuracy:  0.80000        0.85000           63.24           -0.15            0.02
inaccuracy:  0.85000        0.90000           63.15           -0.18            0.01
inaccuracy:  0.90000        0.95000           62.45           -0.18            0.01
inaccuracy:  0.95000        1.00000           61.73           -0.19            0.01
===================================================================================================================================
                BAR        
-----------------------------------------------------------------------------------------------------------------------------------
BAR-estimator:         λ             λ+δλ          ΔΔA             ΔA            C               Δδe            δe       
                          
-----------------------------------------------------------------------------------------------------------------------------------
BAR-estimator:      0.00000        0.05000        2.1078         2.1078         2.1078         0.0097         0.0097 
BAR-estimator:      0.05000        0.10000        1.1759         3.2836         1.1759         0.0078         0.0124 
BAR-estimator:      0.10000        0.15000        0.6048         3.8884         0.6048         0.0071         0.0143 
BAR-estimator:      0.15000        0.20000        0.2880         4.1764         0.2880         0.0047         0.0150 
BAR-estimator:      0.20000        0.25000        0.1365         4.3129         0.1365         0.0029         0.0153 
BAR-estimator:      0.25000        0.30000        0.0449         4.3578         0.0449         0.0034         0.0157 
BAR-estimator:      0.30000        0.35000       -0.0246         4.3332        -0.0246         0.0031         0.0160 
BAR-estimator:      0.35000        0.40000       -0.0679         4.2653        -0.0679         0.0027         0.0162 
BAR-estimator:      0.40000        0.45000       -0.1011         4.1642        -0.1011         0.0026         0.0164 
BAR-estimator:      0.45000        0.50000       -0.1212         4.0430        -0.1212         0.0025         0.0166 
BAR-estimator:      0.50000        0.55000       -0.2742         3.7688        -0.2742         0.0030         0.0169 
BAR-estimator:      0.55000        0.60000       -0.5701         3.1987        -0.5701         0.0030         0.0172 
BAR-estimator:      0.60000        0.65000       -0.8483         2.3504        -0.8483         0.0033         0.0175 
BAR-estimator:      0.65000        0.70000       -1.0889         1.2615        -1.0889         0.0031         0.0178 
BAR-estimator:      0.70000        0.75000       -1.2582         0.0033        -1.2582         0.0032         0.0180 
BAR-estimator:      0.75000        0.80000       -1.3697        -1.3664        -1.3697         0.0031         0.0183 
BAR-estimator:      0.80000        0.85000       -1.4442        -2.8105        -1.4442         0.0031         0.0186 
BAR-estimator:      0.85000        0.90000       -1.4954        -4.3059        -1.4954         0.0030         0.0188 
BAR-estimator:      0.90000        0.95000       -1.5269        -5.8329        -1.5269         0.0032         0.0191 
BAR-estimator:      0.95000        1.00000       -1.5468        -7.3797        -1.5468         0.0032         0.0193 
BAR-estimator: total free energy change is -7.379653866666395 , total error is 0.019345756657927496
