#========================================================================================
#                     Free energy perturbation    
#----------------------------------------------------------------------------------------
#forward/backward          λ              ΔΔA                 ΔA                  δε   
#                                                 
#----------------------------------------------------------------------------------------
forward:               0.0000              0.0000              0.0000              0.0000  
forward:               0.0500              0.6514              0.6514              0.0055  
forward:               0.1000              0.3843              1.0356              0.0073  
forward:               0.1500              0.2669              1.3025              0.0083  
forward:               0.2000              0.2026              1.5051              0.0090  
forward:               0.2500              0.1483              1.6533              0.0095  
forward:               0.3000              0.1191              1.7724              0.0098  
forward:               0.3500              0.0912              1.8636              0.0102  
forward:               0.4000              0.0772              1.9408              0.0105  
forward:               0.4500              0.0632              2.0039              0.0108  
forward:               0.5000              0.0476              2.0515              0.0110  
forward:               0.5500             -0.0070              2.0445              0.0113  
forward:               0.6000             -0.0872              1.9574              0.0115  
forward:               0.6500             -0.1548              1.8026              0.0117  
forward:               0.7000             -0.1926              1.6100              0.0119  
forward:               0.7500             -0.2255              1.3845              0.0121  
forward:               0.8000             -0.2535              1.1311              0.0123  
forward:               0.8500             -0.2741              0.8569              0.0124  
forward:               0.9000             -0.2935              0.5634              0.0126  
forward:               0.9500             -0.3052              0.2582              0.0127  
forward:               1.0000             -0.3151             -0.0569              0.0130  
backward:              1.0000              0.0000             -0.0569              0.0000  
backward:              0.9500              0.3165              0.2596              0.0024  
backward:              0.9000              0.3064              0.5660              0.0034  
backward:              0.8500              0.2917              0.8578              0.0041  
backward:              0.8000              0.2717              1.1294              0.0048  
backward:              0.7500              0.2532              1.3826              0.0053  
backward:              0.7000              0.2285              1.6112              0.0058  
backward:              0.6500              0.1935              1.8047              0.0063  
backward:              0.6000              0.1458              1.9505              0.0068  
backward:              0.5500              0.0886              2.0391              0.0074  
backward:              0.5000              0.0110              2.0502              0.0080  
backward:              0.4500             -0.0511              1.9991              0.0084  
backward:              0.4000             -0.0647              1.9344              0.0088  
backward:              0.3500             -0.0758              1.8586              0.0093  
backward:              0.3000             -0.0978              1.7607              0.0098  
backward:              0.2500             -0.1198              1.6410              0.0103  
backward:              0.2000             -0.1534              1.4875              0.0112  
backward:              0.1500             -0.1915              1.2960              0.0121  
backward:              0.1000             -0.2828              1.0133              0.0135  
backward:              0.0500             -0.3932              0.6201              0.0159  
backward:              0.0000             -0.6344             -0.0143              0.0194  
Inaccuracy estimation
======================================================================================================
                   i        i+δi          P0_overlap_P1   δε(forward)/ε   δε(backward)/ε
======================================================================================================
inaccuracy:  0.00000        0.05000           57.03           -0.01            0.66
inaccuracy:  0.05000        0.10000           68.15           -0.01            0.30
inaccuracy:  0.10000        0.15000           73.40           -0.00            0.18
inaccuracy:  0.15000        0.20000           74.68           -0.00            0.14
inaccuracy:  0.20000        0.25000           78.04           -0.00            0.10
inaccuracy:  0.25000        0.30000           78.95           -0.00            0.08
inaccuracy:  0.30000        0.35000           81.44           -0.00            0.08
inaccuracy:  0.35000        0.40000           81.10           -0.00            0.07
inaccuracy:  0.40000        0.45000           81.45           -0.00            0.06
inaccuracy:  0.45000        0.50000           82.33           -0.00            0.06
inaccuracy:  0.50000        0.55000           76.48           -0.02            0.08
inaccuracy:  0.55000        0.60000           78.03           -0.02            0.06
inaccuracy:  0.60000        0.65000           80.21           -0.02            0.05
inaccuracy:  0.65000        0.70000           79.46           -0.02            0.05
inaccuracy:  0.70000        0.75000           78.83           -0.02            0.05
inaccuracy:  0.75000        0.80000           79.27           -0.02            0.04
inaccuracy:  0.80000        0.85000           79.85           -0.02            0.04
inaccuracy:  0.85000        0.90000           79.79           -0.02            0.05
inaccuracy:  0.90000        0.95000           78.82           -0.02            0.04
inaccuracy:  0.95000        1.00000           78.89           -0.02            0.04
===================================================================================================================================
                BAR        
-----------------------------------------------------------------------------------------------------------------------------------
BAR-estimator:         λ             λ+δλ          ΔΔA             ΔA            C               Δδe            δe       
                          
-----------------------------------------------------------------------------------------------------------------------------------
BAR-estimator:      0.00000        0.05000        0.6495         0.6495         0.6495         0.0043         0.0043 
BAR-estimator:      0.05000        0.10000        0.3876         1.0371         0.3876         0.0028         0.0052 
BAR-estimator:      0.10000        0.15000        0.2697         1.3068         0.2697         0.0027         0.0058 
BAR-estimator:      0.15000        0.20000        0.1994         1.5061         0.1994         0.0025         0.0064 
BAR-estimator:      0.20000        0.25000        0.1498         1.6559         0.1498         0.0021         0.0067 
BAR-estimator:      0.25000        0.30000        0.1192         1.7751         0.1192         0.0019         0.0069 
BAR-estimator:      0.30000        0.35000        0.0944         1.8695         0.0944         0.0018         0.0072 
BAR-estimator:      0.35000        0.40000        0.0770         1.9465         0.0770         0.0017         0.0074 
BAR-estimator:      0.40000        0.45000        0.0638         2.0103         0.0638         0.0017         0.0076 
BAR-estimator:      0.45000        0.50000        0.0486         2.0589         0.0486         0.0016         0.0078 
BAR-estimator:      0.50000        0.55000       -0.0095         2.0495        -0.0095         0.0018         0.0080 
BAR-estimator:      0.55000        0.60000       -0.0883         1.9611        -0.0883         0.0018         0.0082 
BAR-estimator:      0.60000        0.65000       -0.1504         1.8108        -0.1504         0.0018         0.0084 
BAR-estimator:      0.65000        0.70000       -0.1925         1.6183        -0.1925         0.0016         0.0085 
BAR-estimator:      0.70000        0.75000       -0.2261         1.3922        -0.2261         0.0015         0.0087 
BAR-estimator:      0.75000        0.80000       -0.2540         1.1382        -0.2540         0.0016         0.0088 
BAR-estimator:      0.80000        0.85000       -0.2733         0.8649        -0.2733         0.0022         0.0091 
BAR-estimator:      0.85000        0.90000       -0.2928         0.5721        -0.2928         0.0014         0.0092 
BAR-estimator:      0.90000        0.95000       -0.3063         0.2658        -0.3063         0.0018         0.0094 
BAR-estimator:      0.95000        1.00000       -0.3160        -0.0503        -0.3160         0.0016         0.0095 
BAR-estimator: total free energy change is -0.05025251613332299 , total error is 0.009486000811877697
