#========================================================================================
#                     Free energy perturbation    
#----------------------------------------------------------------------------------------
#forward/backward          λ              ΔΔA                 ΔA                  δε   
#                                                 
#----------------------------------------------------------------------------------------
forward:               0.0000              0.0000              0.0000              0.0000  
forward:               0.0500              1.3333              1.3333              0.0065  
forward:               0.1000              0.8395              2.1728              0.0115  
forward:               0.1500              0.5234              2.6962              0.0143  
forward:               0.2000              0.3246              3.0208              0.0155  
forward:               0.2500              0.2198              3.2407              0.0163  
forward:               0.3000              0.1408              3.3815              0.0171  
forward:               0.3500              0.1022              3.4836              0.0175  
forward:               0.4000              0.0663              3.5500              0.0180  
forward:               0.4500              0.0438              3.5938              0.0183  
forward:               0.5000              0.0179              3.6117              0.0186  
forward:               0.5500              0.0041              3.6158              0.0186  
forward:               0.6000             -0.0309              3.5849              0.0188  
forward:               0.6500             -0.0499              3.5351              0.0190  
forward:               0.7000             -0.0701              3.4649              0.0192  
forward:               0.7500             -0.0903              3.3746              0.0194  
forward:               0.8000             -0.1081              3.2665              0.0196  
forward:               0.8500             -0.1169              3.1496              0.0198  
forward:               0.9000             -0.1183              3.0313              0.0200  
forward:               0.9500             -0.1265              2.9048              0.0202  
forward:               1.0000             -0.1298              2.7750              0.0203  
backward:              1.0000              0.0000              2.7750              0.0000  
backward:              0.9500              0.1297              2.9048              0.0035  
backward:              0.9000              0.1245              3.0292              0.0047  
backward:              0.8500              0.1164              3.1456              0.0064  
backward:              0.8000              0.1079              3.2536              0.0070  
backward:              0.7500              0.0982              3.3518              0.0079  
backward:              0.7000              0.0913              3.4430              0.0086  
backward:              0.6500              0.0733              3.5163              0.0093  
backward:              0.6000              0.0482              3.5645              0.0102  
backward:              0.5500              0.0336              3.5981              0.0107  
backward:              0.5000             -0.0095              3.5886              0.0115  
backward:              0.4500             -0.0263              3.5623              0.0123  
backward:              0.4000             -0.0402              3.5221              0.0129  
backward:              0.3500             -0.0647              3.4574              0.0137  
backward:              0.3000             -0.1011              3.3562              0.0146  
backward:              0.2500             -0.1605              3.1958              0.0159  
backward:              0.2000             -0.2174              2.9783              0.0172  
backward:              0.1500             -0.3339              2.6444              0.0190  
backward:              0.1000             -0.5132              2.1312              0.0215  
backward:              0.0500             -0.8428              1.2884              0.0283  
backward:              0.0000             -1.3295             -0.0412              0.0336  
Inaccuracy estimation
======================================================================================================
                   i        i+δi          P0_overlap_P1   δε(forward)/ε   δε(backward)/ε
======================================================================================================
inaccuracy:  0.00000        0.05000           42.01           -0.03            1.23
inaccuracy:  0.05000        0.10000           50.56           -0.02            0.81
inaccuracy:  0.10000        0.15000           58.09           -0.02            0.49
inaccuracy:  0.15000        0.20000           64.67           -0.02            0.30
inaccuracy:  0.20000        0.25000           68.11           -0.02            0.23
inaccuracy:  0.25000        0.30000           71.48           -0.01            0.17
inaccuracy:  0.30000        0.35000           71.18           -0.02            0.14
inaccuracy:  0.35000        0.40000           72.51           -0.01            0.14
inaccuracy:  0.40000        0.45000           72.84           -0.01            0.12
inaccuracy:  0.45000        0.50000           74.51           -0.01            0.11
inaccuracy:  0.50000        0.55000           73.82           -0.02            0.12
inaccuracy:  0.55000        0.60000           73.88           -0.02            0.10
inaccuracy:  0.60000        0.65000           74.05           -0.02            0.10
inaccuracy:  0.65000        0.70000           73.58           -0.02            0.10
inaccuracy:  0.70000        0.75000           74.48           -0.02            0.09
inaccuracy:  0.75000        0.80000           75.17           -0.02            0.09
inaccuracy:  0.80000        0.85000           74.82           -0.02            0.09
inaccuracy:  0.85000        0.90000           74.26           -0.02            0.09
inaccuracy:  0.90000        0.95000           74.01           -0.02            0.09
inaccuracy:  0.95000        1.00000           74.03           -0.02            0.09
===================================================================================================================================
                BAR        
-----------------------------------------------------------------------------------------------------------------------------------
BAR-estimator:         λ             λ+δλ          ΔΔA             ΔA            C               Δδe            δe       
                          
-----------------------------------------------------------------------------------------------------------------------------------
BAR-estimator:      0.00000        0.05000        1.3293         1.3293         1.3293         0.0062         0.0062 
BAR-estimator:      0.05000        0.10000        0.8441         2.1734         0.8441         0.0057         0.0084 
BAR-estimator:      0.10000        0.15000        0.5250         2.6983         0.5250         0.0053         0.0099 
BAR-estimator:      0.15000        0.20000        0.3264         3.0247         0.3264         0.0040         0.0107 
BAR-estimator:      0.20000        0.25000        0.2215         3.2462         0.2215         0.0034         0.0112 
BAR-estimator:      0.25000        0.30000        0.1495         3.3957         0.1495         0.0033         0.0117 
BAR-estimator:      0.30000        0.35000        0.1005         3.4963         0.1005         0.0027         0.0120 
BAR-estimator:      0.35000        0.40000        0.0663         3.5625         0.0663         0.0027         0.0123 
BAR-estimator:      0.40000        0.45000        0.0417         3.6042         0.0417         0.0024         0.0125 
BAR-estimator:      0.45000        0.50000        0.0203         3.6245         0.0203         0.0025         0.0128 
BAR-estimator:      0.50000        0.55000        0.0057         3.6302         0.0057         0.0019         0.0129 
BAR-estimator:      0.55000        0.60000       -0.0307         3.5995        -0.0307         0.0023         0.0131 
BAR-estimator:      0.60000        0.65000       -0.0509         3.5486        -0.0509         0.0022         0.0133 
BAR-estimator:      0.65000        0.70000       -0.0717         3.4769        -0.0717         0.0022         0.0135 
BAR-estimator:      0.70000        0.75000       -0.0912         3.3857        -0.0912         0.0022         0.0136 
BAR-estimator:      0.75000        0.80000       -0.1045         3.2813        -0.1045         0.0023         0.0138 
BAR-estimator:      0.80000        0.85000       -0.1141         3.1671        -0.1141         0.0024         0.0140 
BAR-estimator:      0.85000        0.90000       -0.1193         3.0478        -0.1193         0.0024         0.0142 
BAR-estimator:      0.90000        0.95000       -0.1271         2.9207        -0.1271         0.0020         0.0144 
BAR-estimator:      0.95000        1.00000       -0.1310         2.7898        -0.1310         0.0021         0.0145 
BAR-estimator: total free energy change is 2.7897705558534436 , total error is 0.014514843696252257
