#========================================================================================
#                     Free energy perturbation    
#----------------------------------------------------------------------------------------
#forward/backward          λ              ΔΔA                 ΔA                  δε   
#                                                 
#----------------------------------------------------------------------------------------
forward:               0.0000              0.0000              0.0000              0.0000  
forward:               0.0500              2.8246              2.8246              0.0330  
forward:               0.1000              1.5107              4.3354              0.0388  
forward:               0.1500              0.6367              4.9720              0.0407  
forward:               0.2000              0.2773              5.2493              0.0414  
forward:               0.2500              0.0998              5.3491              0.0419  
forward:               0.3000             -0.0115              5.3376              0.0422  
forward:               0.3500             -0.0820              5.2555              0.0424  
forward:               0.4000             -0.1216              5.1339              0.0426  
forward:               0.4500             -0.1592              4.9747              0.0427  
forward:               0.5000             -0.1897              4.7850              0.0429  
forward:               0.5500             -0.2756              4.5094              0.0431  
forward:               0.6000             -0.4602              4.0492              0.0433  
forward:               0.6500             -0.6264              3.4228              0.0436  
forward:               0.7000             -0.7464              2.6764              0.0438  
forward:               0.7500             -0.8570              1.8194              0.0440  
forward:               0.8000             -0.9374              0.8820              0.0443  
forward:               0.8500             -1.0246             -0.1426              0.0446  
forward:               0.9000             -1.0799             -1.2225              0.0448  
forward:               0.9500             -1.1234             -2.3459              0.0449  
forward:               1.0000             -1.1511             -3.4970              0.0451  
backward:              1.0000              0.0000             -3.4970              0.0000  
backward:              0.9500              1.1465             -2.3505              0.0052  
backward:              0.9000              1.1250             -1.2254              0.0075  
backward:              0.8500              1.0739             -0.1516              0.0089  
backward:              0.8000              1.0139              0.8624              0.0102  
backward:              0.7500              0.9289              1.7912              0.0118  
backward:              0.7000              0.8535              2.6447              0.0128  
backward:              0.6500              0.7491              3.3938              0.0138  
backward:              0.6000              0.6199              4.0137              0.0146  
backward:              0.5500              0.4646              4.4783              0.0154  
backward:              0.5000              0.2663              4.7446              0.0165  
backward:              0.4500              0.1956              4.9402              0.0171  
backward:              0.4000              0.1580              5.0982              0.0178  
backward:              0.3500              0.1225              5.2207              0.0185  
backward:              0.3000              0.0853              5.3060              0.0193  
backward:              0.2500              0.0110              5.3170              0.0201  
backward:              0.2000             -0.0872              5.2298              0.0216  
backward:              0.1500             -0.2555              4.9743              0.0288  
backward:              0.1000             -0.6415              4.3327              0.0348  
backward:              0.0500             -1.4545              2.8782              0.0609  
backward:              0.0000             -2.8586              0.0196              0.0869  
Inaccuracy estimation
======================================================================================================
                   i        i+δi          P0_overlap_P1   δε(forward)/ε   δε(backward)/ε
======================================================================================================
inaccuracy:  0.00000        0.05000           23.49            0.16            3.65
inaccuracy:  0.05000        0.10000           32.20           -0.09            2.19
inaccuracy:  0.10000        0.15000           47.17           -0.04            0.96
inaccuracy:  0.15000        0.20000           56.90           -0.04            0.45
inaccuracy:  0.20000        0.25000           62.10           -0.03            0.29
inaccuracy:  0.25000        0.30000           66.11           -0.03            0.20
inaccuracy:  0.30000        0.35000           67.85           -0.03            0.17
inaccuracy:  0.35000        0.40000           68.58           -0.03            0.15
inaccuracy:  0.40000        0.45000           69.36           -0.02            0.13
inaccuracy:  0.45000        0.50000           70.21           -0.03            0.12
inaccuracy:  0.50000        0.55000           64.38           -0.08            0.15
inaccuracy:  0.55000        0.60000           65.54           -0.08            0.12
inaccuracy:  0.60000        0.65000           66.18           -0.08            0.09
inaccuracy:  0.65000        0.70000           65.93           -0.10            0.08
inaccuracy:  0.70000        0.75000           66.50           -0.11            0.07
inaccuracy:  0.75000        0.80000           66.08           -0.10            0.06
inaccuracy:  0.80000        0.85000           66.46           -0.10            0.05
inaccuracy:  0.85000        0.90000           66.11           -0.12            0.04
inaccuracy:  0.90000        0.95000           65.64           -0.11            0.04
inaccuracy:  0.95000        1.00000           65.90           -0.11            0.04
===================================================================================================================================
                BAR        
-----------------------------------------------------------------------------------------------------------------------------------
BAR-estimator:         λ             λ+δλ          ΔΔA             ΔA            C               Δδe            δe       
                          
-----------------------------------------------------------------------------------------------------------------------------------
BAR-estimator:      0.00000        0.05000        2.8584         2.8584         2.8584         0.0110         0.0110 
BAR-estimator:      0.05000        0.10000        1.5011         4.3595         1.5011         0.0056         0.0124 
BAR-estimator:      0.10000        0.15000        0.6441         5.0036         0.6441         0.0073         0.0143 
BAR-estimator:      0.15000        0.20000        0.2720         5.2757         0.2720         0.0051         0.0152 
BAR-estimator:      0.20000        0.25000        0.0937         5.3693         0.0937         0.0042         0.0158 
BAR-estimator:      0.25000        0.30000       -0.0090         5.3603        -0.0090         0.0034         0.0162 
BAR-estimator:      0.30000        0.35000       -0.0810         5.2793        -0.0810         0.0030         0.0164 
BAR-estimator:      0.35000        0.40000       -0.1219         5.1574        -0.1219         0.0026         0.0166 
BAR-estimator:      0.40000        0.45000       -0.1599         4.9975        -0.1599         0.0027         0.0169 
BAR-estimator:      0.45000        0.50000       -0.1915         4.8061        -0.1915         0.0025         0.0170 
BAR-estimator:      0.50000        0.55000       -0.2700         4.5361        -0.2700         0.0032         0.0173 
BAR-estimator:      0.55000        0.60000       -0.4596         4.0764        -0.4596         0.0029         0.0176 
BAR-estimator:      0.60000        0.65000       -0.6201         3.4564        -0.6201         0.0024         0.0177 
BAR-estimator:      0.65000        0.70000       -0.7478         2.7086        -0.7478         0.0029         0.0180 
BAR-estimator:      0.70000        0.75000       -0.8555         1.8531        -0.8555         0.0029         0.0182 
BAR-estimator:      0.75000        0.80000       -0.9377         0.9154        -0.9377         0.0031         0.0185 
BAR-estimator:      0.80000        0.85000       -1.0202        -0.1048        -1.0202         0.0032         0.0187 
BAR-estimator:      0.85000        0.90000       -1.0790        -1.1839        -1.0790         0.0031         0.0190 
BAR-estimator:      0.90000        0.95000       -1.1226        -2.3064        -1.1226         0.0032         0.0192 
BAR-estimator:      0.95000        1.00000       -1.1490        -3.4555        -1.1490         0.0025         0.0194 
BAR-estimator: total free energy change is -3.455466016674146 , total error is 0.019399533947665082
