#========================================================================================
#                     Free energy perturbation    
#----------------------------------------------------------------------------------------
#forward/backward          λ              ΔΔA                 ΔA                  δε   
#                                                 
#----------------------------------------------------------------------------------------
forward:               0.0000              0.0000              0.0000              0.0000  
forward:               0.0500              1.4066              1.4066              0.0150  
forward:               0.1000              0.6867              2.0933              0.0182  
forward:               0.1500              0.3745              2.4678              0.0195  
forward:               0.2000              0.1970              2.6648              0.0201  
forward:               0.2500              0.0945              2.7593              0.0205  
forward:               0.3000              0.0453              2.8046              0.0209  
forward:               0.3500             -0.0001              2.8045              0.0211  
forward:               0.4000             -0.0302              2.7742              0.0213  
forward:               0.4500             -0.0584              2.7158              0.0215  
forward:               0.5000             -0.0729              2.6429              0.0215  
forward:               0.5500             -0.1330              2.5099              0.0217  
forward:               0.6000             -0.2121              2.2977              0.0219  
forward:               0.6500             -0.2664              2.0313              0.0220  
forward:               0.7000             -0.3144              1.7170              0.0222  
forward:               0.7500             -0.3589              1.3581              0.0224  
forward:               0.8000             -0.3964              0.9617              0.0226  
forward:               0.8500             -0.4306              0.5311              0.0228  
forward:               0.9000             -0.4594              0.0718              0.0229  
forward:               0.9500             -0.4794             -0.4076              0.0231  
forward:               1.0000             -0.5061             -0.9137              0.0233  
backward:              1.0000              0.0000             -0.9137              0.0000  
backward:              0.9500              0.5114             -0.4023              0.0039  
backward:              0.9000              0.4809              0.0786              0.0053  
backward:              0.8500              0.4490              0.5276              0.0062  
backward:              0.8000              0.4271              0.9546              0.0070  
backward:              0.7500              0.3939              1.3485              0.0076  
backward:              0.7000              0.3629              1.7114              0.0081  
backward:              0.6500              0.3161              2.0275              0.0088  
backward:              0.6000              0.2646              2.2921              0.0094  
backward:              0.5500              0.2024              2.4945              0.0099  
backward:              0.5000              0.1247              2.6192              0.0106  
backward:              0.4500              0.0709              2.6902              0.0112  
backward:              0.4000              0.0547              2.7448              0.0119  
backward:              0.3500              0.0317              2.7766              0.0124  
backward:              0.3000             -0.0047              2.7718              0.0131  
backward:              0.2500             -0.0455              2.7264              0.0139  
backward:              0.2000             -0.1107              2.6157              0.0148  
backward:              0.1500             -0.2047              2.4110              0.0167  
backward:              0.1000             -0.3762              2.0348              0.0199  
backward:              0.0500             -0.6896              1.3452              0.0253  
backward:              0.0000             -1.3955             -0.0503              0.0415  
Inaccuracy estimation
======================================================================================================
                   i        i+δi          P0_overlap_P1   δε(forward)/ε   δε(backward)/ε
======================================================================================================
inaccuracy:  0.00000        0.05000           36.87           -0.03            2.30
inaccuracy:  0.05000        0.10000           53.96           -0.02            0.71
inaccuracy:  0.10000        0.15000           62.43           -0.01            0.36
inaccuracy:  0.15000        0.20000           69.12           -0.01            0.20
inaccuracy:  0.20000        0.25000           74.08           -0.01            0.14
inaccuracy:  0.25000        0.30000           75.07           -0.01            0.12
inaccuracy:  0.30000        0.35000           76.93           -0.01            0.09
inaccuracy:  0.35000        0.40000           77.31           -0.01            0.08
inaccuracy:  0.40000        0.45000           78.44           -0.01            0.07
inaccuracy:  0.45000        0.50000           78.74           -0.01            0.07
inaccuracy:  0.50000        0.55000           75.68           -0.03            0.08
inaccuracy:  0.55000        0.60000           76.80           -0.03            0.06
inaccuracy:  0.60000        0.65000           76.48           -0.03            0.06
inaccuracy:  0.65000        0.70000           76.68           -0.03            0.06
inaccuracy:  0.70000        0.75000           76.12           -0.03            0.05
inaccuracy:  0.75000        0.80000           76.93           -0.03            0.05
inaccuracy:  0.80000        0.85000           76.82           -0.03            0.05
inaccuracy:  0.85000        0.90000           77.99           -0.03            0.04
inaccuracy:  0.90000        0.95000           75.93           -0.04            0.05
inaccuracy:  0.95000        1.00000           75.67           -0.04            0.05
===================================================================================================================================
                BAR        
-----------------------------------------------------------------------------------------------------------------------------------
BAR-estimator:         λ             λ+δλ          ΔΔA             ΔA            C               Δδe            δe       
                          
-----------------------------------------------------------------------------------------------------------------------------------
BAR-estimator:      0.00000        0.05000        1.4161         1.4161         1.4161         0.0086         0.0086 
BAR-estimator:      0.05000        0.10000        0.6925         2.1086         0.6925         0.0062         0.0106 
BAR-estimator:      0.10000        0.15000        0.3710         2.4797         0.3710         0.0046         0.0116 
BAR-estimator:      0.15000        0.20000        0.1952         2.6748         0.1952         0.0034         0.0121 
BAR-estimator:      0.20000        0.25000        0.1018         2.7766         0.1018         0.0029         0.0124 
BAR-estimator:      0.25000        0.30000        0.0464         2.8230         0.0464         0.0024         0.0126 
BAR-estimator:      0.30000        0.35000        0.0013         2.8243         0.0013         0.0023         0.0128 
BAR-estimator:      0.35000        0.40000       -0.0306         2.7938        -0.0306         0.0021         0.0130 
BAR-estimator:      0.40000        0.45000       -0.0567         2.7371        -0.0567         0.0019         0.0131 
BAR-estimator:      0.45000        0.50000       -0.0715         2.6656        -0.0715         0.0019         0.0133 
BAR-estimator:      0.50000        0.55000       -0.1314         2.5342        -0.1314         0.0021         0.0134 
BAR-estimator:      0.55000        0.60000       -0.2100         2.3242        -0.2100         0.0020         0.0136 
BAR-estimator:      0.60000        0.65000       -0.2655         2.0588        -0.2655         0.0020         0.0137 
BAR-estimator:      0.65000        0.70000       -0.3137         1.7450        -0.3137         0.0020         0.0139 
BAR-estimator:      0.70000        0.75000       -0.3612         1.3838        -0.3612         0.0020         0.0140 
BAR-estimator:      0.75000        0.80000       -0.3962         0.9877        -0.3962         0.0020         0.0142 
BAR-estimator:      0.80000        0.85000       -0.4291         0.5586        -0.4291         0.0023         0.0143 
BAR-estimator:      0.85000        0.90000       -0.4547         0.1039        -0.4547         0.0025         0.0146 
BAR-estimator:      0.90000        0.95000       -0.4807        -0.3769        -0.4807         0.0021         0.0147 
BAR-estimator:      0.95000        1.00000       -0.5075        -0.8843        -0.5075         0.0018         0.0148 
BAR-estimator: total free energy change is -0.8843264968962102 , total error is 0.01482605558996403
