#========================================================================================
#                     Free energy perturbation    
#----------------------------------------------------------------------------------------
#forward/backward          λ              ΔΔA                 ΔA                  δε   
#                                                 
#----------------------------------------------------------------------------------------
forward:               0.0000              0.0000              0.0000              0.0000  
forward:               0.0500              1.5565              1.5565              0.0147  
forward:               0.1000              0.9569              2.5134              0.0178  
forward:               0.1500              0.5031              3.0165              0.0202  
forward:               0.2000              0.2363              3.2528              0.0219  
forward:               0.2500              0.0757              3.3285              0.0226  
forward:               0.3000             -0.0142              3.3143              0.0231  
forward:               0.3500             -0.0903              3.2241              0.0235  
forward:               0.4000             -0.1390              3.0850              0.0239  
forward:               0.4500             -0.1767              2.9083              0.0242  
forward:               0.5000             -0.2079              2.7004              0.0245  
forward:               0.5500             -0.3217              2.3787              0.0248  
forward:               0.6000             -0.4722              1.9065              0.0251  
forward:               0.6500             -0.5857              1.3209              0.0257  
forward:               0.7000             -0.6852              0.6357              0.0267  
forward:               0.7500             -0.7686             -0.1329              0.0276  
forward:               0.8000             -0.8492             -0.9821              0.0305  
forward:               0.8500             -0.9078             -1.8899              0.0306  
forward:               0.9000             -0.9788             -2.8687              0.0318  
forward:               0.9500             -1.0526             -3.9213              0.0319  
forward:               1.0000             -1.0665             -4.9877              0.0320  
backward:              1.0000              0.0000             -4.9877              0.0000  
backward:              0.9500              1.0692             -3.9185              0.0269  
backward:              0.9000              1.0401             -2.8784              0.0272  
backward:              0.8500              0.9963             -1.8821              0.0309  
backward:              0.8000              0.9266             -0.9555              0.0317  
backward:              0.7500              0.8544             -0.1011              0.0319  
backward:              0.7000              0.7816              0.6806              0.0330  
backward:              0.6500              0.6834              1.3640              0.0337  
backward:              0.6000              0.5796              1.9435              0.0341  
backward:              0.5500              0.4733              2.4168              0.0344  
backward:              0.5000              0.3219              2.7388              0.0349  
backward:              0.4500              0.2012              2.9400              0.0352  
backward:              0.4000              0.1791              3.1192              0.0354  
backward:              0.3500              0.1381              3.2573              0.0358  
backward:              0.3000              0.0827              3.3400              0.0361  
backward:              0.2500              0.0266              3.3666              0.0365  
backward:              0.2000             -0.0952              3.2714              0.0374  
backward:              0.1500             -0.2323              3.0391              0.0380  
backward:              0.1000             -0.5053              2.5338              0.0404  
backward:              0.0500             -1.0760              1.4578              0.1112  
backward:              0.0000             -1.5270             -0.0692              0.1142  
Inaccuracy estimation
======================================================================================================
                   i        i+δi          P0_overlap_P1   δε(forward)/ε   δε(backward)/ε
======================================================================================================
inaccuracy:  0.00000        0.05000           36.00           -0.05            1.70
inaccuracy:  0.05000        0.10000           43.76           -0.06            1.12
inaccuracy:  0.10000        0.15000           52.64           -0.04            0.63
inaccuracy:  0.15000        0.20000           59.34           -0.04            0.39
inaccuracy:  0.20000        0.25000           64.84           -0.03            0.25
inaccuracy:  0.25000        0.30000           66.42           -0.04            0.20
inaccuracy:  0.30000        0.35000           69.43           -0.03            0.16
inaccuracy:  0.35000        0.40000           71.02           -0.02            0.14
inaccuracy:  0.40000        0.45000           71.23           -0.02            0.12
inaccuracy:  0.45000        0.50000           71.87           -0.02            0.10
inaccuracy:  0.50000        0.55000           66.02           -0.08            0.13
inaccuracy:  0.55000        0.60000           67.84           -0.07            0.10
inaccuracy:  0.60000        0.65000           68.63           -0.07            0.08
inaccuracy:  0.65000        0.70000           68.60           -0.09            0.07
inaccuracy:  0.70000        0.75000           67.27           -0.09            0.07
inaccuracy:  0.75000        0.80000           67.22           -0.08            0.06
inaccuracy:  0.80000        0.85000           65.46           -0.10            0.05
inaccuracy:  0.85000        0.90000           65.37           -0.13            0.05
inaccuracy:  0.90000        0.95000           67.22           -0.11            0.04
inaccuracy:  0.95000        1.00000           64.40           -0.12            0.04
===================================================================================================================================
                BAR        
-----------------------------------------------------------------------------------------------------------------------------------
BAR-estimator:         λ             λ+δλ          ΔΔA             ΔA            C               Δδe            δe       
                          
-----------------------------------------------------------------------------------------------------------------------------------
BAR-estimator:      0.00000        0.05000        1.5373         1.5373         1.5373         0.0129         0.0129 
BAR-estimator:      0.05000        0.10000        0.9437         2.4810         0.9437         0.0069         0.0146 
BAR-estimator:      0.10000        0.15000        0.5044         2.9854         0.5044         0.0106         0.0180 
BAR-estimator:      0.15000        0.20000        0.2396         3.2251         0.2396         0.0070         0.0194 
BAR-estimator:      0.20000        0.25000        0.0801         3.3052         0.0801         0.0051         0.0200 
BAR-estimator:      0.25000        0.30000       -0.0176         3.2876        -0.0176         0.0044         0.0205 
BAR-estimator:      0.30000        0.35000       -0.0870         3.2006        -0.0870         0.0027         0.0207 
BAR-estimator:      0.35000        0.40000       -0.1353         3.0653        -0.1353         0.0032         0.0209 
BAR-estimator:      0.40000        0.45000       -0.1757         2.8896        -0.1757         0.0027         0.0211 
BAR-estimator:      0.45000        0.50000       -0.2051         2.6846        -0.2051         0.0024         0.0212 
BAR-estimator:      0.50000        0.55000       -0.3231         2.3615        -0.3231         0.0024         0.0214 
BAR-estimator:      0.55000        0.60000       -0.4720         1.8895        -0.4720         0.0026         0.0215 
BAR-estimator:      0.60000        0.65000       -0.5815         1.3079        -0.5815         0.0032         0.0218 
BAR-estimator:      0.65000        0.70000       -0.6861         0.6218        -0.6861         0.0036         0.0221 
BAR-estimator:      0.70000        0.75000       -0.7744        -0.1526        -0.7744         0.0039         0.0224 
BAR-estimator:      0.75000        0.80000       -0.8506        -1.0033        -0.8506         0.0068         0.0234 
BAR-estimator:      0.80000        0.85000       -0.9175        -1.9208        -0.9175         0.0023         0.0235 
BAR-estimator:      0.85000        0.90000       -0.9909        -2.9117        -0.9909         0.0051         0.0241 
BAR-estimator:      0.90000        0.95000       -1.0484        -3.9601        -1.0484         0.0023         0.0242 
BAR-estimator:      0.95000        1.00000       -1.0816        -5.0417        -1.0816         0.0027         0.0243 
BAR-estimator: total free energy change is -5.041682778233671 , total error is 0.02432350753202518
