#========================================================================================
#                     Free energy perturbation    
#----------------------------------------------------------------------------------------
#forward/backward          λ              ΔΔA                 ΔA                  δε   
#                                                 
#----------------------------------------------------------------------------------------
forward:               0.0000              0.0000              0.0000              0.0000  
forward:               0.0500              1.4609              1.4609              0.0139  
forward:               0.1000              0.8188              2.2797              0.0180  
forward:               0.1500              0.4487              2.7283              0.0194  
forward:               0.2000              0.2492              2.9776              0.0201  
forward:               0.2500              0.1318              3.1094              0.0205  
forward:               0.3000              0.0748              3.1842              0.0209  
forward:               0.3500              0.0251              3.2092              0.0212  
forward:               0.4000             -0.0072              3.2020              0.0215  
forward:               0.4500             -0.0385              3.1635              0.0217  
forward:               0.5000             -0.0604              3.1031              0.0219  
forward:               0.5500             -0.1750              2.9281              0.0223  
forward:               0.6000             -0.3978              2.5303              0.0226  
forward:               0.6500             -0.5856              1.9447              0.0229  
forward:               0.7000             -0.7435              1.2012              0.0233  
forward:               0.7500             -0.8505              0.3507              0.0236  
forward:               0.8000             -0.9240             -0.5733              0.0238  
forward:               0.8500             -0.9790             -1.5523              0.0241  
forward:               0.9000             -1.0087             -2.5610              0.0243  
forward:               0.9500             -1.0272             -3.5882              0.0245  
forward:               1.0000             -1.0393             -4.6275              0.0246  
backward:              1.0000              0.0000             -4.6275              0.0000  
backward:              0.9500              1.0409             -3.5866              0.0043  
backward:              0.9000              1.0209             -2.5658              0.0063  
backward:              0.8500              1.0041             -1.5617              0.0076  
backward:              0.8000              0.9771             -0.5846              0.0088  
backward:              0.7500              0.9220              0.3374              0.0098  
backward:              0.7000              0.8506              1.1880              0.0107  
backward:              0.6500              0.7379              1.9259              0.0115  
backward:              0.6000              0.5794              2.5052              0.0123  
backward:              0.5500              0.3899              2.8952              0.0132  
backward:              0.5000              0.1866              3.0818              0.0139  
backward:              0.4500              0.0603              3.1421              0.0143  
backward:              0.4000              0.0408              3.1828              0.0148  
backward:              0.3500              0.0107              3.1935              0.0155  
backward:              0.3000             -0.0211              3.1725              0.0160  
backward:              0.2500             -0.0773              3.0952              0.0170  
backward:              0.2000             -0.1380              2.9572              0.0178  
backward:              0.1500             -0.2457              2.7115              0.0197  
backward:              0.1000             -0.4532              2.2583              0.0219  
backward:              0.0500             -0.8427              1.4156              0.0302  
backward:              0.0000             -1.4446             -0.0290              0.0375  
Inaccuracy estimation
======================================================================================================
                   i        i+δi          P0_overlap_P1   δε(forward)/ε   δε(backward)/ε
======================================================================================================
inaccuracy:  0.00000        0.05000           38.55           -0.03            1.45
inaccuracy:  0.05000        0.10000           49.88           -0.03            0.88
inaccuracy:  0.10000        0.15000           58.72           -0.02            0.48
inaccuracy:  0.15000        0.20000           65.37           -0.01            0.26
inaccuracy:  0.20000        0.25000           69.83           -0.01            0.19
inaccuracy:  0.25000        0.30000           71.81           -0.02            0.15
inaccuracy:  0.30000        0.35000           73.17           -0.01            0.13
inaccuracy:  0.35000        0.40000           73.72           -0.01            0.11
inaccuracy:  0.40000        0.45000           75.14           -0.01            0.10
inaccuracy:  0.45000        0.50000           75.23           -0.02            0.09
inaccuracy:  0.50000        0.55000           66.15           -0.08            0.14
inaccuracy:  0.55000        0.60000           68.41           -0.08            0.09
inaccuracy:  0.60000        0.65000           68.60           -0.09            0.07
inaccuracy:  0.65000        0.70000           68.69           -0.09            0.06
inaccuracy:  0.70000        0.75000           69.08           -0.08            0.05
inaccuracy:  0.75000        0.80000           68.97           -0.10            0.04
inaccuracy:  0.80000        0.85000           68.68           -0.10            0.04
inaccuracy:  0.85000        0.90000           68.84           -0.10            0.04
inaccuracy:  0.90000        0.95000           68.23           -0.10            0.04
inaccuracy:  0.95000        1.00000           67.55           -0.09            0.04
===================================================================================================================================
                BAR        
-----------------------------------------------------------------------------------------------------------------------------------
BAR-estimator:         λ             λ+δλ          ΔΔA             ΔA            C               Δδe            δe       
                          
-----------------------------------------------------------------------------------------------------------------------------------
BAR-estimator:      0.00000        0.05000        1.4697         1.4697         1.4697         0.0069         0.0069 
BAR-estimator:      0.05000        0.10000        0.8275         2.2972         0.8275         0.0068         0.0097 
BAR-estimator:      0.10000        0.15000        0.4467         2.7439         0.4467         0.0048         0.0108 
BAR-estimator:      0.15000        0.20000        0.2462         2.9901         0.2462         0.0034         0.0113 
BAR-estimator:      0.20000        0.25000        0.1352         3.1253         0.1352         0.0030         0.0117 
BAR-estimator:      0.25000        0.30000        0.0762         3.2014         0.0762         0.0027         0.0120 
BAR-estimator:      0.30000        0.35000        0.0263         3.2277         0.0263         0.0025         0.0123 
BAR-estimator:      0.35000        0.40000       -0.0091         3.2187        -0.0091         0.0023         0.0125 
BAR-estimator:      0.40000        0.45000       -0.0390         3.1797        -0.0390         0.0021         0.0127 
BAR-estimator:      0.45000        0.50000       -0.0607         3.1190        -0.0607         0.0021         0.0129 
BAR-estimator:      0.50000        0.55000       -0.1797         2.9393        -0.1797         0.0028         0.0131 
BAR-estimator:      0.55000        0.60000       -0.3942         2.5451        -0.3942         0.0021         0.0133 
BAR-estimator:      0.60000        0.65000       -0.5834         1.9617        -0.5834         0.0029         0.0136 
BAR-estimator:      0.65000        0.70000       -0.7405         1.2212        -0.7405         0.0026         0.0139 
BAR-estimator:      0.70000        0.75000       -0.8490         0.3722        -0.8490         0.0026         0.0141 
BAR-estimator:      0.75000        0.80000       -0.9257        -0.5535        -0.9257         0.0028         0.0144 
BAR-estimator:      0.80000        0.85000       -0.9793        -1.5328        -0.9793         0.0026         0.0146 
BAR-estimator:      0.85000        0.90000       -1.0069        -2.5397        -1.0069         0.0027         0.0149 
BAR-estimator:      0.90000        0.95000       -1.0257        -3.5654        -1.0257         0.0027         0.0151 
BAR-estimator:      0.95000        1.00000       -1.0404        -4.6057        -1.0404         0.0024         0.0153 
BAR-estimator: total free energy change is -4.605716894488564 , total error is 0.015296178073059424
