#========================================================================================
#                     Free energy perturbation    
#----------------------------------------------------------------------------------------
#forward/backward          λ              ΔΔA                 ΔA                  δε   
#                                                 
#----------------------------------------------------------------------------------------
forward:               0.0000              0.0000              0.0000              0.0000  
forward:               0.0500              0.9979              0.9979              0.0087  
forward:               0.1000              0.6659              1.6639              0.0116  
forward:               0.1500              0.4034              2.0673              0.0133  
forward:               0.2000              0.2530              2.3204              0.0142  
forward:               0.2500              0.1748              2.4952              0.0149  
forward:               0.3000              0.1100              2.6052              0.0154  
forward:               0.3500              0.0810              2.6862              0.0158  
forward:               0.4000              0.0546              2.7407              0.0162  
forward:               0.4500              0.0310              2.7718              0.0165  
forward:               0.5000              0.0176              2.7894              0.0167  
forward:               0.5500             -0.0226              2.7668              0.0170  
forward:               0.6000             -0.1240              2.6428              0.0174  
forward:               0.6500             -0.2143              2.4285              0.0177  
forward:               0.7000             -0.2953              2.1331              0.0180  
forward:               0.7500             -0.3605              1.7727              0.0183  
forward:               0.8000             -0.4009              1.3718              0.0185  
forward:               0.8500             -0.4242              0.9475              0.0188  
forward:               0.9000             -0.4360              0.5115              0.0190  
forward:               0.9500             -0.4426              0.0689              0.0192  
forward:               1.0000             -0.4413             -0.3724              0.0194  
backward:              1.0000              0.0000             -0.3724              0.0000  
backward:              0.9500              0.4386              0.0662              0.0039  
backward:              0.9000              0.4329              0.4991              0.0058  
backward:              0.8500              0.4349              0.9340              0.0068  
backward:              0.8000              0.4145              1.3485              0.0085  
backward:              0.7500              0.3992              1.7477              0.0094  
backward:              0.7000              0.3561              2.1038              0.0103  
backward:              0.6500              0.2939              2.3977              0.0111  
backward:              0.6000              0.2077              2.6053              0.0118  
backward:              0.5500              0.1202              2.7255              0.0125  
backward:              0.5000              0.0315              2.7570              0.0129  
backward:              0.4500             -0.0127              2.7442              0.0134  
backward:              0.4000             -0.0306              2.7136              0.0140  
backward:              0.3500             -0.0624              2.6512              0.0155  
backward:              0.3000             -0.0914              2.5599              0.0162  
backward:              0.2500             -0.1234              2.4365              0.0170  
backward:              0.2000             -0.1774              2.2591              0.0181  
backward:              0.1500             -0.2727              1.9864              0.0194  
backward:              0.1000             -0.4067              1.5797              0.0215  
backward:              0.0500             -0.6749              0.9047              0.0375  
backward:              0.0000             -1.0075             -0.1028              0.0403  
Inaccuracy estimation
======================================================================================================
                   i        i+δi          P0_overlap_P1   δε(forward)/ε   δε(backward)/ε
======================================================================================================
inaccuracy:  0.00000        0.05000           48.59           -0.03            0.89
inaccuracy:  0.05000        0.10000           54.32           -0.02            0.61
inaccuracy:  0.10000        0.15000           62.45           -0.01            0.35
inaccuracy:  0.15000        0.20000           68.82           -0.01            0.24
inaccuracy:  0.20000        0.25000           70.41           -0.01            0.19
inaccuracy:  0.25000        0.30000           73.50           -0.01            0.14
inaccuracy:  0.30000        0.35000           73.75           -0.01            0.12
inaccuracy:  0.35000        0.40000           74.56           -0.01            0.11
inaccuracy:  0.40000        0.45000           74.86           -0.01            0.11
inaccuracy:  0.45000        0.50000           75.50           -0.01            0.10
inaccuracy:  0.50000        0.55000           71.61           -0.04            0.11
inaccuracy:  0.55000        0.60000           72.85           -0.04            0.10
inaccuracy:  0.60000        0.65000           72.50           -0.05            0.09
inaccuracy:  0.65000        0.70000           72.04           -0.04            0.08
inaccuracy:  0.70000        0.75000           72.10           -0.05            0.08
inaccuracy:  0.75000        0.80000           72.20           -0.05            0.07
inaccuracy:  0.80000        0.85000           72.97           -0.04            0.07
inaccuracy:  0.85000        0.90000           72.17           -0.05            0.07
inaccuracy:  0.90000        0.95000           72.67           -0.04            0.07
inaccuracy:  0.95000        1.00000           71.99           -0.05            0.08
===================================================================================================================================
                BAR        
-----------------------------------------------------------------------------------------------------------------------------------
BAR-estimator:         λ             λ+δλ          ΔΔA             ΔA            C               Δδe            δe       
                          
-----------------------------------------------------------------------------------------------------------------------------------
BAR-estimator:      0.00000        0.05000        1.0078         1.0078         1.0078         0.0052         0.0052 
BAR-estimator:      0.05000        0.10000        0.6564         1.6642         0.6564         0.0048         0.0071 
BAR-estimator:      0.10000        0.15000        0.4036         2.0679         0.4036         0.0043         0.0083 
BAR-estimator:      0.15000        0.20000        0.2614         2.3293         0.2614         0.0036         0.0090 
BAR-estimator:      0.20000        0.25000        0.1756         2.5049         0.1756         0.0030         0.0095 
BAR-estimator:      0.25000        0.30000        0.1151         2.6201         0.1151         0.0028         0.0099 
BAR-estimator:      0.30000        0.35000        0.0826         2.7027         0.0826         0.0026         0.0102 
BAR-estimator:      0.35000        0.40000        0.0563         2.7590         0.0563         0.0025         0.0105 
BAR-estimator:      0.40000        0.45000        0.0305         2.7894         0.0305         0.0023         0.0108 
BAR-estimator:      0.45000        0.50000        0.0159         2.8053         0.0159         0.0021         0.0110 
BAR-estimator:      0.50000        0.55000       -0.0265         2.7788        -0.0265         0.0021         0.0112 
BAR-estimator:      0.55000        0.60000       -0.1227         2.6561        -0.1227         0.0024         0.0114 
BAR-estimator:      0.60000        0.65000       -0.2123         2.4438        -0.2123         0.0023         0.0117 
BAR-estimator:      0.65000        0.70000       -0.2952         2.1486        -0.2952         0.0024         0.0119 
BAR-estimator:      0.70000        0.75000       -0.3604         1.7882        -0.3604         0.0025         0.0122 
BAR-estimator:      0.75000        0.80000       -0.4010         1.3872        -0.4010         0.0023         0.0124 
BAR-estimator:      0.80000        0.85000       -0.4215         0.9657        -0.4215         0.0026         0.0126 
BAR-estimator:      0.85000        0.90000       -0.4360         0.5296        -0.4360         0.0024         0.0129 
BAR-estimator:      0.90000        0.95000       -0.4390         0.0906        -0.4390         0.0024         0.0131 
BAR-estimator:      0.95000        1.00000       -0.4397        -0.3490        -0.4397         0.0023         0.0133 
BAR-estimator: total free energy change is -0.3490417961796355 , total error is 0.013284354127116498
