#========================================================================================
#                     Free energy perturbation    
#----------------------------------------------------------------------------------------
#forward/backward          λ              ΔΔA                 ΔA                  δε   
#                                                 
#----------------------------------------------------------------------------------------
forward:               0.0000              0.0000              0.0000              0.0000  
forward:               0.0500              0.8439              0.8439              0.0069  
forward:               0.1000              0.5546              1.3984              0.0099  
forward:               0.1500              0.3348              1.7332              0.0114  
forward:               0.2000              0.2199              1.9532              0.0124  
forward:               0.2500              0.1468              2.1000              0.0129  
forward:               0.3000              0.0957              2.1957              0.0135  
forward:               0.3500              0.0635              2.2592              0.0139  
forward:               0.4000              0.0345              2.2937              0.0142  
forward:               0.4500              0.0102              2.3039              0.0145  
forward:               0.5000             -0.0069              2.2971              0.0148  
forward:               0.5500             -0.0755              2.2216              0.0159  
forward:               0.6000             -0.2279              1.9937              0.0164  
forward:               0.6500             -0.3659              1.6277              0.0169  
forward:               0.7000             -0.4785              1.1492              0.0175  
forward:               0.7500             -0.5784              0.5707              0.0185  
forward:               0.8000             -0.6580             -0.0872              0.0207  
forward:               0.8500             -0.7031             -0.7904              0.0220  
forward:               0.9000             -0.7553             -1.5456              0.0249  
forward:               0.9500             -0.8422             -2.3878              0.0282  
forward:               1.0000             -0.9101             -3.2979              0.0324  
backward:              1.0000              0.0000             -3.2979              0.0000  
backward:              0.9500              0.8950             -2.4029              0.0174  
backward:              0.9000              0.8002             -1.6028              0.0241  
backward:              0.8500              0.7526             -0.8502              0.0246  
backward:              0.8000              0.7375             -0.1127              0.0268  
backward:              0.7500              0.6525              0.5398              0.0278  
backward:              0.7000              0.5657              1.1055              0.0286  
backward:              0.6500              0.4691              1.5746              0.0289  
backward:              0.6000              0.3660              1.9407              0.0293  
backward:              0.5500              0.2280              2.1686              0.0298  
backward:              0.5000              0.0722              2.2408              0.0301  
backward:              0.4500              0.0097              2.2505              0.0303  
backward:              0.4000             -0.0132              2.2373              0.0305  
backward:              0.3500             -0.0331              2.2042              0.0308  
backward:              0.3000             -0.0558              2.1485              0.0311  
backward:              0.2500             -0.0918              2.0566              0.0314  
backward:              0.2000             -0.1504              1.9063              0.0318  
backward:              0.1500             -0.2218              1.6845              0.0326  
backward:              0.1000             -0.3548              1.3296              0.0335  
backward:              0.0500             -0.6195              0.7101              0.0505  
backward:              0.0000             -0.8020             -0.0919              0.0527  
Inaccuracy estimation
======================================================================================================
                   i        i+δi          P0_overlap_P1   δε(forward)/ε   δε(backward)/ε
======================================================================================================
inaccuracy:  0.00000        0.05000           51.51           -0.02            0.71
inaccuracy:  0.05000        0.10000           58.37           -0.02            0.49
inaccuracy:  0.10000        0.15000           65.72           -0.01            0.30
inaccuracy:  0.15000        0.20000           69.72           -0.01            0.22
inaccuracy:  0.20000        0.25000           71.62           -0.01            0.16
inaccuracy:  0.25000        0.30000           73.48           -0.01            0.13
inaccuracy:  0.30000        0.35000           74.41           -0.01            0.12
inaccuracy:  0.35000        0.40000           75.61           -0.01            0.10
inaccuracy:  0.40000        0.45000           76.43           -0.01            0.09
inaccuracy:  0.45000        0.50000           76.58           -0.01            0.09
inaccuracy:  0.50000        0.55000           70.20           -0.05            0.11
inaccuracy:  0.55000        0.60000           70.95           -0.06            0.10
inaccuracy:  0.60000        0.65000           70.82           -0.07            0.08
inaccuracy:  0.65000        0.70000           71.07           -0.07            0.07
inaccuracy:  0.70000        0.75000           71.23           -0.08            0.06
inaccuracy:  0.75000        0.80000           69.86           -0.08            0.06
inaccuracy:  0.80000        0.85000           66.64           -0.11            0.06
inaccuracy:  0.85000        0.90000           68.38           -0.10            0.06
inaccuracy:  0.90000        0.95000           69.43           -0.08            0.06
inaccuracy:  0.95000        1.00000           66.18           -0.15            0.06
===================================================================================================================================
                BAR        
-----------------------------------------------------------------------------------------------------------------------------------
BAR-estimator:         λ             λ+δλ          ΔΔA             ΔA            C               Δδe            δe       
                          
-----------------------------------------------------------------------------------------------------------------------------------
BAR-estimator:      0.00000        0.05000        0.8352         0.8352         0.8352         0.0100         0.0100 
BAR-estimator:      0.05000        0.10000        0.5580         1.3931         0.5580         0.0094         0.0137 
BAR-estimator:      0.10000        0.15000        0.3427         1.7359         0.3427         0.0036         0.0142 
BAR-estimator:      0.15000        0.20000        0.2204         1.9563         0.2204         0.0031         0.0145 
BAR-estimator:      0.20000        0.25000        0.1469         2.1032         0.1469         0.0026         0.0148 
BAR-estimator:      0.25000        0.30000        0.0949         2.1981         0.0949         0.0052         0.0156 
BAR-estimator:      0.30000        0.35000        0.0624         2.2605         0.0624         0.0027         0.0159 
BAR-estimator:      0.35000        0.40000        0.0347         2.2952         0.0347         0.0023         0.0160 
BAR-estimator:      0.40000        0.45000        0.0112         2.3064         0.0112         0.0021         0.0162 
BAR-estimator:      0.45000        0.50000       -0.0075         2.2989        -0.0075         0.0020         0.0163 
BAR-estimator:      0.50000        0.55000       -0.0762         2.2227        -0.0762         0.0024         0.0165 
BAR-estimator:      0.55000        0.60000       -0.2274         1.9953        -0.2274         0.0026         0.0167 
BAR-estimator:      0.60000        0.65000       -0.3660         1.6293        -0.3660         0.0026         0.0169 
BAR-estimator:      0.65000        0.70000       -0.4752         1.1540        -0.4752         0.0026         0.0171 
BAR-estimator:      0.70000        0.75000       -0.5743         0.5797        -0.5743         0.0034         0.0174 
BAR-estimator:      0.75000        0.80000       -0.6557        -0.0760        -0.6557         0.0047         0.0180 
BAR-estimator:      0.80000        0.85000       -0.7217        -0.7977        -0.7217         0.0040         0.0185 
BAR-estimator:      0.85000        0.90000       -0.7531        -1.5508        -0.7531         0.0058         0.0194 
BAR-estimator:      0.90000        0.95000       -0.8138        -2.3646        -0.8138         0.0065         0.0204 
BAR-estimator:      0.95000        1.00000       -0.9054        -3.2700        -0.9054         0.0077         0.0218 
BAR-estimator: total free energy change is -3.2699759956356003 , total error is 0.021848518803114433
