#========================================================================================
#                     Free energy perturbation    
#----------------------------------------------------------------------------------------
#forward/backward          λ              ΔΔA                 ΔA                  δε   
#                                                 
#----------------------------------------------------------------------------------------
forward:               0.0000              0.0000              0.0000              0.0000  
forward:               0.0500              0.6145              0.6145              0.0063  
forward:               0.1000              0.3963              1.0108              0.0079  
forward:               0.1500              0.2567              1.2675              0.0092  
forward:               0.2000              0.1916              1.4591              0.0099  
forward:               0.2500              0.1367              1.5957              0.0103  
forward:               0.3000              0.1089              1.7047              0.0108  
forward:               0.3500              0.0834              1.7881              0.0112  
forward:               0.4000              0.0641              1.8522              0.0114  
forward:               0.4500              0.0492              1.9014              0.0117  
forward:               0.5000              0.0371              1.9385              0.0120  
forward:               0.5500             -0.0669              1.8716              0.0124  
forward:               0.6000             -0.2221              1.6495              0.0128  
forward:               0.6500             -0.4052              1.2443              0.0134  
forward:               0.7000             -0.5691              0.6753              0.0141  
forward:               0.7500             -0.6554              0.0199              0.0146  
forward:               0.8000             -0.6797             -0.6598              0.0151  
forward:               0.8500             -0.6558             -1.3155              0.0155  
forward:               0.9000             -0.6132             -1.9287              0.0158  
forward:               0.9500             -0.5906             -2.5193              0.0161  
forward:               1.0000             -0.5665             -3.0859              0.0163  
backward:              1.0000              0.0000             -3.0859              0.0000  
backward:              0.9500              0.5714             -2.5145              0.0041  
backward:              0.9000              0.5890             -1.9255              0.0059  
backward:              0.8500              0.6211             -1.3044              0.0072  
backward:              0.8000              0.6506             -0.6539              0.0081  
backward:              0.7500              0.6803              0.0264              0.0096  
backward:              0.7000              0.6610              0.6875              0.0107  
backward:              0.6500              0.5566              1.2440              0.0118  
backward:              0.6000              0.3977              1.6417              0.0125  
backward:              0.5500              0.2247              1.8664              0.0130  
backward:              0.5000              0.0657              1.9321              0.0134  
backward:              0.4500             -0.0347              1.8974              0.0137  
backward:              0.4000             -0.0494              1.8480              0.0142  
backward:              0.3500             -0.0636              1.7844              0.0147  
backward:              0.3000             -0.0848              1.6996              0.0151  
backward:              0.2500             -0.1036              1.5960              0.0156  
backward:              0.2000             -0.1372              1.4588              0.0161  
backward:              0.1500             -0.1877              1.2710              0.0170  
backward:              0.1000             -0.2551              1.0159              0.0176  
backward:              0.0500             -0.3926              0.6233              0.0198  
backward:              0.0000             -0.6086              0.0147              0.0223  
Inaccuracy estimation
======================================================================================================
                   i        i+δi          P0_overlap_P1   δε(forward)/ε   δε(backward)/ε
======================================================================================================
inaccuracy:  0.00000        0.05000           58.10           -0.01            0.54
inaccuracy:  0.05000        0.10000           65.60           -0.01            0.34
inaccuracy:  0.10000        0.15000           71.19           -0.01            0.21
inaccuracy:  0.15000        0.20000           73.85           -0.01            0.15
inaccuracy:  0.20000        0.25000           76.54           -0.00            0.11
inaccuracy:  0.25000        0.30000           77.02           -0.00            0.10
inaccuracy:  0.30000        0.35000           78.99           -0.01            0.09
inaccuracy:  0.35000        0.40000           78.93           -0.01            0.08
inaccuracy:  0.40000        0.45000           79.90           -0.00            0.08
inaccuracy:  0.45000        0.50000           79.47           -0.01            0.07
inaccuracy:  0.50000        0.55000           72.34           -0.06            0.10
inaccuracy:  0.55000        0.60000           72.03           -0.08            0.07
inaccuracy:  0.60000        0.65000           70.91           -0.09            0.06
inaccuracy:  0.65000        0.70000           70.29           -0.07            0.06
inaccuracy:  0.70000        0.75000           70.45           -0.06            0.05
inaccuracy:  0.75000        0.80000           71.50           -0.07            0.05
inaccuracy:  0.80000        0.85000           72.12           -0.06            0.06
inaccuracy:  0.85000        0.90000           70.36           -0.07            0.07
inaccuracy:  0.90000        0.95000           70.49           -0.06            0.08
inaccuracy:  0.95000        1.00000           69.48           -0.07            0.08
===================================================================================================================================
                BAR        
-----------------------------------------------------------------------------------------------------------------------------------
BAR-estimator:         λ             λ+δλ          ΔΔA             ΔA            C               Δδe            δe       
                          
-----------------------------------------------------------------------------------------------------------------------------------
BAR-estimator:      0.00000        0.05000        0.6150         0.6150         0.6150         0.0041         0.0041 
BAR-estimator:      0.05000        0.10000        0.3956         1.0106         0.3956         0.0032         0.0052 
BAR-estimator:      0.10000        0.15000        0.2572         1.2679         0.2572         0.0028         0.0059 
BAR-estimator:      0.15000        0.20000        0.1901         1.4579         0.1901         0.0026         0.0064 
BAR-estimator:      0.20000        0.25000        0.1372         1.5952         0.1372         0.0023         0.0068 
BAR-estimator:      0.25000        0.30000        0.1065         1.7017         0.1065         0.0022         0.0072 
BAR-estimator:      0.30000        0.35000        0.0842         1.7859         0.0842         0.0022         0.0075 
BAR-estimator:      0.35000        0.40000        0.0628         1.8486         0.0628         0.0019         0.0078 
BAR-estimator:      0.40000        0.45000        0.0500         1.8986         0.0500         0.0018         0.0080 
BAR-estimator:      0.45000        0.50000        0.0358         1.9345         0.0358         0.0017         0.0082 
BAR-estimator:      0.50000        0.55000       -0.0659         1.8686        -0.0659         0.0023         0.0085 
BAR-estimator:      0.55000        0.60000       -0.2250         1.6436        -0.2250         0.0025         0.0088 
BAR-estimator:      0.60000        0.65000       -0.4022         1.2414        -0.4022         0.0026         0.0092 
BAR-estimator:      0.65000        0.70000       -0.5616         0.6798        -0.5616         0.0027         0.0096 
BAR-estimator:      0.70000        0.75000       -0.6584         0.0214        -0.6584         0.0021         0.0098 
BAR-estimator:      0.75000        0.80000       -0.6806        -0.6592        -0.6806         0.0026         0.0102 
BAR-estimator:      0.80000        0.85000       -0.6539        -1.3131        -0.6539         0.0027         0.0105 
BAR-estimator:      0.85000        0.90000       -0.6189        -1.9319        -0.6189         0.0025         0.0108 
BAR-estimator:      0.90000        0.95000       -0.5905        -2.5225        -0.5905         0.0020         0.0110 
BAR-estimator:      0.95000        1.00000       -0.5703        -3.0928        -0.5703         0.0020         0.0112 
BAR-estimator: total free energy change is -3.0927718708250937 , total error is 0.011172249494607996
