#========================================================================================
#                     Free energy perturbation    
#----------------------------------------------------------------------------------------
#forward/backward          λ              ΔΔA                 ΔA                  δε   
#                                                 
#----------------------------------------------------------------------------------------
forward:               0.0000              0.0000              0.0000              0.0000  
forward:               0.0500              2.9310              2.9310              0.0287  
forward:               0.1000              1.5470              4.4779              0.0298  
forward:               0.1500              0.6950              5.1729              0.0319  
forward:               0.2000              0.2843              5.4573              0.0328  
forward:               0.2500              0.0742              5.5314              0.0334  
forward:               0.3000             -0.0515              5.4799              0.0337  
forward:               0.3500             -0.1327              5.3472              0.0340  
forward:               0.4000             -0.1845              5.1627              0.0343  
forward:               0.4500             -0.2241              4.9386              0.0345  
forward:               0.5000             -0.2633              4.6753              0.0346  
forward:               0.5500             -0.5725              4.1028              0.0352  
forward:               0.6000             -1.0790              3.0239              0.0358  
forward:               0.6500             -1.5151              1.5087              0.0363  
forward:               0.7000             -1.9096             -0.4009              0.0369  
forward:               0.7500             -2.1621             -2.5629              0.0375  
forward:               0.8000             -2.3142             -4.8771              0.0379  
forward:               0.8500             -2.4042             -7.2813              0.0384  
forward:               0.9000             -2.4619             -9.7433              0.0388  
forward:               0.9500             -2.4994            -12.2426              0.0391  
forward:               1.0000             -2.5163            -14.7589              0.0395  
backward:              1.0000              0.0000            -14.7589              0.0000  
backward:              0.9500              2.5070            -12.2519              0.0080  
backward:              0.9000              2.4794             -9.7725              0.0113  
backward:              0.8500              2.4600             -7.3125              0.0130  
backward:              0.8000              2.3931             -4.9194              0.0153  
backward:              0.7500              2.3065             -2.6129              0.0171  
backward:              0.7000              2.1570             -0.4559              0.0188  
backward:              0.6500              1.8994              1.4435              0.0203  
backward:              0.6000              1.5228              2.9663              0.0218  
backward:              0.5500              1.0711              4.0374              0.0237  
backward:              0.5000              0.5651              4.6025              0.0251  
backward:              0.4500              0.2599              4.8625              0.0254  
backward:              0.4000              0.2313              5.0938              0.0258  
backward:              0.3500              0.1809              5.2747              0.0269  
backward:              0.3000              0.1281              5.4028              0.0275  
backward:              0.2500              0.0573              5.4601              0.0284  
backward:              0.2000             -0.0785              5.3816              0.0296  
backward:              0.1500             -0.2803              5.1013              0.0320  
backward:              0.1000             -0.6669              4.4344              0.0375  
backward:              0.0500             -1.4622              2.9723              0.0489  
backward:              0.0000             -3.0789             -0.1066              0.1052  
Inaccuracy estimation
======================================================================================================
                   i        i+δi          P0_overlap_P1   δε(forward)/ε   δε(backward)/ε
======================================================================================================
inaccuracy:  0.00000        0.05000           21.85            0.19            4.03
inaccuracy:  0.05000        0.10000           31.45           -0.09            2.29
inaccuracy:  0.10000        0.15000           45.48           -0.07            1.00
inaccuracy:  0.15000        0.20000           55.87           -0.05            0.49
inaccuracy:  0.20000        0.25000           62.22           -0.04            0.29
inaccuracy:  0.25000        0.30000           65.03           -0.03            0.21
inaccuracy:  0.30000        0.35000           68.00           -0.03            0.17
inaccuracy:  0.35000        0.40000           68.21           -0.04            0.14
inaccuracy:  0.40000        0.45000           68.77           -0.03            0.12
inaccuracy:  0.45000        0.50000           70.24           -0.03            0.11
inaccuracy:  0.50000        0.55000           55.41           -0.23            0.21
inaccuracy:  0.55000        0.60000           56.07           -0.29            0.09
inaccuracy:  0.60000        0.65000           55.30           -0.36            0.03
inaccuracy:  0.65000        0.70000           56.87           -0.36           -0.03
inaccuracy:  0.70000        0.75000           56.70           -0.34           -0.07
inaccuracy:  0.75000        0.80000           56.69           -0.33           -0.09
inaccuracy:  0.80000        0.85000           56.53           -0.37           -0.09
inaccuracy:  0.85000        0.90000           55.89           -0.38           -0.10
inaccuracy:  0.90000        0.95000           55.27           -0.38           -0.10
inaccuracy:  0.95000        1.00000           53.90           -0.39           -0.11
===================================================================================================================================
                BAR        
-----------------------------------------------------------------------------------------------------------------------------------
BAR-estimator:         λ             λ+δλ          ΔΔA             ΔA            C               Δδe            δe       
                          
-----------------------------------------------------------------------------------------------------------------------------------
BAR-estimator:      0.00000        0.05000        2.9295         2.9295         2.9295         0.0108         0.0108 
BAR-estimator:      0.05000        0.10000        1.5359         4.4653         1.5359         0.0071         0.0129 
BAR-estimator:      0.10000        0.15000        0.6866         5.1520         0.6866         0.0070         0.0147 
BAR-estimator:      0.15000        0.20000        0.2811         5.4330         0.2811         0.0051         0.0156 
BAR-estimator:      0.20000        0.25000        0.0756         5.5086         0.0756         0.0041         0.0161 
BAR-estimator:      0.25000        0.30000       -0.0524         5.4562        -0.0524         0.0044         0.0167 
BAR-estimator:      0.30000        0.35000       -0.1295         5.3267        -0.1295         0.0033         0.0170 
BAR-estimator:      0.35000        0.40000       -0.1863         5.1404        -0.1863         0.0030         0.0173 
BAR-estimator:      0.40000        0.45000       -0.2287         4.9117        -0.2287         0.0021         0.0174 
BAR-estimator:      0.45000        0.50000       -0.2630         4.6487        -0.2630         0.0026         0.0176 
BAR-estimator:      0.50000        0.55000       -0.5671         4.0817        -0.5671         0.0037         0.0180 
BAR-estimator:      0.55000        0.60000       -1.0723         3.0093        -1.0723         0.0034         0.0183 
BAR-estimator:      0.60000        0.65000       -1.5218         1.4875        -1.5218         0.0037         0.0187 
BAR-estimator:      0.65000        0.70000       -1.9001        -0.4126        -1.9001         0.0037         0.0190 
BAR-estimator:      0.70000        0.75000       -2.1587        -2.5713        -2.1587         0.0039         0.0194 
BAR-estimator:      0.75000        0.80000       -2.3103        -4.8816        -2.3103         0.0038         0.0198 
BAR-estimator:      0.80000        0.85000       -2.4010        -7.2826        -2.4010         0.0041         0.0202 
BAR-estimator:      0.85000        0.90000       -2.4554        -9.7380        -2.4554         0.0041         0.0206 
BAR-estimator:      0.90000        0.95000       -2.4926       -12.2306        -2.4926         0.0040         0.0210 
BAR-estimator:      0.95000        1.00000       -2.5158       -14.7464        -2.5158         0.0036         0.0213 
BAR-estimator: total free energy change is -14.746394892293543 , total error is 0.0213156277027126
