#========================================================================================
#                     Free energy perturbation    
#----------------------------------------------------------------------------------------
#forward/backward          λ              ΔΔA                 ΔA                  δε   
#                                                 
#----------------------------------------------------------------------------------------
forward:               0.0000              0.0000              0.0000              0.0000  
forward:               0.0500              1.6876              1.6876              0.0153  
forward:               0.1000              0.8708              2.5584              0.0197  
forward:               0.1500              0.4013              2.9596              0.0217  
forward:               0.2000              0.1901              3.1497              0.0225  
forward:               0.2500              0.0789              3.2286              0.0230  
forward:               0.3000              0.0008              3.2294              0.0234  
forward:               0.3500             -0.0394              3.1900              0.0238  
forward:               0.4000             -0.0711              3.1189              0.0241  
forward:               0.4500             -0.1021              3.0168              0.0243  
forward:               0.5000             -0.1180              2.8988              0.0245  
forward:               0.5500             -0.2019              2.6969              0.0250  
forward:               0.6000             -0.4547              2.2422              0.0260  
forward:               0.6500             -0.7819              1.4604              0.0274  
forward:               0.7000             -1.0996              0.3608              0.0291  
forward:               0.7500             -1.3000             -0.9392              0.0298  
forward:               0.8000             -1.3502             -2.2894              0.0304  
forward:               0.8500             -1.2934             -3.5828              0.0307  
forward:               0.9000             -1.2014             -4.7842              0.0308  
forward:               0.9500             -1.1062             -5.8904              0.0309  
forward:               1.0000             -1.0189             -6.9093              0.0310  
backward:              1.0000              0.0000             -6.9093              0.0000  
backward:              0.9500              1.0142             -5.8951              0.0051  
backward:              0.9000              1.0999             -4.7952              0.0070  
backward:              0.8500              1.1962             -3.5990              0.0087  
backward:              0.8000              1.2951             -2.3039              0.0099  
backward:              0.7500              1.3352             -0.9686              0.0122  
backward:              0.7000              1.3046              0.3360              0.0141  
backward:              0.6500              1.0974              1.4334              0.0168  
backward:              0.6000              0.7853              2.2187              0.0184  
backward:              0.5500              0.4517              2.6703              0.0190  
backward:              0.5000              0.2063              2.8766              0.0197  
backward:              0.4500              0.1053              2.9819              0.0204  
backward:              0.4000              0.0990              3.0809              0.0208  
backward:              0.3500              0.0749              3.1558              0.0213  
backward:              0.3000              0.0407              3.1964              0.0219  
backward:              0.2500             -0.0131              3.1833              0.0226  
backward:              0.2000             -0.0765              3.1069              0.0234  
backward:              0.1500             -0.1786              2.9283              0.0251  
backward:              0.1000             -0.3781              2.5502              0.0278  
backward:              0.0500             -0.8563              1.6939              0.0389  
backward:              0.0000             -1.6366              0.0573              0.0475  
Inaccuracy estimation
======================================================================================================
                   i        i+δi          P0_overlap_P1   δε(forward)/ε   δε(backward)/ε
======================================================================================================
inaccuracy:  0.00000        0.05000           34.07           -0.05            1.82
inaccuracy:  0.05000        0.10000           44.82           -0.04            1.15
inaccuracy:  0.10000        0.15000           55.94           -0.03            0.56
inaccuracy:  0.15000        0.20000           62.63           -0.02            0.30
inaccuracy:  0.20000        0.25000           66.99           -0.02            0.21
inaccuracy:  0.25000        0.30000           70.65           -0.02            0.16
inaccuracy:  0.30000        0.35000           70.52           -0.01            0.14
inaccuracy:  0.35000        0.40000           71.60           -0.02            0.13
inaccuracy:  0.40000        0.45000           73.00           -0.02            0.12
inaccuracy:  0.45000        0.50000           73.57           -0.02            0.11
inaccuracy:  0.50000        0.55000           65.32           -0.11            0.15
inaccuracy:  0.55000        0.60000           63.28           -0.16            0.12
inaccuracy:  0.60000        0.65000           59.19           -0.21            0.10
inaccuracy:  0.65000        0.70000           59.13           -0.19            0.06
inaccuracy:  0.70000        0.75000           61.93           -0.15            0.03
inaccuracy:  0.75000        0.80000           65.10           -0.12            0.02
inaccuracy:  0.80000        0.85000           65.40           -0.10            0.03
inaccuracy:  0.85000        0.90000           65.35           -0.12            0.05
inaccuracy:  0.90000        0.95000           64.32           -0.11            0.06
inaccuracy:  0.95000        1.00000           63.57           -0.10            0.08
===================================================================================================================================
                BAR        
-----------------------------------------------------------------------------------------------------------------------------------
BAR-estimator:         λ             λ+δλ          ΔΔA             ΔA            C               Δδe            δe       
                          
-----------------------------------------------------------------------------------------------------------------------------------
BAR-estimator:      0.00000        0.05000        1.6580         1.6580         1.6580         0.0078         0.0078 
BAR-estimator:      0.05000        0.10000        0.8778         2.5358         0.8778         0.0069         0.0105 
BAR-estimator:      0.10000        0.15000        0.3996         2.9354         0.3996         0.0057         0.0119 
BAR-estimator:      0.15000        0.20000        0.1866         3.1220         0.1866         0.0040         0.0126 
BAR-estimator:      0.20000        0.25000        0.0780         3.2000         0.0780         0.0036         0.0131 
BAR-estimator:      0.25000        0.30000        0.0054         3.2054         0.0054         0.0034         0.0135 
BAR-estimator:      0.30000        0.35000       -0.0400         3.1654        -0.0400         0.0035         0.0140 
BAR-estimator:      0.35000        0.40000       -0.0714         3.0939        -0.0714         0.0024         0.0142 
BAR-estimator:      0.40000        0.45000       -0.1009         2.9930        -0.1009         0.0027         0.0145 
BAR-estimator:      0.45000        0.50000       -0.1153         2.8777        -0.1153         0.0023         0.0146 
BAR-estimator:      0.50000        0.55000       -0.2033         2.6745        -0.2033         0.0029         0.0149 
BAR-estimator:      0.55000        0.60000       -0.4512         2.2232        -0.4512         0.0033         0.0153 
BAR-estimator:      0.60000        0.65000       -0.7808         1.4424        -0.7808         0.0042         0.0158 
BAR-estimator:      0.65000        0.70000       -1.0956         0.3469        -1.0956         0.0045         0.0165 
BAR-estimator:      0.70000        0.75000       -1.2991        -0.9522        -1.2991         0.0041         0.0170 
BAR-estimator:      0.75000        0.80000       -1.3474        -2.2996        -1.3474         0.0032         0.0172 
BAR-estimator:      0.80000        0.85000       -1.2927        -3.5923        -1.2927         0.0029         0.0175 
BAR-estimator:      0.85000        0.90000       -1.2001        -4.7924        -1.2001         0.0030         0.0177 
BAR-estimator:      0.90000        0.95000       -1.1026        -5.8950        -1.1026         0.0027         0.0179 
BAR-estimator:      0.95000        1.00000       -1.0167        -6.9117        -1.0167         0.0029         0.0182 
BAR-estimator: total free energy change is -6.911677508153827 , total error is 0.018178552004966705
