#========================================================================================
#                     Free energy perturbation    
#----------------------------------------------------------------------------------------
#forward/backward          λ              ΔΔA                 ΔA                  δε   
#                                                 
#----------------------------------------------------------------------------------------
forward:               0.0000              0.0000              0.0000              0.0000  
forward:               0.0500              1.9876              1.9876              0.0163  
forward:               0.1000              1.2267              3.2143              0.0221  
forward:               0.1500              0.7121              3.9264              0.0247  
forward:               0.2000              0.4140              4.3404              0.0262  
forward:               0.2500              0.2322              4.5726              0.0270  
forward:               0.3000              0.1206              4.6931              0.0277  
forward:               0.3500              0.0444              4.7376              0.0280  
forward:               0.4000              0.0023              4.7399              0.0283  
forward:               0.4500             -0.0424              4.6975              0.0286  
forward:               0.5000             -0.0721              4.6254              0.0289  
forward:               0.5500             -0.1786              4.4468              0.0292  
forward:               0.6000             -0.3606              4.0862              0.0295  
forward:               0.6500             -0.5001              3.5861              0.0296  
forward:               0.7000             -0.6188              2.9672              0.0299  
forward:               0.7500             -0.7094              2.2578              0.0302  
forward:               0.8000             -0.7592              1.4986              0.0304  
forward:               0.8500             -0.7856              0.7130              0.0307  
forward:               0.9000             -0.8059             -0.0929              0.0309  
forward:               0.9500             -0.8000             -0.8929              0.0311  
forward:               1.0000             -0.7919             -1.6848              0.0314  
backward:              1.0000              0.0000             -1.6848              0.0000  
backward:              0.9500              0.7942             -0.8906              0.0054  
backward:              0.9000              0.8015             -0.0892              0.0072  
backward:              0.8500              0.7919              0.7027              0.0088  
backward:              0.8000              0.7811              1.4838              0.0103  
backward:              0.7500              0.7601              2.2440              0.0116  
backward:              0.7000              0.7013              2.9453              0.0127  
backward:              0.6500              0.6163              3.5616              0.0136  
backward:              0.6000              0.4966              4.0581              0.0145  
backward:              0.5500              0.3499              4.4080              0.0153  
backward:              0.5000              0.1738              4.5818              0.0163  
backward:              0.4500              0.0701              4.6520              0.0171  
backward:              0.4000              0.0399              4.6918              0.0178  
backward:              0.3500              0.0055              4.6973              0.0187  
backward:              0.3000             -0.0478              4.6495              0.0199  
backward:              0.2500             -0.1423              4.5072              0.0221  
backward:              0.2000             -0.2507              4.2565              0.0243  
backward:              0.1500             -0.4062              3.8502              0.0283  
backward:              0.1000             -0.7115              3.1388              0.0322  
backward:              0.0500             -1.2382              1.9006              0.0385  
backward:              0.0000             -2.0554             -0.1549              0.0872  
Inaccuracy estimation
======================================================================================================
                   i        i+δi          P0_overlap_P1   δε(forward)/ε   δε(backward)/ε
======================================================================================================
inaccuracy:  0.00000        0.05000           32.24           -0.01            2.22
inaccuracy:  0.05000        0.10000           40.71           -0.06            1.42
inaccuracy:  0.10000        0.15000           49.60           -0.05            0.80
inaccuracy:  0.15000        0.20000           56.08           -0.04            0.49
inaccuracy:  0.20000        0.25000           61.88           -0.04            0.33
inaccuracy:  0.25000        0.30000           64.66           -0.03            0.24
inaccuracy:  0.30000        0.35000           66.52           -0.03            0.21
inaccuracy:  0.35000        0.40000           66.82           -0.03            0.18
inaccuracy:  0.40000        0.45000           68.24           -0.03            0.16
inaccuracy:  0.45000        0.50000           68.95           -0.03            0.14
inaccuracy:  0.50000        0.55000           64.24           -0.08            0.17
inaccuracy:  0.55000        0.60000           66.05           -0.10            0.13
inaccuracy:  0.60000        0.65000           64.87           -0.09            0.12
inaccuracy:  0.65000        0.70000           65.49           -0.10            0.10
inaccuracy:  0.70000        0.75000           65.58           -0.10            0.09
inaccuracy:  0.75000        0.80000           65.09           -0.10            0.09
inaccuracy:  0.80000        0.85000           65.29           -0.10            0.08
inaccuracy:  0.85000        0.90000           65.82           -0.09            0.09
inaccuracy:  0.90000        0.95000           64.47           -0.09            0.10
inaccuracy:  0.95000        1.00000           63.72           -0.11            0.10
===================================================================================================================================
                BAR        
-----------------------------------------------------------------------------------------------------------------------------------
BAR-estimator:         λ             λ+δλ          ΔΔA             ΔA            C               Δδe            δe       
                          
-----------------------------------------------------------------------------------------------------------------------------------
BAR-estimator:      0.00000        0.05000        1.9950         1.9950         1.9950         0.0077         0.0077 
BAR-estimator:      0.05000        0.10000        1.2357         3.2307         1.2357         0.0082         0.0112 
BAR-estimator:      0.10000        0.15000        0.7150         3.9457         0.7150         0.0061         0.0128 
BAR-estimator:      0.15000        0.20000        0.4131         4.3588         0.4131         0.0056         0.0139 
BAR-estimator:      0.20000        0.25000        0.2363         4.5951         0.2363         0.0043         0.0146 
BAR-estimator:      0.25000        0.30000        0.1257         4.7208         0.1257         0.0038         0.0151 
BAR-estimator:      0.30000        0.35000        0.0450         4.7658         0.0450         0.0033         0.0154 
BAR-estimator:      0.35000        0.40000       -0.0006         4.7652        -0.0006         0.0030         0.0157 
BAR-estimator:      0.40000        0.45000       -0.0419         4.7233        -0.0419         0.0028         0.0160 
BAR-estimator:      0.45000        0.50000       -0.0720         4.6514        -0.0720         0.0026         0.0162 
BAR-estimator:      0.50000        0.55000       -0.1755         4.4759        -0.1755         0.0030         0.0165 
BAR-estimator:      0.55000        0.60000       -0.3552         4.1206        -0.3552         0.0028         0.0167 
BAR-estimator:      0.60000        0.65000       -0.4975         3.6231        -0.4975         0.0030         0.0170 
BAR-estimator:      0.65000        0.70000       -0.6156         3.0074        -0.6156         0.0030         0.0172 
BAR-estimator:      0.70000        0.75000       -0.7039         2.3035        -0.7039         0.0032         0.0175 
BAR-estimator:      0.75000        0.80000       -0.7608         1.5427        -0.7608         0.0030         0.0178 
BAR-estimator:      0.80000        0.85000       -0.7853         0.7574        -0.7853         0.0033         0.0181 
BAR-estimator:      0.85000        0.90000       -0.8014        -0.0441        -0.8014         0.0031         0.0184 
BAR-estimator:      0.90000        0.95000       -0.7972        -0.8413        -0.7972         0.0029         0.0186 
BAR-estimator:      0.95000        1.00000       -0.7964        -1.6377        -0.7964         0.0029         0.0188 
BAR-estimator: total free energy change is -1.637691906668163 , total error is 0.018817999794603447
