#========================================================================================
#                     Free energy perturbation    
#----------------------------------------------------------------------------------------
#forward/backward          λ              ΔΔA                 ΔA                  δε   
#                                                 
#----------------------------------------------------------------------------------------
forward:               0.0000              0.0000              0.0000              0.0000  
forward:               0.0500              2.4556              2.4556              0.0191  
forward:               0.1000              1.4874              3.9429              0.0249  
forward:               0.1500              0.8301              4.7730              0.0277  
forward:               0.2000              0.4673              5.2403              0.0290  
forward:               0.2500              0.2598              5.5001              0.0299  
forward:               0.3000              0.1276              5.6276              0.0304  
forward:               0.3500              0.0430              5.6706              0.0309  
forward:               0.4000             -0.0200              5.6506              0.0312  
forward:               0.4500             -0.0640              5.5866              0.0316  
forward:               0.5000             -0.1024              5.4842              0.0319  
forward:               0.5500             -0.2177              5.2665              0.0322  
forward:               0.6000             -0.3965              4.8700              0.0326  
forward:               0.6500             -0.5869              4.2831              0.0329  
forward:               0.7000             -0.7376              3.5455              0.0332  
forward:               0.7500             -0.8529              2.6926              0.0337  
forward:               0.8000             -0.8932              1.7994              0.0340  
forward:               0.8500             -0.8917              0.9077              0.0342  
forward:               0.9000             -0.8725              0.0352              0.0344  
forward:               0.9500             -0.8394             -0.8043              0.0346  
forward:               1.0000             -0.8136             -1.6179              0.0349  
backward:              1.0000              0.0000             -1.6179              0.0000  
backward:              0.9500              0.8091             -0.8088              0.0056  
backward:              0.9000              0.8390              0.0302              0.0080  
backward:              0.8500              0.8604              0.8905              0.0098  
backward:              0.8000              0.8818              1.7723              0.0118  
backward:              0.7500              0.8941              2.6664              0.0131  
backward:              0.7000              0.8411              3.5075              0.0142  
backward:              0.6500              0.7307              4.2382              0.0165  
backward:              0.6000              0.5798              4.8181              0.0176  
backward:              0.5500              0.4132              5.2313              0.0187  
backward:              0.5000              0.2189              5.4502              0.0193  
backward:              0.4500              0.0993              5.5495              0.0200  
backward:              0.4000              0.0595              5.6090              0.0208  
backward:              0.3500              0.0192              5.6283              0.0219  
backward:              0.3000             -0.0638              5.5645              0.0254  
backward:              0.2500             -0.1364              5.4281              0.0267  
backward:              0.2000             -0.2800              5.1481              0.0298  
backward:              0.1500             -0.4736              4.6745              0.0327  
backward:              0.1000             -0.8291              3.8454              0.0384  
backward:              0.0500             -1.4372              2.4083              0.0447  
backward:              0.0000             -2.4345             -0.0263              0.0632  
Inaccuracy estimation
======================================================================================================
                   i        i+δi          P0_overlap_P1   δε(forward)/ε   δε(backward)/ε
======================================================================================================
inaccuracy:  0.00000        0.05000           27.04            0.07            3.01
inaccuracy:  0.05000        0.10000           35.66           -0.07            1.85
inaccuracy:  0.10000        0.15000           45.43           -0.06            1.01
inaccuracy:  0.15000        0.20000           53.59           -0.05            0.58
inaccuracy:  0.20000        0.25000           58.46           -0.05            0.39
inaccuracy:  0.25000        0.30000           61.97           -0.04            0.28
inaccuracy:  0.30000        0.35000           63.51           -0.04            0.25
inaccuracy:  0.35000        0.40000           64.93           -0.03            0.21
inaccuracy:  0.40000        0.45000           66.15           -0.03            0.19
inaccuracy:  0.45000        0.50000           67.27           -0.03            0.16
inaccuracy:  0.50000        0.55000           62.46           -0.10            0.20
inaccuracy:  0.55000        0.60000           61.28           -0.12            0.16
inaccuracy:  0.60000        0.65000           62.25           -0.14            0.12
inaccuracy:  0.65000        0.70000           61.74           -0.15            0.11
inaccuracy:  0.70000        0.75000           62.50           -0.13            0.10
inaccuracy:  0.75000        0.80000           62.12           -0.14            0.09
inaccuracy:  0.80000        0.85000           62.70           -0.13            0.10
inaccuracy:  0.85000        0.90000           62.67           -0.12            0.11
inaccuracy:  0.90000        0.95000           61.34           -0.12            0.12
inaccuracy:  0.95000        1.00000           61.12           -0.13            0.12
===================================================================================================================================
                BAR        
-----------------------------------------------------------------------------------------------------------------------------------
BAR-estimator:         λ             λ+δλ          ΔΔA             ΔA            C               Δδe            δe       
                          
-----------------------------------------------------------------------------------------------------------------------------------
BAR-estimator:      0.00000        0.05000        2.4366         2.4366         2.4366         0.0092         0.0092 
BAR-estimator:      0.05000        0.10000        1.4736         3.9102         1.4736         0.0087         0.0126 
BAR-estimator:      0.10000        0.15000        0.8233         4.7335         0.8233         0.0071         0.0145 
BAR-estimator:      0.15000        0.20000        0.4732         5.2067         0.4732         0.0053         0.0154 
BAR-estimator:      0.20000        0.25000        0.2616         5.4683         0.2616         0.0042         0.0160 
BAR-estimator:      0.25000        0.30000        0.1313         5.5996         0.1313         0.0039         0.0165 
BAR-estimator:      0.30000        0.35000        0.0456         5.6452         0.0456         0.0036         0.0168 
BAR-estimator:      0.35000        0.40000       -0.0197         5.6255        -0.0197         0.0032         0.0171 
BAR-estimator:      0.40000        0.45000       -0.0633         5.5622        -0.0633         0.0031         0.0174 
BAR-estimator:      0.45000        0.50000       -0.1013         5.4609        -0.1013         0.0028         0.0176 
BAR-estimator:      0.50000        0.55000       -0.2161         5.2448        -0.2161         0.0031         0.0179 
BAR-estimator:      0.55000        0.60000       -0.4051         4.8397        -0.4051         0.0030         0.0182 
BAR-estimator:      0.60000        0.65000       -0.5869         4.2529        -0.5869         0.0030         0.0184 
BAR-estimator:      0.65000        0.70000       -0.7410         3.5119        -0.7410         0.0034         0.0187 
BAR-estimator:      0.70000        0.75000       -0.8493         2.6626        -0.8493         0.0035         0.0190 
BAR-estimator:      0.75000        0.80000       -0.8940         1.7686        -0.8940         0.0033         0.0193 
BAR-estimator:      0.80000        0.85000       -0.8917         0.8769        -0.8917         0.0032         0.0196 
BAR-estimator:      0.85000        0.90000       -0.8649         0.0120        -0.8649         0.0034         0.0199 
BAR-estimator:      0.90000        0.95000       -0.8378        -0.8259        -0.8378         0.0035         0.0202 
BAR-estimator:      0.95000        1.00000       -0.8125        -1.6383        -0.8125         0.0033         0.0204 
BAR-estimator: total free energy change is -1.6383181375740041 , total error is 0.020433876178709044
