#========================================================================================
#                     Free energy perturbation    
#----------------------------------------------------------------------------------------
#forward/backward          λ              ΔΔA                 ΔA                  δε   
#                                                 
#----------------------------------------------------------------------------------------
forward:               0.0000              0.0000              0.0000              0.0000  
forward:               0.0500              1.6258              1.6258              0.0187  
forward:               0.1000              0.9264              2.5522              0.0219  
forward:               0.1500              0.4877              3.0399              0.0233  
forward:               0.2000              0.2611              3.3010              0.0241  
forward:               0.2500              0.1353              3.4363              0.0247  
forward:               0.3000              0.0514              3.4877              0.0251  
forward:               0.3500              0.0058              3.4934              0.0256  
forward:               0.4000             -0.0421              3.4513              0.0259  
forward:               0.4500             -0.0678              3.3835              0.0262  
forward:               0.5000             -0.0892              3.2943              0.0263  
forward:               0.5500             -0.2455              3.0488              0.0266  
forward:               0.6000             -0.5251              2.5236              0.0270  
forward:               0.6500             -0.7802              1.7435              0.0275  
forward:               0.7000             -0.9754              0.7681              0.0280  
forward:               0.7500             -1.1237             -0.3556              0.0285  
forward:               0.8000             -1.1899             -1.5455              0.0289  
forward:               0.8500             -1.2122             -2.7577              0.0290  
forward:               0.9000             -1.2228             -3.9805              0.0301  
forward:               0.9500             -1.2093             -5.1898              0.0303  
forward:               1.0000             -1.2111             -6.4009              0.0331  
backward:              1.0000              0.0000             -6.4009              0.0000  
backward:              0.9500              1.2124             -5.1885              0.0045  
backward:              0.9000              1.1963             -3.9922              0.0071  
backward:              0.8500              1.1956             -2.7966              0.0085  
backward:              0.8000              1.1911             -1.6055              0.0096  
backward:              0.7500              1.1900             -0.4155              0.0110  
backward:              0.7000              1.1105              0.6949              0.0127  
backward:              0.6500              0.9706              1.6655              0.0139  
backward:              0.6000              0.7719              2.4375              0.0149  
backward:              0.5500              0.5267              2.9642              0.0157  
backward:              0.5000              0.2471              3.2113              0.0165  
backward:              0.4500              0.0904              3.3016              0.0170  
backward:              0.4000              0.0607              3.3624              0.0176  
backward:              0.3500              0.0304              3.3928              0.0184  
backward:              0.3000             -0.0002              3.3926              0.0190  
backward:              0.2500             -0.0522              3.3404              0.0196  
backward:              0.2000             -0.1321              3.2083              0.0207  
backward:              0.1500             -0.2601              2.9482              0.0224  
backward:              0.1000             -0.4892              2.4589              0.0255  
backward:              0.0500             -0.9227              1.5362              0.0334  
backward:              0.0000             -1.6450             -0.1088              0.0460  
Inaccuracy estimation
======================================================================================================
                   i        i+δi          P0_overlap_P1   δε(forward)/ε   δε(backward)/ε
======================================================================================================
inaccuracy:  0.00000        0.05000           36.24           -0.03            1.62
inaccuracy:  0.05000        0.10000           46.18           -0.05            1.05
inaccuracy:  0.10000        0.15000           56.70           -0.03            0.54
inaccuracy:  0.15000        0.20000           63.43           -0.01            0.31
inaccuracy:  0.20000        0.25000           67.07           -0.02            0.22
inaccuracy:  0.25000        0.30000           70.48           -0.02            0.16
inaccuracy:  0.30000        0.35000           71.25           -0.01            0.14
inaccuracy:  0.35000        0.40000           73.23           -0.01            0.12
inaccuracy:  0.40000        0.45000           73.59           -0.02            0.10
inaccuracy:  0.45000        0.50000           73.93           -0.02            0.10
inaccuracy:  0.50000        0.55000           63.38           -0.10            0.16
inaccuracy:  0.55000        0.60000           64.59           -0.13            0.10
inaccuracy:  0.60000        0.65000           64.55           -0.15            0.07
inaccuracy:  0.65000        0.70000           64.19           -0.16            0.05
inaccuracy:  0.70000        0.75000           65.29           -0.14            0.04
inaccuracy:  0.75000        0.80000           65.06           -0.14            0.03
inaccuracy:  0.80000        0.85000           65.89           -0.13            0.04
inaccuracy:  0.85000        0.90000           65.40           -0.14            0.04
inaccuracy:  0.90000        0.95000           63.27           -0.15            0.05
inaccuracy:  0.95000        1.00000           62.61           -0.15            0.05
===================================================================================================================================
                BAR        
-----------------------------------------------------------------------------------------------------------------------------------
BAR-estimator:         λ             λ+δλ          ΔΔA             ΔA            C               Δδe            δe       
                          
-----------------------------------------------------------------------------------------------------------------------------------
BAR-estimator:      0.00000        0.05000        1.6191         1.6191         1.6191         0.0072         0.0072 
BAR-estimator:      0.05000        0.10000        0.9250         2.5441         0.9250         0.0084         0.0111 
BAR-estimator:      0.10000        0.15000        0.4891         3.0332         0.4891         0.0051         0.0122 
BAR-estimator:      0.15000        0.20000        0.2603         3.2935         0.2603         0.0042         0.0129 
BAR-estimator:      0.20000        0.25000        0.1341         3.4276         0.1341         0.0039         0.0134 
BAR-estimator:      0.25000        0.30000        0.0526         3.4802         0.0526         0.0033         0.0138 
BAR-estimator:      0.30000        0.35000        0.0038         3.4839         0.0038         0.0034         0.0142 
BAR-estimator:      0.35000        0.40000       -0.0382         3.4457        -0.0382         0.0027         0.0145 
BAR-estimator:      0.40000        0.45000       -0.0660         3.3797        -0.0660         0.0025         0.0147 
BAR-estimator:      0.45000        0.50000       -0.0895         3.2901        -0.0895         0.0020         0.0148 
BAR-estimator:      0.50000        0.55000       -0.2461         3.0440        -0.2461         0.0027         0.0151 
BAR-estimator:      0.55000        0.60000       -0.5266         2.5175        -0.5266         0.0028         0.0153 
BAR-estimator:      0.60000        0.65000       -0.7734         1.7440        -0.7734         0.0030         0.0156 
BAR-estimator:      0.65000        0.70000       -0.9765         0.7675        -0.9765         0.0028         0.0159 
BAR-estimator:      0.70000        0.75000       -1.1185        -0.3510        -1.1185         0.0031         0.0162 
BAR-estimator:      0.75000        0.80000       -1.1890        -1.5400        -1.1890         0.0035         0.0166 
BAR-estimator:      0.80000        0.85000       -1.2009        -2.7408        -1.2009         0.0028         0.0168 
BAR-estimator:      0.85000        0.90000       -1.2103        -3.9511        -1.2103         0.0051         0.0176 
BAR-estimator:      0.90000        0.95000       -1.2088        -5.1599        -1.2088         0.0028         0.0178 
BAR-estimator:      0.95000        1.00000       -1.2111        -6.3710        -1.2111         0.0059         0.0187 
BAR-estimator: total free energy change is -6.37100904057395 , total error is 0.01874425366022969
