#========================================================================================
#                     Free energy perturbation    
#----------------------------------------------------------------------------------------
#forward/backward          λ              ΔΔA                 ΔA                  δε   
#                                                 
#----------------------------------------------------------------------------------------
forward:               0.0000              0.0000              0.0000              0.0000  
forward:               0.0500              1.7304              1.7304              0.0161  
forward:               0.1000              1.0137              2.7441              0.0199  
forward:               0.1500              0.6031              3.3472              0.0218  
forward:               0.2000              0.3403              3.6875              0.0229  
forward:               0.2500              0.2107              3.8982              0.0237  
forward:               0.3000              0.1342              4.0324              0.0242  
forward:               0.3500              0.0641              4.0965              0.0247  
forward:               0.4000              0.0181              4.1146              0.0250  
forward:               0.4500             -0.0113              4.1033              0.0253  
forward:               0.5000             -0.0364              4.0670              0.0255  
forward:               0.5500             -0.0751              3.9919              0.0258  
forward:               0.6000             -0.1322              3.8597              0.0261  
forward:               0.6500             -0.1714              3.6883              0.0264  
forward:               0.7000             -0.2098              3.4786              0.0266  
forward:               0.7500             -0.2467              3.2319              0.0268  
forward:               0.8000             -0.2604              2.9715              0.0269  
forward:               0.8500             -0.2880              2.6835              0.0271  
forward:               0.9000             -0.3025              2.3810              0.0273  
forward:               0.9500             -0.3164              2.0646              0.0274  
forward:               1.0000             -0.3293              1.7352              0.0275  
backward:              1.0000              0.0000              1.7352              0.0000  
backward:              0.9500              0.3320              2.0673              0.0041  
backward:              0.9000              0.3177              2.3850              0.0056  
backward:              0.8500              0.3081              2.6931              0.0066  
backward:              0.8000              0.2851              2.9782              0.0075  
backward:              0.7500              0.2617              3.2399              0.0086  
backward:              0.7000              0.2422              3.4821              0.0091  
backward:              0.6500              0.2140              3.6961              0.0102  
backward:              0.6000              0.1769              3.8729              0.0108  
backward:              0.5500              0.1299              4.0028              0.0116  
backward:              0.5000              0.0807              4.0835              0.0123  
backward:              0.4500              0.0337              4.1173              0.0129  
backward:              0.4000              0.0087              4.1259              0.0138  
backward:              0.3500             -0.0213              4.1046              0.0146  
backward:              0.3000             -0.0742              4.0304              0.0160  
backward:              0.2500             -0.1282              3.9022              0.0174  
backward:              0.2000             -0.2044              3.6979              0.0190  
backward:              0.1500             -0.3547              3.3431              0.0217  
backward:              0.1000             -0.6021              2.7410              0.0261  
backward:              0.0500             -1.0117              1.7293              0.0429  
backward:              0.0000             -1.7454             -0.0161              0.0603  
Inaccuracy estimation
======================================================================================================
                   i        i+δi          P0_overlap_P1   δε(forward)/ε   δε(backward)/ε
======================================================================================================
inaccuracy:  0.00000        0.05000           34.33           -0.02            2.03
inaccuracy:  0.05000        0.10000           44.72           -0.04            1.10
inaccuracy:  0.10000        0.15000           54.16           -0.03            0.62
inaccuracy:  0.15000        0.20000           61.70           -0.03            0.36
inaccuracy:  0.20000        0.25000           64.63           -0.02            0.25
inaccuracy:  0.25000        0.30000           66.89           -0.02            0.21
inaccuracy:  0.30000        0.35000           69.81           -0.02            0.16
inaccuracy:  0.35000        0.40000           71.01           -0.02            0.15
inaccuracy:  0.40000        0.45000           71.51           -0.02            0.13
inaccuracy:  0.45000        0.50000           72.70           -0.02            0.12
inaccuracy:  0.50000        0.55000           70.52           -0.03            0.13
inaccuracy:  0.55000        0.60000           71.96           -0.03            0.11
inaccuracy:  0.60000        0.65000           71.88           -0.03            0.11
inaccuracy:  0.65000        0.70000           71.99           -0.03            0.10
inaccuracy:  0.70000        0.75000           73.18           -0.03            0.09
inaccuracy:  0.75000        0.80000           72.38           -0.03            0.09
inaccuracy:  0.80000        0.85000           72.55           -0.03            0.09
inaccuracy:  0.85000        0.90000           71.98           -0.04            0.09
inaccuracy:  0.90000        0.95000           71.78           -0.04            0.09
inaccuracy:  0.95000        1.00000           71.57           -0.03            0.09
===================================================================================================================================
                BAR        
-----------------------------------------------------------------------------------------------------------------------------------
BAR-estimator:         λ             λ+δλ          ΔΔA             ΔA            C               Δδe            δe       
                          
-----------------------------------------------------------------------------------------------------------------------------------
BAR-estimator:      0.00000        0.05000        1.7284         1.7284         1.7284         0.0073         0.0073 
BAR-estimator:      0.05000        0.10000        1.0140         2.7425         1.0140         0.0065         0.0098 
BAR-estimator:      0.10000        0.15000        0.5989         3.3413         0.5989         0.0056         0.0113 
BAR-estimator:      0.15000        0.20000        0.3472         3.6885         0.3472         0.0045         0.0121 
BAR-estimator:      0.20000        0.25000        0.2086         3.8971         0.2086         0.0039         0.0128 
BAR-estimator:      0.25000        0.30000        0.1300         4.0270         0.1300         0.0034         0.0132 
BAR-estimator:      0.30000        0.35000        0.0657         4.0927         0.0657         0.0030         0.0135 
BAR-estimator:      0.35000        0.40000        0.0202         4.1129         0.0202         0.0027         0.0138 
BAR-estimator:      0.40000        0.45000       -0.0132         4.0997        -0.0132         0.0028         0.0141 
BAR-estimator:      0.45000        0.50000       -0.0349         4.0647        -0.0349         0.0026         0.0143 
BAR-estimator:      0.50000        0.55000       -0.0762         3.9886        -0.0762         0.0027         0.0146 
BAR-estimator:      0.55000        0.60000       -0.1298         3.8588        -0.1298         0.0023         0.0147 
BAR-estimator:      0.60000        0.65000       -0.1727         3.6861        -0.1727         0.0027         0.0150 
BAR-estimator:      0.65000        0.70000       -0.2095         3.4766        -0.2095         0.0027         0.0152 
BAR-estimator:      0.70000        0.75000       -0.2441         3.2325        -0.2441         0.0024         0.0154 
BAR-estimator:      0.75000        0.80000       -0.2615         2.9710        -0.2615         0.0024         0.0156 
BAR-estimator:      0.80000        0.85000       -0.2875         2.6835        -0.2875         0.0024         0.0158 
BAR-estimator:      0.85000        0.90000       -0.3038         2.3797        -0.3038         0.0021         0.0159 
BAR-estimator:      0.90000        0.95000       -0.3180         2.0617        -0.3180         0.0023         0.0161 
BAR-estimator:      0.95000        1.00000       -0.3313         1.7304        -0.3313         0.0021         0.0162 
BAR-estimator: total free energy change is 1.7303793034916481 , total error is 0.016233687960468486
