#========================================================================================
#                     Free energy perturbation    
#----------------------------------------------------------------------------------------
#forward/backward          λ              ΔΔA                 ΔA                  δε   
#                                                 
#----------------------------------------------------------------------------------------
forward:               0.0000              0.0000              0.0000              0.0000  
forward:               0.0500              1.3797              1.3797              0.0131  
forward:               0.1000              0.7538              2.1335              0.0164  
forward:               0.1500              0.3889              2.5225              0.0176  
forward:               0.2000              0.2256              2.7481              0.0187  
forward:               0.2500              0.1252              2.8733              0.0193  
forward:               0.3000              0.0668              2.9401              0.0197  
forward:               0.3500              0.0319              2.9720              0.0200  
forward:               0.4000             -0.0020              2.9700              0.0203  
forward:               0.4500             -0.0295              2.9404              0.0205  
forward:               0.5000             -0.0416              2.8989              0.0207  
forward:               0.5500             -0.1173              2.7816              0.0211  
forward:               0.6000             -0.2716              2.5101              0.0214  
forward:               0.6500             -0.4191              2.0910              0.0217  
forward:               0.7000             -0.5542              1.5368              0.0220  
forward:               0.7500             -0.6702              0.8666              0.0224  
forward:               0.8000             -0.7302              0.1363              0.0227  
forward:               0.8500             -0.7658             -0.6295              0.0229  
forward:               0.9000             -0.7899             -1.4194              0.0232  
forward:               0.9500             -0.7938             -2.2132              0.0235  
forward:               1.0000             -0.7991             -3.0123              0.0237  
backward:              1.0000              0.0000             -3.0123              0.0000  
backward:              0.9500              0.7932             -2.2190              0.0041  
backward:              0.9000              0.8047             -1.4144              0.0057  
backward:              0.8500              0.7770             -0.6374              0.0073  
backward:              0.8000              0.7717              0.1344              0.0083  
backward:              0.7500              0.7280              0.8623              0.0094  
backward:              0.7000              0.6617              1.5240              0.0103  
backward:              0.6500              0.5540              2.0780              0.0114  
backward:              0.6000              0.4214              2.4995              0.0122  
backward:              0.5500              0.2751              2.7746              0.0130  
backward:              0.5000              0.1084              2.8830              0.0137  
backward:              0.4500              0.0419              2.9249              0.0141  
backward:              0.4000              0.0191              2.9441              0.0147  
backward:              0.3500              0.0056              2.9496              0.0152  
backward:              0.3000             -0.0278              2.9218              0.0159  
backward:              0.2500             -0.0619              2.8599              0.0166  
backward:              0.2000             -0.1231              2.7368              0.0172  
backward:              0.1500             -0.2329              2.5039              0.0210  
backward:              0.1000             -0.4083              2.0956              0.0245  
backward:              0.0500             -0.7640              1.3317              0.0312  
backward:              0.0000             -1.6109             -0.2792              0.1896  
Inaccuracy estimation
======================================================================================================
                   i        i+δi          P0_overlap_P1   δε(forward)/ε   δε(backward)/ε
======================================================================================================
inaccuracy:  0.00000        0.05000           39.63           -0.04            1.36
inaccuracy:  0.05000        0.10000           50.77           -0.03            0.82
inaccuracy:  0.10000        0.15000           61.82           -0.01            0.42
inaccuracy:  0.15000        0.20000           66.82           -0.01            0.26
inaccuracy:  0.20000        0.25000           70.47           -0.01            0.18
inaccuracy:  0.25000        0.30000           72.45           -0.02            0.14
inaccuracy:  0.30000        0.35000           73.22           -0.01            0.12
inaccuracy:  0.35000        0.40000           74.67           -0.01            0.10
inaccuracy:  0.40000        0.45000           76.23           -0.01            0.09
inaccuracy:  0.45000        0.50000           75.72           -0.01            0.10
inaccuracy:  0.50000        0.55000           69.96           -0.06            0.11
inaccuracy:  0.55000        0.60000           69.86           -0.08            0.09
inaccuracy:  0.60000        0.65000           69.10           -0.08            0.08
inaccuracy:  0.65000        0.70000           69.55           -0.08            0.07
inaccuracy:  0.70000        0.75000           70.61           -0.07            0.06
inaccuracy:  0.75000        0.80000           70.07           -0.07            0.05
inaccuracy:  0.80000        0.85000           70.22           -0.08            0.05
inaccuracy:  0.85000        0.90000           70.48           -0.07            0.05
inaccuracy:  0.90000        0.95000           69.37           -0.07            0.05
inaccuracy:  0.95000        1.00000           69.98           -0.06            0.06
===================================================================================================================================
                BAR        
-----------------------------------------------------------------------------------------------------------------------------------
BAR-estimator:         λ             λ+δλ          ΔΔA             ΔA            C               Δδe            δe       
                          
-----------------------------------------------------------------------------------------------------------------------------------
BAR-estimator:      0.00000        0.05000        1.3831         1.3831         1.3831         0.0068         0.0068 
BAR-estimator:      0.05000        0.10000        0.7576         2.1407         0.7576         0.0059         0.0090 
BAR-estimator:      0.10000        0.15000        0.3948         2.5355         0.3948         0.0044         0.0101 
BAR-estimator:      0.15000        0.20000        0.2234         2.7589         0.2234         0.0035         0.0106 
BAR-estimator:      0.20000        0.25000        0.1265         2.8853         0.1265         0.0032         0.0111 
BAR-estimator:      0.25000        0.30000        0.0660         2.9514         0.0660         0.0029         0.0115 
BAR-estimator:      0.30000        0.35000        0.0301         2.9814         0.0301         0.0024         0.0117 
BAR-estimator:      0.35000        0.40000       -0.0025         2.9789        -0.0025         0.0023         0.0119 
BAR-estimator:      0.40000        0.45000       -0.0265         2.9525        -0.0265         0.0026         0.0122 
BAR-estimator:      0.45000        0.50000       -0.0405         2.9119        -0.0405         0.0021         0.0124 
BAR-estimator:      0.50000        0.55000       -0.1151         2.7968        -0.1151         0.0022         0.0126 
BAR-estimator:      0.55000        0.60000       -0.2751         2.5217        -0.2751         0.0026         0.0129 
BAR-estimator:      0.60000        0.65000       -0.4227         2.0990        -0.4227         0.0028         0.0131 
BAR-estimator:      0.65000        0.70000       -0.5577         1.5413        -0.5577         0.0026         0.0134 
BAR-estimator:      0.70000        0.75000       -0.6673         0.8740        -0.6673         0.0027         0.0137 
BAR-estimator:      0.75000        0.80000       -0.7294         0.1447        -0.7294         0.0026         0.0139 
BAR-estimator:      0.80000        0.85000       -0.7673        -0.6226        -0.7673         0.0025         0.0141 
BAR-estimator:      0.85000        0.90000       -0.7882        -1.4108        -0.7882         0.0026         0.0144 
BAR-estimator:      0.90000        0.95000       -0.7973        -2.2081        -0.7973         0.0026         0.0146 
BAR-estimator:      0.95000        1.00000       -0.7972        -3.0053        -0.7972         0.0023         0.0148 
BAR-estimator: total free energy change is -3.0053112295203404 , total error is 0.014781866554810421
