#========================================================================================
#                     Free energy perturbation    
#----------------------------------------------------------------------------------------
#forward/backward          λ              ΔΔA                 ΔA                  δε   
#                                                 
#----------------------------------------------------------------------------------------
forward:               0.0000              0.0000              0.0000              0.0000  
forward:               0.0500              1.1252              1.1252              0.0121  
forward:               0.1000              0.6050              1.7302              0.0153  
forward:               0.1500              0.2764              2.0066              0.0168  
forward:               0.2000              0.1314              2.1380              0.0173  
forward:               0.2500              0.0520              2.1900              0.0177  
forward:               0.3000              0.0089              2.1989              0.0181  
forward:               0.3500             -0.0228              2.1761              0.0184  
forward:               0.4000             -0.0540              2.1221              0.0186  
forward:               0.4500             -0.0680              2.0541              0.0188  
forward:               0.5000             -0.0812              1.9729              0.0190  
forward:               0.5500             -0.1942              1.7787              0.0193  
forward:               0.6000             -0.4042              1.3745              0.0199  
forward:               0.6500             -0.6357              0.7388              0.0206  
forward:               0.7000             -0.8426             -0.1038              0.0213  
forward:               0.7500             -0.9751             -1.0789              0.0220  
forward:               0.8000             -1.0130             -2.0920              0.0223  
forward:               0.8500             -0.9840             -3.0760              0.0227  
forward:               0.9000             -0.9398             -4.0158              0.0229  
forward:               0.9500             -0.8881             -4.9040              0.0231  
forward:               1.0000             -0.8328             -5.7367              0.0233  
backward:              1.0000              0.0000             -5.7367              0.0000  
backward:              0.9500              0.8333             -4.9034              0.0040  
backward:              0.9000              0.8821             -4.0213              0.0058  
backward:              0.8500              0.9353             -3.0861              0.0072  
backward:              0.8000              0.9859             -2.1001              0.0087  
backward:              0.7500              1.0030             -1.0971              0.0099  
backward:              0.7000              0.9714             -0.1257              0.0116  
backward:              0.6500              0.8295              0.7038              0.0133  
backward:              0.6000              0.6565              1.3603              0.0145  
backward:              0.5500              0.4317              1.7920              0.0156  
backward:              0.5000              0.1901              1.9821              0.0164  
backward:              0.4500              0.0831              2.0652              0.0168  
backward:              0.4000              0.0695              2.1347              0.0172  
backward:              0.3500              0.0507              2.1854              0.0176  
backward:              0.3000              0.0214              2.2068              0.0180  
backward:              0.2500             -0.0095              2.1973              0.0185  
backward:              0.2000             -0.0530              2.1443              0.0195  
backward:              0.1500             -0.1431              2.0012              0.0204  
backward:              0.1000             -0.2782              1.7230              0.0231  
backward:              0.0500             -0.6003              1.1227              0.0291  
backward:              0.0000             -1.0976              0.0251              0.0327  
Inaccuracy estimation
======================================================================================================
                   i        i+δi          P0_overlap_P1   δε(forward)/ε   δε(backward)/ε
======================================================================================================
inaccuracy:  0.00000        0.05000           44.03           -0.04            1.05
inaccuracy:  0.05000        0.10000           52.32           -0.03            0.74
inaccuracy:  0.10000        0.15000           63.92           -0.01            0.36
inaccuracy:  0.15000        0.20000           70.26           -0.01            0.21
inaccuracy:  0.20000        0.25000           72.67           -0.01            0.15
inaccuracy:  0.25000        0.30000           74.03           -0.01            0.12
inaccuracy:  0.30000        0.35000           75.01           -0.01            0.10
inaccuracy:  0.35000        0.40000           76.47           -0.01            0.09
inaccuracy:  0.40000        0.45000           75.75           -0.01            0.09
inaccuracy:  0.45000        0.50000           77.03           -0.01            0.08
inaccuracy:  0.50000        0.55000           68.09           -0.09            0.11
inaccuracy:  0.55000        0.60000           65.80           -0.14            0.09
inaccuracy:  0.60000        0.65000           63.60           -0.17            0.07
inaccuracy:  0.65000        0.70000           65.61           -0.11            0.06
inaccuracy:  0.70000        0.75000           67.13           -0.11            0.04
inaccuracy:  0.75000        0.80000           68.74           -0.10            0.04
inaccuracy:  0.80000        0.85000           67.40           -0.10            0.05
inaccuracy:  0.85000        0.90000           67.62           -0.10            0.06
inaccuracy:  0.90000        0.95000           67.03           -0.09            0.07
inaccuracy:  0.95000        1.00000           66.37           -0.08            0.08
===================================================================================================================================
                BAR        
-----------------------------------------------------------------------------------------------------------------------------------
BAR-estimator:         λ             λ+δλ          ΔΔA             ΔA            C               Δδe            δe       
                          
-----------------------------------------------------------------------------------------------------------------------------------
BAR-estimator:      0.00000        0.05000        1.1307         1.1307         1.1307         0.0065         0.0065 
BAR-estimator:      0.05000        0.10000        0.6008         1.7315         0.6008         0.0058         0.0087 
BAR-estimator:      0.10000        0.15000        0.2759         2.0074         0.2759         0.0047         0.0099 
BAR-estimator:      0.15000        0.20000        0.1361         2.1435         0.1361         0.0033         0.0104 
BAR-estimator:      0.20000        0.25000        0.0534         2.1969         0.0534         0.0028         0.0108 
BAR-estimator:      0.25000        0.30000        0.0097         2.2066         0.0097         0.0029         0.0112 
BAR-estimator:      0.30000        0.35000       -0.0216         2.1850        -0.0216         0.0026         0.0115 
BAR-estimator:      0.35000        0.40000       -0.0523         2.1327        -0.0523         0.0024         0.0117 
BAR-estimator:      0.40000        0.45000       -0.0695         2.0632        -0.0695         0.0021         0.0119 
BAR-estimator:      0.45000        0.50000       -0.0806         1.9825        -0.0806         0.0020         0.0121 
BAR-estimator:      0.50000        0.55000       -0.1993         1.7833        -0.1993         0.0026         0.0124 
BAR-estimator:      0.55000        0.60000       -0.4239         1.3593        -0.4239         0.0029         0.0127 
BAR-estimator:      0.60000        0.65000       -0.6529         0.7064        -0.6529         0.0031         0.0131 
BAR-estimator:      0.65000        0.70000       -0.8354        -0.1290        -0.8354         0.0033         0.0135 
BAR-estimator:      0.70000        0.75000       -0.9733        -1.1023        -0.9733         0.0028         0.0138 
BAR-estimator:      0.75000        0.80000       -1.0087        -2.1110        -1.0087         0.0026         0.0140 
BAR-estimator:      0.80000        0.85000       -0.9845        -3.0955        -0.9845         0.0025         0.0142 
BAR-estimator:      0.85000        0.90000       -0.9368        -4.0323        -0.9368         0.0025         0.0144 
BAR-estimator:      0.90000        0.95000       -0.8865        -4.9189        -0.8865         0.0026         0.0147 
BAR-estimator:      0.95000        1.00000       -0.8311        -5.7500        -0.8311         0.0028         0.0149 
BAR-estimator: total free energy change is -5.749967131112222 , total error is 0.014935180621626461
