#========================================================================================
#                     Free energy perturbation    
#----------------------------------------------------------------------------------------
#forward/backward          λ              ΔΔA                 ΔA                  δε   
#                                                 
#----------------------------------------------------------------------------------------
forward:               0.0000              0.0000              0.0000              0.0000  
forward:               0.0500              2.2499              2.2499              0.0194  
forward:               0.1000              1.2683              3.5183              0.0256  
forward:               0.1500              0.6543              4.1726              0.0274  
forward:               0.2000              0.3264              4.4990              0.0285  
forward:               0.2500              0.1313              4.6303              0.0291  
forward:               0.3000              0.0165              4.6469              0.0296  
forward:               0.3500             -0.0471              4.5997              0.0299  
forward:               0.4000             -0.1065              4.4932              0.0302  
forward:               0.4500             -0.1407              4.3526              0.0304  
forward:               0.5000             -0.1678              4.1847              0.0306  
forward:               0.5500             -0.3968              3.7879              0.0310  
forward:               0.6000             -0.7583              3.0296              0.0315  
forward:               0.6500             -1.0630              1.9666              0.0320  
forward:               0.7000             -1.3305              0.6361              0.0328  
forward:               0.7500             -1.4848             -0.8487              0.0333  
forward:               0.8000             -1.5430             -2.3916              0.0337  
forward:               0.8500             -1.5506             -3.9422              0.0339  
forward:               0.9000             -1.5325             -5.4747              0.0343  
forward:               0.9500             -1.5115             -6.9863              0.0345  
forward:               1.0000             -1.4673             -8.4536              0.0347  
backward:              1.0000              0.0000             -8.4536              0.0000  
backward:              0.9500              1.4695             -6.9840              0.0057  
backward:              0.9000              1.5023             -5.4818              0.0081  
backward:              0.8500              1.5239             -3.9579              0.0103  
backward:              0.8000              1.5368             -2.4211              0.0119  
backward:              0.7500              1.5492             -0.8719              0.0136  
backward:              0.7000              1.4844              0.6125              0.0149  
backward:              0.6500              1.3247              1.9372              0.0162  
backward:              0.6000              1.0639              3.0011              0.0172  
backward:              0.5500              0.7577              3.7588              0.0181  
backward:              0.5000              0.4029              4.1617              0.0190  
backward:              0.4500              0.1754              4.3371              0.0195  
backward:              0.4000              0.1515              4.4886              0.0201  
backward:              0.3500              0.1190              4.6076              0.0206  
backward:              0.3000              0.0588              4.6664              0.0214  
backward:              0.2500             -0.0261              4.6404              0.0222  
backward:              0.2000             -0.1226              4.5178              0.0236  
backward:              0.1500             -0.3255              4.1923              0.0269  
backward:              0.1000             -0.6568              3.5356              0.0322  
backward:              0.0500             -1.3081              2.2275              0.0407  
backward:              0.0000             -2.1643              0.0632              0.0523  
Inaccuracy estimation
======================================================================================================
                   i        i+δi          P0_overlap_P1   δε(forward)/ε   δε(backward)/ε
======================================================================================================
inaccuracy:  0.00000        0.05000           28.57            0.04            2.65
inaccuracy:  0.05000        0.10000           39.27           -0.06            1.59
inaccuracy:  0.10000        0.15000           49.13           -0.06            0.80
inaccuracy:  0.15000        0.20000           56.93           -0.04            0.46
inaccuracy:  0.20000        0.25000           62.69           -0.03            0.29
inaccuracy:  0.25000        0.30000           66.96           -0.02            0.20
inaccuracy:  0.30000        0.35000           67.48           -0.03            0.17
inaccuracy:  0.35000        0.40000           69.19           -0.02            0.15
inaccuracy:  0.40000        0.45000           70.10           -0.03            0.13
inaccuracy:  0.45000        0.50000           70.28           -0.03            0.11
inaccuracy:  0.50000        0.55000           59.51           -0.15            0.18
inaccuracy:  0.55000        0.60000           60.82           -0.18            0.11
inaccuracy:  0.60000        0.65000           60.10           -0.24            0.06
inaccuracy:  0.65000        0.70000           60.54           -0.24            0.03
inaccuracy:  0.70000        0.75000           60.68           -0.22            0.01
inaccuracy:  0.75000        0.80000           60.50           -0.24            0.01
inaccuracy:  0.80000        0.85000           60.97           -0.21            0.02
inaccuracy:  0.85000        0.90000           59.79           -0.22            0.02
inaccuracy:  0.90000        0.95000           59.27           -0.21            0.04
inaccuracy:  0.95000        1.00000           58.75           -0.22            0.05
===================================================================================================================================
                BAR        
-----------------------------------------------------------------------------------------------------------------------------------
BAR-estimator:         λ             λ+δλ          ΔΔA             ΔA            C               Δδe            δe       
                          
-----------------------------------------------------------------------------------------------------------------------------------
BAR-estimator:      0.00000        0.05000        2.2287         2.2287         2.2287         0.0083         0.0083 
BAR-estimator:      0.05000        0.10000        1.2887         3.5174         1.2887         0.0102         0.0132 
BAR-estimator:      0.10000        0.15000        0.6548         4.1722         0.6548         0.0061         0.0145 
BAR-estimator:      0.15000        0.20000        0.3286         4.5008         0.3286         0.0051         0.0154 
BAR-estimator:      0.20000        0.25000        0.1299         4.6307         0.1299         0.0039         0.0159 
BAR-estimator:      0.25000        0.30000        0.0242         4.6549         0.0242         0.0035         0.0163 
BAR-estimator:      0.30000        0.35000       -0.0514         4.6035        -0.0514         0.0031         0.0166 
BAR-estimator:      0.35000        0.40000       -0.1103         4.4932        -0.1103         0.0030         0.0168 
BAR-estimator:      0.40000        0.45000       -0.1432         4.3500        -0.1432         0.0025         0.0170 
BAR-estimator:      0.45000        0.50000       -0.1724         4.1776        -0.1724         0.0024         0.0172 
BAR-estimator:      0.50000        0.55000       -0.3983         3.7793        -0.3983         0.0030         0.0174 
BAR-estimator:      0.55000        0.60000       -0.7546         3.0247        -0.7546         0.0032         0.0177 
BAR-estimator:      0.60000        0.65000       -1.0604         1.9643        -1.0604         0.0034         0.0180 
BAR-estimator:      0.65000        0.70000       -1.3257         0.6387        -1.3257         0.0036         0.0184 
BAR-estimator:      0.70000        0.75000       -1.4816        -0.8430        -1.4816         0.0035         0.0187 
BAR-estimator:      0.75000        0.80000       -1.5467        -2.3897        -1.5467         0.0034         0.0190 
BAR-estimator:      0.80000        0.85000       -1.5453        -3.9350        -1.5453         0.0034         0.0193 
BAR-estimator:      0.85000        0.90000       -1.5295        -5.4646        -1.5295         0.0039         0.0197 
BAR-estimator:      0.90000        0.95000       -1.5053        -6.9699        -1.5053         0.0034         0.0200 
BAR-estimator:      0.95000        1.00000       -1.4667        -8.4366        -1.4667         0.0030         0.0202 
BAR-estimator: total free energy change is -8.436557450267902 , total error is 0.020247861723209803
