#========================================================================================
#                     Free energy perturbation    
#----------------------------------------------------------------------------------------
#forward/backward          λ              ΔΔA                 ΔA                  δε   
#                                                 
#----------------------------------------------------------------------------------------
forward:               0.0000              0.0000              0.0000              0.0000  
forward:               0.0500              2.0985              2.0985              0.0214  
forward:               0.1000              1.2231              3.3216              0.0259  
forward:               0.1500              0.6185              3.9401              0.0280  
forward:               0.2000              0.2844              4.2245              0.0291  
forward:               0.2500              0.1007              4.3253              0.0295  
forward:               0.3000             -0.0171              4.3082              0.0300  
forward:               0.3500             -0.0916              4.2166              0.0303  
forward:               0.4000             -0.1361              4.0805              0.0306  
forward:               0.4500             -0.1863              3.8942              0.0308  
forward:               0.5000             -0.2163              3.6778              0.0314  
forward:               0.5500             -0.3778              3.3000              0.0317  
forward:               0.6000             -0.6096              2.6905              0.0320  
forward:               0.6500             -0.7981              1.8923              0.0322  
forward:               0.7000             -0.9337              0.9586              0.0325  
forward:               0.7500             -1.0275             -0.0689              0.0327  
forward:               0.8000             -1.1015             -1.1704              0.0329  
forward:               0.8500             -1.1467             -2.3170              0.0331  
forward:               0.9000             -1.1452             -3.4622              0.0333  
forward:               0.9500             -1.1689             -4.6312              0.0334  
forward:               1.0000             -1.1729             -5.8041              0.0336  
backward:              1.0000              0.0000             -5.8041              0.0000  
backward:              0.9500              1.1628             -4.6414              0.0045  
backward:              0.9000              1.1579             -3.4835              0.0064  
backward:              0.8500              1.1652             -2.3182              0.0077  
backward:              0.8000              1.1407             -1.1775              0.0089  
backward:              0.7500              1.1040             -0.0736              0.0098  
backward:              0.7000              1.0341              0.9605              0.0108  
backward:              0.6500              0.9209              1.8815              0.0121  
backward:              0.6000              0.7902              2.6717              0.0132  
backward:              0.5500              0.5890              3.2607              0.0145  
backward:              0.5000              0.3603              3.6210              0.0154  
backward:              0.4500              0.2240              3.8450              0.0160  
backward:              0.4000              0.1822              4.0272              0.0166  
backward:              0.3500              0.1316              4.1587              0.0178  
backward:              0.3000              0.0805              4.2392              0.0188  
backward:              0.2500              0.0219              4.2611              0.0198  
backward:              0.2000             -0.1059              4.1552              0.0213  
backward:              0.1500             -0.2818              3.8734              0.0235  
backward:              0.1000             -0.6332              3.2403              0.0492  
backward:              0.0500             -1.2268              2.0135              0.0548  
backward:              0.0000             -2.0759             -0.0624              0.0618  
Inaccuracy estimation
======================================================================================================
                   i        i+δi          P0_overlap_P1   δε(forward)/ε   δε(backward)/ε
======================================================================================================
inaccuracy:  0.00000        0.05000           30.16            0.01            2.47
inaccuracy:  0.05000        0.10000           39.16           -0.08            1.54
inaccuracy:  0.10000        0.15000           49.31           -0.05            0.78
inaccuracy:  0.15000        0.20000           57.63           -0.03            0.43
inaccuracy:  0.20000        0.25000           63.05           -0.03            0.27
inaccuracy:  0.25000        0.30000           65.48           -0.02            0.21
inaccuracy:  0.30000        0.35000           68.48           -0.03            0.16
inaccuracy:  0.35000        0.40000           68.78           -0.03            0.14
inaccuracy:  0.40000        0.45000           70.50           -0.03            0.12
inaccuracy:  0.45000        0.50000           70.62           -0.03            0.12
inaccuracy:  0.50000        0.55000           63.77           -0.10            0.15
inaccuracy:  0.55000        0.60000           65.53           -0.12            0.10
inaccuracy:  0.60000        0.65000           65.62           -0.12            0.07
inaccuracy:  0.65000        0.70000           65.60           -0.11            0.06
inaccuracy:  0.70000        0.75000           65.21           -0.12            0.05
inaccuracy:  0.75000        0.80000           66.12           -0.11            0.04
inaccuracy:  0.80000        0.85000           66.14           -0.10            0.04
inaccuracy:  0.85000        0.90000           64.43           -0.13            0.04
inaccuracy:  0.90000        0.95000           65.47           -0.13            0.04
inaccuracy:  0.95000        1.00000           64.22           -0.12            0.05
===================================================================================================================================
                BAR        
-----------------------------------------------------------------------------------------------------------------------------------
BAR-estimator:         λ             λ+δλ          ΔΔA             ΔA            C               Δδe            δe       
                          
-----------------------------------------------------------------------------------------------------------------------------------
BAR-estimator:      0.00000        0.05000        2.1166         2.1166         2.1166         0.0090         0.0090 
BAR-estimator:      0.05000        0.10000        1.2304         3.3470         1.2304         0.0081         0.0121 
BAR-estimator:      0.10000        0.15000        0.6110         3.9580         0.6110         0.0066         0.0138 
BAR-estimator:      0.15000        0.20000        0.2819         4.2399         0.2819         0.0047         0.0146 
BAR-estimator:      0.20000        0.25000        0.1036         4.3435         0.1036         0.0034         0.0150 
BAR-estimator:      0.25000        0.30000       -0.0195         4.3240        -0.0195         0.0036         0.0154 
BAR-estimator:      0.30000        0.35000       -0.0883         4.2357        -0.0883         0.0030         0.0157 
BAR-estimator:      0.35000        0.40000       -0.1374         4.0983        -0.1374         0.0024         0.0159 
BAR-estimator:      0.40000        0.45000       -0.1856         3.9127        -0.1856         0.0026         0.0161 
BAR-estimator:      0.45000        0.50000       -0.2184         3.6943        -0.2184         0.0023         0.0162 
BAR-estimator:      0.50000        0.55000       -0.3694         3.3249        -0.3694         0.0032         0.0165 
BAR-estimator:      0.55000        0.60000       -0.6042         2.7207        -0.6042         0.0027         0.0168 
BAR-estimator:      0.60000        0.65000       -0.7940         1.9267        -0.7940         0.0028         0.0170 
BAR-estimator:      0.65000        0.70000       -0.9291         0.9975        -0.9291         0.0029         0.0173 
BAR-estimator:      0.70000        0.75000       -1.0308        -0.0333        -1.0308         0.0028         0.0175 
BAR-estimator:      0.75000        0.80000       -1.1008        -1.1341        -1.1008         0.0027         0.0177 
BAR-estimator:      0.80000        0.85000       -1.1418        -2.2759        -1.1418         0.0030         0.0179 
BAR-estimator:      0.85000        0.90000       -1.1515        -3.4274        -1.1515         0.0028         0.0181 
BAR-estimator:      0.90000        0.95000       -1.1642        -4.5916        -1.1642         0.0031         0.0184 
BAR-estimator:      0.95000        1.00000       -1.1665        -5.7581        -1.1665         0.0030         0.0186 
BAR-estimator: total free energy change is -5.758087149011864 , total error is 0.018644002024754427
