#========================================================================================
#                     Free energy perturbation    
#----------------------------------------------------------------------------------------
#forward/backward          λ              ΔΔA                 ΔA                  δε   
#                                                 
#----------------------------------------------------------------------------------------
forward:               0.0000              0.0000              0.0000              0.0000  
forward:               0.0500              1.3667              1.3667              0.0140  
forward:               0.1000              0.7272              2.0939              0.0165  
forward:               0.1500              0.3447              2.4386              0.0180  
forward:               0.2000              0.1523              2.5909              0.0188  
forward:               0.2500              0.0533              2.6442              0.0194  
forward:               0.3000             -0.0195              2.6248              0.0197  
forward:               0.3500             -0.0653              2.5595              0.0200  
forward:               0.4000             -0.0944              2.4650              0.0201  
forward:               0.4500             -0.1264              2.3386              0.0203  
forward:               0.5000             -0.1483              2.1903              0.0204  
forward:               0.5500             -0.4987              1.6916              0.0210  
forward:               0.6000             -1.0177              0.6739              0.0218  
forward:               0.6500             -1.4869             -0.8131              0.0227  
forward:               0.7000             -1.8688             -2.6818              0.0236  
forward:               0.7500             -2.0980             -4.7798              0.0243  
forward:               0.8000             -2.2131             -6.9929              0.0248  
forward:               0.8500             -2.2561             -9.2490              0.0255  
forward:               0.9000             -2.2360            -11.4850              0.0259  
forward:               0.9500             -2.2046            -13.6895              0.0261  
forward:               1.0000             -2.1671            -15.8567              0.0264  
backward:              1.0000              0.0000            -15.8567              0.0000  
backward:              0.9500              2.1548            -13.7019              0.0113  
backward:              0.9000              2.1945            -11.5074              0.0146  
backward:              0.8500              2.2296             -9.2779              0.0165  
backward:              0.8000              2.2595             -7.0183              0.0175  
backward:              0.7500              2.2176             -4.8008              0.0187  
backward:              0.7000              2.1129             -2.6878              0.0196  
backward:              0.6500              1.8586             -0.8292              0.0207  
backward:              0.6000              1.4733              0.6441              0.0216  
backward:              0.5500              1.0202              1.6644              0.0224  
backward:              0.5000              0.4942              2.1585              0.0235  
backward:              0.4500              0.1479              2.3064              0.0237  
backward:              0.4000              0.1196              2.4260              0.0240  
backward:              0.3500              0.0991              2.5251              0.0242  
backward:              0.3000              0.0648              2.5899              0.0246  
backward:              0.2500              0.0214              2.6113              0.0249  
backward:              0.2000             -0.0494              2.5619              0.0257  
backward:              0.1500             -0.1392              2.4227              0.0265  
backward:              0.1000             -0.3247              2.0980              0.0282  
backward:              0.0500             -0.6915              1.4065              0.0324  
backward:              0.0000             -1.3565              0.0499              0.0374  
Inaccuracy estimation
======================================================================================================
                   i        i+δi          P0_overlap_P1   δε(forward)/ε   δε(backward)/ε
======================================================================================================
inaccuracy:  0.00000        0.05000           39.55           -0.04            1.37
inaccuracy:  0.05000        0.10000           49.31           -0.04            0.88
inaccuracy:  0.10000        0.15000           59.09           -0.02            0.43
inaccuracy:  0.15000        0.20000           66.45           -0.02            0.25
inaccuracy:  0.20000        0.25000           70.23           -0.01            0.17
inaccuracy:  0.25000        0.30000           72.83           -0.02            0.13
inaccuracy:  0.30000        0.35000           74.91           -0.01            0.10
inaccuracy:  0.35000        0.40000           74.77           -0.02            0.09
inaccuracy:  0.40000        0.45000           76.63           -0.02            0.08
inaccuracy:  0.45000        0.50000           77.11           -0.01            0.08
inaccuracy:  0.50000        0.55000           57.98           -0.20            0.17
inaccuracy:  0.55000        0.60000           58.23           -0.27            0.07
inaccuracy:  0.60000        0.65000           58.47           -0.31            0.01
inaccuracy:  0.65000        0.70000           58.70           -0.30           -0.04
inaccuracy:  0.70000        0.75000           59.18           -0.33           -0.07
inaccuracy:  0.75000        0.80000           59.43           -0.32           -0.08
inaccuracy:  0.80000        0.85000           59.29           -0.28           -0.08
inaccuracy:  0.85000        0.90000           58.67           -0.31           -0.07
inaccuracy:  0.90000        0.95000           57.19           -0.29           -0.06
inaccuracy:  0.95000        1.00000           56.25           -0.30           -0.05
===================================================================================================================================
                BAR        
-----------------------------------------------------------------------------------------------------------------------------------
BAR-estimator:         λ             λ+δλ          ΔΔA             ΔA            C               Δδe            δe       
                          
-----------------------------------------------------------------------------------------------------------------------------------
BAR-estimator:      0.00000        0.05000        1.3769         1.3769         1.3769         0.0070         0.0070 
BAR-estimator:      0.05000        0.10000        0.7191         2.0960         0.7191         0.0062         0.0093 
BAR-estimator:      0.10000        0.15000        0.3368         2.4328         0.3368         0.0048         0.0105 
BAR-estimator:      0.15000        0.20000        0.1488         2.5816         0.1488         0.0037         0.0111 
BAR-estimator:      0.20000        0.25000        0.0518         2.6334         0.0518         0.0034         0.0116 
BAR-estimator:      0.25000        0.30000       -0.0192         2.6143        -0.0192         0.0024         0.0119 
BAR-estimator:      0.30000        0.35000       -0.0650         2.5493        -0.0650         0.0025         0.0121 
BAR-estimator:      0.35000        0.40000       -0.0966         2.4527        -0.0966         0.0019         0.0123 
BAR-estimator:      0.40000        0.45000       -0.1254         2.3273        -0.1254         0.0016         0.0124 
BAR-estimator:      0.45000        0.50000       -0.1471         2.1801        -0.1471         0.0019         0.0125 
BAR-estimator:      0.50000        0.55000       -0.4961         1.6841        -0.4961         0.0031         0.0129 
BAR-estimator:      0.55000        0.60000       -1.0185         0.6655        -1.0185         0.0037         0.0134 
BAR-estimator:      0.60000        0.65000       -1.4791        -0.8136        -1.4791         0.0032         0.0138 
BAR-estimator:      0.65000        0.70000       -1.8625        -2.6761        -1.8625         0.0036         0.0142 
BAR-estimator:      0.70000        0.75000       -2.1028        -4.7789        -2.1028         0.0035         0.0147 
BAR-estimator:      0.75000        0.80000       -2.2141        -6.9930        -2.2141         0.0034         0.0151 
BAR-estimator:      0.80000        0.85000       -2.2551        -9.2481        -2.2551         0.0035         0.0155 
BAR-estimator:      0.85000        0.90000       -2.2344       -11.4825        -2.2344         0.0033         0.0158 
BAR-estimator:      0.90000        0.95000       -2.2041       -13.6866        -2.2041         0.0036         0.0162 
BAR-estimator:      0.95000        1.00000       -2.1644       -15.8510        -2.1644         0.0036         0.0166 
BAR-estimator: total free energy change is -15.850991825999655 , total error is 0.016616167416961116
