#========================================================================================
#                     Free energy perturbation    
#----------------------------------------------------------------------------------------
#forward/backward          λ              ΔΔA                 ΔA                  δε   
#                                                 
#----------------------------------------------------------------------------------------
forward:               0.0000              0.0000              0.0000              0.0000  
forward:               0.0500              1.9242              1.9242              0.0175  
forward:               0.1000              1.0058              2.9300              0.0227  
forward:               0.1500              0.4905              3.4205              0.0244  
forward:               0.2000              0.2483              3.6688              0.0252  
forward:               0.2500              0.1371              3.8059              0.0257  
forward:               0.3000              0.0499              3.8559              0.0261  
forward:               0.3500             -0.0008              3.8551              0.0263  
forward:               0.4000             -0.0434              3.8117              0.0266  
forward:               0.4500             -0.0703              3.7414              0.0268  
forward:               0.5000             -0.0942              3.6472              0.0270  
forward:               0.5500             -0.1473              3.4999              0.0272  
forward:               0.6000             -0.2806              3.2193              0.0274  
forward:               0.6500             -0.3758              2.8435              0.0276  
forward:               0.7000             -0.4577              2.3859              0.0278  
forward:               0.7500             -0.5205              1.8654              0.0280  
forward:               0.8000             -0.5761              1.2892              0.0282  
forward:               0.8500             -0.6172              0.6720              0.0284  
forward:               0.9000             -0.6577              0.0142              0.0286  
forward:               0.9500             -0.6782             -0.6640              0.0287  
forward:               1.0000             -0.6973             -1.3612              0.0289  
backward:              1.0000              0.0000             -1.3612              0.0000  
backward:              0.9500              0.6989             -0.6623              0.0034  
backward:              0.9000              0.6766              0.0143              0.0050  
backward:              0.8500              0.6596              0.6739              0.0062  
backward:              0.8000              0.6129              1.2868              0.0073  
backward:              0.7500              0.5719              1.8587              0.0082  
backward:              0.7000              0.5187              2.3775              0.0093  
backward:              0.6500              0.4547              2.8321              0.0099  
backward:              0.6000              0.3722              3.2043              0.0106  
backward:              0.5500              0.2786              3.4829              0.0118  
backward:              0.5000              0.1538              3.6367              0.0124  
backward:              0.4500              0.0925              3.7293              0.0131  
backward:              0.4000              0.0729              3.8022              0.0139  
backward:              0.3500              0.0404              3.8426              0.0147  
backward:              0.3000              0.0083              3.8509              0.0154  
backward:              0.2500             -0.0497              3.8012              0.0163  
backward:              0.2000             -0.1275              3.6737              0.0174  
backward:              0.1500             -0.2648              3.4089              0.0199  
backward:              0.1000             -0.4808              2.9280              0.0232  
backward:              0.0500             -0.9783              1.9497              0.0324  
backward:              0.0000             -1.8906              0.0592              0.0492  
Inaccuracy estimation
======================================================================================================
                   i        i+δi          P0_overlap_P1   δε(forward)/ε   δε(backward)/ε
======================================================================================================
inaccuracy:  0.00000        0.05000           30.72           -0.01            2.56
inaccuracy:  0.05000        0.10000           43.63           -0.05            1.20
inaccuracy:  0.10000        0.15000           55.79           -0.03            0.56
inaccuracy:  0.15000        0.20000           64.43           -0.02            0.30
inaccuracy:  0.20000        0.25000           67.57           -0.02            0.21
inaccuracy:  0.25000        0.30000           70.94           -0.02            0.16
inaccuracy:  0.30000        0.35000           72.04           -0.01            0.13
inaccuracy:  0.35000        0.40000           73.53           -0.02            0.11
inaccuracy:  0.40000        0.45000           73.70           -0.02            0.10
inaccuracy:  0.45000        0.50000           74.57           -0.02            0.09
inaccuracy:  0.50000        0.55000           69.07           -0.05            0.11
inaccuracy:  0.55000        0.60000           71.16           -0.05            0.09
inaccuracy:  0.60000        0.65000           71.90           -0.04            0.08
inaccuracy:  0.65000        0.70000           72.09           -0.05            0.07
inaccuracy:  0.70000        0.75000           71.88           -0.05            0.06
inaccuracy:  0.75000        0.80000           72.46           -0.05            0.06
inaccuracy:  0.80000        0.85000           72.21           -0.06            0.06
inaccuracy:  0.85000        0.90000           71.77           -0.05            0.05
inaccuracy:  0.90000        0.95000           71.73           -0.06            0.05
inaccuracy:  0.95000        1.00000           71.46           -0.05            0.05
===================================================================================================================================
                BAR        
-----------------------------------------------------------------------------------------------------------------------------------
BAR-estimator:         λ             λ+δλ          ΔΔA             ΔA            C               Δδe            δe       
                          
-----------------------------------------------------------------------------------------------------------------------------------
BAR-estimator:      0.00000        0.05000        1.9106         1.9106         1.9106         0.0084         0.0084 
BAR-estimator:      0.05000        0.10000        0.9966         2.9072         0.9966         0.0077         0.0114 
BAR-estimator:      0.10000        0.15000        0.4893         3.3966         0.4893         0.0099         0.0151 
BAR-estimator:      0.15000        0.20000        0.2555         3.6521         0.2555         0.0042         0.0157 
BAR-estimator:      0.20000        0.25000        0.1336         3.7857         0.1336         0.0032         0.0160 
BAR-estimator:      0.25000        0.30000        0.0510         3.8368         0.0510         0.0030         0.0163 
BAR-estimator:      0.30000        0.35000       -0.0027         3.8341        -0.0027         0.0026         0.0165 
BAR-estimator:      0.35000        0.40000       -0.0434         3.7907        -0.0434         0.0025         0.0167 
BAR-estimator:      0.40000        0.45000       -0.0717         3.7190        -0.0717         0.0026         0.0169 
BAR-estimator:      0.45000        0.50000       -0.0932         3.6258        -0.0932         0.0022         0.0170 
BAR-estimator:      0.50000        0.55000       -0.1503         3.4755        -0.1503         0.0025         0.0172 
BAR-estimator:      0.55000        0.60000       -0.2805         3.1949        -0.2805         0.0024         0.0174 
BAR-estimator:      0.60000        0.65000       -0.3736         2.8214        -0.3736         0.0025         0.0176 
BAR-estimator:      0.65000        0.70000       -0.4555         2.3658        -0.4555         0.0024         0.0177 
BAR-estimator:      0.70000        0.75000       -0.5202         1.8456        -0.5202         0.0025         0.0179 
BAR-estimator:      0.75000        0.80000       -0.5736         1.2720        -0.5736         0.0024         0.0181 
BAR-estimator:      0.80000        0.85000       -0.6162         0.6558        -0.6162         0.0022         0.0182 
BAR-estimator:      0.85000        0.90000       -0.6579        -0.0021        -0.6579         0.0024         0.0184 
BAR-estimator:      0.90000        0.95000       -0.6783        -0.6804        -0.6783         0.0024         0.0185 
BAR-estimator:      0.95000        1.00000       -0.6987        -1.3791        -0.6987         0.0024         0.0187 
BAR-estimator: total free energy change is -1.3790946202513643 , total error is 0.018667306138243526
