#========================================================================================
#                     Free energy perturbation    
#----------------------------------------------------------------------------------------
#forward/backward          λ              ΔΔA                 ΔA                  δε   
#                                                 
#----------------------------------------------------------------------------------------
forward:               0.0000              0.0000              0.0000              0.0000  
forward:               0.0500              1.6526              1.6526              0.0149  
forward:               0.1000              1.0199              2.6725              0.0196  
forward:               0.1500              0.5749              3.2474              0.0219  
forward:               0.2000              0.3263              3.5737              0.0228  
forward:               0.2500              0.1967              3.7704              0.0231  
forward:               0.3000              0.1208              3.8912              0.0236  
forward:               0.3500              0.0738              3.9651              0.0240  
forward:               0.4000              0.0314              3.9965              0.0243  
forward:               0.4500              0.0026              3.9990              0.0246  
forward:               0.5000             -0.0211              3.9779              0.0248  
forward:               0.5500             -0.0350              3.9429              0.0250  
forward:               0.6000             -0.0483              3.8946              0.0253  
forward:               0.6500             -0.0641              3.8305              0.0254  
forward:               0.7000             -0.0776              3.7529              0.0256  
forward:               0.7500             -0.0781              3.6748              0.0258  
forward:               0.8000             -0.0925              3.5823              0.0260  
forward:               0.8500             -0.0960              3.4863              0.0261  
forward:               0.9000             -0.1029              3.3834              0.0263  
forward:               0.9500             -0.1123              3.2711              0.0264  
forward:               1.0000             -0.1152              3.1559              0.0266  
backward:              1.0000              0.0000              3.1559              0.0000  
backward:              0.9500              0.1093              3.2652              0.0052  
backward:              0.9000              0.1041              3.3693              0.0061  
backward:              0.8500              0.0965              3.4658              0.0071  
backward:              0.8000              0.0954              3.5612              0.0080  
backward:              0.7500              0.0917              3.6529              0.0089  
backward:              0.7000              0.0851              3.7380              0.0097  
backward:              0.6500              0.0680              3.8060              0.0105  
backward:              0.6000              0.0540              3.8600              0.0115  
backward:              0.5500              0.0432              3.9032              0.0132  
backward:              0.5000              0.0371              3.9403              0.0137  
backward:              0.4500              0.0230              3.9633              0.0143  
backward:              0.4000             -0.0050              3.9583              0.0148  
backward:              0.3500             -0.0302              3.9281              0.0156  
backward:              0.3000             -0.0726              3.8555              0.0168  
backward:              0.2500             -0.1234              3.7321              0.0170  
backward:              0.2000             -0.2011              3.5310              0.0189  
backward:              0.1500             -0.3225              3.2085              0.0218  
backward:              0.1000             -0.5674              2.6411              0.0256  
backward:              0.0500             -0.9638              1.6774              0.0301  
backward:              0.0000             -1.6498              0.0276              0.0417  
Inaccuracy estimation
======================================================================================================
                   i        i+δi          P0_overlap_P1   δε(forward)/ε   δε(backward)/ε
======================================================================================================
inaccuracy:  0.00000        0.05000           36.95           -0.03            1.67
inaccuracy:  0.05000        0.10000           43.64           -0.04            1.13
inaccuracy:  0.10000        0.15000           54.41           -0.03            0.63
inaccuracy:  0.15000        0.20000           61.38           -0.02            0.37
inaccuracy:  0.20000        0.25000           65.57           -0.02            0.25
inaccuracy:  0.25000        0.30000           68.57           -0.01            0.20
inaccuracy:  0.30000        0.35000           69.32           -0.02            0.17
inaccuracy:  0.35000        0.40000           70.77           -0.02            0.15
inaccuracy:  0.40000        0.45000           71.67           -0.02            0.13
inaccuracy:  0.45000        0.50000           72.15           -0.02            0.13
inaccuracy:  0.50000        0.55000           72.45           -0.02            0.12
inaccuracy:  0.55000        0.60000           72.49           -0.02            0.12
inaccuracy:  0.60000        0.65000           73.35           -0.02            0.11
inaccuracy:  0.65000        0.70000           73.77           -0.02            0.10
inaccuracy:  0.70000        0.75000           72.49           -0.02            0.11
inaccuracy:  0.75000        0.80000           73.52           -0.02            0.10
inaccuracy:  0.80000        0.85000           73.44           -0.02            0.10
inaccuracy:  0.85000        0.90000           73.21           -0.02            0.09
inaccuracy:  0.90000        0.95000           73.70           -0.02            0.10
inaccuracy:  0.95000        1.00000           73.07           -0.02            0.10
===================================================================================================================================
                BAR        
-----------------------------------------------------------------------------------------------------------------------------------
BAR-estimator:         λ             λ+δλ          ΔΔA             ΔA            C               Δδe            δe       
                          
-----------------------------------------------------------------------------------------------------------------------------------
BAR-estimator:      0.00000        0.05000        1.6507         1.6507         1.6507         0.0072         0.0072 
BAR-estimator:      0.05000        0.10000        1.0099         2.6606         1.0099         0.0072         0.0102 
BAR-estimator:      0.10000        0.15000        0.5771         3.2378         0.5771         0.0061         0.0119 
BAR-estimator:      0.15000        0.20000        0.3243         3.5620         0.3243         0.0044         0.0127 
BAR-estimator:      0.20000        0.25000        0.1970         3.7591         0.1970         0.0032         0.0131 
BAR-estimator:      0.25000        0.30000        0.1234         3.8825         0.1234         0.0032         0.0135 
BAR-estimator:      0.30000        0.35000        0.0728         3.9554         0.0728         0.0029         0.0138 
BAR-estimator:      0.35000        0.40000        0.0312         3.9866         0.0312         0.0027         0.0141 
BAR-estimator:      0.40000        0.45000        0.0035         3.9901         0.0035         0.0026         0.0143 
BAR-estimator:      0.45000        0.50000       -0.0206         3.9696        -0.0206         0.0024         0.0145 
BAR-estimator:      0.50000        0.55000       -0.0363         3.9333        -0.0363         0.0025         0.0147 
BAR-estimator:      0.55000        0.60000       -0.0486         3.8847        -0.0486         0.0023         0.0149 
BAR-estimator:      0.60000        0.65000       -0.0621         3.8225        -0.0621         0.0021         0.0150 
BAR-estimator:      0.65000        0.70000       -0.0756         3.7469        -0.0756         0.0023         0.0152 
BAR-estimator:      0.70000        0.75000       -0.0812         3.6657        -0.0812         0.0024         0.0154 
BAR-estimator:      0.75000        0.80000       -0.0925         3.5731        -0.0925         0.0025         0.0156 
BAR-estimator:      0.80000        0.85000       -0.0944         3.4788        -0.0944         0.0024         0.0158 
BAR-estimator:      0.85000        0.90000       -0.1013         3.3775        -0.1013         0.0024         0.0160 
BAR-estimator:      0.90000        0.95000       -0.1088         3.2687        -0.1088         0.0025         0.0161 
BAR-estimator:      0.95000        1.00000       -0.1140         3.1547        -0.1140         0.0022         0.0163 
BAR-estimator: total free energy change is 3.154702641870352 , total error is 0.016299220517213157
