#========================================================================================
#                     Free energy perturbation    
#----------------------------------------------------------------------------------------
#forward/backward          λ              ΔΔA                 ΔA                  δε   
#                                                 
#----------------------------------------------------------------------------------------
forward:               0.0000              0.0000              0.0000              0.0000  
forward:               0.0500              2.9215              2.9215              0.0344  
forward:               0.1000              1.6642              4.5857              0.0407  
forward:               0.1500              0.7846              5.3703              0.0430  
forward:               0.2000              0.3044              5.6746              0.0440  
forward:               0.2500              0.0648              5.7394              0.0446  
forward:               0.3000             -0.0731              5.6664              0.0450  
forward:               0.3500             -0.1560              5.5104              0.0453  
forward:               0.4000             -0.2238              5.2866              0.0455  
forward:               0.4500             -0.2768              5.0098              0.0457  
forward:               0.5000             -0.3222              4.6877              0.0459  
forward:               0.5500             -0.4578              4.2299              0.0462  
forward:               0.6000             -0.6182              3.6117              0.0464  
forward:               0.6500             -0.7310              2.8807              0.0466  
forward:               0.7000             -0.8343              2.0464              0.0468  
forward:               0.7500             -0.8989              1.1476              0.0470  
forward:               0.8000             -0.9769              0.1707              0.0472  
forward:               0.8500             -1.0205             -0.8498              0.0475  
forward:               0.9000             -1.0768             -1.9266              0.0478  
forward:               0.9500             -1.0904             -3.0170              0.0480  
forward:               1.0000             -1.1528             -4.1697              0.0487  
backward:              1.0000              0.0000             -4.1697              0.0000  
backward:              0.9500              1.1399             -3.0298              0.0090  
backward:              0.9000              1.1014             -1.9285              0.0113  
backward:              0.8500              1.0547             -0.8738              0.0137  
backward:              0.8000              1.0155              0.1416              0.0150  
backward:              0.7500              0.9647              1.1064              0.0160  
backward:              0.7000              0.9125              2.0189              0.0167  
backward:              0.6500              0.8250              2.8438              0.0177  
backward:              0.6000              0.7246              3.5685              0.0182  
backward:              0.5500              0.6143              4.1828              0.0190  
backward:              0.5000              0.4619              4.6447              0.0201  
backward:              0.4500              0.3130              4.9577              0.0207  
backward:              0.4000              0.2794              5.2371              0.0214  
backward:              0.3500              0.2208              5.4579              0.0222  
backward:              0.3000              0.1601              5.6180              0.0231  
backward:              0.2500              0.0725              5.6905              0.0245  
backward:              0.2000             -0.0697              5.6208              0.0261  
backward:              0.1500             -0.3119              5.3089              0.0317  
backward:              0.1000             -0.7814              4.5275              0.0493  
backward:              0.0500             -1.6121              2.9155              0.0565  
backward:              0.0000             -2.9010              0.0145              0.1220  
Inaccuracy estimation
======================================================================================================
                   i        i+δi          P0_overlap_P1   δε(forward)/ε   δε(backward)/ε
======================================================================================================
inaccuracy:  0.00000        0.05000           21.53            0.21            3.96
inaccuracy:  0.05000        0.10000           30.32           -0.10            2.44
inaccuracy:  0.10000        0.15000           41.49           -0.09            1.19
inaccuracy:  0.15000        0.20000           52.34           -0.06            0.60
inaccuracy:  0.20000        0.25000           58.94           -0.05            0.37
inaccuracy:  0.25000        0.30000           61.83           -0.04            0.26
inaccuracy:  0.30000        0.35000           63.98           -0.05            0.20
inaccuracy:  0.35000        0.40000           66.20           -0.04            0.16
inaccuracy:  0.40000        0.45000           66.83           -0.04            0.15
inaccuracy:  0.45000        0.50000           68.00           -0.04            0.13
inaccuracy:  0.50000        0.55000           62.42           -0.10            0.16
inaccuracy:  0.55000        0.60000           65.20           -0.10            0.11
inaccuracy:  0.60000        0.65000           65.17           -0.11            0.09
inaccuracy:  0.65000        0.70000           65.64           -0.15            0.08
inaccuracy:  0.70000        0.75000           63.52           -0.16            0.07
inaccuracy:  0.75000        0.80000           63.81           -0.15            0.07
inaccuracy:  0.80000        0.85000           61.94           -0.18            0.07
inaccuracy:  0.85000        0.90000           61.82           -0.16            0.07
inaccuracy:  0.90000        0.95000           59.41           -0.22            0.08
inaccuracy:  0.95000        1.00000           59.06           -0.20            0.08
===================================================================================================================================
                BAR        
-----------------------------------------------------------------------------------------------------------------------------------
BAR-estimator:         λ             λ+δλ          ΔΔA             ΔA            C               Δδe            δe       
                          
-----------------------------------------------------------------------------------------------------------------------------------
BAR-estimator:      0.00000        0.05000        2.9115         2.9115         2.9115         0.0105         0.0105 
BAR-estimator:      0.05000        0.10000        1.6758         4.5873         1.6758         0.0114         0.0155 
BAR-estimator:      0.10000        0.15000        0.7757         5.3630         0.7757         0.0086         0.0177 
BAR-estimator:      0.15000        0.20000        0.3040         5.6671         0.3040         0.0054         0.0185 
BAR-estimator:      0.20000        0.25000        0.0691         5.7362         0.0691         0.0041         0.0190 
BAR-estimator:      0.25000        0.30000       -0.0740         5.6622        -0.0740         0.0038         0.0194 
BAR-estimator:      0.30000        0.35000       -0.1600         5.5022        -0.1600         0.0039         0.0198 
BAR-estimator:      0.35000        0.40000       -0.2233         5.2789        -0.2233         0.0030         0.0200 
BAR-estimator:      0.40000        0.45000       -0.2764         5.0026        -0.2764         0.0029         0.0202 
BAR-estimator:      0.45000        0.50000       -0.3187         4.6839        -0.3187         0.0025         0.0203 
BAR-estimator:      0.50000        0.55000       -0.4613         4.2225        -0.4613         0.0029         0.0206 
BAR-estimator:      0.55000        0.60000       -0.6177         3.6049        -0.6177         0.0030         0.0208 
BAR-estimator:      0.60000        0.65000       -0.7311         2.8738        -0.7311         0.0029         0.0210 
BAR-estimator:      0.65000        0.70000       -0.8346         2.0392        -0.8346         0.0030         0.0212 
BAR-estimator:      0.70000        0.75000       -0.9047         1.1345        -0.9047         0.0029         0.0214 
BAR-estimator:      0.75000        0.80000       -0.9699         0.1646        -0.9699         0.0031         0.0216 
BAR-estimator:      0.80000        0.85000       -1.0256        -0.8610        -1.0256         0.0033         0.0219 
BAR-estimator:      0.85000        0.90000       -1.0660        -1.9270        -1.0660         0.0041         0.0222 
BAR-estimator:      0.90000        0.95000       -1.0991        -3.0260        -1.0991         0.0038         0.0225 
BAR-estimator:      0.95000        1.00000       -1.1495        -4.1755        -1.1495         0.0045         0.0230 
BAR-estimator: total free energy change is -4.175529426439258 , total error is 0.022984098049126028
