#========================================================================================
#                     Free energy perturbation    
#----------------------------------------------------------------------------------------
#forward/backward          λ              ΔΔA                 ΔA                  δε   
#                                                 
#----------------------------------------------------------------------------------------
forward:               0.0000              0.0000              0.0000              0.0000  
forward:               0.0500              1.5586              1.5586              0.0147  
forward:               0.1000              0.9797              2.5382              0.0187  
forward:               0.1500              0.5870              3.1252              0.0209  
forward:               0.2000              0.3597              3.4850              0.0216  
forward:               0.2500              0.2203              3.7053              0.0223  
forward:               0.3000              0.1299              3.8352              0.0227  
forward:               0.3500              0.0788              3.9140              0.0231  
forward:               0.4000              0.0362              3.9502              0.0234  
forward:               0.4500              0.0048              3.9550              0.0237  
forward:               0.5000             -0.0165              3.9385              0.0239  
forward:               0.5500             -0.1523              3.7862              0.0242  
forward:               0.6000             -0.2917              3.4945              0.0244  
forward:               0.6500             -0.3763              3.1182              0.0247  
forward:               0.7000             -0.4470              2.6712              0.0250  
forward:               0.7500             -0.5000              2.1712              0.0252  
forward:               0.8000             -0.5349              1.6362              0.0255  
forward:               0.8500             -0.5557              1.0805              0.0261  
forward:               0.9000             -0.5787              0.5018              0.0266  
forward:               0.9500             -0.6218             -0.1201              0.0267  
forward:               1.0000             -0.6529             -0.7729              0.0273  
backward:              1.0000              0.0000             -0.7729              0.0000  
backward:              0.9500              0.6348             -0.1381              0.0035  
backward:              0.9000              0.6159              0.4778              0.0082  
backward:              0.8500              0.5936              1.0715              0.0094  
backward:              0.8000              0.5564              1.6278              0.0103  
backward:              0.7500              0.5268              2.1546              0.0110  
backward:              0.7000              0.5011              2.6557              0.0117  
backward:              0.6500              0.4421              3.0977              0.0122  
backward:              0.6000              0.3730              3.4708              0.0128  
backward:              0.5500              0.2897              3.7605              0.0134  
backward:              0.5000              0.1588              3.9192              0.0140  
backward:              0.4500              0.0191              3.9383              0.0145  
backward:              0.4000             -0.0087              3.9296              0.0150  
backward:              0.3500             -0.0475              3.8821              0.0156  
backward:              0.3000             -0.0745              3.8076              0.0163  
backward:              0.2500             -0.1416              3.6660              0.0174  
backward:              0.2000             -0.2085              3.4575              0.0186  
backward:              0.1500             -0.3603              3.0971              0.0214  
backward:              0.1000             -0.5921              2.5050              0.0262  
backward:              0.0500             -0.9786              1.5264              0.0315  
backward:              0.0000             -1.6667             -0.1403              0.1015  
Inaccuracy estimation
======================================================================================================
                   i        i+δi          P0_overlap_P1   δε(forward)/ε   δε(backward)/ε
======================================================================================================
inaccuracy:  0.00000        0.05000           39.67           -0.02            1.53
inaccuracy:  0.05000        0.10000           47.43           -0.03            0.99
inaccuracy:  0.10000        0.15000           56.13           -0.02            0.56
inaccuracy:  0.15000        0.20000           62.76           -0.02            0.34
inaccuracy:  0.20000        0.25000           66.86           -0.02            0.23
inaccuracy:  0.25000        0.30000           71.26           -0.01            0.16
inaccuracy:  0.30000        0.35000           72.38           -0.01            0.14
inaccuracy:  0.35000        0.40000           74.36           -0.01            0.11
inaccuracy:  0.40000        0.45000           74.33           -0.01            0.11
inaccuracy:  0.45000        0.50000           74.84           -0.01            0.10
inaccuracy:  0.50000        0.55000           69.23           -0.06            0.13
inaccuracy:  0.55000        0.60000           71.33           -0.05            0.09
inaccuracy:  0.60000        0.65000           71.91           -0.05            0.07
inaccuracy:  0.65000        0.70000           72.57           -0.04            0.07
inaccuracy:  0.70000        0.75000           72.69           -0.05            0.06
inaccuracy:  0.75000        0.80000           72.71           -0.05            0.06
inaccuracy:  0.80000        0.85000           71.85           -0.05            0.06
inaccuracy:  0.85000        0.90000           70.07           -0.07            0.06
inaccuracy:  0.90000        0.95000           71.06           -0.06            0.06
inaccuracy:  0.95000        1.00000           71.74           -0.06            0.06
===================================================================================================================================
                BAR        
-----------------------------------------------------------------------------------------------------------------------------------
BAR-estimator:         λ             λ+δλ          ΔΔA             ΔA            C               Δδe            δe       
                          
-----------------------------------------------------------------------------------------------------------------------------------
BAR-estimator:      0.00000        0.05000        1.5628         1.5628         1.5628         0.0071         0.0071 
BAR-estimator:      0.05000        0.10000        0.9855         2.5483         0.9855         0.0066         0.0097 
BAR-estimator:      0.10000        0.15000        0.5865         3.1348         0.5865         0.0055         0.0111 
BAR-estimator:      0.15000        0.20000        0.3556         3.4904         0.3556         0.0036         0.0117 
BAR-estimator:      0.20000        0.25000        0.2155         3.7058         0.2155         0.0034         0.0122 
BAR-estimator:      0.25000        0.30000        0.1351         3.8410         0.1351         0.0029         0.0125 
BAR-estimator:      0.30000        0.35000        0.0791         3.9200         0.0791         0.0030         0.0128 
BAR-estimator:      0.35000        0.40000        0.0396         3.9596         0.0396         0.0026         0.0131 
BAR-estimator:      0.40000        0.45000        0.0056         3.9653         0.0056         0.0024         0.0133 
BAR-estimator:      0.45000        0.50000       -0.0161         3.9491        -0.0161         0.0023         0.0135 
BAR-estimator:      0.50000        0.55000       -0.1528         3.7963        -0.1528         0.0027         0.0138 
BAR-estimator:      0.55000        0.60000       -0.2906         3.5057        -0.2906         0.0022         0.0140 
BAR-estimator:      0.60000        0.65000       -0.3765         3.1291        -0.3765         0.0023         0.0141 
BAR-estimator:      0.65000        0.70000       -0.4435         2.6857        -0.4435         0.0023         0.0143 
BAR-estimator:      0.70000        0.75000       -0.4987         2.1870        -0.4987         0.0025         0.0145 
BAR-estimator:      0.75000        0.80000       -0.5307         1.6563        -0.5307         0.0026         0.0148 
BAR-estimator:      0.80000        0.85000       -0.5539         1.1024        -0.5539         0.0025         0.0150 
BAR-estimator:      0.85000        0.90000       -0.5881         0.5143        -0.5881         0.0033         0.0153 
BAR-estimator:      0.90000        0.95000       -0.6172        -0.1029        -0.6172         0.0024         0.0155 
BAR-estimator:      0.95000        1.00000       -0.6418        -0.7446        -0.6418         0.0032         0.0159 
BAR-estimator: total free energy change is -0.7446467553357683 , total error is 0.01585749817374745
