#========================================================================================
#                     Free energy perturbation    
#----------------------------------------------------------------------------------------
#forward/backward          λ              ΔΔA                 ΔA                  δε   
#                                                 
#----------------------------------------------------------------------------------------
forward:               0.0000              0.0000              0.0000              0.0000  
forward:               0.0500              1.4788              1.4788              0.0132  
forward:               0.1000              0.7984              2.2772              0.0166  
forward:               0.1500              0.4155              2.6927              0.0182  
forward:               0.2000              0.2424              2.9351              0.0189  
forward:               0.2500              0.1397              3.0747              0.0194  
forward:               0.3000              0.0725              3.1472              0.0198  
forward:               0.3500              0.0295              3.1767              0.0200  
forward:               0.4000              0.0043              3.1811              0.0203  
forward:               0.4500             -0.0218              3.1593              0.0205  
forward:               0.5000             -0.0459              3.1134              0.0206  
forward:               0.5500             -0.0850              3.0284              0.0208  
forward:               0.6000             -0.1328              2.8956              0.0209  
forward:               0.6500             -0.1730              2.7226              0.0211  
forward:               0.7000             -0.2110              2.5116              0.0212  
forward:               0.7500             -0.2286              2.2829              0.0214  
forward:               0.8000             -0.2468              2.0361              0.0215  
forward:               0.8500             -0.2755              1.7606              0.0217  
forward:               0.9000             -0.2918              1.4688              0.0218  
forward:               0.9500             -0.3039              1.1649              0.0219  
forward:               1.0000             -0.3175              0.8474              0.0220  
backward:              1.0000              0.0000              0.8474              0.0000  
backward:              0.9500              0.3143              1.1617              0.0027  
backward:              0.9000              0.3015              1.4633              0.0037  
backward:              0.8500              0.2879              1.7512              0.0046  
backward:              0.8000              0.2732              2.0244              0.0053  
backward:              0.7500              0.2499              2.2742              0.0060  
backward:              0.7000              0.2263              2.5005              0.0066  
backward:              0.6500              0.2037              2.7042              0.0072  
backward:              0.6000              0.1706              2.8748              0.0078  
backward:              0.5500              0.1403              3.0151              0.0083  
backward:              0.5000              0.0832              3.0983              0.0089  
backward:              0.4500              0.0404              3.1387              0.0095  
backward:              0.4000              0.0288              3.1675              0.0101  
backward:              0.3500             -0.0022              3.1653              0.0107  
backward:              0.3000             -0.0320              3.1334              0.0113  
backward:              0.2500             -0.0780              3.0554              0.0121  
backward:              0.2000             -0.1411              2.9143              0.0130  
backward:              0.1500             -0.2369              2.6774              0.0145  
backward:              0.1000             -0.4207              2.2567              0.0181  
backward:              0.0500             -0.7829              1.4738              0.0249  
backward:              0.0000             -1.4529              0.0209              0.0321  
Inaccuracy estimation
======================================================================================================
                   i        i+δi          P0_overlap_P1   δε(forward)/ε   δε(backward)/ε
======================================================================================================
inaccuracy:  0.00000        0.05000           37.91           -0.03            1.89
inaccuracy:  0.05000        0.10000           50.28           -0.02            0.85
inaccuracy:  0.10000        0.15000           61.93           -0.02            0.40
inaccuracy:  0.15000        0.20000           67.73           -0.01            0.23
inaccuracy:  0.20000        0.25000           71.75           -0.01            0.16
inaccuracy:  0.25000        0.30000           74.62           -0.01            0.12
inaccuracy:  0.30000        0.35000           76.12           -0.01            0.11
inaccuracy:  0.35000        0.40000           76.15           -0.01            0.09
inaccuracy:  0.40000        0.45000           76.75           -0.01            0.08
inaccuracy:  0.45000        0.50000           78.29           -0.01            0.07
inaccuracy:  0.50000        0.55000           76.33           -0.02            0.08
inaccuracy:  0.55000        0.60000           76.40           -0.02            0.07
inaccuracy:  0.60000        0.65000           77.84           -0.02            0.06
inaccuracy:  0.65000        0.70000           78.41           -0.02            0.06
inaccuracy:  0.70000        0.75000           77.98           -0.02            0.05
inaccuracy:  0.75000        0.80000           77.40           -0.02            0.06
inaccuracy:  0.80000        0.85000           78.26           -0.02            0.05
inaccuracy:  0.85000        0.90000           78.31           -0.02            0.05
inaccuracy:  0.90000        0.95000           78.48           -0.02            0.05
inaccuracy:  0.95000        1.00000           77.93           -0.02            0.05
===================================================================================================================================
                BAR        
-----------------------------------------------------------------------------------------------------------------------------------
BAR-estimator:         λ             λ+δλ          ΔΔA             ΔA            C               Δδe            δe       
                          
-----------------------------------------------------------------------------------------------------------------------------------
BAR-estimator:      0.00000        0.05000        1.5030         1.5030         1.5030         0.0067         0.0067 
BAR-estimator:      0.05000        0.10000        0.7961         2.2991         0.7961         0.0061         0.0091 
BAR-estimator:      0.10000        0.15000        0.4179         2.7170         0.4179         0.0049         0.0103 
BAR-estimator:      0.15000        0.20000        0.2394         2.9564         0.2394         0.0034         0.0109 
BAR-estimator:      0.20000        0.25000        0.1402         3.0966         0.1402         0.0030         0.0113 
BAR-estimator:      0.25000        0.30000        0.0745         3.1711         0.0745         0.0026         0.0115 
BAR-estimator:      0.30000        0.35000        0.0307         3.2018         0.0307         0.0023         0.0118 
BAR-estimator:      0.35000        0.40000        0.0018         3.2036         0.0018         0.0021         0.0120 
BAR-estimator:      0.40000        0.45000       -0.0236         3.1800        -0.0236         0.0021         0.0121 
BAR-estimator:      0.45000        0.50000       -0.0438         3.1362        -0.0438         0.0019         0.0123 
BAR-estimator:      0.50000        0.55000       -0.0843         3.0519        -0.0843         0.0015         0.0124 
BAR-estimator:      0.55000        0.60000       -0.1349         2.9171        -0.1349         0.0020         0.0125 
BAR-estimator:      0.60000        0.65000       -0.1708         2.7462        -0.1708         0.0018         0.0127 
BAR-estimator:      0.65000        0.70000       -0.2073         2.5389        -0.2073         0.0016         0.0128 
BAR-estimator:      0.70000        0.75000       -0.2285         2.3104        -0.2285         0.0021         0.0129 
BAR-estimator:      0.75000        0.80000       -0.2486         2.0617        -0.2486         0.0018         0.0131 
BAR-estimator:      0.80000        0.85000       -0.2740         1.7877        -0.2740         0.0020         0.0132 
BAR-estimator:      0.85000        0.90000       -0.2893         1.4984        -0.2893         0.0020         0.0133 
BAR-estimator:      0.90000        0.95000       -0.3011         1.1973        -0.3011         0.0020         0.0135 
BAR-estimator:      0.95000        1.00000       -0.3161         0.8812        -0.3161         0.0019         0.0136 
BAR-estimator: total free energy change is 0.8811678118824025 , total error is 0.013624901200891937
