#========================================================================================
#                     Free energy perturbation    
#----------------------------------------------------------------------------------------
#forward/backward          λ              ΔΔA                 ΔA                  δε   
#                                                 
#----------------------------------------------------------------------------------------
forward:               0.0000              0.0000              0.0000              0.0000  
forward:               0.0500              1.7100              1.7100              0.0205  
forward:               0.1000              0.9022              2.6121              0.0235  
forward:               0.1500              0.4388              3.0509              0.0246  
forward:               0.2000              0.1961              3.2471              0.0254  
forward:               0.2500              0.1004              3.3475              0.0259  
forward:               0.3000              0.0164              3.3639              0.0263  
forward:               0.3500             -0.0355              3.3285              0.0266  
forward:               0.4000             -0.0776              3.2509              0.0267  
forward:               0.4500             -0.1072              3.1437              0.0270  
forward:               0.5000             -0.1299              3.0138              0.0272  
forward:               0.5500             -0.3179              2.6959              0.0275  
forward:               0.6000             -0.6237              2.0722              0.0279  
forward:               0.6500             -0.8823              1.1900              0.0283  
forward:               0.7000             -1.1098              0.0802              0.0288  
forward:               0.7500             -1.2543             -1.1741              0.0291  
forward:               0.8000             -1.3239             -2.4979              0.0293  
forward:               0.8500             -1.3339             -3.8318              0.0296  
forward:               0.9000             -1.3268             -5.1586              0.0298  
forward:               0.9500             -1.3112             -6.4698              0.0299  
forward:               1.0000             -1.2945             -7.7643              0.0301  
backward:              1.0000              0.0000             -7.7643              0.0000  
backward:              0.9500              1.2791             -6.4852              0.0073  
backward:              0.9000              1.3131             -5.1721              0.0086  
backward:              0.8500              1.3175             -3.8545              0.0096  
backward:              0.8000              1.3284             -2.5261              0.0108  
backward:              0.7500              1.3097             -1.2164              0.0119  
backward:              0.7000              1.2607              0.0443              0.0128  
backward:              0.6500              1.1158              1.1601              0.0144  
backward:              0.6000              0.8840              2.0441              0.0153  
backward:              0.5500              0.6168              2.6609              0.0161  
backward:              0.5000              0.3102              2.9711              0.0170  
backward:              0.4500              0.1160              3.0871              0.0181  
backward:              0.4000              0.0961              3.1832              0.0186  
backward:              0.3500              0.0721              3.2552              0.0191  
backward:              0.3000              0.0392              3.2944              0.0196  
backward:              0.2500             -0.0278              3.2666              0.0202  
backward:              0.2000             -0.0975              3.1691              0.0214  
backward:              0.1500             -0.2139              2.9553              0.0227  
backward:              0.1000             -0.4765              2.4787              0.0379  
backward:              0.0500             -1.0328              1.4459              0.1280  
backward:              0.0000             -1.7012             -0.2553              0.1339  
Inaccuracy estimation
======================================================================================================
                   i        i+δi          P0_overlap_P1   δε(forward)/ε   δε(backward)/ε
======================================================================================================
inaccuracy:  0.00000        0.05000           32.96           -0.03            2.05
inaccuracy:  0.05000        0.10000           45.72           -0.05            1.08
inaccuracy:  0.10000        0.15000           56.82           -0.02            0.51
inaccuracy:  0.15000        0.20000           65.63           -0.01            0.26
inaccuracy:  0.20000        0.25000           68.01           -0.02            0.20
inaccuracy:  0.25000        0.30000           71.40           -0.01            0.14
inaccuracy:  0.30000        0.35000           72.13           -0.01            0.12
inaccuracy:  0.35000        0.40000           74.33           -0.01            0.11
inaccuracy:  0.40000        0.45000           75.58           -0.02            0.09
inaccuracy:  0.45000        0.50000           75.87           -0.02            0.08
inaccuracy:  0.50000        0.55000           63.60           -0.11            0.14
inaccuracy:  0.55000        0.60000           65.27           -0.15            0.09
inaccuracy:  0.60000        0.65000           64.32           -0.18            0.06
inaccuracy:  0.65000        0.70000           64.44           -0.17            0.03
inaccuracy:  0.70000        0.75000           64.62           -0.15            0.02
inaccuracy:  0.75000        0.80000           66.05           -0.13            0.02
inaccuracy:  0.80000        0.85000           65.49           -0.13            0.02
inaccuracy:  0.85000        0.90000           65.84           -0.14            0.03
inaccuracy:  0.90000        0.95000           63.95           -0.13            0.03
inaccuracy:  0.95000        1.00000           64.42           -0.15            0.04
===================================================================================================================================
                BAR        
-----------------------------------------------------------------------------------------------------------------------------------
BAR-estimator:         λ             λ+δλ          ΔΔA             ΔA            C               Δδe            δe       
                          
-----------------------------------------------------------------------------------------------------------------------------------
BAR-estimator:      0.00000        0.05000        1.7112         1.7112         1.7112         0.0077         0.0077 
BAR-estimator:      0.05000        0.10000        0.8981         2.6093         0.8981         0.0068         0.0103 
BAR-estimator:      0.10000        0.15000        0.4365         3.0457         0.4365         0.0054         0.0116 
BAR-estimator:      0.15000        0.20000        0.2027         3.2484         0.2027         0.0036         0.0121 
BAR-estimator:      0.20000        0.25000        0.0981         3.3465         0.0981         0.0036         0.0127 
BAR-estimator:      0.25000        0.30000        0.0190         3.3655         0.0190         0.0030         0.0130 
BAR-estimator:      0.30000        0.35000       -0.0376         3.3279        -0.0376         0.0027         0.0133 
BAR-estimator:      0.35000        0.40000       -0.0752         3.2528        -0.0752         0.0024         0.0135 
BAR-estimator:      0.40000        0.45000       -0.1040         3.1488        -0.1040         0.0025         0.0137 
BAR-estimator:      0.45000        0.50000       -0.1278         3.0210        -0.1278         0.0021         0.0139 
BAR-estimator:      0.50000        0.55000       -0.3136         2.7074        -0.3136         0.0028         0.0142 
BAR-estimator:      0.55000        0.60000       -0.6196         2.0877        -0.6196         0.0027         0.0144 
BAR-estimator:      0.60000        0.65000       -0.8825         1.2052        -0.8825         0.0030         0.0147 
BAR-estimator:      0.65000        0.70000       -1.1123         0.0929        -1.1123         0.0030         0.0150 
BAR-estimator:      0.70000        0.75000       -1.2549        -1.1619        -1.2549         0.0030         0.0153 
BAR-estimator:      0.75000        0.80000       -1.3173        -2.4792        -1.3173         0.0029         0.0156 
BAR-estimator:      0.80000        0.85000       -1.3308        -3.8100        -1.3308         0.0027         0.0158 
BAR-estimator:      0.85000        0.90000       -1.3240        -5.1340        -1.3240         0.0026         0.0160 
BAR-estimator:      0.90000        0.95000       -1.3098        -6.4438        -1.3098         0.0026         0.0163 
BAR-estimator:      0.95000        1.00000       -1.2891        -7.7330        -1.2891         0.0027         0.0165 
BAR-estimator: total free energy change is -7.732958524639113 , total error is 0.016483472098377014
