#========================================================================================
#                     Free energy perturbation    
#----------------------------------------------------------------------------------------
#forward/backward          λ              ΔΔA                 ΔA                  δε   
#                                                 
#----------------------------------------------------------------------------------------
forward:               0.0000              0.0000              0.0000              0.0000  
forward:               0.0500              0.2731              0.2731              0.0034  
forward:               0.1000              0.2044              0.4775              0.0044  
forward:               0.1500              0.1724              0.6499              0.0051  
forward:               0.2000              0.1356              0.7854              0.0056  
forward:               0.2500              0.1197              0.9051              0.0063  
forward:               0.3000              0.1056              1.0107              0.0067  
forward:               0.3500              0.0963              1.1071              0.0070  
forward:               0.4000              0.0825              1.1896              0.0072  
forward:               0.4500              0.0739              1.2635              0.0075  
forward:               0.5000              0.0695              1.3331              0.0077  
forward:               0.5500             -0.0267              1.3063              0.0081  
forward:               0.6000             -0.1733              1.1330              0.0085  
forward:               0.6500             -0.3071              0.8259              0.0088  
forward:               0.7000             -0.4152              0.4107              0.0091  
forward:               0.7500             -0.4964             -0.0857              0.0097  
forward:               0.8000             -0.5575             -0.6433              0.0100  
forward:               0.8500             -0.5925             -1.2357              0.0102  
forward:               0.9000             -0.6136             -1.8494              0.0105  
forward:               0.9500             -0.6256             -2.4750              0.0107  
forward:               1.0000             -0.6350             -3.1100              0.0109  
backward:              1.0000              0.0000             -3.1100              0.0000  
backward:              0.9500              0.6350             -2.4750              0.0029  
backward:              0.9000              0.6225             -1.8525              0.0042  
backward:              0.8500              0.6115             -1.2410              0.0050  
backward:              0.8000              0.5893             -0.6516              0.0057  
backward:              0.7500              0.5510             -0.1007              0.0065  
backward:              0.7000              0.4992              0.3986              0.0070  
backward:              0.6500              0.4173              0.8158              0.0077  
backward:              0.6000              0.3063              1.1221              0.0081  
backward:              0.5500              0.1749              1.2970              0.0087  
backward:              0.5000              0.0233              1.3204              0.0092  
backward:              0.4500             -0.0697              1.2507              0.0096  
backward:              0.4000             -0.0804              1.1703              0.0101  
backward:              0.3500             -0.0870              1.0832              0.0104  
backward:              0.3000             -0.0932              0.9900              0.0107  
backward:              0.2500             -0.1052              0.8848              0.0111  
backward:              0.2000             -0.1177              0.7671              0.0115  
backward:              0.1500             -0.1376              0.6295              0.0118  
backward:              0.1000             -0.1686              0.4610              0.0123  
backward:              0.0500             -0.2082              0.2528              0.0130  
backward:              0.0000             -0.2744             -0.0216              0.0142  
Inaccuracy estimation
======================================================================================================
                   i        i+δi          P0_overlap_P1   δε(forward)/ε   δε(backward)/ε
======================================================================================================
inaccuracy:  0.00000        0.05000           73.61           -0.00            0.21
inaccuracy:  0.05000        0.10000           77.51           -0.00            0.15
inaccuracy:  0.10000        0.15000           78.37           -0.00            0.11
inaccuracy:  0.15000        0.20000           81.42           -0.00            0.09
inaccuracy:  0.20000        0.25000           81.14           -0.00            0.07
inaccuracy:  0.25000        0.30000           82.26           -0.00            0.07
inaccuracy:  0.30000        0.35000           82.38           -0.00            0.06
inaccuracy:  0.35000        0.40000           83.88           -0.00            0.06
inaccuracy:  0.40000        0.45000           83.81           -0.00            0.05
inaccuracy:  0.45000        0.50000           83.64           -0.00            0.05
inaccuracy:  0.50000        0.55000           74.85           -0.04            0.08
inaccuracy:  0.55000        0.60000           75.13           -0.04            0.06
inaccuracy:  0.60000        0.65000           75.42           -0.05            0.05
inaccuracy:  0.65000        0.70000           74.98           -0.05            0.04
inaccuracy:  0.70000        0.75000           75.72           -0.05            0.04
inaccuracy:  0.75000        0.80000           76.38           -0.04            0.03
inaccuracy:  0.80000        0.85000           75.92           -0.04            0.04
inaccuracy:  0.85000        0.90000           75.68           -0.05            0.04
inaccuracy:  0.90000        0.95000           75.36           -0.05            0.04
inaccuracy:  0.95000        1.00000           75.17           -0.04            0.04
===================================================================================================================================
                BAR        
-----------------------------------------------------------------------------------------------------------------------------------
BAR-estimator:         λ             λ+δλ          ΔΔA             ΔA            C               Δδe            δe       
                          
-----------------------------------------------------------------------------------------------------------------------------------
BAR-estimator:      0.00000        0.05000        0.2742         0.2742         0.2742         0.0032         0.0032 
BAR-estimator:      0.05000        0.10000        0.2056         0.4798         0.2056         0.0020         0.0038 
BAR-estimator:      0.10000        0.15000        0.1698         0.6496         0.1698         0.0018         0.0042 
BAR-estimator:      0.15000        0.20000        0.1373         0.7869         0.1373         0.0016         0.0045 
BAR-estimator:      0.20000        0.25000        0.1183         0.9052         0.1183         0.0011         0.0046 
BAR-estimator:      0.25000        0.30000        0.1052         1.0104         0.1052         0.0015         0.0048 
BAR-estimator:      0.30000        0.35000        0.0949         1.1053         0.0949         0.0015         0.0051 
BAR-estimator:      0.35000        0.40000        0.0845         1.1898         0.0845         0.0013         0.0052 
BAR-estimator:      0.40000        0.45000        0.0758         1.2655         0.0758         0.0014         0.0054 
BAR-estimator:      0.45000        0.50000        0.0698         1.3354         0.0698         0.0014         0.0056 
BAR-estimator:      0.50000        0.55000       -0.0256         1.3098        -0.0256         0.0021         0.0060 
BAR-estimator:      0.55000        0.60000       -0.1747         1.1351        -0.1747         0.0020         0.0063 
BAR-estimator:      0.60000        0.65000       -0.3068         0.8283        -0.3068         0.0018         0.0065 
BAR-estimator:      0.65000        0.70000       -0.4171         0.4113        -0.4171         0.0019         0.0068 
BAR-estimator:      0.70000        0.75000       -0.4963        -0.0851        -0.4963         0.0018         0.0070 
BAR-estimator:      0.75000        0.80000       -0.5548        -0.6398        -0.5548         0.0018         0.0073 
BAR-estimator:      0.80000        0.85000       -0.5903        -1.2301        -0.5903         0.0018         0.0075 
BAR-estimator:      0.85000        0.90000       -0.6125        -1.8426        -0.6125         0.0017         0.0077 
BAR-estimator:      0.90000        0.95000       -0.6250        -2.4676        -0.6250         0.0017         0.0079 
BAR-estimator:      0.95000        1.00000       -0.6349        -3.1025        -0.6349         0.0018         0.0081 
BAR-estimator: total free energy change is -3.102493773798422 , total error is 0.008074361035521787
