#========================================================================================
#                     Free energy perturbation    
#----------------------------------------------------------------------------------------
#forward/backward          λ              ΔΔA                 ΔA                  δε   
#                                                 
#----------------------------------------------------------------------------------------
forward:               0.0000              0.0000              0.0000              0.0000  
forward:               0.0500              1.9512              1.9512              0.0233  
forward:               0.1000              1.0419              2.9930              0.0283  
forward:               0.1500              0.4829              3.4759              0.0295  
forward:               0.2000              0.2471              3.7230              0.0300  
forward:               0.2500              0.1123              3.8353              0.0304  
forward:               0.3000              0.0331              3.8683              0.0307  
forward:               0.3500             -0.0127              3.8556              0.0310  
forward:               0.4000             -0.0446              3.8110              0.0312  
forward:               0.4500             -0.0769              3.7341              0.0314  
forward:               0.5000             -0.1049              3.6292              0.0315  
forward:               0.5500             -0.1577              3.4715              0.0318  
forward:               0.6000             -0.3288              3.1427              0.0320  
forward:               0.6500             -0.4568              2.6859              0.0322  
forward:               0.7000             -0.5669              2.1189              0.0325  
forward:               0.7500             -0.6639              1.4550              0.0327  
forward:               0.8000             -0.7333              0.7217              0.0329  
forward:               0.8500             -0.7905             -0.0688              0.0331  
forward:               0.9000             -0.8438             -0.9126              0.0333  
forward:               0.9500             -0.8713             -1.7839              0.0335  
forward:               1.0000             -0.8950             -2.6789              0.0337  
backward:              1.0000              0.0000             -2.6789              0.0000  
backward:              0.9500              0.8911             -1.7879              0.0038  
backward:              0.9000              0.8607             -0.9272              0.0060  
backward:              0.8500              0.8348             -0.0924              0.0075  
backward:              0.8000              0.7841              0.6918              0.0084  
backward:              0.7500              0.7221              1.4138              0.0097  
backward:              0.7000              0.6464              2.0602              0.0105  
backward:              0.6500              0.5592              2.6194              0.0111  
backward:              0.6000              0.4581              3.0775              0.0120  
backward:              0.5500              0.3360              3.4136              0.0127  
backward:              0.5000              0.1617              3.5752              0.0136  
backward:              0.4500              0.1017              3.6769              0.0143  
backward:              0.4000              0.0845              3.7614              0.0161  
backward:              0.3500              0.0489              3.8103              0.0167  
backward:              0.3000              0.0098              3.8201              0.0174  
backward:              0.2500             -0.0449              3.7752              0.0183  
backward:              0.2000             -0.1101              3.6651              0.0193  
backward:              0.1500             -0.2479              3.4171              0.0212  
backward:              0.1000             -0.5040              2.9131              0.0242  
backward:              0.0500             -1.0114              1.9017              0.0316  
backward:              0.0000             -1.9251             -0.0234              0.0403  
Inaccuracy estimation
======================================================================================================
                   i        i+δi          P0_overlap_P1   δε(forward)/ε   δε(backward)/ε
======================================================================================================
inaccuracy:  0.00000        0.05000           31.58           -0.02            2.25
inaccuracy:  0.05000        0.10000           41.62           -0.05            1.39
inaccuracy:  0.10000        0.15000           55.81           -0.03            0.59
inaccuracy:  0.15000        0.20000           63.23           -0.02            0.31
inaccuracy:  0.20000        0.25000           68.07           -0.02            0.21
inaccuracy:  0.25000        0.30000           70.74           -0.01            0.16
inaccuracy:  0.30000        0.35000           71.92           -0.01            0.14
inaccuracy:  0.35000        0.40000           72.02           -0.02            0.12
inaccuracy:  0.40000        0.45000           72.67           -0.02            0.11
inaccuracy:  0.45000        0.50000           74.02           -0.02            0.10
inaccuracy:  0.50000        0.55000           67.59           -0.06            0.13
inaccuracy:  0.55000        0.60000           69.31           -0.06            0.10
inaccuracy:  0.60000        0.65000           69.72           -0.06            0.08
inaccuracy:  0.65000        0.70000           70.54           -0.07            0.07
inaccuracy:  0.70000        0.75000           71.27           -0.06            0.06
inaccuracy:  0.75000        0.80000           70.84           -0.07            0.06
inaccuracy:  0.80000        0.85000           70.28           -0.07            0.05
inaccuracy:  0.85000        0.90000           70.68           -0.06            0.05
inaccuracy:  0.90000        0.95000           70.19           -0.08            0.04
inaccuracy:  0.95000        1.00000           69.43           -0.07            0.04
===================================================================================================================================
                BAR        
-----------------------------------------------------------------------------------------------------------------------------------
BAR-estimator:         λ             λ+δλ          ΔΔA             ΔA            C               Δδe            δe       
                          
-----------------------------------------------------------------------------------------------------------------------------------
BAR-estimator:      0.00000        0.05000        1.9784         1.9784         1.9784         0.0090         0.0090 
BAR-estimator:      0.05000        0.10000        1.0443         3.0227         1.0443         0.0091         0.0128 
BAR-estimator:      0.10000        0.15000        0.4929         3.5156         0.4929         0.0053         0.0139 
BAR-estimator:      0.15000        0.20000        0.2442         3.7598         0.2442         0.0040         0.0144 
BAR-estimator:      0.20000        0.25000        0.1132         3.8729         0.1132         0.0033         0.0148 
BAR-estimator:      0.25000        0.30000        0.0355         3.9084         0.0355         0.0033         0.0152 
BAR-estimator:      0.30000        0.35000       -0.0119         3.8966        -0.0119         0.0029         0.0154 
BAR-estimator:      0.35000        0.40000       -0.0470         3.8495        -0.0470         0.0023         0.0156 
BAR-estimator:      0.40000        0.45000       -0.0797         3.7699        -0.0797         0.0024         0.0158 
BAR-estimator:      0.45000        0.50000       -0.1038         3.6661        -0.1038         0.0023         0.0159 
BAR-estimator:      0.50000        0.55000       -0.1593         3.5068        -0.1593         0.0028         0.0162 
BAR-estimator:      0.55000        0.60000       -0.3317         3.1751        -0.3317         0.0025         0.0164 
BAR-estimator:      0.60000        0.65000       -0.4570         2.7180        -0.4570         0.0026         0.0166 
BAR-estimator:      0.65000        0.70000       -0.5627         2.1553        -0.5627         0.0025         0.0168 
BAR-estimator:      0.70000        0.75000       -0.6570         1.4983        -0.6570         0.0025         0.0170 
BAR-estimator:      0.75000        0.80000       -0.7288         0.7695        -0.7288         0.0028         0.0172 
BAR-estimator:      0.80000        0.85000       -0.7886        -0.0191        -0.7886         0.0027         0.0174 
BAR-estimator:      0.85000        0.90000       -0.8398        -0.8589        -0.8398         0.0026         0.0176 
BAR-estimator:      0.90000        0.95000       -0.8705        -1.7294        -0.8705         0.0028         0.0178 
BAR-estimator:      0.95000        1.00000       -0.8950        -2.6244        -0.8950         0.0026         0.0180 
BAR-estimator: total free energy change is -2.624399274639266 , total error is 0.018006260372677
