#========================================================================================
#                     Free energy perturbation    
#----------------------------------------------------------------------------------------
#forward/backward          λ              ΔΔA                 ΔA                  δε   
#                                                 
#----------------------------------------------------------------------------------------
forward:               0.0000              0.0000              0.0000              0.0000  
forward:               0.0500              1.7573              1.7573              0.0183  
forward:               0.1000              1.0983              2.8556              0.0203  
forward:               0.1500              0.6444              3.4999              0.0223  
forward:               0.2000              0.3597              3.8596              0.0234  
forward:               0.2500              0.2020              4.0616              0.0242  
forward:               0.3000              0.1088              4.1704              0.0247  
forward:               0.3500              0.0503              4.2207              0.0251  
forward:               0.4000             -0.0058              4.2150              0.0254  
forward:               0.4500             -0.0321              4.1828              0.0257  
forward:               0.5000             -0.0668              4.1160              0.0260  
forward:               0.5500             -0.1724              3.9436              0.0263  
forward:               0.6000             -0.3507              3.5929              0.0267  
forward:               0.6500             -0.5325              3.0604              0.0270  
forward:               0.7000             -0.6725              2.3879              0.0274  
forward:               0.7500             -0.7717              1.6161              0.0277  
forward:               0.8000             -0.8326              0.7836              0.0280  
forward:               0.8500             -0.8613             -0.0777              0.0282  
forward:               0.9000             -0.8656             -0.9434              0.0284  
forward:               0.9500             -0.8774             -1.8208              0.0287  
forward:               1.0000             -0.8672             -2.6879              0.0289  
backward:              1.0000              0.0000             -2.6879              0.0000  
backward:              0.9500              0.8765             -1.8115              0.0051  
backward:              0.9000              0.8872             -0.9243              0.0064  
backward:              0.8500              0.8769             -0.0474              0.0081  
backward:              0.8000              0.8461              0.7987              0.0110  
backward:              0.7500              0.8342              1.6329              0.0120  
backward:              0.7000              0.7711              2.4040              0.0130  
backward:              0.6500              0.6813              3.0853              0.0149  
backward:              0.6000              0.5274              3.6127              0.0160  
backward:              0.5500              0.3502              3.9629              0.0168  
backward:              0.5000              0.1653              4.1282              0.0203  
backward:              0.4500              0.0651              4.1933              0.0209  
backward:              0.4000              0.0391              4.2324              0.0214  
backward:              0.3500             -0.0063              4.2261              0.0220  
backward:              0.3000             -0.0535              4.1726              0.0228  
backward:              0.2500             -0.1137              4.0589              0.0236  
backward:              0.2000             -0.2051              3.8538              0.0263  
backward:              0.1500             -0.3704              3.4834              0.0283  
backward:              0.1000             -0.6468              2.8366              0.0365  
backward:              0.0500             -1.0814              1.7552              0.0405  
backward:              0.0000             -1.7885             -0.0333              0.0549  
Inaccuracy estimation
======================================================================================================
                   i        i+δi          P0_overlap_P1   δε(forward)/ε   δε(backward)/ε
======================================================================================================
inaccuracy:  0.00000        0.05000           34.77           -0.02            1.90
inaccuracy:  0.05000        0.10000           43.25           -0.05            1.19
inaccuracy:  0.10000        0.15000           51.18           -0.04            0.70
inaccuracy:  0.15000        0.20000           58.92           -0.03            0.40
inaccuracy:  0.20000        0.25000           63.52           -0.02            0.30
inaccuracy:  0.25000        0.30000           66.46           -0.03            0.22
inaccuracy:  0.30000        0.35000           68.04           -0.02            0.19
inaccuracy:  0.35000        0.40000           70.10           -0.02            0.15
inaccuracy:  0.40000        0.45000           69.21           -0.03            0.15
inaccuracy:  0.45000        0.50000           70.69           -0.02            0.13
inaccuracy:  0.50000        0.55000           64.22           -0.09            0.16
inaccuracy:  0.55000        0.60000           65.31           -0.11            0.13
inaccuracy:  0.60000        0.65000           64.71           -0.10            0.11
inaccuracy:  0.65000        0.70000           64.86           -0.11            0.09
inaccuracy:  0.70000        0.75000           65.63           -0.11            0.08
inaccuracy:  0.75000        0.80000           65.65           -0.10            0.08
inaccuracy:  0.80000        0.85000           66.04           -0.10            0.07
inaccuracy:  0.85000        0.90000           64.50           -0.11            0.08
inaccuracy:  0.90000        0.95000           64.55           -0.10            0.08
inaccuracy:  0.95000        1.00000           63.88           -0.12            0.08
===================================================================================================================================
                BAR        
-----------------------------------------------------------------------------------------------------------------------------------
BAR-estimator:         λ             λ+δλ          ΔΔA             ΔA            C               Δδe            δe       
                          
-----------------------------------------------------------------------------------------------------------------------------------
BAR-estimator:      0.00000        0.05000        1.7642         1.7642         1.7642         0.0072         0.0072 
BAR-estimator:      0.05000        0.10000        1.0948         2.8590         1.0948         0.0072         0.0102 
BAR-estimator:      0.10000        0.15000        0.6358         3.4949         0.6358         0.0057         0.0117 
BAR-estimator:      0.15000        0.20000        0.3587         3.8535         0.3587         0.0042         0.0124 
BAR-estimator:      0.20000        0.25000        0.2049         4.0584         0.2049         0.0037         0.0130 
BAR-estimator:      0.25000        0.30000        0.1129         4.1713         0.1129         0.0036         0.0134 
BAR-estimator:      0.30000        0.35000        0.0527         4.2239         0.0527         0.0031         0.0138 
BAR-estimator:      0.35000        0.40000       -0.0007         4.2232        -0.0007         0.0030         0.0141 
BAR-estimator:      0.40000        0.45000       -0.0335         4.1898        -0.0335         0.0028         0.0144 
BAR-estimator:      0.45000        0.50000       -0.0664         4.1233        -0.0664         0.0026         0.0146 
BAR-estimator:      0.50000        0.55000       -0.1725         3.9508        -0.1725         0.0029         0.0149 
BAR-estimator:      0.55000        0.60000       -0.3524         3.5984        -0.3524         0.0028         0.0152 
BAR-estimator:      0.60000        0.65000       -0.5306         3.0678        -0.5306         0.0027         0.0154 
BAR-estimator:      0.65000        0.70000       -0.6760         2.3918        -0.6760         0.0032         0.0157 
BAR-estimator:      0.70000        0.75000       -0.7716         1.6202        -0.7716         0.0031         0.0160 
BAR-estimator:      0.75000        0.80000       -0.8328         0.7874        -0.8328         0.0029         0.0163 
BAR-estimator:      0.80000        0.85000       -0.8596        -0.0722        -0.8596         0.0028         0.0165 
BAR-estimator:      0.85000        0.90000       -0.8698        -0.9420        -0.8698         0.0030         0.0168 
BAR-estimator:      0.90000        0.95000       -0.8811        -1.8231        -0.8811         0.0033         0.0171 
BAR-estimator:      0.95000        1.00000       -0.8727        -2.6958        -0.8727         0.0026         0.0173 
BAR-estimator: total free energy change is -2.69584145966618 , total error is 0.017342243207547726
