#========================================================================================
#                     Free energy perturbation    
#----------------------------------------------------------------------------------------
#forward/backward          λ              ΔΔA                 ΔA                  δε   
#                                                 
#----------------------------------------------------------------------------------------
forward:               0.0000              0.0000              0.0000              0.0000  
forward:               0.0500              1.5313              1.5313              0.0152  
forward:               0.1000              0.8538              2.3850              0.0189  
forward:               0.1500              0.4117              2.7967              0.0208  
forward:               0.2000              0.2028              2.9995              0.0215  
forward:               0.2500              0.0833              3.0828              0.0219  
forward:               0.3000              0.0185              3.1013              0.0221  
forward:               0.3500             -0.0321              3.0692              0.0224  
forward:               0.4000             -0.0708              2.9984              0.0227  
forward:               0.4500             -0.0991              2.8993              0.0230  
forward:               0.5000             -0.1260              2.7734              0.0231  
forward:               0.5500             -0.1987              2.5747              0.0234  
forward:               0.6000             -0.3457              2.2289              0.0236  
forward:               0.6500             -0.4422              1.7867              0.0238  
forward:               0.7000             -0.5268              1.2599              0.0240  
forward:               0.7500             -0.5912              0.6687              0.0242  
forward:               0.8000             -0.6456              0.0231              0.0244  
forward:               0.8500             -0.6901             -0.6670              0.0245  
forward:               0.9000             -0.7286             -1.3956              0.0247  
forward:               0.9500             -0.7517             -2.1473              0.0249  
forward:               1.0000             -0.7823             -2.9296              0.0250  
backward:              1.0000              0.0000             -2.9296              0.0000  
backward:              0.9500              0.7801             -2.1495              0.0034  
backward:              0.9000              0.7596             -1.3900              0.0048  
backward:              0.8500              0.7223             -0.6676              0.0056  
backward:              0.8000              0.6846              0.0169              0.0066  
backward:              0.7500              0.6378              0.6547              0.0075  
backward:              0.7000              0.5883              1.2431              0.0082  
backward:              0.6500              0.5162              1.7593              0.0091  
backward:              0.6000              0.4415              2.2008              0.0097  
backward:              0.5500              0.3411              2.5419              0.0104  
backward:              0.5000              0.2070              2.7489              0.0113  
backward:              0.4500              0.1233              2.8722              0.0121  
backward:              0.4000              0.1056              2.9778              0.0127  
backward:              0.3500              0.0745              3.0524              0.0132  
backward:              0.3000              0.0349              3.0873              0.0140  
backward:              0.2500             -0.0181              3.0692              0.0148  
backward:              0.2000             -0.0968              2.9724              0.0163  
backward:              0.1500             -0.2193              2.7531              0.0185  
backward:              0.1000             -0.4091              2.3439              0.0218  
backward:              0.0500             -0.8508              1.4931              0.0278  
backward:              0.0000             -1.5395             -0.0464              0.0423  
Inaccuracy estimation
======================================================================================================
                   i        i+δi          P0_overlap_P1   δε(forward)/ε   δε(backward)/ε
======================================================================================================
inaccuracy:  0.00000        0.05000           37.28           -0.04            1.63
inaccuracy:  0.05000        0.10000           47.02           -0.04            0.97
inaccuracy:  0.10000        0.15000           57.88           -0.02            0.50
inaccuracy:  0.15000        0.20000           65.45           -0.02            0.28
inaccuracy:  0.20000        0.25000           69.62           -0.02            0.19
inaccuracy:  0.25000        0.30000           71.20           -0.01            0.15
inaccuracy:  0.30000        0.35000           72.44           -0.01            0.13
inaccuracy:  0.35000        0.40000           73.36           -0.01            0.11
inaccuracy:  0.40000        0.45000           74.16           -0.02            0.10
inaccuracy:  0.45000        0.50000           74.83           -0.02            0.09
inaccuracy:  0.50000        0.55000           68.55           -0.05            0.12
inaccuracy:  0.55000        0.60000           71.40           -0.05            0.09
inaccuracy:  0.60000        0.65000           71.35           -0.05            0.07
inaccuracy:  0.65000        0.70000           72.74           -0.06            0.06
inaccuracy:  0.70000        0.75000           72.48           -0.05            0.06
inaccuracy:  0.75000        0.80000           72.78           -0.05            0.05
inaccuracy:  0.80000        0.85000           72.19           -0.06            0.05
inaccuracy:  0.85000        0.90000           72.01           -0.06            0.05
inaccuracy:  0.90000        0.95000           70.73           -0.06            0.05
inaccuracy:  0.95000        1.00000           71.42           -0.06            0.05
===================================================================================================================================
                BAR        
-----------------------------------------------------------------------------------------------------------------------------------
BAR-estimator:         λ             λ+δλ          ΔΔA             ΔA            C               Δδe            δe       
                          
-----------------------------------------------------------------------------------------------------------------------------------
BAR-estimator:      0.00000        0.05000        1.5494         1.5494         1.5494         0.0077         0.0077 
BAR-estimator:      0.05000        0.10000        0.8513         2.4007         0.8513         0.0069         0.0103 
BAR-estimator:      0.10000        0.15000        0.4114         2.8121         0.4114         0.0065         0.0122 
BAR-estimator:      0.15000        0.20000        0.2075         3.0196         0.2075         0.0036         0.0127 
BAR-estimator:      0.20000        0.25000        0.0863         3.1059         0.0863         0.0029         0.0130 
BAR-estimator:      0.25000        0.30000        0.0210         3.1269         0.0210         0.0024         0.0133 
BAR-estimator:      0.30000        0.35000       -0.0326         3.0943        -0.0326         0.0024         0.0135 
BAR-estimator:      0.35000        0.40000       -0.0716         3.0226        -0.0716         0.0028         0.0138 
BAR-estimator:      0.40000        0.45000       -0.1009         2.9217        -0.1009         0.0024         0.0140 
BAR-estimator:      0.45000        0.50000       -0.1251         2.7967        -0.1251         0.0020         0.0141 
BAR-estimator:      0.50000        0.55000       -0.2013         2.5953        -0.2013         0.0026         0.0144 
BAR-estimator:      0.55000        0.60000       -0.3410         2.2543        -0.3410         0.0023         0.0145 
BAR-estimator:      0.60000        0.65000       -0.4410         1.8133        -0.4410         0.0021         0.0147 
BAR-estimator:      0.65000        0.70000       -0.5243         1.2890        -0.5243         0.0022         0.0149 
BAR-estimator:      0.70000        0.75000       -0.5889         0.7002        -0.5889         0.0025         0.0151 
BAR-estimator:      0.75000        0.80000       -0.6413         0.0589        -0.6413         0.0023         0.0152 
BAR-estimator:      0.80000        0.85000       -0.6865        -0.6276        -0.6865         0.0022         0.0154 
BAR-estimator:      0.85000        0.90000       -0.7275        -1.3552        -0.7275         0.0023         0.0156 
BAR-estimator:      0.90000        0.95000       -0.7557        -2.1108        -0.7557         0.0023         0.0158 
BAR-estimator:      0.95000        1.00000       -0.7796        -2.8904        -0.7796         0.0023         0.0159 
BAR-estimator: total free energy change is -2.8903943052015317 , total error is 0.015933553882016088
