#========================================================================================
#                     Free energy perturbation    
#----------------------------------------------------------------------------------------
#forward/backward          λ              ΔΔA                 ΔA                  δε   
#                                                 
#----------------------------------------------------------------------------------------
forward:               0.0000              0.0000              0.0000              0.0000  
forward:               0.0500              3.2457              3.2457              0.0272  
forward:               0.1000              1.6623              4.9081              0.0350  
forward:               0.1500              0.7640              5.6721              0.0374  
forward:               0.2000              0.3251              5.9972              0.0385  
forward:               0.2500              0.1042              6.1014              0.0391  
forward:               0.3000             -0.0475              6.0539              0.0395  
forward:               0.3500             -0.1286              5.9253              0.0399  
forward:               0.4000             -0.1967              5.7285              0.0401  
forward:               0.4500             -0.2420              5.4865              0.0404  
forward:               0.5000             -0.2885              5.1980              0.0405  
forward:               0.5500             -0.4961              4.7020              0.0411  
forward:               0.6000             -0.8502              3.8517              0.0414  
forward:               0.6500             -1.1346              2.7172              0.0416  
forward:               0.7000             -1.3556              1.3615              0.0419  
forward:               0.7500             -1.5313             -0.1697              0.0422  
forward:               0.8000             -1.6581             -1.8278              0.0423  
forward:               0.8500             -1.7470             -3.5748              0.0426  
forward:               0.9000             -1.8234             -5.3983              0.0428  
forward:               0.9500             -1.8871             -7.2854              0.0430  
forward:               1.0000             -1.9240             -9.2094              0.0433  
backward:              1.0000              0.0000             -9.2094              0.0000  
backward:              0.9500              1.9330             -7.2764              0.0064  
backward:              0.9000              1.8698             -5.4066              0.0090  
backward:              0.8500              1.8078             -3.5987              0.0190  
backward:              0.8000              1.7483             -1.8505              0.0200  
backward:              0.7500              1.6512             -0.1993              0.0208  
backward:              0.7000              1.5124              1.3131              0.0216  
backward:              0.6500              1.3496              2.6627              0.0225  
backward:              0.6000              1.1302              3.7929              0.0234  
backward:              0.5500              0.8559              4.6488              0.0243  
backward:              0.5000              0.4885              5.1373              0.0252  
backward:              0.4500              0.2770              5.4143              0.0257  
backward:              0.4000              0.2425              5.6568              0.0263  
backward:              0.3500              0.1888              5.8456              0.0269  
backward:              0.3000              0.1359              5.9815              0.0279  
backward:              0.2500              0.0325              6.0140              0.0293  
backward:              0.2000             -0.1053              5.9087              0.0314  
backward:              0.1500             -0.3511              5.5576              0.0339  
backward:              0.1000             -0.7603              4.7973              0.0380  
backward:              0.0500             -1.6848              3.1126              0.0648  
backward:              0.0000             -3.0659              0.0467              0.1098  
Inaccuracy estimation
======================================================================================================
                   i        i+δi          P0_overlap_P1   δε(forward)/ε   δε(backward)/ε
======================================================================================================
inaccuracy:  0.00000        0.05000           18.63            0.33            4.89
inaccuracy:  0.05000        0.10000           30.61           -0.09            2.43
inaccuracy:  0.10000        0.15000           44.35           -0.08            1.11
inaccuracy:  0.15000        0.20000           53.67           -0.05            0.57
inaccuracy:  0.20000        0.25000           58.44           -0.05            0.36
inaccuracy:  0.25000        0.30000           62.58           -0.04            0.24
inaccuracy:  0.30000        0.35000           63.99           -0.05            0.21
inaccuracy:  0.35000        0.40000           66.57           -0.04            0.16
inaccuracy:  0.40000        0.45000           67.14           -0.04            0.15
inaccuracy:  0.45000        0.50000           68.53           -0.04            0.13
inaccuracy:  0.50000        0.55000           57.14           -0.16            0.20
inaccuracy:  0.55000        0.60000           59.19           -0.19            0.12
inaccuracy:  0.60000        0.65000           60.23           -0.21            0.07
inaccuracy:  0.65000        0.70000           60.90           -0.20            0.03
inaccuracy:  0.70000        0.75000           61.43           -0.21            0.01
inaccuracy:  0.75000        0.80000           61.05           -0.22           -0.01
inaccuracy:  0.80000        0.85000           60.09           -0.26           -0.01
inaccuracy:  0.85000        0.90000           59.82           -0.24           -0.02
inaccuracy:  0.90000        0.95000           59.85           -0.25           -0.03
inaccuracy:  0.95000        1.00000           58.55           -0.29           -0.03
===================================================================================================================================
                BAR        
-----------------------------------------------------------------------------------------------------------------------------------
BAR-estimator:         λ             λ+δλ          ΔΔA             ΔA            C               Δδe            δe       
                          
-----------------------------------------------------------------------------------------------------------------------------------
BAR-estimator:      0.00000        0.05000        3.1349         3.1349         3.1349         0.0123         0.0123 
BAR-estimator:      0.05000        0.10000        1.6554         4.7903         1.6554         0.0099         0.0158 
BAR-estimator:      0.10000        0.15000        0.7715         5.5619         0.7715         0.0078         0.0176 
BAR-estimator:      0.15000        0.20000        0.3372         5.8990         0.3372         0.0056         0.0185 
BAR-estimator:      0.20000        0.25000        0.1029         6.0019         0.1029         0.0043         0.0190 
BAR-estimator:      0.25000        0.30000       -0.0438         5.9581        -0.0438         0.0038         0.0194 
BAR-estimator:      0.30000        0.35000       -0.1289         5.8292        -0.1289         0.0035         0.0197 
BAR-estimator:      0.35000        0.40000       -0.1952         5.6340        -0.1952         0.0028         0.0199 
BAR-estimator:      0.40000        0.45000       -0.2423         5.3917        -0.2423         0.0029         0.0201 
BAR-estimator:      0.45000        0.50000       -0.2847         5.1070        -0.2847         0.0026         0.0203 
BAR-estimator:      0.50000        0.55000       -0.4928         4.6142        -0.4928         0.0038         0.0206 
BAR-estimator:      0.55000        0.60000       -0.8548         3.7594        -0.8548         0.0033         0.0209 
BAR-estimator:      0.60000        0.65000       -1.1303         2.6292        -1.1303         0.0030         0.0211 
BAR-estimator:      0.65000        0.70000       -1.3536         1.2756        -1.3536         0.0031         0.0213 
BAR-estimator:      0.70000        0.75000       -1.5247        -0.2491        -1.5247         0.0033         0.0216 
BAR-estimator:      0.75000        0.80000       -1.6553        -1.9044        -1.6553         0.0032         0.0218 
BAR-estimator:      0.80000        0.85000       -1.7510        -3.6554        -1.7510         0.0034         0.0221 
BAR-estimator:      0.85000        0.90000       -1.8237        -5.4790        -1.8237         0.0032         0.0223 
BAR-estimator:      0.90000        0.95000       -1.8808        -7.3599        -1.8808         0.0038         0.0226 
BAR-estimator:      0.95000        1.00000       -1.9317        -9.2916        -1.9317         0.0035         0.0229 
BAR-estimator: total free energy change is -9.291585184388717 , total error is 0.022904653119044004
