#========================================================================================
#                     Free energy perturbation    
#----------------------------------------------------------------------------------------
#forward/backward          λ              ΔΔA                 ΔA                  δε   
#                                                 
#----------------------------------------------------------------------------------------
forward:               0.0000              0.0000              0.0000              0.0000  
forward:               0.0500              1.1703              1.1703              0.0104  
forward:               0.1000              0.7609              1.9312              0.0140  
forward:               0.1500              0.4535              2.3846              0.0159  
forward:               0.2000              0.2697              2.6543              0.0171  
forward:               0.2500              0.1625              2.8168              0.0178  
forward:               0.3000              0.0907              2.9075              0.0184  
forward:               0.3500              0.0416              2.9491              0.0188  
forward:               0.4000             -0.0018              2.9473              0.0192  
forward:               0.4500             -0.0200              2.9273              0.0195  
forward:               0.5000             -0.0443              2.8830              0.0197  
forward:               0.5500             -0.1370              2.7460              0.0202  
forward:               0.6000             -0.3365              2.4095              0.0207  
forward:               0.6500             -0.5207              1.8888              0.0211  
forward:               0.7000             -0.6597              1.2291              0.0219  
forward:               0.7500             -0.7813              0.4478              0.0226  
forward:               0.8000             -0.8686             -0.4208              0.0233  
forward:               0.8500             -0.9369             -1.3577              0.0237  
forward:               0.9000             -0.9801             -2.3377              0.0243  
forward:               0.9500             -1.0291             -3.3669              0.0251  
forward:               1.0000             -1.0840             -4.4509              0.0268  
backward:              1.0000              0.0000             -4.4509              0.0000  
backward:              0.9500              1.0839             -3.3669              0.0044  
backward:              0.9000              1.0150             -2.3519              0.0096  
backward:              0.8500              0.9782             -1.3737              0.0119  
backward:              0.8000              0.9433             -0.4304              0.0126  
backward:              0.7500              0.8657              0.4353              0.0129  
backward:              0.7000              0.7789              1.2142              0.0141  
backward:              0.6500              0.6728              1.8870              0.0153  
backward:              0.6000              0.5101              2.3971              0.0161  
backward:              0.5500              0.3375              2.7346              0.0167  
backward:              0.5000              0.1362              2.8707              0.0174  
backward:              0.4500              0.0391              2.9098              0.0181  
backward:              0.4000              0.0195              2.9293              0.0187  
backward:              0.3500             -0.0088              2.9204              0.0192  
backward:              0.3000             -0.0395              2.8809              0.0198  
backward:              0.2500             -0.0859              2.7950              0.0205  
backward:              0.2000             -0.1552              2.6398              0.0215  
backward:              0.1500             -0.2680              2.3718              0.0230  
backward:              0.1000             -0.4645              1.9073              0.0258  
backward:              0.0500             -0.7789              1.1285              0.0322  
backward:              0.0000             -1.1623             -0.0339              0.0366  
Inaccuracy estimation
======================================================================================================
                   i        i+δi          P0_overlap_P1   δε(forward)/ε   δε(backward)/ε
======================================================================================================
inaccuracy:  0.00000        0.05000           45.04           -0.03            1.00
inaccuracy:  0.05000        0.10000           52.07           -0.03            0.74
inaccuracy:  0.10000        0.15000           58.81           -0.02            0.44
inaccuracy:  0.15000        0.20000           63.71           -0.02            0.30
inaccuracy:  0.20000        0.25000           66.97           -0.02            0.21
inaccuracy:  0.25000        0.30000           69.71           -0.02            0.17
inaccuracy:  0.30000        0.35000           71.71           -0.02            0.14
inaccuracy:  0.35000        0.40000           73.81           -0.01            0.12
inaccuracy:  0.40000        0.45000           73.50           -0.01            0.12
inaccuracy:  0.45000        0.50000           74.01           -0.01            0.10
inaccuracy:  0.50000        0.55000           66.79           -0.08            0.14
inaccuracy:  0.55000        0.60000           67.47           -0.08            0.11
inaccuracy:  0.60000        0.65000           68.29           -0.08            0.09
inaccuracy:  0.65000        0.70000           66.08           -0.13            0.07
inaccuracy:  0.70000        0.75000           66.93           -0.12            0.06
inaccuracy:  0.75000        0.80000           66.89           -0.10            0.06
inaccuracy:  0.80000        0.85000           65.88           -0.11            0.06
inaccuracy:  0.85000        0.90000           65.46           -0.12            0.06
inaccuracy:  0.90000        0.95000           65.63           -0.14            0.06
inaccuracy:  0.95000        1.00000           63.19           -0.18            0.06
===================================================================================================================================
                BAR        
-----------------------------------------------------------------------------------------------------------------------------------
BAR-estimator:         λ             λ+δλ          ΔΔA             ΔA            C               Δδe            δe       
                          
-----------------------------------------------------------------------------------------------------------------------------------
BAR-estimator:      0.00000        0.05000        1.1658         1.1658         1.1658         0.0102         0.0102 
BAR-estimator:      0.05000        0.10000        0.7641         1.9300         0.7641         0.0074         0.0126 
BAR-estimator:      0.10000        0.15000        0.4537         2.3837         0.4537         0.0053         0.0137 
BAR-estimator:      0.15000        0.20000        0.2682         2.6519         0.2682         0.0042         0.0143 
BAR-estimator:      0.20000        0.25000        0.1566         2.8085         0.1566         0.0039         0.0148 
BAR-estimator:      0.25000        0.30000        0.0891         2.8976         0.0891         0.0029         0.0151 
BAR-estimator:      0.30000        0.35000        0.0409         2.9385         0.0409         0.0037         0.0155 
BAR-estimator:      0.35000        0.40000        0.0026         2.9411         0.0026         0.0029         0.0158 
BAR-estimator:      0.40000        0.45000       -0.0216         2.9195        -0.0216         0.0025         0.0160 
BAR-estimator:      0.45000        0.50000       -0.0432         2.8763        -0.0432         0.0021         0.0161 
BAR-estimator:      0.50000        0.55000       -0.1374         2.7389        -0.1374         0.0030         0.0164 
BAR-estimator:      0.55000        0.60000       -0.3356         2.4033        -0.3356         0.0028         0.0166 
BAR-estimator:      0.60000        0.65000       -0.5122         1.8911        -0.5122         0.0028         0.0169 
BAR-estimator:      0.65000        0.70000       -0.6681         1.2230        -0.6681         0.0029         0.0171 
BAR-estimator:      0.70000        0.75000       -0.7832         0.4398        -0.7832         0.0033         0.0175 
BAR-estimator:      0.75000        0.80000       -0.8670        -0.4272        -0.8670         0.0033         0.0178 
BAR-estimator:      0.80000        0.85000       -0.9374        -1.3646        -0.9374         0.0031         0.0180 
BAR-estimator:      0.85000        0.90000       -0.9821        -2.3466        -0.9821         0.0039         0.0184 
BAR-estimator:      0.90000        0.95000       -1.0235        -3.3701        -1.0235         0.0041         0.0189 
BAR-estimator:      0.95000        1.00000       -1.0841        -4.4542        -1.0841         0.0049         0.0195 
BAR-estimator: total free energy change is -4.454196653168471 , total error is 0.019525756130404512
