#========================================================================================
#                     Free energy perturbation    
#----------------------------------------------------------------------------------------
#forward/backward          λ              ΔΔA                 ΔA                  δε   
#                                                 
#----------------------------------------------------------------------------------------
forward:               0.0000              0.0000              0.0000              0.0000  
forward:               0.0500              1.5387              1.5387              0.0157  
forward:               0.1000              0.9491              2.4877              0.0198  
forward:               0.1500              0.5202              3.0080              0.0225  
forward:               0.2000              0.2992              3.3072              0.0234  
forward:               0.2500              0.1734              3.4806              0.0240  
forward:               0.3000              0.0905              3.5710              0.0245  
forward:               0.3500              0.0358              3.6068              0.0248  
forward:               0.4000              0.0012              3.6080              0.0251  
forward:               0.4500             -0.0228              3.5852              0.0253  
forward:               0.5000             -0.0452              3.5400              0.0255  
forward:               0.5500             -0.1465              3.3935              0.0258  
forward:               0.6000             -0.3225              3.0710              0.0262  
forward:               0.6500             -0.4991              2.5719              0.0265  
forward:               0.7000             -0.6427              1.9292              0.0269  
forward:               0.7500             -0.7281              1.2011              0.0272  
forward:               0.8000             -0.7866              0.4145              0.0274  
forward:               0.8500             -0.8139             -0.3994              0.0277  
forward:               0.9000             -0.8323             -1.2317              0.0279  
forward:               0.9500             -0.8369             -2.0686              0.0282  
forward:               1.0000             -0.8253             -2.8939              0.0284  
backward:              1.0000              0.0000             -2.8939              0.0000  
backward:              0.9500              0.8287             -2.0652              0.0044  
backward:              0.9000              0.8262             -1.2390              0.0066  
backward:              0.8500              0.8232             -0.4157              0.0082  
backward:              0.8000              0.8106              0.3949              0.0094  
backward:              0.7500              0.7815              1.1764              0.0104  
backward:              0.7000              0.7230              1.8994              0.0150  
backward:              0.6500              0.6351              2.5345              0.0159  
backward:              0.6000              0.4897              3.0242              0.0168  
backward:              0.5500              0.3247              3.3489              0.0175  
backward:              0.5000              0.1454              3.4942              0.0181  
backward:              0.4500              0.0409              3.5351              0.0186  
backward:              0.4000              0.0151              3.5502              0.0192  
backward:              0.3500             -0.0075              3.5427              0.0199  
backward:              0.3000             -0.0403              3.5025              0.0208  
backward:              0.2500             -0.0982              3.4043              0.0216  
backward:              0.2000             -0.1867              3.2175              0.0238  
backward:              0.1500             -0.2931              2.9244              0.0254  
backward:              0.1000             -0.5480              2.3764              0.0291  
backward:              0.0500             -0.9582              1.4182              0.0352  
backward:              0.0000             -1.5577             -0.1396              0.0448  
Inaccuracy estimation
======================================================================================================
                   i        i+δi          P0_overlap_P1   δε(forward)/ε   δε(backward)/ε
======================================================================================================
inaccuracy:  0.00000        0.05000           38.37           -0.03            1.49
inaccuracy:  0.05000        0.10000           46.58           -0.04            1.02
inaccuracy:  0.10000        0.15000           55.58           -0.02            0.56
inaccuracy:  0.15000        0.20000           61.80           -0.02            0.35
inaccuracy:  0.20000        0.25000           66.25           -0.02            0.24
inaccuracy:  0.25000        0.30000           69.52           -0.02            0.18
inaccuracy:  0.30000        0.35000           70.78           -0.02            0.15
inaccuracy:  0.35000        0.40000           71.80           -0.02            0.14
inaccuracy:  0.40000        0.45000           72.46           -0.02            0.13
inaccuracy:  0.45000        0.50000           72.96           -0.02            0.11
inaccuracy:  0.50000        0.55000           67.02           -0.08            0.14
inaccuracy:  0.55000        0.60000           66.42           -0.09            0.11
inaccuracy:  0.60000        0.65000           66.34           -0.09            0.10
inaccuracy:  0.65000        0.70000           66.62           -0.09            0.08
inaccuracy:  0.70000        0.75000           67.53           -0.09            0.07
inaccuracy:  0.75000        0.80000           67.32           -0.10            0.06
inaccuracy:  0.80000        0.85000           66.72           -0.08            0.07
inaccuracy:  0.85000        0.90000           67.32           -0.09            0.07
inaccuracy:  0.90000        0.95000           66.86           -0.09            0.07
inaccuracy:  0.95000        1.00000           65.92           -0.09            0.08
===================================================================================================================================
                BAR        
-----------------------------------------------------------------------------------------------------------------------------------
BAR-estimator:         λ             λ+δλ          ΔΔA             ΔA            C               Δδe            δe       
                          
-----------------------------------------------------------------------------------------------------------------------------------
BAR-estimator:      0.00000        0.05000        1.5491         1.5491         1.5491         0.0072         0.0072 
BAR-estimator:      0.05000        0.10000        0.9564         2.5055         0.9564         0.0072         0.0101 
BAR-estimator:      0.10000        0.15000        0.5311         3.0366         0.5311         0.0059         0.0117 
BAR-estimator:      0.15000        0.20000        0.2987         3.3354         0.2987         0.0043         0.0125 
BAR-estimator:      0.20000        0.25000        0.1738         3.5092         0.1738         0.0038         0.0131 
BAR-estimator:      0.25000        0.30000        0.0945         3.6037         0.0945         0.0034         0.0135 
BAR-estimator:      0.30000        0.35000        0.0382         3.6419         0.0382         0.0029         0.0138 
BAR-estimator:      0.35000        0.40000        0.0036         3.6455         0.0036         0.0026         0.0141 
BAR-estimator:      0.40000        0.45000       -0.0218         3.6237        -0.0218         0.0025         0.0143 
BAR-estimator:      0.45000        0.50000       -0.0442         3.5795        -0.0442         0.0023         0.0145 
BAR-estimator:      0.50000        0.55000       -0.1464         3.4331        -0.1464         0.0029         0.0147 
BAR-estimator:      0.55000        0.60000       -0.3243         3.1087        -0.3243         0.0031         0.0151 
BAR-estimator:      0.60000        0.65000       -0.4958         2.6129        -0.4958         0.0027         0.0153 
BAR-estimator:      0.65000        0.70000       -0.6391         1.9738        -0.6391         0.0029         0.0156 
BAR-estimator:      0.70000        0.75000       -0.7267         1.2472        -0.7267         0.0030         0.0159 
BAR-estimator:      0.75000        0.80000       -0.7869         0.4603        -0.7869         0.0028         0.0161 
BAR-estimator:      0.80000        0.85000       -0.8119        -0.3516        -0.8119         0.0025         0.0163 
BAR-estimator:      0.85000        0.90000       -0.8290        -1.1806        -0.8290         0.0031         0.0166 
BAR-estimator:      0.90000        0.95000       -0.8354        -2.0160        -0.8354         0.0032         0.0169 
BAR-estimator:      0.95000        1.00000       -0.8269        -2.8429        -0.8269         0.0027         0.0171 
BAR-estimator: total free energy change is -2.842930496163998 , total error is 0.017106676923739215
