#========================================================================================
#                     Free energy perturbation    
#----------------------------------------------------------------------------------------
#forward/backward          λ              ΔΔA                 ΔA                  δε   
#                                                 
#----------------------------------------------------------------------------------------
forward:               0.0000              0.0000              0.0000              0.0000  
forward:               0.0500              1.0633              1.0633              0.0097  
forward:               0.1000              0.6201              1.6834              0.0121  
forward:               0.1500              0.3807              2.0641              0.0136  
forward:               0.2000              0.2474              2.3115              0.0144  
forward:               0.2500              0.1705              2.4820              0.0149  
forward:               0.3000              0.1165              2.5985              0.0154  
forward:               0.3500              0.0813              2.6798              0.0158  
forward:               0.4000              0.0628              2.7427              0.0161  
forward:               0.4500              0.0314              2.7741              0.0163  
forward:               0.5000              0.0216              2.7957              0.0165  
forward:               0.5500             -0.0195              2.7762              0.0168  
forward:               0.6000             -0.0804              2.6958              0.0171  
forward:               0.6500             -0.1414              2.5544              0.0174  
forward:               0.7000             -0.1930              2.3614              0.0176  
forward:               0.7500             -0.2316              2.1298              0.0178  
forward:               0.8000             -0.2642              1.8655              0.0180  
forward:               0.8500             -0.2957              1.5699              0.0182  
forward:               0.9000             -0.3150              1.2549              0.0184  
forward:               0.9500             -0.3323              0.9226              0.0185  
forward:               1.0000             -0.3449              0.5777              0.0187  
backward:              1.0000              0.0000              0.5777              0.0000  
backward:              0.9500              0.3435              0.9212              0.0032  
backward:              0.9000              0.3323              1.2536              0.0046  
backward:              0.8500              0.3163              1.5699              0.0054  
backward:              0.8000              0.2931              1.8630              0.0062  
backward:              0.7500              0.2621              2.1251              0.0070  
backward:              0.7000              0.2342              2.3593              0.0078  
backward:              0.6500              0.1838              2.5430              0.0085  
backward:              0.6000              0.1370              2.6800              0.0091  
backward:              0.5500              0.0802              2.7602              0.0100  
backward:              0.5000              0.0163              2.7765              0.0107  
backward:              0.4500             -0.0196              2.7569              0.0112  
backward:              0.4000             -0.0274              2.7295              0.0119  
backward:              0.3500             -0.0542              2.6752              0.0125  
backward:              0.3000             -0.0808              2.5944              0.0132  
backward:              0.2500             -0.1178              2.4766              0.0140  
backward:              0.2000             -0.1684              2.3082              0.0148  
backward:              0.1500             -0.2496              2.0586              0.0160  
backward:              0.1000             -0.3720              1.6866              0.0179  
backward:              0.0500             -0.6171              1.0695              0.0247  
backward:              0.0000             -1.0843             -0.0148              0.0330  
Inaccuracy estimation
======================================================================================================
                   i        i+δi          P0_overlap_P1   δε(forward)/ε   δε(backward)/ε
======================================================================================================
inaccuracy:  0.00000        0.05000           46.01           -0.03            1.15
inaccuracy:  0.05000        0.10000           56.32           -0.01            0.57
inaccuracy:  0.10000        0.15000           64.30           -0.01            0.34
inaccuracy:  0.15000        0.20000           69.04           -0.01            0.21
inaccuracy:  0.20000        0.25000           71.66           -0.00            0.16
inaccuracy:  0.25000        0.30000           74.08           -0.01            0.13
inaccuracy:  0.30000        0.35000           75.12           -0.01            0.12
inaccuracy:  0.35000        0.40000           75.06           -0.01            0.11
inaccuracy:  0.40000        0.45000           76.83           -0.01            0.10
inaccuracy:  0.45000        0.50000           76.95           -0.01            0.09
inaccuracy:  0.50000        0.55000           74.08           -0.02            0.10
inaccuracy:  0.55000        0.60000           74.13           -0.03            0.09
inaccuracy:  0.60000        0.65000           75.87           -0.03            0.08
inaccuracy:  0.65000        0.70000           75.87           -0.03            0.07
inaccuracy:  0.70000        0.75000           75.02           -0.03            0.07
inaccuracy:  0.75000        0.80000           75.29           -0.03            0.06
inaccuracy:  0.80000        0.85000           75.62           -0.03            0.07
inaccuracy:  0.85000        0.90000           75.22           -0.03            0.06
inaccuracy:  0.90000        0.95000           74.84           -0.03            0.06
inaccuracy:  0.95000        1.00000           74.81           -0.03            0.06
===================================================================================================================================
                BAR        
-----------------------------------------------------------------------------------------------------------------------------------
BAR-estimator:         λ             λ+δλ          ΔΔA             ΔA            C               Δδe            δe       
                          
-----------------------------------------------------------------------------------------------------------------------------------
BAR-estimator:      0.00000        0.05000        1.0679         1.0679         1.0679         0.0058         0.0058 
BAR-estimator:      0.05000        0.10000        0.6170         1.6849         0.6170         0.0050         0.0076 
BAR-estimator:      0.10000        0.15000        0.3803         2.0651         0.3803         0.0038         0.0085 
BAR-estimator:      0.15000        0.20000        0.2475         2.3127         0.2475         0.0032         0.0091 
BAR-estimator:      0.20000        0.25000        0.1692         2.4818         0.1692         0.0028         0.0095 
BAR-estimator:      0.25000        0.30000        0.1174         2.5993         0.1174         0.0027         0.0099 
BAR-estimator:      0.30000        0.35000        0.0819         2.6811         0.0819         0.0023         0.0101 
BAR-estimator:      0.35000        0.40000        0.0588         2.7399         0.0588         0.0021         0.0104 
BAR-estimator:      0.40000        0.45000        0.0317         2.7716         0.0317         0.0020         0.0106 
BAR-estimator:      0.45000        0.50000        0.0219         2.7935         0.0219         0.0020         0.0107 
BAR-estimator:      0.50000        0.55000       -0.0182         2.7753        -0.0182         0.0021         0.0110 
BAR-estimator:      0.55000        0.60000       -0.0817         2.6936        -0.0817         0.0023         0.0112 
BAR-estimator:      0.60000        0.65000       -0.1392         2.5543        -0.1392         0.0022         0.0114 
BAR-estimator:      0.65000        0.70000       -0.1898         2.3645        -0.1898         0.0020         0.0116 
BAR-estimator:      0.70000        0.75000       -0.2333         2.1312        -0.2333         0.0021         0.0118 
BAR-estimator:      0.75000        0.80000       -0.2641         1.8671        -0.2641         0.0021         0.0119 
BAR-estimator:      0.80000        0.85000       -0.2939         1.5733        -0.2939         0.0021         0.0121 
BAR-estimator:      0.85000        0.90000       -0.3153         1.2579        -0.3153         0.0024         0.0124 
BAR-estimator:      0.90000        0.95000       -0.3332         0.9248        -0.3332         0.0022         0.0126 
BAR-estimator:      0.95000        1.00000       -0.3445         0.5803        -0.3445         0.0020         0.0127 
BAR-estimator: total free energy change is 0.5802668993205318 , total error is 0.012729446025775455
