#========================================================================================
#                     Free energy perturbation    
#----------------------------------------------------------------------------------------
#forward/backward          λ              ΔΔA                 ΔA                  δε   
#                                                 
#----------------------------------------------------------------------------------------
forward:               0.0000              0.0000              0.0000              0.0000  
forward:               0.0500              1.3660              1.3660              0.0059  
forward:               0.1000              0.7391              2.1051              0.0136  
forward:               0.1500              0.3582              2.4633              0.0157  
forward:               0.2000              0.1940              2.6573              0.0165  
forward:               0.2500              0.1032              2.7605              0.0169  
forward:               0.3000              0.0588              2.8194              0.0178  
forward:               0.3500              0.0121              2.8314              0.0182  
forward:               0.4000             -0.0099              2.8215              0.0185  
forward:               0.4500             -0.0250              2.7965              0.0187  
forward:               0.5000             -0.0435              2.7529              0.0189  
forward:               0.5500             -0.0446              2.7083              0.0192  
forward:               0.6000             -0.0609              2.6474              0.0194  
forward:               0.6500             -0.0713              2.5761              0.0196  
forward:               0.7000             -0.0784              2.4977              0.0198  
forward:               0.7500             -0.0852              2.4125              0.0200  
forward:               0.8000             -0.0895              2.3230              0.0201  
forward:               0.8500             -0.0941              2.2289              0.0203  
forward:               0.9000             -0.0975              2.1314              0.0205  
forward:               0.9500             -0.1023              2.0291              0.0206  
forward:               1.0000             -0.1085              1.9206              0.0208  
backward:              1.0000              0.0000              1.9206              0.0000  
backward:              0.9500              0.1069              2.0274              0.0030  
backward:              0.9000              0.1053              2.1327              0.0044  
backward:              0.8500              0.1026              2.2353              0.0054  
backward:              0.8000              0.0924              2.3278              0.0065  
backward:              0.7500              0.0870              2.4148              0.0072  
backward:              0.7000              0.0843              2.4991              0.0079  
backward:              0.6500              0.0746              2.5738              0.0087  
backward:              0.6000              0.0670              2.6408              0.0093  
backward:              0.5500              0.0479              2.6887              0.0100  
backward:              0.5000              0.0374              2.7261              0.0108  
backward:              0.4500              0.0366              2.7627              0.0114  
backward:              0.4000              0.0203              2.7830              0.0120  
backward:              0.3500              0.0038              2.7868              0.0130  
backward:              0.3000             -0.0130              2.7738              0.0138  
backward:              0.2500             -0.0526              2.7212              0.0144  
backward:              0.2000             -0.1033              2.6178              0.0157  
backward:              0.1500             -0.1920              2.4258              0.0171  
backward:              0.1000             -0.3566              2.0692              0.0201  
backward:              0.0500             -0.7614              1.3078              0.0415  
backward:              0.0000             -1.4403             -0.1326              0.0527  
Inaccuracy estimation
======================================================================================================
                   i        i+δi          P0_overlap_P1   δε(forward)/ε   δε(backward)/ε
======================================================================================================
inaccuracy:  0.00000        0.05000           40.83           -0.04            1.29
inaccuracy:  0.05000        0.10000           49.07           -0.03            0.89
inaccuracy:  0.10000        0.15000           61.05           -0.01            0.44
inaccuracy:  0.15000        0.20000           67.27           -0.01            0.25
inaccuracy:  0.20000        0.25000           70.11           -0.02            0.18
inaccuracy:  0.25000        0.30000           71.85           -0.01            0.15
inaccuracy:  0.30000        0.35000           73.87           -0.01            0.13
inaccuracy:  0.35000        0.40000           74.37           -0.01            0.11
inaccuracy:  0.40000        0.45000           75.20           -0.01            0.11
inaccuracy:  0.45000        0.50000           75.38           -0.01            0.10
inaccuracy:  0.50000        0.55000           75.10           -0.01            0.09
inaccuracy:  0.55000        0.60000           76.43           -0.01            0.09
inaccuracy:  0.60000        0.65000           75.71           -0.02            0.09
inaccuracy:  0.65000        0.70000           75.78           -0.02            0.09
inaccuracy:  0.70000        0.75000           75.76           -0.01            0.09
inaccuracy:  0.75000        0.80000           75.96           -0.02            0.08
inaccuracy:  0.80000        0.85000           75.22           -0.02            0.09
inaccuracy:  0.85000        0.90000           74.63           -0.01            0.09
inaccuracy:  0.90000        0.95000           74.89           -0.02            0.09
inaccuracy:  0.95000        1.00000           75.33           -0.02            0.09
===================================================================================================================================
                BAR        
-----------------------------------------------------------------------------------------------------------------------------------
BAR-estimator:         λ             λ+δλ          ΔΔA             ΔA            C               Δδe            δe       
                          
-----------------------------------------------------------------------------------------------------------------------------------
BAR-estimator:      0.00000        0.05000        1.3846         1.3846         1.3846         0.0066         0.0066 
BAR-estimator:      0.05000        0.10000        0.7452         2.1298         0.7452         0.0073         0.0099 
BAR-estimator:      0.10000        0.15000        0.3593         2.4891         0.3593         0.0049         0.0110 
BAR-estimator:      0.15000        0.20000        0.1972         2.6863         0.1972         0.0034         0.0115 
BAR-estimator:      0.20000        0.25000        0.1032         2.7895         0.1032         0.0028         0.0118 
BAR-estimator:      0.25000        0.30000        0.0571         2.8466         0.0571         0.0026         0.0121 
BAR-estimator:      0.30000        0.35000        0.0138         2.8604         0.0138         0.0026         0.0124 
BAR-estimator:      0.35000        0.40000       -0.0086         2.8518        -0.0086         0.0023         0.0126 
BAR-estimator:      0.40000        0.45000       -0.0231         2.8287        -0.0231         0.0022         0.0128 
BAR-estimator:      0.45000        0.50000       -0.0417         2.7870        -0.0417         0.0021         0.0130 
BAR-estimator:      0.50000        0.55000       -0.0437         2.7432        -0.0437         0.0020         0.0131 
BAR-estimator:      0.55000        0.60000       -0.0563         2.6870        -0.0563         0.0022         0.0133 
BAR-estimator:      0.60000        0.65000       -0.0695         2.6175        -0.0695         0.0022         0.0135 
BAR-estimator:      0.65000        0.70000       -0.0776         2.5399        -0.0776         0.0020         0.0136 
BAR-estimator:      0.70000        0.75000       -0.0836         2.4563        -0.0836         0.0018         0.0137 
BAR-estimator:      0.75000        0.80000       -0.0887         2.3676        -0.0887         0.0019         0.0139 
BAR-estimator:      0.80000        0.85000       -0.0946         2.2730        -0.0946         0.0021         0.0140 
BAR-estimator:      0.85000        0.90000       -0.0984         2.1746        -0.0984         0.0023         0.0142 
BAR-estimator:      0.90000        0.95000       -0.1033         2.0713        -0.1033         0.0022         0.0144 
BAR-estimator:      0.95000        1.00000       -0.1064         1.9648        -0.1064         0.0024         0.0146 
BAR-estimator: total free energy change is 1.9648329410455552 , total error is 0.014602787802603922
