#========================================================================================
#                     Free energy perturbation    
#----------------------------------------------------------------------------------------
#forward/backward          λ              ΔΔA                 ΔA                  δε   
#                                                 
#----------------------------------------------------------------------------------------
forward:               0.0000              0.0000              0.0000              0.0000  
forward:               0.0500              1.2293              1.2293              0.0121  
forward:               0.1000              0.7643              1.9936              0.0160  
forward:               0.1500              0.4659              2.4595              0.0177  
forward:               0.2000              0.2875              2.7470              0.0188  
forward:               0.2500              0.1929              2.9399              0.0198  
forward:               0.3000              0.1174              3.0573              0.0204  
forward:               0.3500              0.0794              3.1366              0.0207  
forward:               0.4000              0.0420              3.1787              0.0210  
forward:               0.4500              0.0189              3.1975              0.0213  
forward:               0.5000             -0.0052              3.1924              0.0214  
forward:               0.5500             -0.0959              3.0965              0.0217  
forward:               0.6000             -0.2637              2.8328              0.0221  
forward:               0.6500             -0.4170              2.4157              0.0224  
forward:               0.7000             -0.5522              1.8635              0.0227  
forward:               0.7500             -0.6533              1.2102              0.0230  
forward:               0.8000             -0.7213              0.4889              0.0233  
forward:               0.8500             -0.7567             -0.2678              0.0236  
forward:               0.9000             -0.7887             -1.0566              0.0239  
forward:               0.9500             -0.8031             -1.8597              0.0242  
forward:               1.0000             -0.8126             -2.6723              0.0244  
backward:              1.0000              0.0000             -2.6723              0.0000  
backward:              0.9500              0.8203             -1.8520              0.0040  
backward:              0.9000              0.8031             -1.0489              0.0059  
backward:              0.8500              0.7815             -0.2674              0.0075  
backward:              0.8000              0.7610              0.4936              0.0081  
backward:              0.7500              0.7159              1.2095              0.0091  
backward:              0.7000              0.6513              1.8607              0.0104  
backward:              0.6500              0.5576              2.4183              0.0113  
backward:              0.6000              0.4114              2.8297              0.0121  
backward:              0.5500              0.2652              3.0948              0.0132  
backward:              0.5000              0.0986              3.1934              0.0138  
backward:              0.4500             -0.0014              3.1919              0.0144  
backward:              0.4000             -0.0159              3.1761              0.0149  
backward:              0.3500             -0.0337              3.1423              0.0155  
backward:              0.3000             -0.0873              3.0551              0.0164  
backward:              0.2500             -0.1210              2.9340              0.0172  
backward:              0.2000             -0.1887              2.7453              0.0185  
backward:              0.1500             -0.2860              2.4593              0.0206  
backward:              0.1000             -0.4678              1.9915              0.0228  
backward:              0.0500             -0.7630              1.2284              0.0256  
backward:              0.0000             -1.2832             -0.0548              0.0765  
Inaccuracy estimation
======================================================================================================
                   i        i+δi          P0_overlap_P1   δε(forward)/ε   δε(backward)/ε
======================================================================================================
inaccuracy:  0.00000        0.05000           43.76           -0.03            1.18
inaccuracy:  0.05000        0.10000           52.42           -0.03            0.73
inaccuracy:  0.10000        0.15000           59.73           -0.02            0.43
inaccuracy:  0.15000        0.20000           65.02           -0.02            0.28
inaccuracy:  0.20000        0.25000           68.42           -0.01            0.20
inaccuracy:  0.25000        0.30000           71.48           -0.01            0.16
inaccuracy:  0.30000        0.35000           72.33           -0.01            0.13
inaccuracy:  0.35000        0.40000           73.21           -0.01            0.13
inaccuracy:  0.40000        0.45000           73.49           -0.01            0.11
inaccuracy:  0.45000        0.50000           74.93           -0.01            0.11
inaccuracy:  0.50000        0.55000           68.23           -0.06            0.13
inaccuracy:  0.55000        0.60000           68.07           -0.08            0.11
inaccuracy:  0.60000        0.65000           68.81           -0.08            0.09
inaccuracy:  0.65000        0.70000           68.12           -0.09            0.07
inaccuracy:  0.70000        0.75000           69.01           -0.07            0.07
inaccuracy:  0.75000        0.80000           69.31           -0.07            0.06
inaccuracy:  0.80000        0.85000           68.84           -0.09            0.06
inaccuracy:  0.85000        0.90000           68.70           -0.08            0.06
inaccuracy:  0.90000        0.95000           68.33           -0.07            0.06
inaccuracy:  0.95000        1.00000           67.92           -0.09            0.06
===================================================================================================================================
                BAR        
-----------------------------------------------------------------------------------------------------------------------------------
BAR-estimator:         λ             λ+δλ          ΔΔA             ΔA            C               Δδe            δe       
                          
-----------------------------------------------------------------------------------------------------------------------------------
BAR-estimator:      0.00000        0.05000        1.2295         1.2295         1.2295         0.0062         0.0062 
BAR-estimator:      0.05000        0.10000        0.7728         2.0022         0.7728         0.0064         0.0089 
BAR-estimator:      0.10000        0.15000        0.4715         2.4737         0.4715         0.0050         0.0102 
BAR-estimator:      0.15000        0.20000        0.2873         2.7610         0.2873         0.0035         0.0108 
BAR-estimator:      0.20000        0.25000        0.1914         2.9525         0.1914         0.0033         0.0113 
BAR-estimator:      0.25000        0.30000        0.1207         3.0732         0.1207         0.0032         0.0117 
BAR-estimator:      0.30000        0.35000        0.0787         3.1518         0.0787         0.0026         0.0120 
BAR-estimator:      0.35000        0.40000        0.0414         3.1932         0.0414         0.0026         0.0123 
BAR-estimator:      0.40000        0.45000        0.0162         3.2094         0.0162         0.0023         0.0125 
BAR-estimator:      0.45000        0.50000       -0.0024         3.2070        -0.0024         0.0017         0.0126 
BAR-estimator:      0.50000        0.55000       -0.0965         3.1106        -0.0965         0.0028         0.0129 
BAR-estimator:      0.55000        0.60000       -0.2634         2.8472        -0.2634         0.0025         0.0132 
BAR-estimator:      0.60000        0.65000       -0.4117         2.4355        -0.4117         0.0028         0.0135 
BAR-estimator:      0.65000        0.70000       -0.5550         1.8805        -0.5550         0.0027         0.0137 
BAR-estimator:      0.70000        0.75000       -0.6529         1.2276        -0.6529         0.0027         0.0140 
BAR-estimator:      0.75000        0.80000       -0.7178         0.5099        -0.7178         0.0025         0.0142 
BAR-estimator:      0.80000        0.85000       -0.7597        -0.2498        -0.7597         0.0029         0.0145 
BAR-estimator:      0.85000        0.90000       -0.7870        -1.0367        -0.7870         0.0026         0.0148 
BAR-estimator:      0.90000        0.95000       -0.8027        -1.8395        -0.8027         0.0029         0.0150 
BAR-estimator:      0.95000        1.00000       -0.8154        -2.6549        -0.8154         0.0024         0.0152 
BAR-estimator: total free energy change is -2.6548590673713948 , total error is 0.01522803969378128
