#========================================================================================
#                     Free energy perturbation    
#----------------------------------------------------------------------------------------
#forward/backward          λ              ΔΔA                 ΔA                  δε   
#                                                 
#----------------------------------------------------------------------------------------
forward:               0.0000              0.0000              0.0000              0.0000  
forward:               0.0500              1.6411              1.6411              0.0164  
forward:               0.1000              1.0463              2.6874              0.0233  
forward:               0.1500              0.6069              3.2943              0.0253  
forward:               0.2000              0.3230              3.6173              0.0265  
forward:               0.2500              0.1783              3.7956              0.0271  
forward:               0.3000              0.0802              3.8758              0.0274  
forward:               0.3500              0.0146              3.8904              0.0278  
forward:               0.4000             -0.0379              3.8525              0.0281  
forward:               0.4500             -0.0676              3.7849              0.0284  
forward:               0.5000             -0.0993              3.6856              0.0286  
forward:               0.5500             -0.3041              3.3815              0.0290  
forward:               0.6000             -0.6171              2.7644              0.0294  
forward:               0.6500             -0.9070              1.8574              0.0299  
forward:               0.7000             -1.1513              0.7061              0.0303  
forward:               0.7500             -1.2957             -0.5896              0.0308  
forward:               0.8000             -1.3930             -1.9825              0.0318  
forward:               0.8500             -1.4322             -3.4148              0.0321  
forward:               0.9000             -1.4519             -4.8667              0.0329  
forward:               0.9500             -1.4483             -6.3150              0.0330  
forward:               1.0000             -1.4269             -7.7419              0.0338  
backward:              1.0000              0.0000             -7.7419              0.0000  
backward:              0.9500              1.4366             -6.3053              0.0070  
backward:              0.9000              1.4570             -4.8483              0.0086  
backward:              0.8500              1.4364             -3.4119              0.0101  
backward:              0.8000              1.4341             -1.9779              0.0115  
backward:              0.7500              1.3946             -0.5833              0.0128  
backward:              0.7000              1.2980              0.7147              0.0143  
backward:              0.6500              1.1406              1.8553              0.0154  
backward:              0.6000              0.9096              2.7649              0.0164  
backward:              0.5500              0.6145              3.3794              0.0173  
backward:              0.5000              0.3049              3.6842              0.0182  
backward:              0.4500              0.0957              3.7799              0.0187  
backward:              0.4000              0.0663              3.8462              0.0204  
backward:              0.3500              0.0363              3.8824              0.0211  
backward:              0.3000             -0.0164              3.8660              0.0219  
backward:              0.2500             -0.0792              3.7868              0.0230  
backward:              0.2000             -0.1753              3.6116              0.0242  
backward:              0.1500             -0.3587              3.2529              0.0308  
backward:              0.1000             -0.6117              2.6412              0.0346  
backward:              0.0500             -1.0480              1.5932              0.0392  
backward:              0.0000             -1.6351             -0.0419              0.0465  
Inaccuracy estimation
======================================================================================================
                   i        i+δi          P0_overlap_P1   δε(forward)/ε   δε(backward)/ε
======================================================================================================
inaccuracy:  0.00000        0.05000           36.48           -0.03            1.71
inaccuracy:  0.05000        0.10000           44.68           -0.05            1.16
inaccuracy:  0.10000        0.15000           51.98           -0.04            0.67
inaccuracy:  0.15000        0.20000           60.02           -0.03            0.41
inaccuracy:  0.20000        0.25000           63.46           -0.03            0.28
inaccuracy:  0.25000        0.30000           66.59           -0.03            0.21
inaccuracy:  0.30000        0.35000           68.43           -0.02            0.18
inaccuracy:  0.35000        0.40000           69.57           -0.02            0.14
inaccuracy:  0.40000        0.45000           70.14           -0.03            0.14
inaccuracy:  0.45000        0.50000           71.88           -0.03            0.13
inaccuracy:  0.50000        0.55000           60.34           -0.13            0.18
inaccuracy:  0.55000        0.60000           61.53           -0.17            0.12
inaccuracy:  0.60000        0.65000           60.87           -0.19            0.08
inaccuracy:  0.65000        0.70000           62.29           -0.17            0.05
inaccuracy:  0.70000        0.75000           62.12           -0.19            0.03
inaccuracy:  0.75000        0.80000           61.96           -0.18            0.02
inaccuracy:  0.80000        0.85000           62.52           -0.19            0.02
inaccuracy:  0.85000        0.90000           62.06           -0.18            0.03
inaccuracy:  0.90000        0.95000           60.23           -0.21            0.03
inaccuracy:  0.95000        1.00000           59.39           -0.20            0.04
===================================================================================================================================
                BAR        
-----------------------------------------------------------------------------------------------------------------------------------
BAR-estimator:         λ             λ+δλ          ΔΔA             ΔA            C               Δδe            δe       
                          
-----------------------------------------------------------------------------------------------------------------------------------
BAR-estimator:      0.00000        0.05000        1.6446         1.6446         1.6446         0.0072         0.0072 
BAR-estimator:      0.05000        0.10000        1.0541         2.6987         1.0541         0.0076         0.0105 
BAR-estimator:      0.10000        0.15000        0.6037         3.3024         0.6037         0.0064         0.0123 
BAR-estimator:      0.15000        0.20000        0.3318         3.6342         0.3318         0.0049         0.0132 
BAR-estimator:      0.20000        0.25000        0.1764         3.8107         0.1764         0.0041         0.0138 
BAR-estimator:      0.25000        0.30000        0.0801         3.8908         0.0801         0.0043         0.0145 
BAR-estimator:      0.30000        0.35000        0.0142         3.9050         0.0142         0.0031         0.0148 
BAR-estimator:      0.35000        0.40000       -0.0385         3.8665        -0.0385         0.0028         0.0151 
BAR-estimator:      0.40000        0.45000       -0.0691         3.7973        -0.0691         0.0027         0.0153 
BAR-estimator:      0.45000        0.50000       -0.0969         3.7005        -0.0969         0.0025         0.0155 
BAR-estimator:      0.50000        0.55000       -0.2980         3.4025        -0.2980         0.0032         0.0158 
BAR-estimator:      0.55000        0.60000       -0.6143         2.7882        -0.6143         0.0030         0.0161 
BAR-estimator:      0.60000        0.65000       -0.9089         1.8793        -0.9089         0.0033         0.0165 
BAR-estimator:      0.65000        0.70000       -1.1450         0.7343        -1.1450         0.0038         0.0169 
BAR-estimator:      0.70000        0.75000       -1.2964        -0.5621        -1.2964         0.0036         0.0173 
BAR-estimator:      0.75000        0.80000       -1.3955        -1.9576        -1.3955         0.0033         0.0176 
BAR-estimator:      0.80000        0.85000       -1.4277        -3.3853        -1.4277         0.0032         0.0179 
BAR-estimator:      0.85000        0.90000       -1.4462        -4.8316        -1.4462         0.0031         0.0182 
BAR-estimator:      0.90000        0.95000       -1.4522        -6.2837        -1.4522         0.0032         0.0184 
BAR-estimator:      0.95000        1.00000       -1.4296        -7.7133        -1.4296         0.0046         0.0190 
BAR-estimator: total free energy change is -7.713299560284397 , total error is 0.01900198018900504
