#========================================================================================
#                     Free energy perturbation    
#----------------------------------------------------------------------------------------
#forward/backward          λ              ΔΔA                 ΔA                  δε   
#                                                 
#----------------------------------------------------------------------------------------
forward:               0.0000              0.0000              0.0000              0.0000  
forward:               0.0500              3.9264              3.9264              0.0785  
forward:               0.1000              2.0074              5.9338              0.0822  
forward:               0.1500              0.8973              6.8311              0.0830  
forward:               0.2000              0.3361              7.1672              0.0834  
forward:               0.2500              0.0518              7.2190              0.0837  
forward:               0.3000             -0.0898              7.1292              0.0839  
forward:               0.3500             -0.1799              6.9493              0.0840  
forward:               0.4000             -0.2721              6.6771              0.0841  
forward:               0.4500             -0.3217              6.3554              0.0842  
forward:               0.5000             -0.3697              5.9857              0.0843  
forward:               0.5500             -0.4512              5.5345              0.0844  
forward:               0.6000             -0.5683              4.9662              0.0845  
forward:               0.6500             -0.6510              4.3152              0.0846  
forward:               0.7000             -0.7147              3.6005              0.0846  
forward:               0.7500             -0.7650              2.8355              0.0847  
forward:               0.8000             -0.8024              2.0330              0.0847  
forward:               0.8500             -0.8301              1.2030              0.0848  
forward:               0.9000             -0.8567              0.3462              0.0849  
forward:               0.9500             -0.8739             -0.5276              0.0849  
forward:               1.0000             -0.8914             -1.4190              0.0850  
backward:              1.0000              0.0000             -1.4190              0.0000  
backward:              0.9500              0.8795             -0.5395              0.0043  
backward:              0.9000              0.8781              0.3386              0.0056  
backward:              0.8500              0.8485              1.1871              0.0071  
backward:              0.8000              0.8349              2.0220              0.0080  
backward:              0.7500              0.7990              2.8210              0.0090  
backward:              0.7000              0.7649              3.5859              0.0099  
backward:              0.6500              0.7108              4.2967              0.0106  
backward:              0.6000              0.6531              4.9499              0.0114  
backward:              0.5500              0.5840              5.5338              0.0121  
backward:              0.5000              0.4605              5.9944              0.0130  
backward:              0.4500              0.3730              6.3674              0.0138  
backward:              0.4000              0.3050              6.6724              0.0148  
backward:              0.3500              0.2576              6.9300              0.0161  
backward:              0.3000              0.1941              7.1242              0.0171  
backward:              0.2500              0.0822              7.2063              0.0187  
backward:              0.2000             -0.0549              7.1515              0.0199  
backward:              0.1500             -0.3082              6.8433              0.0249  
backward:              0.1000             -1.0213              5.8219              0.1673  
backward:              0.0500             -1.9674              3.8545              0.1723  
backward:              0.0000             -3.8017              0.0528              0.2103  
Inaccuracy estimation
======================================================================================================
                   i        i+δi          P0_overlap_P1   δε(forward)/ε   δε(backward)/ε
======================================================================================================
inaccuracy:  0.00000        0.05000           15.11            0.70            6.30
inaccuracy:  0.05000        0.10000           26.20           -0.06            3.12
inaccuracy:  0.10000        0.15000           39.88           -0.10            1.36
inaccuracy:  0.15000        0.20000           51.56           -0.07            0.64
inaccuracy:  0.20000        0.25000           59.67           -0.05            0.33
inaccuracy:  0.25000        0.30000           63.20           -0.04            0.23
inaccuracy:  0.30000        0.35000           64.59           -0.05            0.18
inaccuracy:  0.35000        0.40000           67.40           -0.04            0.14
inaccuracy:  0.40000        0.45000           68.50           -0.04            0.12
inaccuracy:  0.45000        0.50000           68.78           -0.04            0.11
inaccuracy:  0.50000        0.55000           65.60           -0.07            0.13
inaccuracy:  0.55000        0.60000           66.53           -0.08            0.10
inaccuracy:  0.60000        0.65000           67.80           -0.07            0.08
inaccuracy:  0.65000        0.70000           69.02           -0.06            0.07
inaccuracy:  0.70000        0.75000           69.17           -0.07            0.06
inaccuracy:  0.75000        0.80000           68.75           -0.07            0.06
inaccuracy:  0.80000        0.85000           68.33           -0.07            0.06
inaccuracy:  0.85000        0.90000           68.50           -0.07            0.05
inaccuracy:  0.90000        0.95000           68.30           -0.08            0.05
inaccuracy:  0.95000        1.00000           68.46           -0.07            0.05
===================================================================================================================================
                BAR        
-----------------------------------------------------------------------------------------------------------------------------------
BAR-estimator:         λ             λ+δλ          ΔΔA             ΔA            C               Δδe            δe       
                          
-----------------------------------------------------------------------------------------------------------------------------------
BAR-estimator:      0.00000        0.05000        3.9827         3.9827         3.9827         0.0121         0.0121 
BAR-estimator:      0.05000        0.10000        2.0367         6.0194         2.0367         0.0127         0.0176 
BAR-estimator:      0.10000        0.15000        0.8864         6.9058         0.8864         0.0084         0.0195 
BAR-estimator:      0.15000        0.20000        0.3302         7.2361         0.3302         0.0055         0.0203 
BAR-estimator:      0.20000        0.25000        0.0557         7.2918         0.0557         0.0023         0.0204 
BAR-estimator:      0.25000        0.30000       -0.0866         7.2051        -0.0866         0.0031         0.0206 
BAR-estimator:      0.30000        0.35000       -0.1849         7.0203        -0.1849         0.0033         0.0209 
BAR-estimator:      0.35000        0.40000       -0.2692         6.7510        -0.2692         0.0029         0.0211 
BAR-estimator:      0.40000        0.45000       -0.3188         6.4323        -0.3188         0.0025         0.0212 
BAR-estimator:      0.45000        0.50000       -0.3694         6.0629        -0.3694         0.0027         0.0214 
BAR-estimator:      0.50000        0.55000       -0.4526         5.6103        -0.4526         0.0025         0.0215 
BAR-estimator:      0.55000        0.60000       -0.5738         5.0365        -0.5738         0.0027         0.0217 
BAR-estimator:      0.60000        0.65000       -0.6521         4.3844        -0.6521         0.0026         0.0219 
BAR-estimator:      0.65000        0.70000       -0.7117         3.6727        -0.7117         0.0024         0.0220 
BAR-estimator:      0.70000        0.75000       -0.7645         2.9082        -0.7645         0.0025         0.0222 
BAR-estimator:      0.75000        0.80000       -0.8001         2.1081        -0.8001         0.0025         0.0223 
BAR-estimator:      0.80000        0.85000       -0.8289         1.2792        -0.8289         0.0025         0.0224 
BAR-estimator:      0.85000        0.90000       -0.8538         0.4255        -0.8538         0.0026         0.0226 
BAR-estimator:      0.90000        0.95000       -0.8727        -0.4472        -0.8727         0.0023         0.0227 
BAR-estimator:      0.95000        1.00000       -0.8890        -1.3362        -0.8890         0.0024         0.0228 
BAR-estimator: total free energy change is -1.3361860139367094 , total error is 0.022828512581996224
