#========================================================================================
#                     Free energy perturbation    
#----------------------------------------------------------------------------------------
#forward/backward          λ              ΔΔA                 ΔA                  δε   
#                                                 
#----------------------------------------------------------------------------------------
forward:               0.0000              0.0000              0.0000              0.0000  
forward:               0.0500              4.6200              4.6200              0.0650  
forward:               0.1000              2.4391              7.0591              0.0732  
forward:               0.1500              1.0185              8.0775              0.0748  
forward:               0.2000              0.3400              8.4176              0.0754  
forward:               0.2500              0.0405              8.4580              0.0757  
forward:               0.3000             -0.1356              8.3224              0.0760  
forward:               0.3500             -0.2414              8.0810              0.0761  
forward:               0.4000             -0.3270              7.7540              0.0763  
forward:               0.4500             -0.3953              7.3587              0.0764  
forward:               0.5000             -0.4389              6.9197              0.0765  
forward:               0.5500             -0.5227              6.3971              0.0766  
forward:               0.6000             -0.6010              5.7961              0.0767  
forward:               0.6500             -0.6631              5.1330              0.0768  
forward:               0.7000             -0.7078              4.4252              0.0769  
forward:               0.7500             -0.7502              3.6750              0.0769  
forward:               0.8000             -0.7806              2.8944              0.0770  
forward:               0.8500             -0.8037              2.0907              0.0771  
forward:               0.9000             -0.8227              1.2680              0.0771  
forward:               0.9500             -0.8380              0.4300              0.0772  
forward:               1.0000             -0.8536             -0.4237              0.0773  
backward:              1.0000              0.0000             -0.4237              0.0000  
backward:              0.9500              0.8548              0.4311              0.0039  
backward:              0.9000              0.8276              1.2588              0.0068  
backward:              0.8500              0.8171              2.0759              0.0077  
backward:              0.8000              0.8005              2.8764              0.0086  
backward:              0.7500              0.7741              3.6505              0.0096  
backward:              0.7000              0.7454              4.3959              0.0103  
backward:              0.6500              0.7120              5.1079              0.0115  
backward:              0.6000              0.6555              5.7634              0.0125  
backward:              0.5500              0.6054              6.3688              0.0141  
backward:              0.5000              0.5151              6.8839              0.0151  
backward:              0.4500              0.4439              7.3278              0.0157  
backward:              0.4000              0.3938              7.7216              0.0161  
backward:              0.3500              0.3367              8.0582              0.0169  
backward:              0.3000              0.2290              8.2873              0.0196  
backward:              0.2500              0.1247              8.4119              0.0208  
backward:              0.2000             -0.0372              8.3747              0.0238  
backward:              0.1500             -0.3873              7.9874              0.0306  
backward:              0.1000             -1.0151              6.9722              0.0435  
backward:              0.0500             -2.3347              4.6375              0.0613  
backward:              0.0000             -4.4143              0.2232              0.1040  
Inaccuracy estimation
======================================================================================================
                   i        i+δi          P0_overlap_P1   δε(forward)/ε   δε(backward)/ε
======================================================================================================
inaccuracy:  0.00000        0.05000           12.43            1.06            7.75
inaccuracy:  0.05000        0.10000           21.86            0.00            4.02
inaccuracy:  0.10000        0.15000           36.52           -0.11            1.61
inaccuracy:  0.15000        0.20000           50.28           -0.08            0.66
inaccuracy:  0.20000        0.25000           56.91           -0.06            0.39
inaccuracy:  0.25000        0.30000           62.27           -0.06            0.23
inaccuracy:  0.30000        0.35000           64.30           -0.04            0.17
inaccuracy:  0.35000        0.40000           65.53           -0.05            0.15
inaccuracy:  0.40000        0.45000           67.59           -0.04            0.12
inaccuracy:  0.45000        0.50000           67.95           -0.05            0.10
inaccuracy:  0.50000        0.55000           66.88           -0.06            0.11
inaccuracy:  0.55000        0.60000           67.52           -0.07            0.09
inaccuracy:  0.60000        0.65000           68.39           -0.07            0.07
inaccuracy:  0.65000        0.70000           68.33           -0.07            0.07
inaccuracy:  0.70000        0.75000           69.60           -0.07            0.06
inaccuracy:  0.75000        0.80000           69.32           -0.06            0.06
inaccuracy:  0.80000        0.85000           69.30           -0.07            0.06
inaccuracy:  0.85000        0.90000           69.15           -0.07            0.05
inaccuracy:  0.90000        0.95000           68.96           -0.07            0.05
inaccuracy:  0.95000        1.00000           68.67           -0.07            0.05
===================================================================================================================================
                BAR        
-----------------------------------------------------------------------------------------------------------------------------------
BAR-estimator:         λ             λ+δλ          ΔΔA             ΔA            C               Δδe            δe       
                          
-----------------------------------------------------------------------------------------------------------------------------------
BAR-estimator:      0.00000        0.05000        4.6750         4.6750         4.6750         0.0158         0.0158 
BAR-estimator:      0.05000        0.10000        2.4375         7.1125         2.4375         0.0145         0.0214 
BAR-estimator:      0.10000        0.15000        1.0167         8.1292         1.0167         0.0088         0.0232 
BAR-estimator:      0.15000        0.20000        0.3469         8.4762         0.3469         0.0057         0.0239 
BAR-estimator:      0.20000        0.25000        0.0347         8.5109         0.0347         0.0044         0.0243 
BAR-estimator:      0.25000        0.30000       -0.1305         8.3804        -0.1305         0.0039         0.0246 
BAR-estimator:      0.30000        0.35000       -0.2402         8.1402        -0.2402         0.0033         0.0248 
BAR-estimator:      0.35000        0.40000       -0.3302         7.8101        -0.3302         0.0031         0.0250 
BAR-estimator:      0.40000        0.45000       -0.3944         7.4156        -0.3944         0.0028         0.0252 
BAR-estimator:      0.45000        0.50000       -0.4405         6.9751        -0.4405         0.0026         0.0253 
BAR-estimator:      0.50000        0.55000       -0.5199         6.4552        -0.5199         0.0028         0.0255 
BAR-estimator:      0.55000        0.60000       -0.6025         5.8527        -0.6025         0.0026         0.0256 
BAR-estimator:      0.60000        0.65000       -0.6630         5.1897        -0.6630         0.0024         0.0257 
BAR-estimator:      0.65000        0.70000       -0.7105         4.4792        -0.7105         0.0026         0.0258 
BAR-estimator:      0.70000        0.75000       -0.7470         3.7322        -0.7470         0.0025         0.0259 
BAR-estimator:      0.75000        0.80000       -0.7777         2.9545        -0.7777         0.0025         0.0261 
BAR-estimator:      0.80000        0.85000       -0.8024         2.1521        -0.8024         0.0025         0.0262 
BAR-estimator:      0.85000        0.90000       -0.8204         1.3317        -0.8204         0.0028         0.0263 
BAR-estimator:      0.90000        0.95000       -0.8355         0.4962        -0.8355         0.0027         0.0265 
BAR-estimator:      0.95000        1.00000       -0.8542        -0.3580        -0.8542         0.0025         0.0266 
BAR-estimator: total free energy change is -0.35800704758659163 , total error is 0.026600007674713298
