#========================================================================================
#                     Free energy perturbation    
#----------------------------------------------------------------------------------------
#forward/backward          λ              ΔΔA                 ΔA                  δε   
#                                                 
#----------------------------------------------------------------------------------------
forward:               0.0000              0.0000              0.0000              0.0000  
forward:               0.0500              2.1080              2.1080              0.0185  
forward:               0.1000              1.3196              3.4277              0.0246  
forward:               0.1500              0.7622              4.1899              0.0271  
forward:               0.2000              0.4041              4.5940              0.0284  
forward:               0.2500              0.2200              4.8140              0.0292  
forward:               0.3000              0.0899              4.9039              0.0297  
forward:               0.3500              0.0177              4.9216              0.0302  
forward:               0.4000             -0.0514              4.8702              0.0305  
forward:               0.4500             -0.0870              4.7833              0.0308  
forward:               0.5000             -0.1147              4.6686              0.0311  
forward:               0.5500             -0.3288              4.3397              0.0315  
forward:               0.6000             -0.6777              3.6620              0.0320  
forward:               0.6500             -0.9951              2.6669              0.0324  
forward:               0.7000             -1.2504              1.4165              0.0330  
forward:               0.7500             -1.4503             -0.0339              0.0334  
forward:               0.8000             -1.5112             -1.5451              0.0338  
forward:               0.8500             -1.5943             -3.1393              0.0342  
forward:               0.9000             -1.6342             -4.7736              0.0344  
forward:               0.9500             -1.6014             -6.3749              0.0346  
forward:               1.0000             -1.6659             -8.0408              0.0356  
backward:              1.0000              0.0000             -8.0408              0.0000  
backward:              0.9500              1.6494             -6.3914              0.0072  
backward:              0.9000              1.6023             -4.7891              0.0102  
backward:              0.8500              1.6280             -3.1612              0.0177  
backward:              0.8000              1.5589             -1.6023              0.0197  
backward:              0.7500              1.5473             -0.0549              0.0239  
backward:              0.7000              1.4390              1.3841              0.0248  
backward:              0.6500              1.2536              2.6376              0.0261  
backward:              0.6000              1.0026              3.6402              0.0270  
backward:              0.5500              0.6804              4.3206              0.0277  
backward:              0.5000              0.3264              4.6470              0.0285  
backward:              0.4500              0.1252              4.7722              0.0291  
backward:              0.4000              0.0832              4.8553              0.0297  
backward:              0.3500              0.0370              4.8924              0.0302  
backward:              0.3000             -0.0162              4.8762              0.0314  
backward:              0.2500             -0.1047              4.7715              0.0323  
backward:              0.2000             -0.2141              4.5573              0.0334  
backward:              0.1500             -0.4357              4.1216              0.0360  
backward:              0.1000             -0.7938              3.3278              0.0791  
backward:              0.0500             -1.3138              2.0140              0.0821  
backward:              0.0000             -2.1186             -0.1046              0.0911  
Inaccuracy estimation
======================================================================================================
                   i        i+δi          P0_overlap_P1   δε(forward)/ε   δε(backward)/ε
======================================================================================================
inaccuracy:  0.00000        0.05000           30.43            0.00            2.51
inaccuracy:  0.05000        0.10000           38.84           -0.07            1.59
inaccuracy:  0.10000        0.15000           46.78           -0.06            0.90
inaccuracy:  0.15000        0.20000           55.39           -0.05            0.51
inaccuracy:  0.20000        0.25000           59.48           -0.04            0.36
inaccuracy:  0.25000        0.30000           63.53           -0.04            0.27
inaccuracy:  0.30000        0.35000           65.08           -0.04            0.22
inaccuracy:  0.35000        0.40000           67.09           -0.03            0.18
inaccuracy:  0.40000        0.45000           67.97           -0.03            0.16
inaccuracy:  0.45000        0.50000           67.57           -0.03            0.16
inaccuracy:  0.50000        0.55000           58.43           -0.16            0.21
inaccuracy:  0.55000        0.60000           58.87           -0.20            0.14
inaccuracy:  0.60000        0.65000           57.94           -0.24            0.09
inaccuracy:  0.65000        0.70000           58.91           -0.24            0.06
inaccuracy:  0.70000        0.75000           60.13           -0.22            0.03
inaccuracy:  0.75000        0.80000           57.81           -0.25            0.02
inaccuracy:  0.80000        0.85000           61.20           -0.24            0.01
inaccuracy:  0.85000        0.90000           59.44           -0.25            0.01
inaccuracy:  0.90000        0.95000           57.32           -0.25            0.03
inaccuracy:  0.95000        1.00000           58.39           -0.26            0.02
===================================================================================================================================
                BAR        
-----------------------------------------------------------------------------------------------------------------------------------
BAR-estimator:         λ             λ+δλ          ΔΔA             ΔA            C               Δδe            δe       
                          
-----------------------------------------------------------------------------------------------------------------------------------
BAR-estimator:      0.00000        0.05000        2.1169         2.1169         2.1169         0.0135         0.0135 
BAR-estimator:      0.05000        0.10000        1.3299         3.4468         1.3299         0.0166         0.0214 
BAR-estimator:      0.10000        0.15000        0.7572         4.2040         0.7572         0.0082         0.0229 
BAR-estimator:      0.15000        0.20000        0.4125         4.6165         0.4125         0.0063         0.0237 
BAR-estimator:      0.20000        0.25000        0.2224         4.8389         0.2224         0.0046         0.0242 
BAR-estimator:      0.25000        0.30000        0.0961         4.9350         0.0961         0.0037         0.0245 
BAR-estimator:      0.30000        0.35000        0.0170         4.9520         0.0170         0.0034         0.0247 
BAR-estimator:      0.35000        0.40000       -0.0472         4.9048        -0.0472         0.0032         0.0249 
BAR-estimator:      0.40000        0.45000       -0.0841         4.8207        -0.0841         0.0029         0.0251 
BAR-estimator:      0.45000        0.50000       -0.1200         4.7007        -0.1200         0.0028         0.0252 
BAR-estimator:      0.50000        0.55000       -0.3285         4.3722        -0.3285         0.0033         0.0254 
BAR-estimator:      0.55000        0.60000       -0.6753         3.6969        -0.6753         0.0034         0.0256 
BAR-estimator:      0.60000        0.65000       -1.0019         2.6950        -1.0019         0.0035         0.0259 
BAR-estimator:      0.65000        0.70000       -1.2543         1.4407        -1.2543         0.0076         0.0270 
BAR-estimator:      0.70000        0.75000       -1.4445        -0.0038        -1.4445         0.0062         0.0277 
BAR-estimator:      0.75000        0.80000       -1.5282        -1.5320        -1.5282         0.0037         0.0279 
BAR-estimator:      0.80000        0.85000       -1.5833        -3.1154        -1.5833         0.0037         0.0282 
BAR-estimator:      0.85000        0.90000       -1.6308        -4.7462        -1.6308         0.0065         0.0289 
BAR-estimator:      0.90000        0.95000       -1.6041        -6.3502        -1.6041         0.0112         0.0310 
BAR-estimator:      0.95000        1.00000       -1.6611        -8.0113        -1.6611         0.0036         0.0312 
BAR-estimator: total free energy change is -8.01131226419487 , total error is 0.031238142523178573
