#========================================================================================
#                     Free energy perturbation    
#----------------------------------------------------------------------------------------
#forward/backward          λ              ΔΔA                 ΔA                  δε   
#                                                 
#----------------------------------------------------------------------------------------
forward:               0.0000              0.0000              0.0000              0.0000  
forward:               0.0500              1.9418              1.9418              0.0124  
forward:               0.1000              0.9094              2.8512              0.0173  
forward:               0.1500              0.4517              3.3029              0.0181  
forward:               0.2000              0.2352              3.5381              0.0189  
forward:               0.2500              0.1035              3.6416              0.0195  
forward:               0.3000              0.0377              3.6793              0.0199  
forward:               0.3500             -0.0116              3.6678              0.0202  
forward:               0.4000             -0.0442              3.6236              0.0204  
forward:               0.4500             -0.0769              3.5466              0.0207  
forward:               0.5000             -0.0956              3.4510              0.0209  
forward:               0.5500             -0.1351              3.3159              0.0212  
forward:               0.6000             -0.2354              3.0805              0.0214  
forward:               0.6500             -0.3058              2.7748              0.0216  
forward:               0.7000             -0.3614              2.4134              0.0218  
forward:               0.7500             -0.4013              2.0121              0.0220  
forward:               0.8000             -0.4325              1.5796              0.0221  
forward:               0.8500             -0.4660              1.1136              0.0223  
forward:               0.9000             -0.4990              0.6145              0.0224  
forward:               0.9500             -0.5159              0.0987              0.0226  
forward:               1.0000             -0.5310             -0.4323              0.0227  
backward:              1.0000              0.0000             -0.4323              0.0000  
backward:              0.9500              0.5272              0.0949              0.0032  
backward:              0.9000              0.5164              0.6113              0.0046  
backward:              0.8500              0.4965              1.1078              0.0054  
backward:              0.8000              0.4605              1.5683              0.0064  
backward:              0.7500              0.4352              2.0035              0.0075  
backward:              0.7000              0.4033              2.4068              0.0082  
backward:              0.6500              0.3563              2.7632              0.0088  
backward:              0.6000              0.3087              3.0719              0.0094  
backward:              0.5500              0.2362              3.3081              0.0101  
backward:              0.5000              0.1352              3.4433              0.0110  
backward:              0.4500              0.0937              3.5370              0.0115  
backward:              0.4000              0.0776              3.6146              0.0120  
backward:              0.3500              0.0384              3.6530              0.0127  
backward:              0.3000              0.0079              3.6609              0.0136  
backward:              0.2500             -0.0448              3.6162              0.0144  
backward:              0.2000             -0.1260              3.4902              0.0173  
backward:              0.1500             -0.2298              3.2604              0.0188  
backward:              0.1000             -0.4612              2.7992              0.0222  
backward:              0.0500             -0.9541              1.8451              0.0398  
backward:              0.0000             -1.7584              0.0867              0.0464  
Inaccuracy estimation
======================================================================================================
                   i        i+δi          P0_overlap_P1   δε(forward)/ε   δε(backward)/ε
======================================================================================================
inaccuracy:  0.00000        0.05000           29.18           -0.02            3.25
inaccuracy:  0.05000        0.10000           46.76           -0.04            1.06
inaccuracy:  0.10000        0.15000           59.04           -0.02            0.49
inaccuracy:  0.15000        0.20000           65.28           -0.02            0.27
inaccuracy:  0.20000        0.25000           70.60           -0.01            0.17
inaccuracy:  0.25000        0.30000           72.96           -0.01            0.14
inaccuracy:  0.30000        0.35000           73.63           -0.01            0.11
inaccuracy:  0.35000        0.40000           74.58           -0.01            0.10
inaccuracy:  0.40000        0.45000           75.75           -0.01            0.09
inaccuracy:  0.45000        0.50000           76.18           -0.02            0.08
inaccuracy:  0.50000        0.55000           71.97           -0.03            0.10
inaccuracy:  0.55000        0.60000           74.14           -0.04            0.08
inaccuracy:  0.60000        0.65000           74.42           -0.03            0.07
inaccuracy:  0.65000        0.70000           74.90           -0.03            0.06
inaccuracy:  0.70000        0.75000           74.73           -0.04            0.06
inaccuracy:  0.75000        0.80000           73.56           -0.04            0.05
inaccuracy:  0.80000        0.85000           74.93           -0.03            0.05
inaccuracy:  0.85000        0.90000           75.05           -0.04            0.05
inaccuracy:  0.90000        0.95000           74.47           -0.04            0.05
inaccuracy:  0.95000        1.00000           74.55           -0.04            0.05
===================================================================================================================================
                BAR        
-----------------------------------------------------------------------------------------------------------------------------------
BAR-estimator:         λ             λ+δλ          ΔΔA             ΔA            C               Δδe            δe       
                          
-----------------------------------------------------------------------------------------------------------------------------------
BAR-estimator:      0.00000        0.05000        1.8988         1.8988         1.8988         0.0088         0.0088 
BAR-estimator:      0.05000        0.10000        0.9227         2.8215         0.9227         0.0071         0.0113 
BAR-estimator:      0.10000        0.15000        0.4546         3.2761         0.4546         0.0057         0.0126 
BAR-estimator:      0.15000        0.20000        0.2326         3.5087         0.2326         0.0037         0.0131 
BAR-estimator:      0.20000        0.25000        0.1071         3.6158         0.1071         0.0032         0.0135 
BAR-estimator:      0.25000        0.30000        0.0407         3.6564         0.0407         0.0028         0.0138 
BAR-estimator:      0.30000        0.35000       -0.0114         3.6450        -0.0114         0.0024         0.0140 
BAR-estimator:      0.35000        0.40000       -0.0443         3.6008        -0.0443         0.0022         0.0142 
BAR-estimator:      0.40000        0.45000       -0.0756         3.5251        -0.0756         0.0022         0.0144 
BAR-estimator:      0.45000        0.50000       -0.0952         3.4299        -0.0952         0.0021         0.0145 
BAR-estimator:      0.50000        0.55000       -0.1359         3.2940        -0.1359         0.0024         0.0147 
BAR-estimator:      0.55000        0.60000       -0.2339         3.0601        -0.2339         0.0022         0.0149 
BAR-estimator:      0.60000        0.65000       -0.3052         2.7549        -0.3052         0.0018         0.0150 
BAR-estimator:      0.65000        0.70000       -0.3599         2.3950        -0.3599         0.0023         0.0151 
BAR-estimator:      0.70000        0.75000       -0.4021         1.9929        -0.4021         0.0020         0.0153 
BAR-estimator:      0.75000        0.80000       -0.4361         1.5568        -0.4361         0.0021         0.0154 
BAR-estimator:      0.80000        0.85000       -0.4657         1.0911        -0.4657         0.0021         0.0156 
BAR-estimator:      0.85000        0.90000       -0.4979         0.5932        -0.4979         0.0022         0.0157 
BAR-estimator:      0.90000        0.95000       -0.5161         0.0771        -0.5161         0.0021         0.0158 
BAR-estimator:      0.95000        1.00000       -0.5292        -0.4520        -0.5292         0.0021         0.0160 
BAR-estimator: total free energy change is -0.45204985758369465 , total error is 0.015980527437424803
