#========================================================================================
#                     Free energy perturbation    
#----------------------------------------------------------------------------------------
#forward/backward          λ              ΔΔA                 ΔA                  δε   
#                                                 
#----------------------------------------------------------------------------------------
forward:               0.0000              0.0000              0.0000              0.0000  
forward:               0.0500              3.7736              3.7736              0.0481  
forward:               0.1000              1.8271              5.6007              0.0553  
forward:               0.1500              0.7531              6.3538              0.0575  
forward:               0.2000              0.2630              6.6168              0.0582  
forward:               0.2500              0.0316              6.6483              0.0587  
forward:               0.3000             -0.0953              6.5531              0.0589  
forward:               0.3500             -0.1845              6.3686              0.0592  
forward:               0.4000             -0.2377              6.1309              0.0593  
forward:               0.4500             -0.2856              5.8453              0.0595  
forward:               0.5000             -0.3146              5.5307              0.0596  
forward:               0.5500             -0.5013              5.0294              0.0598  
forward:               0.6000             -0.8004              4.2289              0.0601  
forward:               0.6500             -1.0524              3.1765              0.0603  
forward:               0.7000             -1.2628              1.9137              0.0605  
forward:               0.7500             -1.4028              0.5109              0.0607  
forward:               0.8000             -1.5049             -0.9940              0.0609  
forward:               0.8500             -1.5561             -2.5501              0.0610  
forward:               0.9000             -1.5808             -4.1309              0.0612  
forward:               0.9500             -1.5943             -5.7252              0.0613  
forward:               1.0000             -1.5848             -7.3100              0.0615  
backward:              1.0000              0.0000             -7.3100              0.0000  
backward:              0.9500              1.5939             -5.7161              0.0049  
backward:              0.9000              1.5916             -4.1245              0.0073  
backward:              0.8500              1.5754             -2.5491              0.0091  
backward:              0.8000              1.5446             -1.0046              0.0106  
backward:              0.7500              1.5037              0.4991              0.0118  
backward:              0.7000              1.4006              1.8997              0.0135  
backward:              0.6500              1.2580              3.1577              0.0148  
backward:              0.6000              1.0579              4.2156              0.0159  
backward:              0.5500              0.7960              5.0116              0.0169  
backward:              0.5000              0.5105              5.5221              0.0179  
backward:              0.4500              0.3166              5.8387              0.0184  
backward:              0.4000              0.2748              6.1135              0.0204  
backward:              0.3500              0.2346              6.3481              0.0211  
backward:              0.3000              0.1886              6.5367              0.0227  
backward:              0.2500              0.0957              6.6324              0.0239  
backward:              0.2000             -0.0340              6.5984              0.0256  
backward:              0.1500             -0.2688              6.3295              0.0331  
backward:              0.1000             -0.6964              5.6331              0.0404  
backward:              0.0500             -1.7788              3.8543              0.0644  
backward:              0.0000             -3.5933              0.2610              0.0814  
Inaccuracy estimation
======================================================================================================
                   i        i+δi          P0_overlap_P1   δε(forward)/ε   δε(backward)/ε
======================================================================================================
inaccuracy:  0.00000        0.05000           15.67            0.59            5.94
inaccuracy:  0.05000        0.10000           26.96           -0.10            2.95
inaccuracy:  0.10000        0.15000           40.98           -0.10            1.24
inaccuracy:  0.15000        0.20000           53.57           -0.06            0.56
inaccuracy:  0.20000        0.25000           60.57           -0.05            0.32
inaccuracy:  0.25000        0.30000           63.89           -0.05            0.22
inaccuracy:  0.30000        0.35000           65.98           -0.04            0.18
inaccuracy:  0.35000        0.40000           67.48           -0.04            0.15
inaccuracy:  0.40000        0.45000           68.57           -0.04            0.12
inaccuracy:  0.45000        0.50000           69.18           -0.04            0.11
inaccuracy:  0.50000        0.55000           59.82           -0.14            0.16
inaccuracy:  0.55000        0.60000           61.55           -0.17            0.10
inaccuracy:  0.60000        0.65000           61.19           -0.20            0.06
inaccuracy:  0.65000        0.70000           61.80           -0.19            0.04
inaccuracy:  0.70000        0.75000           61.70           -0.19            0.02
inaccuracy:  0.75000        0.80000           62.76           -0.20            0.01
inaccuracy:  0.80000        0.85000           62.37           -0.16            0.01
inaccuracy:  0.85000        0.90000           61.93           -0.20            0.01
inaccuracy:  0.90000        0.95000           61.55           -0.18            0.01
inaccuracy:  0.95000        1.00000           60.78           -0.22            0.01
===================================================================================================================================
                BAR        
-----------------------------------------------------------------------------------------------------------------------------------
BAR-estimator:         λ             λ+δλ          ΔΔA             ΔA            C               Δδe            δe       
                          
-----------------------------------------------------------------------------------------------------------------------------------
BAR-estimator:      0.00000        0.05000        3.7525         3.7525         3.7525         0.0127         0.0127 
BAR-estimator:      0.05000        0.10000        1.8462         5.5987         1.8462         0.0118         0.0174 
BAR-estimator:      0.10000        0.15000        0.7363         6.3350         0.7363         0.0104         0.0203 
BAR-estimator:      0.15000        0.20000        0.2637         6.5987         0.2637         0.0059         0.0211 
BAR-estimator:      0.20000        0.25000        0.0368         6.6355         0.0368         0.0046         0.0216 
BAR-estimator:      0.25000        0.30000       -0.0975         6.5379        -0.0975         0.0036         0.0219 
BAR-estimator:      0.30000        0.35000       -0.1854         6.3525        -0.1854         0.0035         0.0222 
BAR-estimator:      0.35000        0.40000       -0.2350         6.1176        -0.2350         0.0030         0.0224 
BAR-estimator:      0.40000        0.45000       -0.2857         5.8319        -0.2857         0.0029         0.0226 
BAR-estimator:      0.45000        0.50000       -0.3150         5.5169        -0.3150         0.0027         0.0227 
BAR-estimator:      0.50000        0.55000       -0.5047         5.0122        -0.5047         0.0033         0.0230 
BAR-estimator:      0.55000        0.60000       -0.7976         4.2145        -0.7976         0.0031         0.0232 
BAR-estimator:      0.60000        0.65000       -1.0541         3.1604        -1.0541         0.0032         0.0234 
BAR-estimator:      0.65000        0.70000       -1.2603         1.9002        -1.2603         0.0033         0.0236 
BAR-estimator:      0.70000        0.75000       -1.4067         0.4935        -1.4067         0.0031         0.0238 
BAR-estimator:      0.75000        0.80000       -1.5031        -1.0096        -1.5031         0.0029         0.0240 
BAR-estimator:      0.80000        0.85000       -1.5479        -2.5575        -1.5479         0.0035         0.0242 
BAR-estimator:      0.85000        0.90000       -1.5796        -4.1371        -1.5796         0.0037         0.0245 
BAR-estimator:      0.90000        0.95000       -1.5913        -5.7284        -1.5913         0.0035         0.0248 
BAR-estimator:      0.95000        1.00000       -1.5883        -7.3167        -1.5883         0.0034         0.0250 
BAR-estimator: total free energy change is -7.316719948155091 , total error is 0.02501118573698573
