#========================================================================================
#                     Free energy perturbation    
#----------------------------------------------------------------------------------------
#forward/backward          λ              ΔΔA                 ΔA                  δε   
#                                                 
#----------------------------------------------------------------------------------------
forward:               0.0000              0.0000              0.0000              0.0000  
forward:               0.0500              2.3177              2.3177              0.0207  
forward:               0.1000              1.3218              3.6395              0.0278  
forward:               0.1500              0.6395              4.2790              0.0302  
forward:               0.2000              0.3265              4.6055              0.0312  
forward:               0.2500              0.1509              4.7564              0.0318  
forward:               0.3000              0.0549              4.8113              0.0321  
forward:               0.3500             -0.0044              4.8069              0.0324  
forward:               0.4000             -0.0477              4.7592              0.0327  
forward:               0.4500             -0.0894              4.6697              0.0329  
forward:               0.5000             -0.1070              4.5627              0.0331  
forward:               0.5500             -0.2173              4.3454              0.0334  
forward:               0.6000             -0.3914              3.9540              0.0336  
forward:               0.6500             -0.5563              3.3976              0.0339  
forward:               0.7000             -0.6908              2.7069              0.0342  
forward:               0.7500             -0.7908              1.9161              0.0344  
forward:               0.8000             -0.8501              1.0660              0.0347  
forward:               0.8500             -0.8907              0.1753              0.0349  
forward:               0.9000             -0.9231             -0.7479              0.0352  
forward:               0.9500             -0.9342             -1.6820              0.0354  
forward:               1.0000             -0.9309             -2.6129              0.0356  
backward:              1.0000              0.0000             -2.6129              0.0000  
backward:              0.9500              0.9384             -1.6745              0.0044  
backward:              0.9000              0.9227             -0.7519              0.0067  
backward:              0.8500              0.9185              0.1667              0.0082  
backward:              0.8000              0.8907              1.0574              0.0098  
backward:              0.7500              0.8464              1.9038              0.0111  
backward:              0.7000              0.7861              2.6899              0.0122  
backward:              0.6500              0.6820              3.3719              0.0131  
backward:              0.6000              0.5453              3.9172              0.0142  
backward:              0.5500              0.3830              4.3002              0.0150  
backward:              0.5000              0.2141              4.5144              0.0161  
backward:              0.4500              0.1092              4.6235              0.0168  
backward:              0.4000              0.0834              4.7069              0.0176  
backward:              0.3500              0.0424              4.7493              0.0184  
backward:              0.3000              0.0031              4.7524              0.0195  
backward:              0.2500             -0.0688              4.6836              0.0207  
backward:              0.2000             -0.1589              4.5247              0.0225  
backward:              0.1500             -0.3124              4.2123              0.0285  
backward:              0.1000             -0.5993              3.6130              0.0342  
backward:              0.0500             -1.4407              2.1723              0.0547  
backward:              0.0000             -2.2769             -0.1046              0.0614  
Inaccuracy estimation
======================================================================================================
                   i        i+δi          P0_overlap_P1   δε(forward)/ε   δε(backward)/ε
======================================================================================================
inaccuracy:  0.00000        0.05000           29.00            0.04            2.70
inaccuracy:  0.05000        0.10000           36.05           -0.07            1.72
inaccuracy:  0.10000        0.15000           47.35           -0.05            0.90
inaccuracy:  0.15000        0.20000           56.96           -0.03            0.48
inaccuracy:  0.20000        0.25000           62.62           -0.02            0.29
inaccuracy:  0.25000        0.30000           65.79           -0.02            0.21
inaccuracy:  0.30000        0.35000           67.34           -0.02            0.18
inaccuracy:  0.35000        0.40000           68.61           -0.03            0.16
inaccuracy:  0.40000        0.45000           70.11           -0.03            0.15
inaccuracy:  0.45000        0.50000           69.31           -0.02            0.14
inaccuracy:  0.50000        0.55000           64.88           -0.08            0.16
inaccuracy:  0.55000        0.60000           65.63           -0.09            0.12
inaccuracy:  0.60000        0.65000           65.68           -0.10            0.10
inaccuracy:  0.65000        0.70000           66.01           -0.09            0.09
inaccuracy:  0.70000        0.75000           65.47           -0.09            0.08
inaccuracy:  0.75000        0.80000           65.86           -0.10            0.07
inaccuracy:  0.80000        0.85000           65.55           -0.11            0.07
inaccuracy:  0.85000        0.90000           65.49           -0.09            0.07
inaccuracy:  0.90000        0.95000           65.33           -0.11            0.07
inaccuracy:  0.95000        1.00000           64.16           -0.12            0.07
===================================================================================================================================
                BAR        
-----------------------------------------------------------------------------------------------------------------------------------
BAR-estimator:         λ             λ+δλ          ΔΔA             ΔA            C               Δδe            δe       
                          
-----------------------------------------------------------------------------------------------------------------------------------
BAR-estimator:      0.00000        0.05000        2.3316         2.3316         2.3316         0.0089         0.0089 
BAR-estimator:      0.05000        0.10000        1.3425         3.6740         1.3425         0.0094         0.0129 
BAR-estimator:      0.10000        0.15000        0.6326         4.3066         0.6326         0.0075         0.0149 
BAR-estimator:      0.15000        0.20000        0.3250         4.6316         0.3250         0.0051         0.0158 
BAR-estimator:      0.20000        0.25000        0.1564         4.7881         0.1564         0.0041         0.0163 
BAR-estimator:      0.25000        0.30000        0.0572         4.8453         0.0572         0.0031         0.0166 
BAR-estimator:      0.30000        0.35000       -0.0041         4.8412        -0.0041         0.0030         0.0169 
BAR-estimator:      0.35000        0.40000       -0.0481         4.7931        -0.0481         0.0031         0.0171 
BAR-estimator:      0.40000        0.45000       -0.0853         4.7078        -0.0853         0.0026         0.0173 
BAR-estimator:      0.45000        0.50000       -0.1085         4.5993        -0.1085         0.0026         0.0175 
BAR-estimator:      0.50000        0.55000       -0.2155         4.3838        -0.2155         0.0031         0.0178 
BAR-estimator:      0.55000        0.60000       -0.3900         3.9938        -0.3900         0.0029         0.0180 
BAR-estimator:      0.60000        0.65000       -0.5535         3.4403        -0.5535         0.0026         0.0182 
BAR-estimator:      0.65000        0.70000       -0.6873         2.7530        -0.6873         0.0029         0.0184 
BAR-estimator:      0.70000        0.75000       -0.7859         1.9672        -0.7859         0.0029         0.0187 
BAR-estimator:      0.75000        0.80000       -0.8508         1.1164        -0.8508         0.0030         0.0189 
BAR-estimator:      0.80000        0.85000       -0.8894         0.2270        -0.8894         0.0033         0.0192 
BAR-estimator:      0.85000        0.90000       -0.9222        -0.6952        -0.9222         0.0034         0.0195 
BAR-estimator:      0.90000        0.95000       -0.9314        -1.6267        -0.9314         0.0027         0.0197 
BAR-estimator:      0.95000        1.00000       -0.9342        -2.5609        -0.9342         0.0030         0.0199 
BAR-estimator: total free energy change is -2.5608921358634973 , total error is 0.019905596214556554
