#========================================================================================
#                     Free energy perturbation    
#----------------------------------------------------------------------------------------
#forward/backward          λ              ΔΔA                 ΔA                  δε   
#                                                 
#----------------------------------------------------------------------------------------
forward:               0.0000              0.0000              0.0000              0.0000  
forward:               0.0500              1.5200              1.5200              0.0135  
forward:               0.1000              0.7798              2.2997              0.0170  
forward:               0.1500              0.3918              2.6915              0.0182  
forward:               0.2000              0.2116              2.9031              0.0192  
forward:               0.2500              0.1051              3.0082              0.0201  
forward:               0.3000              0.0530              3.0612              0.0203  
forward:               0.3500              0.0013              3.0625              0.0206  
forward:               0.4000             -0.0257              3.0368              0.0208  
forward:               0.4500             -0.0569              2.9799              0.0210  
forward:               0.5000             -0.0749              2.9050              0.0212  
forward:               0.5500             -0.1456              2.7594              0.0215  
forward:               0.6000             -0.2854              2.4739              0.0217  
forward:               0.6500             -0.3976              2.0763              0.0219  
forward:               0.7000             -0.4983              1.5781              0.0222  
forward:               0.7500             -0.5722              1.0058              0.0224  
forward:               0.8000             -0.6192              0.3867              0.0225  
forward:               0.8500             -0.6483             -0.2616              0.0227  
forward:               0.9000             -0.6620             -0.9236              0.0229  
forward:               0.9500             -0.6702             -1.5938              0.0230  
forward:               1.0000             -0.6623             -2.2561              0.0232  
backward:              1.0000              0.0000             -2.2561              0.0000  
backward:              0.9500              0.6599             -1.5962              0.0040  
backward:              0.9000              0.6613             -0.9349              0.0053  
backward:              0.8500              0.6570             -0.2778              0.0063  
backward:              0.8000              0.6461              0.3682              0.0072  
backward:              0.7500              0.6198              0.9880              0.0079  
backward:              0.7000              0.5748              1.5628              0.0088  
backward:              0.6500              0.4963              2.0591              0.0096  
backward:              0.6000              0.3954              2.4545              0.0103  
backward:              0.5500              0.2802              2.7347              0.0109  
backward:              0.5000              0.1532              2.8879              0.0117  
backward:              0.4500              0.0800              2.9680              0.0121  
backward:              0.4000              0.0500              3.0179              0.0126  
backward:              0.3500              0.0252              3.0431              0.0132  
backward:              0.3000              0.0030              3.0461              0.0137  
backward:              0.2500             -0.0501              2.9960              0.0144  
backward:              0.2000             -0.1251              2.8709              0.0160  
backward:              0.1500             -0.2139              2.6570              0.0174  
backward:              0.1000             -0.4003              2.2568              0.0209  
backward:              0.0500             -0.7711              1.4857              0.0262  
backward:              0.0000             -1.4941             -0.0084              0.0502  
Inaccuracy estimation
======================================================================================================
                   i        i+δi          P0_overlap_P1   δε(forward)/ε   δε(backward)/ε
======================================================================================================
inaccuracy:  0.00000        0.05000           36.26           -0.03            1.75
inaccuracy:  0.05000        0.10000           50.15           -0.03            0.89
inaccuracy:  0.10000        0.15000           61.48           -0.02            0.41
inaccuracy:  0.15000        0.20000           67.73           -0.01            0.24
inaccuracy:  0.20000        0.25000           71.75           -0.02            0.16
inaccuracy:  0.25000        0.30000           72.74           -0.01            0.12
inaccuracy:  0.30000        0.35000           74.86           -0.01            0.11
inaccuracy:  0.35000        0.40000           76.06           -0.01            0.10
inaccuracy:  0.40000        0.45000           77.00           -0.01            0.08
inaccuracy:  0.45000        0.50000           76.50           -0.01            0.08
inaccuracy:  0.50000        0.55000           71.01           -0.05            0.11
inaccuracy:  0.55000        0.60000           72.51           -0.06            0.08
inaccuracy:  0.60000        0.65000           72.43           -0.06            0.07
inaccuracy:  0.65000        0.70000           72.43           -0.05            0.06
inaccuracy:  0.70000        0.75000           72.39           -0.06            0.05
inaccuracy:  0.75000        0.80000           72.28           -0.06            0.05
inaccuracy:  0.80000        0.85000           73.23           -0.06            0.05
inaccuracy:  0.85000        0.90000           73.11           -0.05            0.05
inaccuracy:  0.90000        0.95000           73.20           -0.05            0.05
inaccuracy:  0.95000        1.00000           71.77           -0.05            0.05
===================================================================================================================================
                BAR        
-----------------------------------------------------------------------------------------------------------------------------------
BAR-estimator:         λ             λ+δλ          ΔΔA             ΔA            C               Δδe            δe       
                          
-----------------------------------------------------------------------------------------------------------------------------------
BAR-estimator:      0.00000        0.05000        1.5011         1.5011         1.5011         0.0071         0.0071 
BAR-estimator:      0.05000        0.10000        0.7845         2.2857         0.7845         0.0065         0.0097 
BAR-estimator:      0.10000        0.15000        0.3966         2.6823         0.3966         0.0045         0.0106 
BAR-estimator:      0.15000        0.20000        0.2117         2.8940         0.2117         0.0035         0.0112 
BAR-estimator:      0.20000        0.25000        0.1094         3.0034         0.1094         0.0039         0.0119 
BAR-estimator:      0.25000        0.30000        0.0511         3.0545         0.0511         0.0022         0.0121 
BAR-estimator:      0.30000        0.35000        0.0016         3.0562         0.0016         0.0023         0.0123 
BAR-estimator:      0.35000        0.40000       -0.0240         3.0321        -0.0240         0.0021         0.0125 
BAR-estimator:      0.40000        0.45000       -0.0555         2.9766        -0.0555         0.0021         0.0126 
BAR-estimator:      0.45000        0.50000       -0.0765         2.9001        -0.0765         0.0019         0.0128 
BAR-estimator:      0.50000        0.55000       -0.1470         2.7530        -0.1470         0.0023         0.0130 
BAR-estimator:      0.55000        0.60000       -0.2823         2.4707        -0.2823         0.0023         0.0132 
BAR-estimator:      0.60000        0.65000       -0.3962         2.0745        -0.3962         0.0022         0.0134 
BAR-estimator:      0.65000        0.70000       -0.4957         1.5788        -0.4957         0.0023         0.0135 
BAR-estimator:      0.70000        0.75000       -0.5732         1.0056        -0.5732         0.0023         0.0137 
BAR-estimator:      0.75000        0.80000       -0.6198         0.3858        -0.6198         0.0024         0.0139 
BAR-estimator:      0.80000        0.85000       -0.6470        -0.2612        -0.6470         0.0023         0.0141 
BAR-estimator:      0.85000        0.90000       -0.6606        -0.9217        -0.6606         0.0023         0.0143 
BAR-estimator:      0.90000        0.95000       -0.6674        -1.5891        -0.6674         0.0025         0.0145 
BAR-estimator:      0.95000        1.00000       -0.6613        -2.2504        -0.6613         0.0025         0.0148 
BAR-estimator: total free energy change is -2.2504364612387864 , total error is 0.014751976125385464
