#========================================================================================
#                     Free energy perturbation    
#----------------------------------------------------------------------------------------
#forward/backward          λ              ΔΔA                 ΔA                  δε   
#                                                 
#----------------------------------------------------------------------------------------
forward:               0.0000              0.0000              0.0000              0.0000  
forward:               0.0500              1.4198              1.4198              0.0141  
forward:               0.1000              0.7092              2.1290              0.0168  
forward:               0.1500              0.3828              2.5117              0.0182  
forward:               0.2000              0.2310              2.7428              0.0188  
forward:               0.2500              0.1329              2.8757              0.0194  
forward:               0.3000              0.0745              2.9502              0.0197  
forward:               0.3500              0.0398              2.9900              0.0200  
forward:               0.4000              0.0118              3.0018              0.0203  
forward:               0.4500             -0.0146              2.9872              0.0205  
forward:               0.5000             -0.0302              2.9570              0.0207  
forward:               0.5500             -0.0810              2.8759              0.0209  
forward:               0.6000             -0.1510              2.7249              0.0211  
forward:               0.6500             -0.2149              2.5100              0.0213  
forward:               0.7000             -0.2661              2.2439              0.0215  
forward:               0.7500             -0.3164              1.9275              0.0216  
forward:               0.8000             -0.3502              1.5773              0.0218  
forward:               0.8500             -0.3871              1.1902              0.0219  
forward:               0.9000             -0.4188              0.7714              0.0221  
forward:               0.9500             -0.4388              0.3326              0.0222  
forward:               1.0000             -0.4582             -0.1255              0.0223  
backward:              1.0000              0.0000             -0.1255              0.0000  
backward:              0.9500              0.4603              0.3348              0.0029  
backward:              0.9000              0.4316              0.7664              0.0044  
backward:              0.8500              0.4120              1.1784              0.0053  
backward:              0.8000              0.3819              1.5603              0.0062  
backward:              0.7500              0.3530              1.9134              0.0070  
backward:              0.7000              0.3135              2.2269              0.0076  
backward:              0.6500              0.2726              2.4995              0.0082  
backward:              0.6000              0.2101              2.7097              0.0088  
backward:              0.5500              0.1565              2.8662              0.0095  
backward:              0.5000              0.0868              2.9530              0.0101  
backward:              0.4500              0.0299              2.9828              0.0106  
backward:              0.4000              0.0083              2.9911              0.0112  
backward:              0.3500             -0.0101              2.9810              0.0118  
backward:              0.3000             -0.0406              2.9403              0.0128  
backward:              0.2500             -0.0791              2.8612              0.0136  
backward:              0.2000             -0.1524              2.7088              0.0142  
backward:              0.1500             -0.2277              2.4812              0.0158  
backward:              0.1000             -0.3753              2.1058              0.0184  
backward:              0.0500             -0.7117              1.3941              0.0326  
backward:              0.0000             -1.3884              0.0057              0.0431  
Inaccuracy estimation
======================================================================================================
                   i        i+δi          P0_overlap_P1   δε(forward)/ε   δε(backward)/ε
======================================================================================================
inaccuracy:  0.00000        0.05000           36.17           -0.03            2.54
inaccuracy:  0.05000        0.10000           52.40           -0.02            0.72
inaccuracy:  0.10000        0.15000           62.61           -0.02            0.37
inaccuracy:  0.15000        0.20000           68.00           -0.01            0.21
inaccuracy:  0.20000        0.25000           73.45           -0.01            0.15
inaccuracy:  0.25000        0.30000           74.66           -0.01            0.13
inaccuracy:  0.30000        0.35000           75.17           -0.01            0.11
inaccuracy:  0.35000        0.40000           75.68           -0.01            0.09
inaccuracy:  0.40000        0.45000           77.30           -0.01            0.08
inaccuracy:  0.45000        0.50000           77.01           -0.01            0.08
inaccuracy:  0.50000        0.55000           73.47           -0.03            0.09
inaccuracy:  0.55000        0.60000           74.68           -0.03            0.08
inaccuracy:  0.60000        0.65000           75.91           -0.03            0.07
inaccuracy:  0.65000        0.70000           75.24           -0.03            0.07
inaccuracy:  0.70000        0.75000           76.35           -0.03            0.06
inaccuracy:  0.75000        0.80000           75.54           -0.03            0.06
inaccuracy:  0.80000        0.85000           76.28           -0.04            0.05
inaccuracy:  0.85000        0.90000           76.39           -0.03            0.05
inaccuracy:  0.90000        0.95000           75.96           -0.03            0.05
inaccuracy:  0.95000        1.00000           75.17           -0.04            0.05
===================================================================================================================================
                BAR        
-----------------------------------------------------------------------------------------------------------------------------------
BAR-estimator:         λ             λ+δλ          ΔΔA             ΔA            C               Δδe            δe       
                          
-----------------------------------------------------------------------------------------------------------------------------------
BAR-estimator:      0.00000        0.05000        1.4316         1.4316         1.4316         0.0082         0.0082 
BAR-estimator:      0.05000        0.10000        0.7034         2.1350         0.7034         0.0057         0.0100 
BAR-estimator:      0.10000        0.15000        0.3829         2.5179         0.3829         0.0046         0.0110 
BAR-estimator:      0.15000        0.20000        0.2272         2.7451         0.2272         0.0032         0.0115 
BAR-estimator:      0.20000        0.25000        0.1403         2.8854         0.1403         0.0030         0.0119 
BAR-estimator:      0.25000        0.30000        0.0769         2.9623         0.0769         0.0024         0.0121 
BAR-estimator:      0.30000        0.35000        0.0396         3.0019         0.0396         0.0023         0.0123 
BAR-estimator:      0.35000        0.40000        0.0111         3.0130         0.0111         0.0027         0.0126 
BAR-estimator:      0.40000        0.45000       -0.0129         3.0001        -0.0129         0.0021         0.0128 
BAR-estimator:      0.45000        0.50000       -0.0311         2.9689        -0.0311         0.0020         0.0129 
BAR-estimator:      0.50000        0.55000       -0.0827         2.8862        -0.0827         0.0022         0.0131 
BAR-estimator:      0.55000        0.60000       -0.1527         2.7335        -0.1527         0.0021         0.0133 
BAR-estimator:      0.60000        0.65000       -0.2130         2.5205        -0.2130         0.0021         0.0135 
BAR-estimator:      0.65000        0.70000       -0.2686         2.2519        -0.2686         0.0020         0.0136 
BAR-estimator:      0.70000        0.75000       -0.3140         1.9379        -0.3140         0.0020         0.0137 
BAR-estimator:      0.75000        0.80000       -0.3517         1.5862        -0.3517         0.0019         0.0139 
BAR-estimator:      0.80000        0.85000       -0.3865         1.1997        -0.3865         0.0020         0.0140 
BAR-estimator:      0.85000        0.90000       -0.4147         0.7851        -0.4147         0.0021         0.0142 
BAR-estimator:      0.90000        0.95000       -0.4374         0.3477        -0.4374         0.0019         0.0143 
BAR-estimator:      0.95000        1.00000       -0.4581        -0.1105        -0.4581         0.0020         0.0144 
BAR-estimator: total free energy change is -0.11046837530192333 , total error is 0.014449281686151607
