#========================================================================================
#                     Free energy perturbation    
#----------------------------------------------------------------------------------------
#forward/backward          λ              ΔΔA                 ΔA                  δε   
#                                                 
#----------------------------------------------------------------------------------------
forward:               0.0000              0.0000              0.0000              0.0000  
forward:               0.0500              1.9353              1.9353              0.0190  
forward:               0.1000              1.1319              3.0673              0.0238  
forward:               0.1500              0.6139              3.6812              0.0258  
forward:               0.2000              0.3191              4.0003              0.0267  
forward:               0.2500              0.1720              4.1723              0.0272  
forward:               0.3000              0.0776              4.2499              0.0276  
forward:               0.3500              0.0202              4.2701              0.0279  
forward:               0.4000             -0.0278              4.2422              0.0281  
forward:               0.4500             -0.0680              4.1742              0.0283  
forward:               0.5000             -0.0940              4.0802              0.0285  
forward:               0.5500             -0.2259              3.8543              0.0288  
forward:               0.6000             -0.4363              3.4180              0.0292  
forward:               0.6500             -0.6317              2.7863              0.0295  
forward:               0.7000             -0.8097              1.9766              0.0298  
forward:               0.7500             -0.9236              1.0530              0.0301  
forward:               0.8000             -1.0051              0.0479              0.0303  
forward:               0.8500             -1.0633             -1.0154              0.0306  
forward:               0.9000             -1.1043             -2.1197              0.0308  
forward:               0.9500             -1.1267             -3.2464              0.0310  
forward:               1.0000             -1.1489             -4.3953              0.0312  
backward:              1.0000              0.0000             -4.3953              0.0000  
backward:              0.9500              1.1397             -3.2556              0.0053  
backward:              0.9000              1.1281             -2.1275              0.0078  
backward:              0.8500              1.1049             -1.0226              0.0092  
backward:              0.8000              1.0623              0.0396              0.0105  
backward:              0.7500              1.0057              1.0453              0.0115  
backward:              0.7000              0.9197              1.9650              0.0127  
backward:              0.6500              0.7987              2.7638              0.0137  
backward:              0.6000              0.6342              3.3980              0.0149  
backward:              0.5500              0.4249              3.8229              0.0157  
backward:              0.5000              0.2233              4.0462              0.0166  
backward:              0.4500              0.0877              4.1339              0.0172  
backward:              0.4000              0.0659              4.1998              0.0178  
backward:              0.3500              0.0347              4.2344              0.0184  
backward:              0.3000             -0.0080              4.2264              0.0187  
backward:              0.2500             -0.0852              4.1411              0.0198  
backward:              0.2000             -0.1621              3.9791              0.0208  
backward:              0.1500             -0.3259              3.6532              0.0231  
backward:              0.1000             -0.6098              3.0434              0.0275  
backward:              0.0500             -1.1244              1.9191              0.0359  
backward:              0.0000             -1.8919              0.0272              0.0420  
Inaccuracy estimation
======================================================================================================
                   i        i+δi          P0_overlap_P1   δε(forward)/ε   δε(backward)/ε
======================================================================================================
inaccuracy:  0.00000        0.05000           31.88           -0.01            2.16
inaccuracy:  0.05000        0.10000           41.59           -0.05            1.36
inaccuracy:  0.10000        0.15000           51.99           -0.03            0.68
inaccuracy:  0.15000        0.20000           60.54           -0.03            0.38
inaccuracy:  0.20000        0.25000           64.33           -0.03            0.26
inaccuracy:  0.25000        0.30000           68.63           -0.02            0.20
inaccuracy:  0.30000        0.35000           68.21           -0.03            0.16
inaccuracy:  0.35000        0.40000           70.24           -0.02            0.15
inaccuracy:  0.40000        0.45000           72.02           -0.01            0.12
inaccuracy:  0.45000        0.50000           72.07           -0.02            0.11
inaccuracy:  0.50000        0.55000           65.20           -0.08            0.15
inaccuracy:  0.55000        0.60000           66.33           -0.10            0.11
inaccuracy:  0.60000        0.65000           65.10           -0.11            0.09
inaccuracy:  0.65000        0.70000           66.20           -0.09            0.07
inaccuracy:  0.70000        0.75000           66.32           -0.11            0.05
inaccuracy:  0.75000        0.80000           66.32           -0.12            0.05
inaccuracy:  0.80000        0.85000           65.71           -0.11            0.05
inaccuracy:  0.85000        0.90000           66.31           -0.12            0.04
inaccuracy:  0.90000        0.95000           65.16           -0.13            0.04
inaccuracy:  0.95000        1.00000           65.44           -0.12            0.04
===================================================================================================================================
                BAR        
-----------------------------------------------------------------------------------------------------------------------------------
BAR-estimator:         λ             λ+δλ          ΔΔA             ΔA            C               Δδe            δe       
                          
-----------------------------------------------------------------------------------------------------------------------------------
BAR-estimator:      0.00000        0.05000        1.9538         1.9538         1.9538         0.0082         0.0082 
BAR-estimator:      0.05000        0.10000        1.1433         3.0972         1.1433         0.0083         0.0117 
BAR-estimator:      0.10000        0.15000        0.6120         3.7092         0.6120         0.0058         0.0130 
BAR-estimator:      0.15000        0.20000        0.3209         4.0301         0.3209         0.0045         0.0138 
BAR-estimator:      0.20000        0.25000        0.1705         4.2006         0.1705         0.0035         0.0142 
BAR-estimator:      0.25000        0.30000        0.0806         4.2812         0.0806         0.0030         0.0146 
BAR-estimator:      0.30000        0.35000        0.0148         4.2960         0.0148         0.0024         0.0148 
BAR-estimator:      0.35000        0.40000       -0.0295         4.2665        -0.0295         0.0025         0.0150 
BAR-estimator:      0.40000        0.45000       -0.0652         4.2013        -0.0652         0.0027         0.0152 
BAR-estimator:      0.45000        0.50000       -0.0935         4.1078        -0.0935         0.0021         0.0153 
BAR-estimator:      0.50000        0.55000       -0.2238         3.8840        -0.2238         0.0029         0.0156 
BAR-estimator:      0.55000        0.60000       -0.4308         3.4532        -0.4308         0.0030         0.0159 
BAR-estimator:      0.60000        0.65000       -0.6333         2.8199        -0.6333         0.0027         0.0161 
BAR-estimator:      0.65000        0.70000       -0.8022         2.0177        -0.8022         0.0031         0.0164 
BAR-estimator:      0.70000        0.75000       -0.9223         1.0954        -0.9223         0.0030         0.0167 
BAR-estimator:      0.75000        0.80000       -1.0049         0.0905        -1.0049         0.0028         0.0169 
BAR-estimator:      0.80000        0.85000       -1.0635        -0.9729        -1.0635         0.0028         0.0172 
BAR-estimator:      0.85000        0.90000       -1.1052        -2.0781        -1.1052         0.0027         0.0174 
BAR-estimator:      0.90000        0.95000       -1.1295        -3.2077        -1.1295         0.0031         0.0177 
BAR-estimator:      0.95000        1.00000       -1.1458        -4.3534        -1.1458         0.0030         0.0179 
BAR-estimator: total free energy change is -4.353429130705528 , total error is 0.017911327475727403
