#========================================================================================
#                     Free energy perturbation    
#----------------------------------------------------------------------------------------
#forward/backward          λ              ΔΔA                 ΔA                  δε   
#                                                 
#----------------------------------------------------------------------------------------
forward:               0.0000              0.0000              0.0000              0.0000  
forward:               0.0500              0.6378              0.6378              0.0059  
forward:               0.1000              0.4267              1.0645              0.0077  
forward:               0.1500              0.3042              1.3687              0.0087  
forward:               0.2000              0.2338              1.6025              0.0096  
forward:               0.2500              0.1833              1.7857              0.0103  
forward:               0.3000              0.1509              1.9366              0.0108  
forward:               0.3500              0.1347              2.0713              0.0112  
forward:               0.4000              0.1038              2.1751              0.0115  
forward:               0.4500              0.0937              2.2688              0.0118  
forward:               0.5000              0.0798              2.3486              0.0122  
forward:               0.5500              0.0713              2.4199              0.0125  
forward:               0.6000              0.0469              2.4668              0.0127  
forward:               0.6500              0.0241              2.4910              0.0129  
forward:               0.7000              0.0085              2.4995              0.0131  
forward:               0.7500             -0.0020              2.4974              0.0133  
forward:               0.8000             -0.0097              2.4877              0.0134  
forward:               0.8500             -0.0190              2.4687              0.0136  
forward:               0.9000             -0.0261              2.4426              0.0138  
forward:               0.9500             -0.0281              2.4145              0.0140  
forward:               1.0000             -0.0260              2.3884              0.0141  
backward:              1.0000              0.0000              2.3884              0.0000  
backward:              0.9500              0.0238              2.4122              0.0028  
backward:              0.9000              0.0217              2.4339              0.0039  
backward:              0.8500              0.0198              2.4537              0.0047  
backward:              0.8000              0.0161              2.4698              0.0054  
backward:              0.7500              0.0080              2.4778              0.0061  
backward:              0.7000             -0.0002              2.4776              0.0067  
backward:              0.6500             -0.0097              2.4680              0.0073  
backward:              0.6000             -0.0265              2.4414              0.0079  
backward:              0.5500             -0.0404              2.4010              0.0084  
backward:              0.5000             -0.0804              2.3206              0.0090  
backward:              0.4500             -0.0834              2.2372              0.0095  
backward:              0.4000             -0.0897              2.1474              0.0101  
backward:              0.3500             -0.1032              2.0442              0.0104  
backward:              0.3000             -0.1250              1.9192              0.0109  
backward:              0.2500             -0.1565              1.7627              0.0117  
backward:              0.2000             -0.1807              1.5821              0.0124  
backward:              0.1500             -0.2319              1.3502              0.0133  
backward:              0.1000             -0.3008              1.0494              0.0146  
backward:              0.0500             -0.4282              0.6212              0.0169  
backward:              0.0000             -0.6355             -0.0144              0.0192  
Inaccuracy estimation
======================================================================================================
                   i        i+δi          P0_overlap_P1   δε(forward)/ε   δε(backward)/ε
======================================================================================================
inaccuracy:  0.00000        0.05000           58.42           -0.01            0.52
inaccuracy:  0.05000        0.10000           66.04           -0.01            0.32
inaccuracy:  0.10000        0.15000           70.38           -0.00            0.22
inaccuracy:  0.15000        0.20000           73.73           -0.01            0.16
inaccuracy:  0.20000        0.25000           75.69           -0.00            0.13
inaccuracy:  0.25000        0.30000           77.77           -0.01            0.11
inaccuracy:  0.30000        0.35000           76.88           -0.00            0.10
inaccuracy:  0.35000        0.40000           78.68           -0.00            0.09
inaccuracy:  0.40000        0.45000           78.46           -0.00            0.08
inaccuracy:  0.45000        0.50000           79.61           -0.01            0.07
inaccuracy:  0.50000        0.55000           78.87           -0.01            0.08
inaccuracy:  0.55000        0.60000           78.37           -0.01            0.08
inaccuracy:  0.60000        0.65000           79.70           -0.01            0.07
inaccuracy:  0.65000        0.70000           79.26           -0.01            0.07
inaccuracy:  0.70000        0.75000           79.65           -0.01            0.07
inaccuracy:  0.75000        0.80000           78.75           -0.01            0.06
inaccuracy:  0.80000        0.85000           79.67           -0.01            0.06
inaccuracy:  0.85000        0.90000           80.06           -0.01            0.07
inaccuracy:  0.90000        0.95000           79.75           -0.01            0.06
inaccuracy:  0.95000        1.00000           79.21           -0.01            0.07
===================================================================================================================================
                BAR        
-----------------------------------------------------------------------------------------------------------------------------------
BAR-estimator:         λ             λ+δλ          ΔΔA             ΔA            C               Δδe            δe       
                          
-----------------------------------------------------------------------------------------------------------------------------------
BAR-estimator:      0.00000        0.05000        0.6393         0.6393         0.6393         0.0039         0.0039 
BAR-estimator:      0.05000        0.10000        0.4274         1.0667         0.4274         0.0033         0.0051 
BAR-estimator:      0.10000        0.15000        0.3039         1.3706         0.3039         0.0029         0.0059 
BAR-estimator:      0.15000        0.20000        0.2340         1.6046         0.2340         0.0027         0.0065 
BAR-estimator:      0.20000        0.25000        0.1828         1.7875         0.1828         0.0025         0.0070 
BAR-estimator:      0.25000        0.30000        0.1537         1.9411         0.1537         0.0022         0.0073 
BAR-estimator:      0.30000        0.35000        0.1312         2.0724         0.1312         0.0020         0.0076 
BAR-estimator:      0.35000        0.40000        0.1036         2.1760         0.1036         0.0020         0.0078 
BAR-estimator:      0.40000        0.45000        0.0917         2.2677         0.0917         0.0019         0.0081 
BAR-estimator:      0.45000        0.50000        0.0805         2.3482         0.0805         0.0020         0.0083 
BAR-estimator:      0.50000        0.55000        0.0737         2.4219         0.0737         0.0020         0.0086 
BAR-estimator:      0.55000        0.60000        0.0453         2.4672         0.0453         0.0021         0.0088 
BAR-estimator:      0.60000        0.65000        0.0259         2.4931         0.0259         0.0017         0.0090 
BAR-estimator:      0.65000        0.70000        0.0092         2.5023         0.0092         0.0016         0.0091 
BAR-estimator:      0.70000        0.75000       -0.0011         2.5012        -0.0011         0.0018         0.0093 
BAR-estimator:      0.75000        0.80000       -0.0104         2.4908        -0.0104         0.0027         0.0097 
BAR-estimator:      0.80000        0.85000       -0.0183         2.4725        -0.0183         0.0018         0.0098 
BAR-estimator:      0.85000        0.90000       -0.0239         2.4486        -0.0239         0.0018         0.0100 
BAR-estimator:      0.90000        0.95000       -0.0260         2.4226        -0.0260         0.0017         0.0102 
BAR-estimator:      0.95000        1.00000       -0.0248         2.3978        -0.0248         0.0016         0.0103 
BAR-estimator: total free energy change is 2.39781529217391 , total error is 0.010275390655079259
