#========================================================================================
#                     Free energy perturbation    
#----------------------------------------------------------------------------------------
#forward/backward          λ              ΔΔA                 ΔA                  δε   
#                                                 
#----------------------------------------------------------------------------------------
forward:               0.0000              0.0000              0.0000              0.0000  
forward:               0.0500              1.8823              1.8823              0.0176  
forward:               0.1000              1.0037              2.8860              0.0199  
forward:               0.1500              0.5229              3.4089              0.0212  
forward:               0.2000              0.2667              3.6756              0.0220  
forward:               0.2500              0.1408              3.8164              0.0225  
forward:               0.3000              0.0599              3.8763              0.0229  
forward:               0.3500              0.0039              3.8801              0.0233  
forward:               0.4000             -0.0373              3.8428              0.0235  
forward:               0.4500             -0.0650              3.7778              0.0237  
forward:               0.5000             -0.0797              3.6980              0.0239  
forward:               0.5500             -0.1347              3.5634              0.0241  
forward:               0.6000             -0.2160              3.3473              0.0243  
forward:               0.6500             -0.2759              3.0714              0.0245  
forward:               0.7000             -0.3147              2.7568              0.0246  
forward:               0.7500             -0.3548              2.4020              0.0247  
forward:               0.8000             -0.3789              2.0231              0.0249  
forward:               0.8500             -0.3957              1.6273              0.0250  
forward:               0.9000             -0.4142              1.2131              0.0251  
forward:               0.9500             -0.4280              0.7851              0.0252  
forward:               1.0000             -0.4388              0.3463              0.0253  
backward:              1.0000              0.0000              0.3463              0.0000  
backward:              0.9500              0.4398              0.7861              0.0032  
backward:              0.9000              0.4299              1.2159              0.0039  
backward:              0.8500              0.4104              1.6263              0.0052  
backward:              0.8000              0.3903              2.0166              0.0060  
backward:              0.7500              0.3724              2.3891              0.0068  
backward:              0.7000              0.3444              2.7334              0.0075  
backward:              0.6500              0.3148              3.0483              0.0081  
backward:              0.6000              0.2719              3.3202              0.0088  
backward:              0.5500              0.2105              3.5307              0.0095  
backward:              0.5000              0.1352              3.6659              0.0103  
backward:              0.4500              0.0817              3.7476              0.0110  
backward:              0.4000              0.0555              3.8031              0.0118  
backward:              0.3500              0.0256              3.8286              0.0124  
backward:              0.3000             -0.0095              3.8191              0.0136  
backward:              0.2500             -0.0590              3.7602              0.0144  
backward:              0.2000             -0.1264              3.6338              0.0154  
backward:              0.1500             -0.2697              3.3640              0.0174  
backward:              0.1000             -0.5163              2.8477              0.0223  
backward:              0.0500             -1.0614              1.7863              0.0667  
backward:              0.0000             -1.9097             -0.1234              0.0830  
Inaccuracy estimation
======================================================================================================
                   i        i+δi          P0_overlap_P1   δε(forward)/ε   δε(backward)/ε
======================================================================================================
inaccuracy:  0.00000        0.05000           31.71           -0.01            2.37
inaccuracy:  0.05000        0.10000           44.35           -0.04            1.16
inaccuracy:  0.10000        0.15000           55.96           -0.02            0.55
inaccuracy:  0.15000        0.20000           65.07           -0.01            0.30
inaccuracy:  0.20000        0.25000           68.17           -0.02            0.20
inaccuracy:  0.25000        0.30000           71.25           -0.02            0.14
inaccuracy:  0.30000        0.35000           73.26           -0.01            0.12
inaccuracy:  0.35000        0.40000           74.96           -0.01            0.10
inaccuracy:  0.40000        0.45000           75.52           -0.01            0.09
inaccuracy:  0.45000        0.50000           75.31           -0.02            0.09
inaccuracy:  0.50000        0.55000           71.98           -0.03            0.10
inaccuracy:  0.55000        0.60000           73.87           -0.03            0.08
inaccuracy:  0.60000        0.65000           74.68           -0.03            0.07
inaccuracy:  0.65000        0.70000           74.76           -0.03            0.06
inaccuracy:  0.70000        0.75000           76.04           -0.03            0.06
inaccuracy:  0.75000        0.80000           75.30           -0.03            0.06
inaccuracy:  0.80000        0.85000           75.35           -0.03            0.06
inaccuracy:  0.85000        0.90000           75.09           -0.04            0.05
inaccuracy:  0.90000        0.95000           74.58           -0.03            0.06
inaccuracy:  0.95000        1.00000           74.58           -0.04            0.06
===================================================================================================================================
                BAR        
-----------------------------------------------------------------------------------------------------------------------------------
BAR-estimator:         λ             λ+δλ          ΔΔA             ΔA            C               Δδe            δe       
                          
-----------------------------------------------------------------------------------------------------------------------------------
BAR-estimator:      0.00000        0.05000        1.8884         1.8884         1.8884         0.0081         0.0081 
BAR-estimator:      0.05000        0.10000        0.9938         2.8822         0.9938         0.0073         0.0110 
BAR-estimator:      0.10000        0.15000        0.5189         3.4011         0.5189         0.0050         0.0120 
BAR-estimator:      0.15000        0.20000        0.2699         3.6710         0.2699         0.0037         0.0126 
BAR-estimator:      0.20000        0.25000        0.1366         3.8076         0.1366         0.0033         0.0130 
BAR-estimator:      0.25000        0.30000        0.0577         3.8653         0.0577         0.0028         0.0133 
BAR-estimator:      0.30000        0.35000        0.0061         3.8714         0.0061         0.0028         0.0136 
BAR-estimator:      0.35000        0.40000       -0.0326         3.8388        -0.0326         0.0023         0.0138 
BAR-estimator:      0.40000        0.45000       -0.0615         3.7774        -0.0615         0.0023         0.0140 
BAR-estimator:      0.45000        0.50000       -0.0817         3.6956        -0.0817         0.0021         0.0141 
BAR-estimator:      0.50000        0.55000       -0.1360         3.5596        -0.1360         0.0023         0.0143 
BAR-estimator:      0.55000        0.60000       -0.2141         3.3455        -0.2141         0.0021         0.0145 
BAR-estimator:      0.60000        0.65000       -0.2752         3.0704        -0.2752         0.0025         0.0147 
BAR-estimator:      0.65000        0.70000       -0.3148         2.7555        -0.3148         0.0020         0.0148 
BAR-estimator:      0.70000        0.75000       -0.3493         2.4062        -0.3493         0.0019         0.0150 
BAR-estimator:      0.75000        0.80000       -0.3764         2.0299        -0.3764         0.0020         0.0151 
BAR-estimator:      0.80000        0.85000       -0.3934         1.6365        -0.3934         0.0021         0.0152 
BAR-estimator:      0.85000        0.90000       -0.4139         1.2226        -0.4139         0.0020         0.0154 
BAR-estimator:      0.90000        0.95000       -0.4289         0.7937        -0.4289         0.0020         0.0155 
BAR-estimator:      0.95000        1.00000       -0.4392         0.3545        -0.4392         0.0021         0.0156 
BAR-estimator: total free energy change is 0.3545292707951864 , total error is 0.015628223406453062
