#========================================================================================
#                     Free energy perturbation    
#----------------------------------------------------------------------------------------
#forward/backward          λ              ΔΔA                 ΔA                  δε   
#                                                 
#----------------------------------------------------------------------------------------
forward:               0.0000              0.0000              0.0000              0.0000  
forward:               0.0500              2.3605              2.3605              0.0227  
forward:               0.1000              1.4310              3.7916              0.0288  
forward:               0.1500              0.7158              4.5073              0.0318  
forward:               0.2000              0.3790              4.8864              0.0332  
forward:               0.2500              0.1577              5.0440              0.0338  
forward:               0.3000              0.0456              5.0896              0.0343  
forward:               0.3500             -0.0192              5.0704              0.0347  
forward:               0.4000             -0.0772              4.9932              0.0349  
forward:               0.4500             -0.1091              4.8840              0.0351  
forward:               0.5000             -0.1374              4.7466              0.0353  
forward:               0.5500             -0.2442              4.5025              0.0357  
forward:               0.6000             -0.4977              4.0048              0.0361  
forward:               0.6500             -0.7259              3.2790              0.0366  
forward:               0.7000             -0.9097              2.3692              0.0370  
forward:               0.7500             -1.0418              1.3274              0.0373  
forward:               0.8000             -1.1465              0.1810              0.0386  
forward:               0.8500             -1.2201             -1.0391              0.0389  
forward:               0.9000             -1.2520             -2.2912              0.0392  
forward:               0.9500             -1.2310             -3.5222              0.0394  
forward:               1.0000             -1.2690             -4.7912              0.0396  
backward:              1.0000              0.0000             -4.7912              0.0000  
backward:              0.9500              1.2400             -3.5512              0.0066  
backward:              0.9000              1.2445             -2.3068              0.0086  
backward:              0.8500              1.2448             -1.0620              0.0106  
backward:              0.8000              1.1999              0.1379              0.0121  
backward:              0.7500              1.1702              1.3081              0.0128  
backward:              0.7000              1.0299              2.3380              0.0141  
backward:              0.6500              0.9194              3.2574              0.0156  
backward:              0.6000              0.7088              3.9661              0.0167  
backward:              0.5500              0.4916              4.4578              0.0176  
backward:              0.5000              0.2423              4.7000              0.0190  
backward:              0.4500              0.1285              4.8285              0.0196  
backward:              0.4000              0.1152              4.9437              0.0202  
backward:              0.3500              0.0655              5.0092              0.0209  
backward:              0.3000              0.0229              5.0321              0.0218  
backward:              0.2500             -0.0492              4.9829              0.0230  
backward:              0.2000             -0.1639              4.8190              0.0249  
backward:              0.1500             -0.3621              4.4569              0.0307  
backward:              0.1000             -0.8433              3.6136              0.0806  
backward:              0.0500             -1.4071              2.2065              0.0840  
backward:              0.0000             -2.4462             -0.2396              0.1153  
Inaccuracy estimation
======================================================================================================
                   i        i+δi          P0_overlap_P1   δε(forward)/ε   δε(backward)/ε
======================================================================================================
inaccuracy:  0.00000        0.05000           28.63            0.06            2.79
inaccuracy:  0.05000        0.10000           36.21           -0.07            1.82
inaccuracy:  0.10000        0.15000           47.88           -0.05            0.90
inaccuracy:  0.15000        0.20000           54.58           -0.04            0.53
inaccuracy:  0.20000        0.25000           61.59           -0.04            0.32
inaccuracy:  0.25000        0.30000           65.38           -0.03            0.23
inaccuracy:  0.30000        0.35000           66.74           -0.03            0.19
inaccuracy:  0.35000        0.40000           69.07           -0.03            0.15
inaccuracy:  0.40000        0.45000           69.17           -0.02            0.15
inaccuracy:  0.45000        0.50000           69.89           -0.02            0.13
inaccuracy:  0.50000        0.55000           61.28           -0.12            0.17
inaccuracy:  0.55000        0.60000           63.08           -0.14            0.13
inaccuracy:  0.60000        0.65000           63.44           -0.14            0.10
inaccuracy:  0.65000        0.70000           62.00           -0.15            0.08
inaccuracy:  0.70000        0.75000           64.19           -0.15            0.06
inaccuracy:  0.75000        0.80000           62.14           -0.18            0.05
inaccuracy:  0.80000        0.85000           64.38           -0.14            0.04
inaccuracy:  0.85000        0.90000           63.08           -0.16            0.04
inaccuracy:  0.90000        0.95000           61.23           -0.16            0.05
inaccuracy:  0.95000        1.00000           62.67           -0.15            0.05
===================================================================================================================================
                BAR        
-----------------------------------------------------------------------------------------------------------------------------------
BAR-estimator:         λ             λ+δλ          ΔΔA             ΔA            C               Δδe            δe       
                          
-----------------------------------------------------------------------------------------------------------------------------------
BAR-estimator:      0.00000        0.05000        2.3872         2.3872         2.3872         0.0064         0.0064 
BAR-estimator:      0.05000        0.10000        1.4427         3.8300         1.4427         0.0096         0.0116 
BAR-estimator:      0.10000        0.15000        0.7297         4.5596         0.7297         0.0081         0.0141 
BAR-estimator:      0.15000        0.20000        0.3685         4.9281         0.3685         0.0058         0.0153 
BAR-estimator:      0.20000        0.25000        0.1603         5.0885         0.1603         0.0044         0.0159 
BAR-estimator:      0.25000        0.30000        0.0492         5.1377         0.0492         0.0038         0.0163 
BAR-estimator:      0.30000        0.35000       -0.0200         5.1177        -0.0200         0.0033         0.0167 
BAR-estimator:      0.35000        0.40000       -0.0738         5.0439        -0.0738         0.0028         0.0169 
BAR-estimator:      0.40000        0.45000       -0.1099         4.9340        -0.1099         0.0029         0.0171 
BAR-estimator:      0.45000        0.50000       -0.1354         4.7986        -0.1354         0.0026         0.0173 
BAR-estimator:      0.50000        0.55000       -0.2498         4.5488        -0.2498         0.0032         0.0176 
BAR-estimator:      0.55000        0.60000       -0.4972         4.0515        -0.4972         0.0032         0.0179 
BAR-estimator:      0.60000        0.65000       -0.7205         3.3310        -0.7205         0.0038         0.0183 
BAR-estimator:      0.65000        0.70000       -0.9154         2.4156        -0.9154         0.0034         0.0186 
BAR-estimator:      0.70000        0.75000       -1.0355         1.3801        -1.0355         0.0034         0.0190 
BAR-estimator:      0.75000        0.80000       -1.1571         0.2230        -1.1571         0.0034         0.0193 
BAR-estimator:      0.80000        0.85000       -1.2107        -0.9877        -1.2107         0.0037         0.0196 
BAR-estimator:      0.85000        0.90000       -1.2489        -2.2366        -1.2489         0.0033         0.0199 
BAR-estimator:      0.90000        0.95000       -1.2375        -3.4740        -1.2375         0.0038         0.0203 
BAR-estimator:      0.95000        1.00000       -1.2617        -4.7357        -1.2617         0.0031         0.0205 
BAR-estimator: total free energy change is -4.735732307469636 , total error is 0.020483164717947557
