#========================================================================================
#                     Free energy perturbation    
#----------------------------------------------------------------------------------------
#forward/backward          λ              ΔΔA                 ΔA                  δε   
#                                                 
#----------------------------------------------------------------------------------------
forward:               0.0000              0.0000              0.0000              0.0000  
forward:               0.0500              1.4308              1.4308              0.0135  
forward:               0.1000              0.8009              2.2317              0.0177  
forward:               0.1500              0.4458              2.6775              0.0190  
forward:               0.2000              0.2654              2.9429              0.0198  
forward:               0.2500              0.1594              3.1023              0.0202  
forward:               0.3000              0.1003              3.2026              0.0205  
forward:               0.3500              0.0556              3.2582              0.0209  
forward:               0.4000              0.0241              3.2823              0.0212  
forward:               0.4500              0.0039              3.2861              0.0214  
forward:               0.5000             -0.0269              3.2593              0.0216  
forward:               0.5500             -0.0558              3.2035              0.0219  
forward:               0.6000             -0.1521              3.0514              0.0221  
forward:               0.6500             -0.2406              2.8108              0.0223  
forward:               0.7000             -0.3146              2.4962              0.0226  
forward:               0.7500             -0.3785              2.1176              0.0227  
forward:               0.8000             -0.4291              1.6886              0.0229  
forward:               0.8500             -0.4754              1.2132              0.0232  
forward:               0.9000             -0.5026              0.7105              0.0235  
forward:               0.9500             -0.5252              0.1853              0.0236  
forward:               1.0000             -0.5401             -0.3548              0.0238  
backward:              1.0000              0.0000             -0.3548              0.0000  
backward:              0.9500              0.5375              0.1827              0.0046  
backward:              0.9000              0.5384              0.7211              0.0063  
backward:              0.8500              0.4961              1.2171              0.0075  
backward:              0.8000              0.4720              1.6892              0.0083  
backward:              0.7500              0.4260              2.1151              0.0092  
backward:              0.7000              0.3726              2.4877              0.0102  
backward:              0.6500              0.3181              2.8058              0.0108  
backward:              0.6000              0.2398              3.0456              0.0115  
backward:              0.5500              0.1553              3.2009              0.0122  
backward:              0.5000              0.0467              3.2476              0.0131  
backward:              0.4500              0.0170              3.2645              0.0136  
backward:              0.4000              0.0010              3.2655              0.0141  
backward:              0.3500             -0.0220              3.2435              0.0145  
backward:              0.3000             -0.0474              3.1962              0.0151  
backward:              0.2500             -0.1121              3.0841              0.0161  
backward:              0.2000             -0.1643              2.9197              0.0174  
backward:              0.1500             -0.2473              2.6724              0.0188  
backward:              0.1000             -0.4235              2.2489              0.0215  
backward:              0.0500             -0.8208              1.4280              0.0298  
backward:              0.0000             -1.4287             -0.0006              0.0357  
Inaccuracy estimation
======================================================================================================
                   i        i+δi          P0_overlap_P1   δε(forward)/ε   δε(backward)/ε
======================================================================================================
inaccuracy:  0.00000        0.05000           39.58           -0.03            1.41
inaccuracy:  0.05000        0.10000           50.23           -0.03            0.86
inaccuracy:  0.10000        0.15000           59.48           -0.02            0.47
inaccuracy:  0.15000        0.20000           65.29           -0.01            0.27
inaccuracy:  0.20000        0.25000           69.87           -0.01            0.18
inaccuracy:  0.25000        0.30000           72.53           -0.02            0.14
inaccuracy:  0.30000        0.35000           72.88           -0.01            0.13
inaccuracy:  0.35000        0.40000           74.02           -0.01            0.11
inaccuracy:  0.40000        0.45000           74.51           -0.01            0.11
inaccuracy:  0.45000        0.50000           76.16           -0.01            0.09
inaccuracy:  0.50000        0.55000           71.72           -0.04            0.11
inaccuracy:  0.55000        0.60000           71.78           -0.04            0.10
inaccuracy:  0.60000        0.65000           72.70           -0.04            0.08
inaccuracy:  0.65000        0.70000           72.07           -0.03            0.08
inaccuracy:  0.70000        0.75000           73.36           -0.05            0.07
inaccuracy:  0.75000        0.80000           72.71           -0.04            0.07
inaccuracy:  0.80000        0.85000           73.18           -0.05            0.06
inaccuracy:  0.85000        0.90000           72.58           -0.05            0.06
inaccuracy:  0.90000        0.95000           71.64           -0.04            0.07
inaccuracy:  0.95000        1.00000           72.15           -0.05            0.06
===================================================================================================================================
                BAR        
-----------------------------------------------------------------------------------------------------------------------------------
BAR-estimator:         λ             λ+δλ          ΔΔA             ΔA            C               Δδe            δe       
                          
-----------------------------------------------------------------------------------------------------------------------------------
BAR-estimator:      0.00000        0.05000        1.4397         1.4397         1.4397         0.0071         0.0071 
BAR-estimator:      0.05000        0.10000        0.8059         2.2457         0.8059         0.0069         0.0099 
BAR-estimator:      0.10000        0.15000        0.4416         2.6873         0.4416         0.0046         0.0109 
BAR-estimator:      0.15000        0.20000        0.2591         2.9464         0.2591         0.0038         0.0116 
BAR-estimator:      0.20000        0.25000        0.1590         3.1054         0.1590         0.0030         0.0120 
BAR-estimator:      0.25000        0.30000        0.1024         3.2078         0.1024         0.0027         0.0123 
BAR-estimator:      0.30000        0.35000        0.0532         3.2610         0.0532         0.0027         0.0126 
BAR-estimator:      0.35000        0.40000        0.0234         3.2844         0.0234         0.0024         0.0128 
BAR-estimator:      0.40000        0.45000        0.0026         3.2870         0.0026         0.0020         0.0129 
BAR-estimator:      0.45000        0.50000       -0.0229         3.2642        -0.0229         0.0023         0.0131 
BAR-estimator:      0.50000        0.55000       -0.0548         3.2094        -0.0548         0.0024         0.0133 
BAR-estimator:      0.55000        0.60000       -0.1537         3.0556        -0.1537         0.0021         0.0135 
BAR-estimator:      0.60000        0.65000       -0.2407         2.8149        -0.2407         0.0023         0.0137 
BAR-estimator:      0.65000        0.70000       -0.3137         2.5012        -0.3137         0.0024         0.0139 
BAR-estimator:      0.70000        0.75000       -0.3779         2.1233        -0.3779         0.0021         0.0141 
BAR-estimator:      0.75000        0.80000       -0.4285         1.6948        -0.4285         0.0026         0.0143 
BAR-estimator:      0.80000        0.85000       -0.4743         1.2205        -0.4743         0.0024         0.0145 
BAR-estimator:      0.85000        0.90000       -0.5012         0.7194        -0.5012         0.0025         0.0147 
BAR-estimator:      0.90000        0.95000       -0.5295         0.1899        -0.5295         0.0026         0.0149 
BAR-estimator:      0.95000        1.00000       -0.5408        -0.3510        -0.5408         0.0023         0.0151 
BAR-estimator: total free energy change is -0.3509705072097131 , total error is 0.01512204319221075
