#========================================================================================
#                     Free energy perturbation    
#----------------------------------------------------------------------------------------
#forward/backward          λ              ΔΔA                 ΔA                  δε   
#                                                 
#----------------------------------------------------------------------------------------
forward:               0.0000              0.0000              0.0000              0.0000  
forward:               0.0500              0.7577              0.7577              0.0070  
forward:               0.1000              0.4866              1.2442              0.0093  
forward:               0.1500              0.3251              1.5693              0.0103  
forward:               0.2000              0.2203              1.7896              0.0110  
forward:               0.2500              0.1526              1.9423              0.0119  
forward:               0.3000              0.1164              2.0587              0.0125  
forward:               0.3500              0.0874              2.1461              0.0129  
forward:               0.4000              0.0600              2.2061              0.0132  
forward:               0.4500              0.0516              2.2576              0.0135  
forward:               0.5000              0.0316              2.2892              0.0138  
forward:               0.5500             -0.0718              2.2175              0.0141  
forward:               0.6000             -0.2348              1.9827              0.0145  
forward:               0.6500             -0.3971              1.5856              0.0148  
forward:               0.7000             -0.5246              1.0610              0.0152  
forward:               0.7500             -0.6244              0.4365              0.0156  
forward:               0.8000             -0.6942             -0.2577              0.0159  
forward:               0.8500             -0.7289             -0.9866              0.0161  
forward:               0.9000             -0.7629             -1.7495              0.0163  
forward:               0.9500             -0.7787             -2.5282              0.0166  
forward:               1.0000             -0.7880             -3.3162              0.0168  
backward:              1.0000              0.0000             -3.3162              0.0000  
backward:              0.9500              0.7861             -2.5301              0.0038  
backward:              0.9000              0.7748             -1.7553              0.0079  
backward:              0.8500              0.7613             -0.9940              0.0092  
backward:              0.8000              0.7328             -0.2612              0.0100  
backward:              0.7500              0.6839              0.4228              0.0106  
backward:              0.7000              0.6305              1.0533              0.0112  
backward:              0.6500              0.5210              1.5742              0.0122  
backward:              0.6000              0.3914              1.9657              0.0128  
backward:              0.5500              0.2355              2.2011              0.0133  
backward:              0.5000              0.0766              2.2777              0.0139  
backward:              0.4500             -0.0308              2.2469              0.0143  
backward:              0.4000             -0.0453              2.2016              0.0147  
backward:              0.3500             -0.0664              2.1352              0.0152  
backward:              0.3000             -0.0892              2.0460              0.0157  
backward:              0.2500             -0.1147              1.9314              0.0163  
backward:              0.2000             -0.1677              1.7636              0.0170  
backward:              0.1500             -0.2222              1.5414              0.0180  
backward:              0.1000             -0.3174              1.2240              0.0194  
backward:              0.0500             -0.4989              0.7251              0.0229  
backward:              0.0000             -0.7619             -0.0368              0.0273  
Inaccuracy estimation
======================================================================================================
                   i        i+δi          P0_overlap_P1   δε(forward)/ε   δε(backward)/ε
======================================================================================================
inaccuracy:  0.00000        0.05000           54.49           -0.02            0.59
inaccuracy:  0.05000        0.10000           62.07           -0.01            0.42
inaccuracy:  0.10000        0.15000           66.77           -0.01            0.26
inaccuracy:  0.15000        0.20000           71.55           -0.01            0.18
inaccuracy:  0.20000        0.25000           75.10           -0.01            0.13
inaccuracy:  0.25000        0.30000           75.67           -0.01            0.12
inaccuracy:  0.30000        0.35000           76.74           -0.01            0.10
inaccuracy:  0.35000        0.40000           77.84           -0.01            0.09
inaccuracy:  0.40000        0.45000           76.82           -0.01            0.09
inaccuracy:  0.45000        0.50000           78.12           -0.01            0.08
inaccuracy:  0.50000        0.55000           70.92           -0.05            0.11
inaccuracy:  0.55000        0.60000           70.87           -0.06            0.08
inaccuracy:  0.60000        0.65000           71.15           -0.07            0.07
inaccuracy:  0.65000        0.70000           71.09           -0.08            0.06
inaccuracy:  0.70000        0.75000           70.41           -0.07            0.05
inaccuracy:  0.75000        0.80000           72.62           -0.07            0.05
inaccuracy:  0.80000        0.85000           71.13           -0.06            0.05
inaccuracy:  0.85000        0.90000           71.68           -0.07            0.05
inaccuracy:  0.90000        0.95000           70.65           -0.07            0.05
inaccuracy:  0.95000        1.00000           70.37           -0.07            0.05
===================================================================================================================================
                BAR        
-----------------------------------------------------------------------------------------------------------------------------------
BAR-estimator:         λ             λ+δλ          ΔΔA             ΔA            C               Δδe            δe       
                          
-----------------------------------------------------------------------------------------------------------------------------------
BAR-estimator:      0.00000        0.05000        0.7567         0.7567         0.7567         0.0048         0.0048 
BAR-estimator:      0.05000        0.10000        0.4872         1.2439         0.4872         0.0041         0.0063 
BAR-estimator:      0.10000        0.15000        0.3216         1.5655         0.3216         0.0033         0.0071 
BAR-estimator:      0.15000        0.20000        0.2201         1.7855         0.2201         0.0027         0.0076 
BAR-estimator:      0.20000        0.25000        0.1565         1.9421         0.1565         0.0030         0.0082 
BAR-estimator:      0.25000        0.30000        0.1165         2.0586         0.1165         0.0025         0.0085 
BAR-estimator:      0.30000        0.35000        0.0879         2.1465         0.0879         0.0022         0.0088 
BAR-estimator:      0.35000        0.40000        0.0614         2.2079         0.0614         0.0021         0.0091 
BAR-estimator:      0.40000        0.45000        0.0492         2.2571         0.0492         0.0019         0.0093 
BAR-estimator:      0.45000        0.50000        0.0304         2.2875         0.0304         0.0020         0.0095 
BAR-estimator:      0.50000        0.55000       -0.0731         2.2144        -0.0731         0.0024         0.0098 
BAR-estimator:      0.55000        0.60000       -0.2358         1.9786        -0.2358         0.0022         0.0100 
BAR-estimator:      0.60000        0.65000       -0.3937         1.5849        -0.3937         0.0024         0.0103 
BAR-estimator:      0.65000        0.70000       -0.5251         1.0598        -0.5251         0.0025         0.0106 
BAR-estimator:      0.70000        0.75000       -0.6259         0.4340        -0.6259         0.0024         0.0108 
BAR-estimator:      0.75000        0.80000       -0.6896        -0.2556        -0.6896         0.0023         0.0111 
BAR-estimator:      0.80000        0.85000       -0.7318        -0.9874        -0.7318         0.0024         0.0114 
BAR-estimator:      0.85000        0.90000       -0.7607        -1.7481        -0.7607         0.0031         0.0118 
BAR-estimator:      0.90000        0.95000       -0.7787        -2.5268        -0.7787         0.0024         0.0120 
BAR-estimator:      0.95000        1.00000       -0.7870        -3.3139        -0.7870         0.0023         0.0122 
BAR-estimator: total free energy change is -3.3138735539852306 , total error is 0.012232471007403095
