#========================================================================================
#                     Free energy perturbation    
#----------------------------------------------------------------------------------------
#forward/backward          λ              ΔΔA                 ΔA                  δε   
#                                                 
#----------------------------------------------------------------------------------------
forward:               0.0000              0.0000              0.0000              0.0000  
forward:               0.0500              3.1645              3.1645              0.0344  
forward:               0.1000              1.7452              4.9097              0.0483  
forward:               0.1500              0.8472              5.7569              0.0501  
forward:               0.2000              0.3585              6.1153              0.0508  
forward:               0.2500              0.1403              6.2557              0.0514  
forward:               0.3000             -0.0114              6.2443              0.0517  
forward:               0.3500             -0.1016              6.1427              0.0520  
forward:               0.4000             -0.1720              5.9707              0.0522  
forward:               0.4500             -0.2195              5.7513              0.0524  
forward:               0.5000             -0.2507              5.5006              0.0525  
forward:               0.5500             -0.4910              5.0096              0.0529  
forward:               0.6000             -0.8595              4.1501              0.0533  
forward:               0.6500             -1.1890              2.9611              0.0536  
forward:               0.7000             -1.4988              1.4624              0.0541  
forward:               0.7500             -1.6750             -0.2126              0.0547  
forward:               0.8000             -1.6395             -1.8520              0.0549  
forward:               0.8500             -1.6883             -3.5403              0.0552  
forward:               0.9000             -1.6760             -5.2163              0.0554  
forward:               0.9500             -1.6650             -6.8814              0.0556  
forward:               1.0000             -1.6614             -8.5428              0.0558  
backward:              1.0000              0.0000             -8.5428              0.0000  
backward:              0.9500              2.2810             -6.2617              0.0083  
backward:              0.9000              2.2152             -4.0466              0.0131  
backward:              0.8500              2.1797             -1.8669              0.0157  
backward:              0.8000              2.0769              0.2100              0.0182  
backward:              0.7500              1.9516              2.1616              0.0204  
backward:              0.7000              1.7547              3.9163              0.0222  
backward:              0.6500              1.5100              5.4263              0.0235  
backward:              0.6000              1.1967              6.6230              0.0246  
backward:              0.5500              0.8684              7.4914              0.0263  
backward:              0.5000              0.4879              7.9792              0.0272  
backward:              0.4500              0.2537              8.2329              0.0279  
backward:              0.4000              0.2079              8.4408              0.0289  
backward:              0.3500              0.1533              8.5941              0.0294  
backward:              0.3000              0.1059              8.7000              0.0300  
backward:              0.2500              0.0012              8.7012              0.0312  
backward:              0.2000             -0.1523              8.5490              0.0334  
backward:              0.1500             -0.3470              8.2020              0.0353  
backward:              0.1000             -0.8187              7.3833              0.0402  
backward:              0.0500             -1.7978              5.5855              0.0900  
backward:              0.0000             -3.0929              2.4927              0.0985  
Inaccuracy estimation
======================================================================================================
                   i        i+δi          P0_overlap_P1   δε(forward)/ε   δε(backward)/ε
======================================================================================================
inaccuracy:  0.00000        0.05000           20.84            0.30            4.20
inaccuracy:  0.05000        0.10000           29.68           -0.08            2.55
inaccuracy:  0.10000        0.15000           42.17           -0.09            1.20
inaccuracy:  0.15000        0.20000           52.84           -0.06            0.60
inaccuracy:  0.20000        0.25000           58.33           -0.05            0.37
inaccuracy:  0.25000        0.30000           62.33           -0.04            0.26
inaccuracy:  0.30000        0.35000           64.12           -0.05            0.21
inaccuracy:  0.35000        0.40000           66.87           -0.04            0.18
inaccuracy:  0.40000        0.45000           67.42           -0.03            0.16
inaccuracy:  0.45000        0.50000           66.95           -0.04            0.15
inaccuracy:  0.50000        0.55000           56.04           -0.20            0.21
inaccuracy:  0.55000        0.60000           56.92           -0.23            0.13
inaccuracy:  0.60000        0.65000           57.34           -0.26            0.07
inaccuracy:  0.65000        0.70000           56.55           -0.33            0.03
inaccuracy:  0.70000        0.75000           53.16           -0.46           -0.01
inaccuracy:  0.75000        0.80000           42.54           -0.89           -0.04
inaccuracy:  0.80000        0.85000           39.08           -1.03           -0.06
inaccuracy:  0.85000        0.90000           34.43           -1.24           -0.10
inaccuracy:  0.90000        0.95000           32.35           -1.38           -0.10
inaccuracy:  0.95000        1.00000           30.49           -1.56           -0.12
===================================================================================================================================
                BAR        
-----------------------------------------------------------------------------------------------------------------------------------
BAR-estimator:         λ             λ+δλ          ΔΔA             ΔA            C               Δδe            δe       
                          
-----------------------------------------------------------------------------------------------------------------------------------
BAR-estimator:      0.00000        0.05000        3.1684         3.1684         3.1684         0.0124         0.0124 
BAR-estimator:      0.05000        0.10000        1.7619         4.9303         1.7619         0.0125         0.0176 
BAR-estimator:      0.10000        0.15000        0.8462         5.7766         0.8462         0.0088         0.0197 
BAR-estimator:      0.15000        0.20000        0.3614         6.1380         0.3614         0.0057         0.0205 
BAR-estimator:      0.20000        0.25000        0.1426         6.2805         0.1426         0.0051         0.0211 
BAR-estimator:      0.25000        0.30000       -0.0076         6.2730        -0.0076         0.0043         0.0215 
BAR-estimator:      0.30000        0.35000       -0.0999         6.1731        -0.0999         0.0030         0.0217 
BAR-estimator:      0.35000        0.40000       -0.1641         6.0089        -0.1641         0.0031         0.0220 
BAR-estimator:      0.40000        0.45000       -0.2168         5.7921        -0.2168         0.0030         0.0222 
BAR-estimator:      0.45000        0.50000       -0.2528         5.5394        -0.2528         0.0030         0.0224 
BAR-estimator:      0.50000        0.55000       -0.4889         5.0505        -0.4889         0.0036         0.0227 
BAR-estimator:      0.55000        0.60000       -0.8656         4.1849        -0.8656         0.0035         0.0229 
BAR-estimator:      0.60000        0.65000       -1.1954         2.9895        -1.1954         0.0034         0.0232 
BAR-estimator:      0.65000        0.70000       -1.5046         1.4849        -1.5046         0.0038         0.0235 
BAR-estimator:      0.70000        0.75000       -1.7232        -0.2383        -1.7232         0.0045         0.0239 
BAR-estimator:      0.75000        0.80000       -1.8246        -2.0629        -1.8246         0.0044         0.0243 
BAR-estimator:      0.80000        0.85000       -1.9109        -3.9738        -1.9109         0.0042         0.0247 
BAR-estimator:      0.85000        0.90000       -1.9541        -5.9279        -1.9541         0.0039         0.0250 
BAR-estimator:      0.90000        0.95000       -1.9743        -7.9022        -1.9743         0.0046         0.0254 
BAR-estimator:      0.95000        1.00000       -1.9994        -9.9016        -1.9994         0.0046         0.0258 
BAR-estimator: total free energy change is -9.901604916085182 , total error is 0.02583337155433029
