#========================================================================================
#                     Free energy perturbation    
#----------------------------------------------------------------------------------------
#forward/backward          λ              ΔΔA                 ΔA                  δε   
#                                                 
#----------------------------------------------------------------------------------------
forward:               0.0000              0.0000              0.0000              0.0000  
forward:               0.0500              3.2825              3.2825              0.0303  
forward:               0.1000              1.6535              4.9360              0.0374  
forward:               0.1500              0.7340              5.6700              0.0395  
forward:               0.2000              0.2786              5.9486              0.0402  
forward:               0.2500              0.0748              6.0234              0.0407  
forward:               0.3000             -0.0628              5.9606              0.0410  
forward:               0.3500             -0.1513              5.8093              0.0412  
forward:               0.4000             -0.2123              5.5970              0.0414  
forward:               0.4500             -0.2586              5.3383              0.0416  
forward:               0.5000             -0.2970              5.0413              0.0417  
forward:               0.5500             -0.3684              4.6729              0.0420  
forward:               0.6000             -0.5263              4.1466              0.0422  
forward:               0.6500             -0.6388              3.5077              0.0423  
forward:               0.7000             -0.7273              2.7805              0.0425  
forward:               0.7500             -0.7855              1.9950              0.0427  
forward:               0.8000             -0.8317              1.1633              0.0428  
forward:               0.8500             -0.8698              0.2935              0.0429  
forward:               0.9000             -0.9068             -0.6134              0.0430  
forward:               0.9500             -0.9297             -1.5431              0.0432  
forward:               1.0000             -0.9525             -2.4956              0.0433  
backward:              1.0000              0.0000             -2.4956              0.0000  
backward:              0.9500              0.9435             -1.5521              0.0042  
backward:              0.9000              0.9300             -0.6221              0.0061  
backward:              0.8500              0.9025              0.2804              0.0074  
backward:              0.8000              0.8716              1.1520              0.0084  
backward:              0.7500              0.8267              1.9787              0.0095  
backward:              0.7000              0.7755              2.7542              0.0103  
backward:              0.6500              0.7205              3.4747              0.0113  
backward:              0.6000              0.6350              4.1097              0.0121  
backward:              0.5500              0.5246              4.6344              0.0131  
backward:              0.5000              0.3780              5.0123              0.0141  
backward:              0.4500              0.2956              5.3079              0.0147  
backward:              0.4000              0.2522              5.5601              0.0158  
backward:              0.3500              0.2106              5.7707              0.0166  
backward:              0.3000              0.1379              5.9085              0.0180  
backward:              0.2500              0.0662              5.9747              0.0189  
backward:              0.2000             -0.0898              5.8849              0.0266  
backward:              0.1500             -0.2744              5.6105              0.0286  
backward:              0.1000             -0.7898              4.8207              0.0792  
backward:              0.0500             -1.6547              3.1661              0.0838  
backward:              0.0000             -3.2982             -0.1322              0.1756  
Inaccuracy estimation
======================================================================================================
                   i        i+δi          P0_overlap_P1   δε(forward)/ε   δε(backward)/ε
======================================================================================================
inaccuracy:  0.00000        0.05000           19.25            0.34            4.68
inaccuracy:  0.05000        0.10000           30.99           -0.08            2.38
inaccuracy:  0.10000        0.15000           43.81           -0.07            1.07
inaccuracy:  0.15000        0.20000           55.19           -0.05            0.51
inaccuracy:  0.20000        0.25000           61.12           -0.05            0.30
inaccuracy:  0.25000        0.30000           65.12           -0.03            0.21
inaccuracy:  0.30000        0.35000           67.57           -0.04            0.16
inaccuracy:  0.35000        0.40000           68.77           -0.04            0.14
inaccuracy:  0.40000        0.45000           70.00           -0.03            0.12
inaccuracy:  0.45000        0.50000           70.53           -0.04            0.11
inaccuracy:  0.50000        0.55000           64.74           -0.08            0.14
inaccuracy:  0.55000        0.60000           66.54           -0.07            0.10
inaccuracy:  0.60000        0.65000           67.71           -0.08            0.08
inaccuracy:  0.65000        0.70000           68.51           -0.08            0.07
inaccuracy:  0.70000        0.75000           68.80           -0.07            0.06
inaccuracy:  0.75000        0.80000           68.61           -0.08            0.06
inaccuracy:  0.80000        0.85000           68.14           -0.07            0.05
inaccuracy:  0.85000        0.90000           68.70           -0.08            0.05
inaccuracy:  0.90000        0.95000           67.46           -0.08            0.05
inaccuracy:  0.95000        1.00000           67.95           -0.08            0.05
===================================================================================================================================
                BAR        
-----------------------------------------------------------------------------------------------------------------------------------
BAR-estimator:         λ             λ+δλ          ΔΔA             ΔA            C               Δδe            δe       
                          
-----------------------------------------------------------------------------------------------------------------------------------
BAR-estimator:      0.00000        0.05000        3.2717         3.2717         3.2717         0.0110         0.0110 
BAR-estimator:      0.05000        0.10000        1.6729         4.9446         1.6729         0.0113         0.0158 
BAR-estimator:      0.10000        0.15000        0.7318         5.6764         0.7318         0.0079         0.0176 
BAR-estimator:      0.15000        0.20000        0.2824         5.9588         0.2824         0.0050         0.0183 
BAR-estimator:      0.20000        0.25000        0.0695         6.0283         0.0695         0.0040         0.0188 
BAR-estimator:      0.25000        0.30000       -0.0613         5.9669        -0.0613         0.0033         0.0190 
BAR-estimator:      0.30000        0.35000       -0.1498         5.8172        -0.1498         0.0031         0.0193 
BAR-estimator:      0.35000        0.40000       -0.2112         5.6060        -0.2112         0.0027         0.0195 
BAR-estimator:      0.40000        0.45000       -0.2573         5.3487        -0.2573         0.0023         0.0196 
BAR-estimator:      0.45000        0.50000       -0.2954         5.0533        -0.2954         0.0025         0.0198 
BAR-estimator:      0.50000        0.55000       -0.3689         4.6844        -0.3689         0.0029         0.0200 
BAR-estimator:      0.55000        0.60000       -0.5253         4.1590        -0.5253         0.0028         0.0202 
BAR-estimator:      0.60000        0.65000       -0.6378         3.5213        -0.6378         0.0025         0.0203 
BAR-estimator:      0.65000        0.70000       -0.7238         2.7975        -0.7238         0.0026         0.0205 
BAR-estimator:      0.70000        0.75000       -0.7805         2.0170        -0.7805         0.0025         0.0206 
BAR-estimator:      0.75000        0.80000       -0.8289         1.1881        -0.8289         0.0025         0.0208 
BAR-estimator:      0.80000        0.85000       -0.8707         0.3174        -0.8707         0.0025         0.0209 
BAR-estimator:      0.85000        0.90000       -0.9039        -0.5866        -0.9039         0.0026         0.0211 
BAR-estimator:      0.90000        0.95000       -0.9311        -1.5177        -0.9311         0.0028         0.0213 
BAR-estimator:      0.95000        1.00000       -0.9479        -2.4655        -0.9479         0.0024         0.0214 
BAR-estimator: total free energy change is -2.4655267404746883 , total error is 0.021413737522924428
