#========================================================================================
#                     Free energy perturbation    
#----------------------------------------------------------------------------------------
#forward/backward          λ              ΔΔA                 ΔA                  δε   
#                                                 
#----------------------------------------------------------------------------------------
forward:               0.0000              0.0000              0.0000              0.0000  
forward:               0.0500              1.8314              1.8314              0.0164  
forward:               0.1000              1.0685              2.8999              0.0213  
forward:               0.1500              0.5751              3.4750              0.0230  
forward:               0.2000              0.3337              3.8087              0.0239  
forward:               0.2500              0.1965              4.0052              0.0245  
forward:               0.3000              0.1147              4.1198              0.0249  
forward:               0.3500              0.0575              4.1773              0.0252  
forward:               0.4000              0.0077              4.1850              0.0255  
forward:               0.4500             -0.0248              4.1602              0.0257  
forward:               0.5000             -0.0416              4.1186              0.0259  
forward:               0.5500             -0.0905              4.0282              0.0263  
forward:               0.6000             -0.2072              3.8209              0.0265  
forward:               0.6500             -0.2972              3.5237              0.0268  
forward:               0.7000             -0.3781              3.1457              0.0273  
forward:               0.7500             -0.4555              2.6902              0.0276  
forward:               0.8000             -0.5079              2.1823              0.0278  
forward:               0.8500             -0.5554              1.6269              0.0280  
forward:               0.9000             -0.5829              1.0440              0.0282  
forward:               0.9500             -0.6133              0.4307              0.0284  
forward:               1.0000             -0.6337             -0.2030              0.0286  
backward:              1.0000              0.0000             -0.2030              0.0000  
backward:              0.9500              0.6305              0.4274              0.0040  
backward:              0.9000              0.6120              1.0395              0.0058  
backward:              0.8500              0.5804              1.6199              0.0074  
backward:              0.8000              0.5531              2.1730              0.0084  
backward:              0.7500              0.5015              2.6745              0.0094  
backward:              0.7000              0.4440              3.1185              0.0103  
backward:              0.6500              0.3774              3.4959              0.0113  
backward:              0.6000              0.2954              3.7913              0.0124  
backward:              0.5500              0.2037              3.9950              0.0133  
backward:              0.5000              0.0938              4.0888              0.0140  
backward:              0.4500              0.0373              4.1261              0.0160  
backward:              0.4000              0.0144              4.1405              0.0167  
backward:              0.3500             -0.0096              4.1309              0.0173  
backward:              0.3000             -0.0503              4.0806              0.0181  
backward:              0.2500             -0.1005              3.9801              0.0187  
backward:              0.2000             -0.1975              3.7827              0.0200  
backward:              0.1500             -0.3178              3.4649              0.0217  
backward:              0.1000             -0.5890              2.8758              0.0251  
backward:              0.0500             -1.0840              1.7919              0.0352  
backward:              0.0000             -1.8394             -0.0475              0.0431  
Inaccuracy estimation
======================================================================================================
                   i        i+δi          P0_overlap_P1   δε(forward)/ε   δε(backward)/ε
======================================================================================================
inaccuracy:  0.00000        0.05000           34.21           -0.01            1.92
inaccuracy:  0.05000        0.10000           43.28           -0.04            1.23
inaccuracy:  0.10000        0.15000           54.60           -0.03            0.58
inaccuracy:  0.15000        0.20000           61.22           -0.03            0.37
inaccuracy:  0.20000        0.25000           66.09           -0.02            0.24
inaccuracy:  0.25000        0.30000           67.97           -0.02            0.19
inaccuracy:  0.30000        0.35000           69.57           -0.02            0.15
inaccuracy:  0.35000        0.40000           71.76           -0.02            0.14
inaccuracy:  0.40000        0.45000           73.40           -0.02            0.12
inaccuracy:  0.45000        0.50000           73.34           -0.02            0.11
inaccuracy:  0.50000        0.55000           68.85           -0.05            0.14
inaccuracy:  0.55000        0.60000           70.06           -0.05            0.11
inaccuracy:  0.60000        0.65000           70.49           -0.05            0.10
inaccuracy:  0.65000        0.70000           70.09           -0.05            0.09
inaccuracy:  0.70000        0.75000           71.61           -0.06            0.08
inaccuracy:  0.75000        0.80000           71.19           -0.05            0.07
inaccuracy:  0.80000        0.85000           71.25           -0.06            0.07
inaccuracy:  0.85000        0.90000           70.04           -0.06            0.07
inaccuracy:  0.90000        0.95000           70.45           -0.06            0.07
inaccuracy:  0.95000        1.00000           70.28           -0.06            0.07
===================================================================================================================================
                BAR        
-----------------------------------------------------------------------------------------------------------------------------------
BAR-estimator:         λ             λ+δλ          ΔΔA             ΔA            C               Δδe            δe       
                          
-----------------------------------------------------------------------------------------------------------------------------------
BAR-estimator:      0.00000        0.05000        1.8436         1.8436         1.8436         0.0074         0.0074 
BAR-estimator:      0.05000        0.10000        1.0657         2.9093         1.0657         0.0079         0.0108 
BAR-estimator:      0.10000        0.15000        0.5779         3.4872         0.5779         0.0056         0.0122 
BAR-estimator:      0.15000        0.20000        0.3314         3.8186         0.3314         0.0044         0.0129 
BAR-estimator:      0.20000        0.25000        0.1957         4.0143         0.1957         0.0036         0.0134 
BAR-estimator:      0.25000        0.30000        0.1112         4.1254         0.1112         0.0031         0.0138 
BAR-estimator:      0.30000        0.35000        0.0533         4.1787         0.0533         0.0028         0.0141 
BAR-estimator:      0.35000        0.40000        0.0102         4.1889         0.0102         0.0027         0.0143 
BAR-estimator:      0.40000        0.45000       -0.0224         4.1665        -0.0224         0.0024         0.0145 
BAR-estimator:      0.45000        0.50000       -0.0417         4.1247        -0.0417         0.0023         0.0147 
BAR-estimator:      0.50000        0.55000       -0.0907         4.0341        -0.0907         0.0028         0.0150 
BAR-estimator:      0.55000        0.60000       -0.2074         3.8267        -0.2074         0.0025         0.0152 
BAR-estimator:      0.60000        0.65000       -0.2958         3.5309        -0.2958         0.0025         0.0154 
BAR-estimator:      0.65000        0.70000       -0.3790         3.1519        -0.3790         0.0027         0.0156 
BAR-estimator:      0.70000        0.75000       -0.4510         2.7009        -0.4510         0.0025         0.0158 
BAR-estimator:      0.75000        0.80000       -0.5046         2.1963        -0.5046         0.0025         0.0160 
BAR-estimator:      0.80000        0.85000       -0.5544         1.6418        -0.5544         0.0027         0.0162 
BAR-estimator:      0.85000        0.90000       -0.5847         1.0572        -0.5847         0.0027         0.0165 
BAR-estimator:      0.90000        0.95000       -0.6125         0.4446        -0.6125         0.0027         0.0167 
BAR-estimator:      0.95000        1.00000       -0.6312        -0.1865        -0.6312         0.0029         0.0169 
BAR-estimator: total free energy change is -0.18652079494542662 , total error is 0.016947829443363278
