#========================================================================================
#                     Free energy perturbation    
#----------------------------------------------------------------------------------------
#forward/backward          λ              ΔΔA                 ΔA                  δε   
#                                                 
#----------------------------------------------------------------------------------------
forward:               0.0000              0.0000              0.0000              0.0000  
forward:               0.0500              1.8925              1.8925              0.0169  
forward:               0.1000              1.1594              3.0518              0.0229  
forward:               0.1500              0.6443              3.6961              0.0254  
forward:               0.2000              0.3466              4.0427              0.0264  
forward:               0.2500              0.2002              4.2429              0.0277  
forward:               0.3000              0.1175              4.3604              0.0283  
forward:               0.3500              0.0485              4.4089              0.0286  
forward:               0.4000             -0.0016              4.4073              0.0289  
forward:               0.4500             -0.0298              4.3776              0.0293  
forward:               0.5000             -0.0505              4.3271              0.0294  
forward:               0.5500             -0.0602              4.2669              0.0297  
forward:               0.6000             -0.0807              4.1862              0.0298  
forward:               0.6500             -0.0865              4.0997              0.0300  
forward:               0.7000             -0.1072              3.9925              0.0301  
forward:               0.7500             -0.1144              3.8780              0.0303  
forward:               0.8000             -0.1185              3.7595              0.0304  
forward:               0.8500             -0.1286              3.6310              0.0305  
forward:               0.9000             -0.1399              3.4911              0.0307  
forward:               0.9500             -0.1368              3.3543              0.0308  
forward:               1.0000             -0.1451              3.2092              0.0309  
backward:              1.0000              0.0000              3.2092              0.0000  
backward:              0.9500              0.1438              3.3530              0.0034  
backward:              0.9000              0.1316              3.4846              0.0047  
backward:              0.8500              0.1332              3.6177              0.0069  
backward:              0.8000              0.1302              3.7479              0.0081  
backward:              0.7500              0.1195              3.8674              0.0089  
backward:              0.7000              0.1122              3.9795              0.0096  
backward:              0.6500              0.0948              4.0743              0.0105  
backward:              0.6000              0.0927              4.1670              0.0113  
backward:              0.5500              0.0771              4.2441              0.0122  
backward:              0.5000              0.0599              4.3040              0.0130  
backward:              0.4500              0.0433              4.3473              0.0142  
backward:              0.4000              0.0244              4.3717              0.0151  
backward:              0.3500             -0.0056              4.3662              0.0159  
backward:              0.3000             -0.0527              4.3135              0.0172  
backward:              0.2500             -0.1101              4.2034              0.0181  
backward:              0.2000             -0.1925              4.0109              0.0199  
backward:              0.1500             -0.3476              3.6633              0.0228  
backward:              0.1000             -0.6588              3.0046              0.0292  
backward:              0.0500             -1.1316              1.8730              0.0343  
backward:              0.0000             -1.9089             -0.0359              0.0450  
Inaccuracy estimation
======================================================================================================
                   i        i+δi          P0_overlap_P1   δε(forward)/ε   δε(backward)/ε
======================================================================================================
inaccuracy:  0.00000        0.05000           34.36           -0.01            1.99
inaccuracy:  0.05000        0.10000           41.43           -0.05            1.31
inaccuracy:  0.10000        0.15000           51.57           -0.03            0.75
inaccuracy:  0.15000        0.20000           59.54           -0.03            0.40
inaccuracy:  0.20000        0.25000           63.86           -0.03            0.29
inaccuracy:  0.25000        0.30000           66.57           -0.02            0.22
inaccuracy:  0.30000        0.35000           68.89           -0.02            0.18
inaccuracy:  0.35000        0.40000           70.49           -0.02            0.15
inaccuracy:  0.40000        0.45000           71.35           -0.02            0.14
inaccuracy:  0.45000        0.50000           71.57           -0.02            0.13
inaccuracy:  0.50000        0.55000           71.19           -0.02            0.12
inaccuracy:  0.55000        0.60000           72.66           -0.02            0.12
inaccuracy:  0.60000        0.65000           71.75           -0.02            0.12
inaccuracy:  0.65000        0.70000           73.31           -0.02            0.11
inaccuracy:  0.70000        0.75000           72.66           -0.02            0.11
inaccuracy:  0.75000        0.80000           72.81           -0.02            0.11
inaccuracy:  0.80000        0.85000           72.17           -0.02            0.11
inaccuracy:  0.85000        0.90000           73.39           -0.02            0.10
inaccuracy:  0.90000        0.95000           72.41           -0.03            0.10
inaccuracy:  0.95000        1.00000           73.07           -0.02            0.11
===================================================================================================================================
                BAR        
-----------------------------------------------------------------------------------------------------------------------------------
BAR-estimator:         λ             λ+δλ          ΔΔA             ΔA            C               Δδe            δe       
                          
-----------------------------------------------------------------------------------------------------------------------------------
BAR-estimator:      0.00000        0.05000        1.9094         1.9094         1.9094         0.0079         0.0079 
BAR-estimator:      0.05000        0.10000        1.1625         3.0719         1.1625         0.0075         0.0109 
BAR-estimator:      0.10000        0.15000        0.6612         3.7331         0.6612         0.0068         0.0129 
BAR-estimator:      0.15000        0.20000        0.3475         4.0806         0.3475         0.0045         0.0136 
BAR-estimator:      0.20000        0.25000        0.2007         4.2813         0.2007         0.0055         0.0147 
BAR-estimator:      0.25000        0.30000        0.1157         4.3970         0.1157         0.0035         0.0151 
BAR-estimator:      0.30000        0.35000        0.0488         4.4458         0.0488         0.0030         0.0154 
BAR-estimator:      0.35000        0.40000        0.0026         4.4484         0.0026         0.0031         0.0157 
BAR-estimator:      0.40000        0.45000       -0.0262         4.4222        -0.0262         0.0026         0.0159 
BAR-estimator:      0.45000        0.50000       -0.0488         4.3734        -0.0488         0.0024         0.0161 
BAR-estimator:      0.50000        0.55000       -0.0614         4.3120        -0.0614         0.0027         0.0163 
BAR-estimator:      0.55000        0.60000       -0.0783         4.2337        -0.0783         0.0025         0.0165 
BAR-estimator:      0.60000        0.65000       -0.0888         4.1449        -0.0888         0.0023         0.0167 
BAR-estimator:      0.65000        0.70000       -0.1031         4.0418        -0.1031         0.0024         0.0168 
BAR-estimator:      0.70000        0.75000       -0.1140         3.9279        -0.1140         0.0023         0.0170 
BAR-estimator:      0.75000        0.80000       -0.1184         3.8095        -0.1184         0.0024         0.0172 
BAR-estimator:      0.80000        0.85000       -0.1305         3.6790        -0.1305         0.0018         0.0173 
BAR-estimator:      0.85000        0.90000       -0.1379         3.5411        -0.1379         0.0027         0.0175 
BAR-estimator:      0.90000        0.95000       -0.1368         3.4043        -0.1368         0.0025         0.0177 
BAR-estimator:      0.95000        1.00000       -0.1425         3.2618        -0.1425         0.0023         0.0178 
BAR-estimator: total free energy change is 3.2617861912203634 , total error is 0.01779769161637974
