#========================================================================================
#                     Free energy perturbation    
#----------------------------------------------------------------------------------------
#forward/backward          λ              ΔΔA                 ΔA                  δε   
#                                                 
#----------------------------------------------------------------------------------------
forward:               0.0000              0.0000              0.0000              0.0000  
forward:               0.0500              1.5150              1.5150              0.0129  
forward:               0.1000              0.8543              2.3693              0.0164  
forward:               0.1500              0.5075              2.8768              0.0182  
forward:               0.2000              0.2707              3.1475              0.0194  
forward:               0.2500              0.1443              3.2918              0.0201  
forward:               0.3000              0.0691              3.3609              0.0210  
forward:               0.3500              0.0129              3.3738              0.0215  
forward:               0.4000             -0.0338              3.3400              0.0218  
forward:               0.4500             -0.0614              3.2786              0.0221  
forward:               0.5000             -0.0813              3.1973              0.0224  
forward:               0.5500             -0.1586              3.0386              0.0226  
forward:               0.6000             -0.2323              2.8063              0.0229  
forward:               0.6500             -0.3098              2.4965              0.0231  
forward:               0.7000             -0.3640              2.1325              0.0233  
forward:               0.7500             -0.4068              1.7257              0.0235  
forward:               0.8000             -0.4503              1.2754              0.0237  
forward:               0.8500             -0.4795              0.7958              0.0239  
forward:               0.9000             -0.5097              0.2862              0.0240  
forward:               0.9500             -0.5368             -0.2507              0.0242  
forward:               1.0000             -0.5546             -0.8052              0.0244  
backward:              1.0000              0.0000             -0.8052              0.0000  
backward:              0.9500              0.5479             -0.2574              0.0033  
backward:              0.9000              0.5354              0.2781              0.0050  
backward:              0.8500              0.5080              0.7861              0.0061  
backward:              0.8000              0.4863              1.2724              0.0071  
backward:              0.7500              0.4469              1.7193              0.0081  
backward:              0.7000              0.4008              2.1202              0.0091  
backward:              0.6500              0.3540              2.4742              0.0100  
backward:              0.6000              0.3091              2.7833              0.0107  
backward:              0.5500              0.2340              3.0173              0.0116  
backward:              0.5000              0.1558              3.1731              0.0123  
backward:              0.4500              0.0845              3.2576              0.0131  
backward:              0.4000              0.0601              3.3177              0.0137  
backward:              0.3500              0.0277              3.3454              0.0144  
backward:              0.3000             -0.0104              3.3350              0.0154  
backward:              0.2500             -0.0718              3.2632              0.0166  
backward:              0.2000             -0.1561              3.1071              0.0182  
backward:              0.1500             -0.2805              2.8266              0.0202  
backward:              0.1000             -0.4980              2.3286              0.0240  
backward:              0.0500             -0.9232              1.4054              0.0469  
backward:              0.0000             -1.4749             -0.0696              0.0509  
Inaccuracy estimation
======================================================================================================
                   i        i+δi          P0_overlap_P1   δε(forward)/ε   δε(backward)/ε
======================================================================================================
inaccuracy:  0.00000        0.05000           37.59           -0.04            1.60
inaccuracy:  0.05000        0.10000           48.84           -0.04            0.94
inaccuracy:  0.10000        0.15000           55.29           -0.03            0.57
inaccuracy:  0.15000        0.20000           62.14           -0.02            0.34
inaccuracy:  0.20000        0.25000           66.54           -0.03            0.24
inaccuracy:  0.25000        0.30000           67.87           -0.02            0.19
inaccuracy:  0.30000        0.35000           69.68           -0.02            0.16
inaccuracy:  0.35000        0.40000           71.59           -0.02            0.14
inaccuracy:  0.40000        0.45000           72.29           -0.02            0.13
inaccuracy:  0.45000        0.50000           71.95           -0.02            0.12
inaccuracy:  0.50000        0.55000           69.76           -0.04            0.12
inaccuracy:  0.55000        0.60000           69.69           -0.04            0.11
inaccuracy:  0.60000        0.65000           71.00           -0.04            0.09
inaccuracy:  0.65000        0.70000           71.37           -0.05            0.09
inaccuracy:  0.70000        0.75000           71.60           -0.05            0.08
inaccuracy:  0.75000        0.80000           71.40           -0.04            0.08
inaccuracy:  0.80000        0.85000           70.72           -0.05            0.08
inaccuracy:  0.85000        0.90000           71.54           -0.05            0.07
inaccuracy:  0.90000        0.95000           71.06           -0.05            0.08
inaccuracy:  0.95000        1.00000           70.92           -0.05            0.07
===================================================================================================================================
                BAR        
-----------------------------------------------------------------------------------------------------------------------------------
BAR-estimator:         λ             λ+δλ          ΔΔA             ΔA            C               Δδe            δe       
                          
-----------------------------------------------------------------------------------------------------------------------------------
BAR-estimator:      0.00000        0.05000        1.4988         1.4988         1.4988         0.0067         0.0067 
BAR-estimator:      0.05000        0.10000        0.8702         2.3690         0.8702         0.0063         0.0092 
BAR-estimator:      0.10000        0.15000        0.5034         2.8724         0.5034         0.0050         0.0105 
BAR-estimator:      0.15000        0.20000        0.2758         3.1482         0.2758         0.0042         0.0113 
BAR-estimator:      0.20000        0.25000        0.1483         3.2965         0.1483         0.0031         0.0117 
BAR-estimator:      0.25000        0.30000        0.0681         3.3647         0.0681         0.0032         0.0121 
BAR-estimator:      0.30000        0.35000        0.0116         3.3763         0.0116         0.0030         0.0125 
BAR-estimator:      0.35000        0.40000       -0.0292         3.3471        -0.0292         0.0026         0.0128 
BAR-estimator:      0.40000        0.45000       -0.0594         3.2877        -0.0594         0.0026         0.0130 
BAR-estimator:      0.45000        0.50000       -0.0837         3.2041        -0.0837         0.0024         0.0132 
BAR-estimator:      0.50000        0.55000       -0.1568         3.0473        -0.1568         0.0029         0.0136 
BAR-estimator:      0.55000        0.60000       -0.2344         2.8129        -0.2344         0.0024         0.0138 
BAR-estimator:      0.60000        0.65000       -0.3101         2.5028        -0.3101         0.0024         0.0140 
BAR-estimator:      0.65000        0.70000       -0.3598         2.1431        -0.3598         0.0024         0.0142 
BAR-estimator:      0.70000        0.75000       -0.4048         1.7383        -0.4048         0.0023         0.0143 
BAR-estimator:      0.75000        0.80000       -0.4495         1.2888        -0.4495         0.0024         0.0145 
BAR-estimator:      0.80000        0.85000       -0.4808         0.8080        -0.4808         0.0024         0.0147 
BAR-estimator:      0.85000        0.90000       -0.5094         0.2986        -0.5094         0.0027         0.0150 
BAR-estimator:      0.90000        0.95000       -0.5344        -0.2358        -0.5344         0.0023         0.0152 
BAR-estimator:      0.95000        1.00000       -0.5517        -0.7875        -0.5517         0.0023         0.0153 
BAR-estimator: total free energy change is -0.7874602616446654 , total error is 0.015331707307941403
