#========================================================================================
#                     Free energy perturbation    
#----------------------------------------------------------------------------------------
#forward/backward          λ              ΔΔA                 ΔA                  δε   
#                                                 
#----------------------------------------------------------------------------------------
forward:               0.0000              0.0000              0.0000              0.0000  
forward:               0.0500              2.7996              2.7996              0.0261  
forward:               0.1000              1.5898              4.3895              0.0329  
forward:               0.1500              0.7830              5.1724              0.0353  
forward:               0.2000              0.3774              5.5498              0.0361  
forward:               0.2500              0.1865              5.7363              0.0366  
forward:               0.3000              0.0675              5.8039              0.0368  
forward:               0.3500             -0.0118              5.7921              0.0371  
forward:               0.4000             -0.0567              5.7354              0.0374  
forward:               0.4500             -0.1052              5.6302              0.0376  
forward:               0.5000             -0.1303              5.4999              0.0378  
forward:               0.5500             -0.2144              5.2855              0.0381  
forward:               0.6000             -0.3992              4.8863              0.0384  
forward:               0.6500             -0.5411              4.3452              0.0386  
forward:               0.7000             -0.6524              3.6927              0.0389  
forward:               0.7500             -0.7596              2.9331              0.0391  
forward:               0.8000             -0.8336              2.0996              0.0393  
forward:               0.8500             -0.9006              1.1990              0.0396  
forward:               0.9000             -0.9484              0.2506              0.0398  
forward:               0.9500             -0.9829             -0.7324              0.0399  
forward:               1.0000             -1.0028             -1.7352              0.0401  
backward:              1.0000              0.0000             -1.7352              0.0000  
backward:              0.9500              0.9929             -0.7423              0.0048  
backward:              0.9000              0.9764              0.2341              0.0072  
backward:              0.8500              0.9522              1.1863              0.0089  
backward:              0.8000              0.8968              2.0831              0.0102  
backward:              0.7500              0.8233              2.9065              0.0119  
backward:              0.7000              0.7480              3.6545              0.0132  
backward:              0.6500              0.6602              4.3147              0.0142  
backward:              0.6000              0.5393              4.8540              0.0153  
backward:              0.5500              0.3878              5.2418              0.0163  
backward:              0.5000              0.2102              5.4520              0.0177  
backward:              0.4500              0.1321              5.5842              0.0186  
backward:              0.4000              0.0996              5.6838              0.0193  
backward:              0.3500              0.0690              5.7528              0.0200  
backward:              0.3000              0.0050              5.7578              0.0212  
backward:              0.2500             -0.0637              5.6940              0.0222  
backward:              0.2000             -0.1804              5.5136              0.0236  
backward:              0.1500             -0.3818              5.1318              0.0267  
backward:              0.1000             -0.7734              4.3584              0.0351  
backward:              0.0500             -1.5501              2.8083              0.0509  
backward:              0.0000             -2.8022              0.0061              0.0765  
Inaccuracy estimation
======================================================================================================
                   i        i+δi          P0_overlap_P1   δε(forward)/ε   δε(backward)/ε
======================================================================================================
inaccuracy:  0.00000        0.05000           24.33            0.17            3.48
inaccuracy:  0.05000        0.10000           32.81           -0.07            2.17
inaccuracy:  0.10000        0.15000           45.88           -0.06            1.02
inaccuracy:  0.15000        0.20000           56.13           -0.04            0.48
inaccuracy:  0.20000        0.25000           61.68           -0.04            0.32
inaccuracy:  0.25000        0.30000           65.05           -0.03            0.24
inaccuracy:  0.30000        0.35000           66.73           -0.03            0.19
inaccuracy:  0.35000        0.40000           67.56           -0.03            0.17
inaccuracy:  0.40000        0.45000           69.30           -0.03            0.14
inaccuracy:  0.45000        0.50000           69.54           -0.03            0.14
inaccuracy:  0.50000        0.55000           64.02           -0.08            0.17
inaccuracy:  0.55000        0.60000           65.46           -0.08            0.13
inaccuracy:  0.60000        0.65000           66.02           -0.09            0.10
inaccuracy:  0.65000        0.70000           65.30           -0.10            0.09
inaccuracy:  0.70000        0.75000           67.22           -0.09            0.08
inaccuracy:  0.75000        0.80000           66.71           -0.11            0.07
inaccuracy:  0.80000        0.85000           66.04           -0.10            0.06
inaccuracy:  0.85000        0.90000           65.67           -0.11            0.06
inaccuracy:  0.90000        0.95000           66.47           -0.11            0.06
inaccuracy:  0.95000        1.00000           65.78           -0.10            0.06
===================================================================================================================================
                BAR        
-----------------------------------------------------------------------------------------------------------------------------------
BAR-estimator:         λ             λ+δλ          ΔΔA             ΔA            C               Δδe            δe       
                          
-----------------------------------------------------------------------------------------------------------------------------------
BAR-estimator:      0.00000        0.05000        2.8099         2.8099         2.8099         0.0103         0.0103 
BAR-estimator:      0.05000        0.10000        1.5855         4.3954         1.5855         0.0086         0.0135 
BAR-estimator:      0.10000        0.15000        0.7860         5.1814         0.7860         0.0074         0.0154 
BAR-estimator:      0.15000        0.20000        0.3740         5.5554         0.3740         0.0052         0.0162 
BAR-estimator:      0.20000        0.25000        0.1864         5.7418         0.1864         0.0038         0.0166 
BAR-estimator:      0.25000        0.30000        0.0665         5.8083         0.0665         0.0037         0.0171 
BAR-estimator:      0.30000        0.35000       -0.0122         5.7961        -0.0122         0.0033         0.0174 
BAR-estimator:      0.35000        0.40000       -0.0597         5.7364        -0.0597         0.0033         0.0177 
BAR-estimator:      0.40000        0.45000       -0.1041         5.6323        -0.1041         0.0028         0.0179 
BAR-estimator:      0.45000        0.50000       -0.1306         5.5017        -0.1306         0.0028         0.0181 
BAR-estimator:      0.50000        0.55000       -0.2125         5.2892        -0.2125         0.0031         0.0184 
BAR-estimator:      0.55000        0.60000       -0.3947         4.8945        -0.3947         0.0030         0.0186 
BAR-estimator:      0.60000        0.65000       -0.5415         4.3531        -0.5415         0.0030         0.0189 
BAR-estimator:      0.65000        0.70000       -0.6562         3.6969        -0.6562         0.0032         0.0191 
BAR-estimator:      0.70000        0.75000       -0.7552         2.9417        -0.7552         0.0026         0.0193 
BAR-estimator:      0.75000        0.80000       -0.8317         2.1101        -0.8317         0.0030         0.0195 
BAR-estimator:      0.80000        0.85000       -0.8999         1.2102        -0.8999         0.0033         0.0198 
BAR-estimator:      0.85000        0.90000       -0.9478         0.2623        -0.9478         0.0032         0.0201 
BAR-estimator:      0.90000        0.95000       -0.9776        -0.7153        -0.9776         0.0032         0.0203 
BAR-estimator:      0.95000        1.00000       -0.9980        -1.7133        -0.9980         0.0028         0.0205 
BAR-estimator: total free energy change is -1.7132725424762552 , total error is 0.02053080544400082
