#========================================================================================
#                     Free energy perturbation    
#----------------------------------------------------------------------------------------
#forward/backward          λ              ΔΔA                 ΔA                  δε   
#                                                 
#----------------------------------------------------------------------------------------
forward:               0.0000              0.0000              0.0000              0.0000  
forward:               0.0500              3.6112              3.6112              0.0345  
forward:               0.1000              1.9842              5.5954              0.0422  
forward:               0.1500              0.9347              6.5301              0.0457  
forward:               0.2000              0.4221              6.9522              0.0469  
forward:               0.2500              0.1557              7.1078              0.0477  
forward:               0.3000              0.0117              7.1195              0.0481  
forward:               0.3500             -0.0947              7.0248              0.0484  
forward:               0.4000             -0.1655              6.8593              0.0487  
forward:               0.4500             -0.2210              6.6383              0.0489  
forward:               0.5000             -0.2669              6.3714              0.0492  
forward:               0.5500             -0.5847              5.7867              0.0497  
forward:               0.6000             -1.1396              4.6472              0.0502  
forward:               0.6500             -1.4369              3.2103              0.0508  
forward:               0.7000             -1.7880              1.4223              0.0514  
forward:               0.7500             -2.0003             -0.5780              0.0519  
forward:               0.8000             -2.0882             -2.6663              0.0523  
forward:               0.8500             -2.1284             -4.7946              0.0526  
forward:               0.9000             -2.0986             -6.8932              0.0528  
forward:               0.9500             -2.0783             -8.9715              0.0530  
forward:               1.0000             -2.0234            -10.9949              0.0532  
backward:              1.0000              0.0000            -10.9949              0.0000  
backward:              0.9500              2.9624             -8.0325              0.0087  
backward:              0.9000              2.9896             -5.0428              0.0116  
backward:              0.8500              2.9102             -2.1327              0.0142  
backward:              0.8000              2.4420              0.3093              0.0225  
backward:              0.7500              2.0991              2.4084              0.0240  
backward:              0.7000              1.9936              4.4020              0.0255  
backward:              0.6500              1.7762              6.1782              0.0272  
backward:              0.6000              1.4353              7.6135              0.0284  
backward:              0.5500              1.0157              8.6292              0.0296  
backward:              0.5000              0.5488              9.1780              0.0313  
backward:              0.4500              0.2611              9.4391              0.0318  
backward:              0.4000              0.2292              9.6683              0.0323  
backward:              0.3500              0.1694              9.8377              0.0332  
backward:              0.3000              0.1034              9.9411              0.0338  
backward:              0.2500             -0.0004              9.9407              0.0350  
backward:              0.2000             -0.1650              9.7757              0.0374  
backward:              0.1500             -0.3940              9.3817              0.0404  
backward:              0.1000             -0.9433              8.4384              0.0529  
backward:              0.0500             -2.0401              6.3983              0.0809  
backward:              0.0000             -3.5129              2.8854              0.1001  
Inaccuracy estimation
======================================================================================================
                   i        i+δi          P0_overlap_P1   δε(forward)/ε   δε(backward)/ε
======================================================================================================
inaccuracy:  0.00000        0.05000           17.98            0.53            4.97
inaccuracy:  0.05000        0.10000           27.26           -0.07            2.99
inaccuracy:  0.10000        0.15000           40.70           -0.10            1.36
inaccuracy:  0.15000        0.20000           49.21           -0.08            0.71
inaccuracy:  0.20000        0.25000           56.27           -0.06            0.43
inaccuracy:  0.25000        0.30000           59.64           -0.05            0.30
inaccuracy:  0.30000        0.35000           62.60           -0.04            0.23
inaccuracy:  0.35000        0.40000           63.77           -0.04            0.19
inaccuracy:  0.40000        0.45000           65.22           -0.04            0.18
inaccuracy:  0.45000        0.50000           66.09           -0.04            0.15
inaccuracy:  0.50000        0.55000           54.07           -0.22            0.25
inaccuracy:  0.55000        0.60000           59.29           -0.22            0.11
inaccuracy:  0.60000        0.65000           54.11           -0.38            0.05
inaccuracy:  0.65000        0.70000           54.50           -0.39           -0.00
inaccuracy:  0.70000        0.75000           55.36           -0.39           -0.03
inaccuracy:  0.75000        0.80000           54.79           -0.37           -0.05
inaccuracy:  0.80000        0.85000           39.67           -1.36           -0.14
inaccuracy:  0.85000        0.90000           24.07           -2.28           -0.38
inaccuracy:  0.90000        0.95000           21.22           -2.51           -0.43
inaccuracy:  0.95000        1.00000           20.37           -2.53           -0.40
===================================================================================================================================
                BAR        
-----------------------------------------------------------------------------------------------------------------------------------
BAR-estimator:         λ             λ+δλ          ΔΔA             ΔA            C               Δδe            δe       
                          
-----------------------------------------------------------------------------------------------------------------------------------
BAR-estimator:      0.00000        0.05000        3.5622         3.5622         3.5622         0.0111         0.0111 
BAR-estimator:      0.05000        0.10000        1.9923         5.5546         1.9923         0.0112         0.0158 
BAR-estimator:      0.10000        0.15000        0.9538         6.5084         0.9538         0.0087         0.0180 
BAR-estimator:      0.15000        0.20000        0.4178         6.9262         0.4178         0.0057         0.0189 
BAR-estimator:      0.20000        0.25000        0.1590         7.0852         0.1590         0.0051         0.0196 
BAR-estimator:      0.25000        0.30000        0.0070         7.0921         0.0070         0.0043         0.0200 
BAR-estimator:      0.30000        0.35000       -0.0963         6.9958        -0.0963         0.0038         0.0204 
BAR-estimator:      0.35000        0.40000       -0.1676         6.8282        -0.1676         0.0036         0.0207 
BAR-estimator:      0.40000        0.45000       -0.2219         6.6063        -0.2219         0.0034         0.0210 
BAR-estimator:      0.45000        0.50000       -0.2658         6.3405        -0.2658         0.0031         0.0212 
BAR-estimator:      0.50000        0.55000       -0.5578         5.7826        -0.5578         0.0042         0.0216 
BAR-estimator:      0.55000        0.60000       -1.0616         4.7210        -1.0616         0.0037         0.0220 
BAR-estimator:      0.60000        0.65000       -1.4330         3.2880        -1.4330         0.0044         0.0224 
BAR-estimator:      0.65000        0.70000       -1.7838         1.5042        -1.7838         0.0042         0.0228 
BAR-estimator:      0.70000        0.75000       -2.0017        -0.4975        -2.0017         0.0040         0.0231 
BAR-estimator:      0.75000        0.80000       -2.0974        -2.5950        -2.0974         0.0042         0.0235 
BAR-estimator:      0.80000        0.85000       -2.3496        -4.9446        -2.3496         0.0048         0.0240 
BAR-estimator:      0.85000        0.90000       -2.5418        -7.4864        -2.5418         0.0075         0.0251 
BAR-estimator:      0.90000        0.95000       -2.5726       -10.0590        -2.5726         0.0051         0.0256 
BAR-estimator:      0.95000        1.00000       -2.5384       -12.5974        -2.5384         0.0055         0.0262 
BAR-estimator: total free energy change is -12.597410437315276 , total error is 0.02622243419459193
