#========================================================================================
#                     Free energy perturbation    
#----------------------------------------------------------------------------------------
#forward/backward          λ              ΔΔA                 ΔA                  δε   
#                                                 
#----------------------------------------------------------------------------------------
forward:               0.0000              0.0000              0.0000              0.0000  
forward:               0.0500              1.8934              1.8934              0.0185  
forward:               0.1000              1.0119              2.9054              0.0223  
forward:               0.1500              0.5197              3.4251              0.0241  
forward:               0.2000              0.2550              3.6801              0.0248  
forward:               0.2500              0.1349              3.8150              0.0252  
forward:               0.3000              0.0469              3.8619              0.0255  
forward:               0.3500              0.0027              3.8646              0.0258  
forward:               0.4000             -0.0434              3.8211              0.0260  
forward:               0.4500             -0.0658              3.7554              0.0262  
forward:               0.5000             -0.0880              3.6674              0.0263  
forward:               0.5500             -0.1280              3.5394              0.0265  
forward:               0.6000             -0.2238              3.3157              0.0267  
forward:               0.6500             -0.2867              3.0290              0.0268  
forward:               0.7000             -0.3321              2.6969              0.0269  
forward:               0.7500             -0.3715              2.3254              0.0270  
forward:               0.8000             -0.4010              1.9244              0.0272  
forward:               0.8500             -0.4377              1.4867              0.0274  
forward:               0.9000             -0.4617              1.0250              0.0275  
forward:               0.9500             -0.4878              0.5371              0.0276  
forward:               1.0000             -0.5032              0.0339              0.0277  
backward:              1.0000              0.0000              0.0339              0.0000  
backward:              0.9500              0.5087              0.5425              0.0029  
backward:              0.9000              0.4793              1.0219              0.0044  
backward:              0.8500              0.4644              1.4863              0.0052  
backward:              0.8000              0.4365              1.9228              0.0064  
backward:              0.7500              0.4096              2.3324              0.0072  
backward:              0.7000              0.3760              2.7084              0.0076  
backward:              0.6500              0.3401              3.0485              0.0084  
backward:              0.6000              0.2812              3.3297              0.0091  
backward:              0.5500              0.2212              3.5509              0.0100  
backward:              0.5000              0.1374              3.6883              0.0107  
backward:              0.4500              0.0948              3.7831              0.0112  
backward:              0.4000              0.0620              3.8451              0.0121  
backward:              0.3500              0.0391              3.8842              0.0127  
backward:              0.3000             -0.0002              3.8840              0.0134  
backward:              0.2500             -0.0424              3.8416              0.0142  
backward:              0.2000             -0.1363              3.7053              0.0154  
backward:              0.1500             -0.2606              3.4447              0.0208  
backward:              0.1000             -0.5077              2.9369              0.0239  
backward:              0.0500             -0.9969              1.9400              0.0301  
backward:              0.0000             -1.8433              0.0967              0.0420  
Inaccuracy estimation
======================================================================================================
                   i        i+δi          P0_overlap_P1   δε(forward)/ε   δε(backward)/ε
======================================================================================================
inaccuracy:  0.00000        0.05000           31.87           -0.01            2.34
inaccuracy:  0.05000        0.10000           44.37           -0.04            1.18
inaccuracy:  0.10000        0.15000           55.85           -0.02            0.57
inaccuracy:  0.15000        0.20000           64.88           -0.02            0.30
inaccuracy:  0.20000        0.25000           68.85           -0.02            0.19
inaccuracy:  0.25000        0.30000           71.66           -0.01            0.15
inaccuracy:  0.30000        0.35000           73.15           -0.01            0.12
inaccuracy:  0.35000        0.40000           74.99           -0.01            0.10
inaccuracy:  0.40000        0.45000           75.08           -0.02            0.09
inaccuracy:  0.45000        0.50000           75.51           -0.02            0.09
inaccuracy:  0.50000        0.55000           71.62           -0.03            0.10
inaccuracy:  0.55000        0.60000           74.11           -0.03            0.08
inaccuracy:  0.60000        0.65000           74.62           -0.03            0.07
inaccuracy:  0.65000        0.70000           73.94           -0.03            0.07
inaccuracy:  0.70000        0.75000           75.03           -0.03            0.06
inaccuracy:  0.75000        0.80000           74.12           -0.04            0.06
inaccuracy:  0.80000        0.85000           74.80           -0.04            0.05
inaccuracy:  0.85000        0.90000           74.23           -0.04            0.05
inaccuracy:  0.90000        0.95000           75.20           -0.03            0.05
inaccuracy:  0.95000        1.00000           74.02           -0.03            0.05
===================================================================================================================================
                BAR        
-----------------------------------------------------------------------------------------------------------------------------------
BAR-estimator:         λ             λ+δλ          ΔΔA             ΔA            C               Δδe            δe       
                          
-----------------------------------------------------------------------------------------------------------------------------------
BAR-estimator:      0.00000        0.05000        1.8909         1.8909         1.8909         0.0082         0.0082 
BAR-estimator:      0.05000        0.10000        1.0132         2.9041         1.0132         0.0071         0.0109 
BAR-estimator:      0.10000        0.15000        0.5166         3.4206         0.5166         0.0061         0.0125 
BAR-estimator:      0.15000        0.20000        0.2544         3.6751         0.2544         0.0041         0.0131 
BAR-estimator:      0.20000        0.25000        0.1354         3.8104         0.1354         0.0029         0.0135 
BAR-estimator:      0.25000        0.30000        0.0481         3.8586         0.0481         0.0028         0.0138 
BAR-estimator:      0.30000        0.35000        0.0025         3.8611         0.0025         0.0025         0.0140 
BAR-estimator:      0.35000        0.40000       -0.0421         3.8190        -0.0421         0.0022         0.0141 
BAR-estimator:      0.40000        0.45000       -0.0654         3.7536        -0.0654         0.0025         0.0144 
BAR-estimator:      0.45000        0.50000       -0.0902         3.6633        -0.0902         0.0021         0.0145 
BAR-estimator:      0.50000        0.55000       -0.1323         3.5310        -0.1323         0.0022         0.0147 
BAR-estimator:      0.55000        0.60000       -0.2226         3.3084        -0.2226         0.0024         0.0149 
BAR-estimator:      0.60000        0.65000       -0.2848         3.0236        -0.2848         0.0020         0.0150 
BAR-estimator:      0.65000        0.70000       -0.3361         2.6874        -0.3361         0.0021         0.0151 
BAR-estimator:      0.70000        0.75000       -0.3717         2.3157        -0.3717         0.0020         0.0153 
BAR-estimator:      0.75000        0.80000       -0.4046         1.9111        -0.4046         0.0020         0.0154 
BAR-estimator:      0.80000        0.85000       -0.4372         1.4739        -0.4372         0.0021         0.0155 
BAR-estimator:      0.85000        0.90000       -0.4627         1.0112        -0.4627         0.0021         0.0157 
BAR-estimator:      0.90000        0.95000       -0.4852         0.5260        -0.4852         0.0021         0.0158 
BAR-estimator:      0.95000        1.00000       -0.5053         0.0208        -0.5053         0.0021         0.0160 
BAR-estimator: total free energy change is 0.020779849984137733 , total error is 0.015960517253156562
