#========================================================================================
#                     Free energy perturbation    
#----------------------------------------------------------------------------------------
#forward/backward          λ              ΔΔA                 ΔA                  δε   
#                                                 
#----------------------------------------------------------------------------------------
forward:               0.0000              0.0000              0.0000              0.0000  
forward:               0.0500              1.6957              1.6957              0.0151  
forward:               0.1000              1.0573              2.7530              0.0188  
forward:               0.1500              0.6150              3.3680              0.0211  
forward:               0.2000              0.3292              3.6972              0.0224  
forward:               0.2500              0.1814              3.8786              0.0232  
forward:               0.3000              0.0868              3.9654              0.0237  
forward:               0.3500              0.0228              3.9882              0.0242  
forward:               0.4000             -0.0248              3.9634              0.0245  
forward:               0.4500             -0.0585              3.9049              0.0248  
forward:               0.5000             -0.0853              3.8196              0.0250  
forward:               0.5500             -0.2935              3.5261              0.0255  
forward:               0.6000             -0.5990              2.9271              0.0259  
forward:               0.6500             -0.8944              2.0328              0.0264  
forward:               0.7000             -1.1279              0.9049              0.0268  
forward:               0.7500             -1.2897             -0.3848              0.0272  
forward:               0.8000             -1.3904             -1.7752              0.0275  
forward:               0.8500             -1.4336             -3.2088              0.0280  
forward:               0.9000             -1.4420             -4.6508              0.0282  
forward:               0.9500             -1.4419             -6.0926              0.0285  
forward:               1.0000             -1.4158             -7.5085              0.0288  
backward:              1.0000              0.0000             -7.5085              0.0000  
backward:              0.9500              1.4161             -6.0924              0.0053  
backward:              0.9000              1.4401             -4.6523              0.0071  
backward:              0.8500              1.4317             -3.2206              0.0094  
backward:              0.8000              1.4213             -1.7993              0.0109  
backward:              0.7500              1.3856             -0.4137              0.0122  
backward:              0.7000              1.2804              0.8667              0.0139  
backward:              0.6500              1.1288              1.9955              0.0153  
backward:              0.6000              0.8924              2.8879              0.0163  
backward:              0.5500              0.5940              3.4820              0.0178  
backward:              0.5000              0.2747              3.7567              0.0189  
backward:              0.4500              0.0863              3.8430              0.0193  
backward:              0.4000              0.0611              3.9040              0.0201  
backward:              0.3500              0.0224              3.9265              0.0206  
backward:              0.3000             -0.0246              3.9019              0.0214  
backward:              0.2500             -0.0901              3.8117              0.0223  
backward:              0.2000             -0.1935              3.6183              0.0234  
backward:              0.1500             -0.3270              3.2912              0.0249  
backward:              0.1000             -0.6061              2.6851              0.0283  
backward:              0.0500             -1.0493              1.6359              0.0377  
backward:              0.0000             -1.6797             -0.0438              0.0482  
Inaccuracy estimation
======================================================================================================
                   i        i+δi          P0_overlap_P1   δε(forward)/ε   δε(backward)/ε
======================================================================================================
inaccuracy:  0.00000        0.05000           36.09           -0.03            1.77
inaccuracy:  0.05000        0.10000           43.83           -0.05            1.15
inaccuracy:  0.10000        0.15000           51.77           -0.04            0.68
inaccuracy:  0.15000        0.20000           59.60           -0.03            0.39
inaccuracy:  0.20000        0.25000           64.12           -0.03            0.27
inaccuracy:  0.25000        0.30000           66.69           -0.02            0.21
inaccuracy:  0.30000        0.35000           68.48           -0.03            0.18
inaccuracy:  0.35000        0.40000           70.03           -0.02            0.15
inaccuracy:  0.40000        0.45000           70.09           -0.02            0.14
inaccuracy:  0.45000        0.50000           70.83           -0.02            0.12
inaccuracy:  0.50000        0.55000           61.38           -0.13            0.18
inaccuracy:  0.55000        0.60000           60.90           -0.16            0.12
inaccuracy:  0.60000        0.65000           61.33           -0.18            0.08
inaccuracy:  0.65000        0.70000           61.41           -0.19            0.05
inaccuracy:  0.70000        0.75000           62.19           -0.18            0.03
inaccuracy:  0.75000        0.80000           62.87           -0.17            0.02
inaccuracy:  0.80000        0.85000           62.71           -0.15            0.02
inaccuracy:  0.85000        0.90000           61.60           -0.18            0.03
inaccuracy:  0.90000        0.95000           60.93           -0.17            0.03
inaccuracy:  0.95000        1.00000           60.11           -0.18            0.04
===================================================================================================================================
                BAR        
-----------------------------------------------------------------------------------------------------------------------------------
BAR-estimator:         λ             λ+δλ          ΔΔA             ΔA            C               Δδe            δe       
                          
-----------------------------------------------------------------------------------------------------------------------------------
BAR-estimator:      0.00000        0.05000        1.6855         1.6855         1.6855         0.0073         0.0073 
BAR-estimator:      0.05000        0.10000        1.0485         2.7340         1.0485         0.0065         0.0098 
BAR-estimator:      0.10000        0.15000        0.6122         3.3462         0.6122         0.0059         0.0114 
BAR-estimator:      0.15000        0.20000        0.3316         3.6778         0.3316         0.0047         0.0123 
BAR-estimator:      0.20000        0.25000        0.1866         3.8644         0.1866         0.0041         0.0130 
BAR-estimator:      0.25000        0.30000        0.0891         3.9535         0.0891         0.0034         0.0135 
BAR-estimator:      0.30000        0.35000        0.0236         3.9771         0.0236         0.0029         0.0138 
BAR-estimator:      0.35000        0.40000       -0.0231         3.9540        -0.0231         0.0026         0.0140 
BAR-estimator:      0.40000        0.45000       -0.0586         3.8954        -0.0586         0.0026         0.0142 
BAR-estimator:      0.45000        0.50000       -0.0858         3.8096        -0.0858         0.0024         0.0144 
BAR-estimator:      0.50000        0.55000       -0.2856         3.5239        -0.2856         0.0029         0.0147 
BAR-estimator:      0.55000        0.60000       -0.6011         2.9228        -0.6011         0.0030         0.0150 
BAR-estimator:      0.60000        0.65000       -0.8928         2.0300        -0.8928         0.0032         0.0154 
BAR-estimator:      0.65000        0.70000       -1.1273         0.9027        -1.1273         0.0033         0.0157 
BAR-estimator:      0.70000        0.75000       -1.2890        -0.3863        -1.2890         0.0032         0.0160 
BAR-estimator:      0.75000        0.80000       -1.3839        -1.7702        -1.3839         0.0026         0.0163 
BAR-estimator:      0.80000        0.85000       -1.4270        -3.1972        -1.4270         0.0034         0.0166 
BAR-estimator:      0.85000        0.90000       -1.4395        -4.6367        -1.4395         0.0034         0.0169 
BAR-estimator:      0.90000        0.95000       -1.4401        -6.0769        -1.4401         0.0034         0.0173 
BAR-estimator:      0.95000        1.00000       -1.4194        -7.4962        -1.4194         0.0031         0.0176 
BAR-estimator: total free energy change is -7.496241945744772 , total error is 0.017566719466681584
