#========================================================================================
#                     Free energy perturbation    
#----------------------------------------------------------------------------------------
#forward/backward          λ              ΔΔA                 ΔA                  δε   
#                                                 
#----------------------------------------------------------------------------------------
forward:               0.0000              0.0000              0.0000              0.0000  
forward:               0.0500              1.7573              1.7573              0.0152  
forward:               0.1000              1.0705              2.8279              0.0199  
forward:               0.1500              0.6165              3.4444              0.0236  
forward:               0.2000              0.3130              3.7574              0.0249  
forward:               0.2500              0.1570              3.9144              0.0256  
forward:               0.3000              0.0688              3.9832              0.0260  
forward:               0.3500              0.0026              3.9858              0.0264  
forward:               0.4000             -0.0367              3.9491              0.0267  
forward:               0.4500             -0.0665              3.8826              0.0270  
forward:               0.5000             -0.0981              3.7845              0.0272  
forward:               0.5500             -0.1894              3.5951              0.0276  
forward:               0.6000             -0.3727              3.2224              0.0280  
forward:               0.6500             -0.5333              2.6892              0.0283  
forward:               0.7000             -0.6520              2.0371              0.0286  
forward:               0.7500             -0.7588              1.2783              0.0289  
forward:               0.8000             -0.8350              0.4433              0.0290  
forward:               0.8500             -0.8875             -0.4442              0.0294  
forward:               0.9000             -0.9322             -1.3764              0.0295  
forward:               0.9500             -0.9613             -2.3377              0.0373  
forward:               1.0000             -0.9890             -3.3266              0.0467  
backward:              1.0000              0.0000             -3.3266              0.0000  
backward:              0.9500              1.0011             -2.3255              0.0043  
backward:              0.9000              0.9571             -1.3684              0.0061  
backward:              0.8500              0.9265             -0.4420              0.0135  
backward:              0.8000              0.8793              0.4373              0.0141  
backward:              0.7500              0.8323              1.2696              0.0151  
backward:              0.7000              0.7516              2.0212              0.0160  
backward:              0.6500              0.6477              2.6689              0.0168  
backward:              0.6000              0.5192              3.1881              0.0178  
backward:              0.5500              0.3673              3.5553              0.0184  
backward:              0.5000              0.1870              3.7423              0.0190  
backward:              0.4500              0.0892              3.8315              0.0195  
backward:              0.4000              0.0529              3.8845              0.0201  
backward:              0.3500              0.0416              3.9261              0.0207  
backward:              0.3000             -0.0132              3.9129              0.0216  
backward:              0.2500             -0.0711              3.8418              0.0226  
backward:              0.2000             -0.1593              3.6825              0.0242  
backward:              0.1500             -0.3209              3.3616              0.0258  
backward:              0.1000             -0.5985              2.7631              0.0308  
backward:              0.0500             -1.1269              1.6363              0.0387  
backward:              0.0000             -1.7401             -0.1039              0.0475  
Inaccuracy estimation
======================================================================================================
                   i        i+δi          P0_overlap_P1   δε(forward)/ε   δε(backward)/ε
======================================================================================================
inaccuracy:  0.00000        0.05000           36.30           -0.02            1.96
inaccuracy:  0.05000        0.10000           44.78           -0.05            1.14
inaccuracy:  0.10000        0.15000           51.16           -0.04            0.69
inaccuracy:  0.15000        0.20000           60.25           -0.03            0.37
inaccuracy:  0.20000        0.25000           64.82           -0.02            0.25
inaccuracy:  0.25000        0.30000           67.87           -0.02            0.19
inaccuracy:  0.30000        0.35000           70.58           -0.02            0.15
inaccuracy:  0.35000        0.40000           70.69           -0.02            0.14
inaccuracy:  0.40000        0.45000           72.27           -0.02            0.12
inaccuracy:  0.45000        0.50000           73.43           -0.02            0.11
inaccuracy:  0.50000        0.55000           66.64           -0.08            0.14
inaccuracy:  0.55000        0.60000           67.18           -0.08            0.11
inaccuracy:  0.60000        0.65000           67.64           -0.08            0.09
inaccuracy:  0.65000        0.70000           67.32           -0.11            0.08
inaccuracy:  0.70000        0.75000           67.64           -0.10            0.07
inaccuracy:  0.75000        0.80000           67.15           -0.10            0.06
inaccuracy:  0.80000        0.85000           67.02           -0.10            0.06
inaccuracy:  0.85000        0.90000           65.72           -0.10            0.06
inaccuracy:  0.90000        0.95000           65.37           -0.11            0.06
inaccuracy:  0.95000        1.00000           63.40           -0.15            0.07
===================================================================================================================================
                BAR        
-----------------------------------------------------------------------------------------------------------------------------------
BAR-estimator:         λ             λ+δλ          ΔΔA             ΔA            C               Δδe            δe       
                          
-----------------------------------------------------------------------------------------------------------------------------------
BAR-estimator:      0.00000        0.05000        1.7613         1.7613         1.7613         0.0070         0.0070 
BAR-estimator:      0.05000        0.10000        1.0920         2.8533         1.0920         0.0156         0.0171 
BAR-estimator:      0.10000        0.15000        0.6015         3.4548         0.6015         0.0105         0.0201 
BAR-estimator:      0.15000        0.20000        0.3103         3.7651         0.3103         0.0059         0.0209 
BAR-estimator:      0.20000        0.25000        0.1553         3.9204         0.1553         0.0041         0.0213 
BAR-estimator:      0.25000        0.30000        0.0671         3.9875         0.0671         0.0032         0.0215 
BAR-estimator:      0.30000        0.35000        0.0052         3.9927         0.0052         0.0031         0.0218 
BAR-estimator:      0.35000        0.40000       -0.0381         3.9547        -0.0381         0.0028         0.0220 
BAR-estimator:      0.40000        0.45000       -0.0640         3.8907        -0.0640         0.0027         0.0221 
BAR-estimator:      0.45000        0.50000       -0.0949         3.7958        -0.0949         0.0023         0.0222 
BAR-estimator:      0.50000        0.55000       -0.1855         3.6102        -0.1855         0.0027         0.0224 
BAR-estimator:      0.55000        0.60000       -0.3667         3.2435        -0.3667         0.0030         0.0226 
BAR-estimator:      0.60000        0.65000       -0.5264         2.7171        -0.5264         0.0030         0.0228 
BAR-estimator:      0.65000        0.70000       -0.6501         2.0670        -0.6501         0.0030         0.0230 
BAR-estimator:      0.70000        0.75000       -0.7543         1.3127        -0.7543         0.0028         0.0232 
BAR-estimator:      0.75000        0.80000       -0.8313         0.4814        -0.8313         0.0032         0.0234 
BAR-estimator:      0.80000        0.85000       -0.8823        -0.4008        -0.8823         0.0033         0.0236 
BAR-estimator:      0.85000        0.90000       -0.9296        -1.3304        -0.9296         0.0031         0.0238 
BAR-estimator:      0.90000        0.95000       -0.9575        -2.2879        -0.9575         0.0149         0.0281 
BAR-estimator:      0.95000        1.00000       -0.9964        -3.2843        -0.9964         0.0131         0.0310 
BAR-estimator: total free energy change is -3.284309366406405 , total error is 0.030988961421374875
