#========================================================================================
#                     Free energy perturbation    
#----------------------------------------------------------------------------------------
#forward/backward          λ              ΔΔA                 ΔA                  δε   
#                                                 
#----------------------------------------------------------------------------------------
forward:               0.0000              0.0000              0.0000              0.0000  
forward:               0.0500              1.7650              1.7650              0.0156  
forward:               0.1000              1.0033              2.7683              0.0199  
forward:               0.1500              0.5182              3.2865              0.0216  
forward:               0.2000              0.2896              3.5761              0.0226  
forward:               0.2500              0.1541              3.7303              0.0233  
forward:               0.3000              0.0779              3.8081              0.0237  
forward:               0.3500              0.0188              3.8269              0.0242  
forward:               0.4000             -0.0125              3.8144              0.0245  
forward:               0.4500             -0.0484              3.7660              0.0247  
forward:               0.5000             -0.0746              3.6914              0.0249  
forward:               0.5500             -0.2180              3.4733              0.0253  
forward:               0.6000             -0.4591              3.0142              0.0256  
forward:               0.6500             -0.6805              2.3337              0.0261  
forward:               0.7000             -0.8622              1.4715              0.0269  
forward:               0.7500             -0.9878              0.4836              0.0275  
forward:               0.8000             -1.0353             -0.5517              0.0278  
forward:               0.8500             -1.0601             -1.6118              0.0282  
forward:               0.9000             -1.0577             -2.6695              0.0289  
forward:               0.9500             -1.0358             -3.7053              0.0291  
forward:               1.0000             -1.0199             -4.7252              0.0300  
backward:              1.0000              0.0000             -4.7252              0.0000  
backward:              0.9500              1.0163             -3.7088              0.0043  
backward:              0.9000              1.0256             -2.6832              0.0063  
backward:              0.8500              1.0482             -1.6350              0.0075  
backward:              0.8000              1.0484             -0.5866              0.0092  
backward:              0.7500              1.0430              0.4564              0.0111  
backward:              0.7000              0.9792              1.4356              0.0125  
backward:              0.6500              0.8551              2.2907              0.0139  
backward:              0.6000              0.6738              2.9645              0.0148  
backward:              0.5500              0.4631              3.4277              0.0156  
backward:              0.5000              0.2110              3.6387              0.0164  
backward:              0.4500              0.0757              3.7144              0.0170  
backward:              0.4000              0.0519              3.7664              0.0175  
backward:              0.3500              0.0094              3.7758              0.0183  
backward:              0.3000             -0.0239              3.7519              0.0190  
backward:              0.2500             -0.0733              3.6786              0.0203  
backward:              0.2000             -0.1559              3.5227              0.0213  
backward:              0.1500             -0.2869              3.2357              0.0234  
backward:              0.1000             -0.5088              2.7270              0.0263  
backward:              0.0500             -0.9866              1.7404              0.0365  
backward:              0.0000             -1.8360             -0.0956              0.0598  
Inaccuracy estimation
======================================================================================================
                   i        i+δi          P0_overlap_P1   δε(forward)/ε   δε(backward)/ε
======================================================================================================
inaccuracy:  0.00000        0.05000           35.01           -0.02            1.84
inaccuracy:  0.05000        0.10000           44.37           -0.04            1.17
inaccuracy:  0.10000        0.15000           55.23           -0.02            0.58
inaccuracy:  0.15000        0.20000           62.15           -0.03            0.35
inaccuracy:  0.20000        0.25000           66.58           -0.02            0.22
inaccuracy:  0.25000        0.30000           68.67           -0.01            0.18
inaccuracy:  0.30000        0.35000           71.03           -0.02            0.15
inaccuracy:  0.35000        0.40000           71.44           -0.01            0.13
inaccuracy:  0.40000        0.45000           72.51           -0.02            0.12
inaccuracy:  0.45000        0.50000           73.14           -0.02            0.11
inaccuracy:  0.50000        0.55000           65.40           -0.09            0.15
inaccuracy:  0.55000        0.60000           65.24           -0.12            0.11
inaccuracy:  0.60000        0.65000           65.10           -0.13            0.08
inaccuracy:  0.65000        0.70000           64.73           -0.15            0.06
inaccuracy:  0.70000        0.75000           65.40           -0.14            0.05
inaccuracy:  0.75000        0.80000           64.70           -0.14            0.05
inaccuracy:  0.80000        0.85000           65.54           -0.12            0.05
inaccuracy:  0.85000        0.90000           65.04           -0.10            0.06
inaccuracy:  0.90000        0.95000           64.34           -0.12            0.07
inaccuracy:  0.95000        1.00000           63.79           -0.11            0.07
===================================================================================================================================
                BAR        
-----------------------------------------------------------------------------------------------------------------------------------
BAR-estimator:         λ             λ+δλ          ΔΔA             ΔA            C               Δδe            δe       
                          
-----------------------------------------------------------------------------------------------------------------------------------
BAR-estimator:      0.00000        0.05000        1.7795         1.7795         1.7795         0.0103         0.0103 
BAR-estimator:      0.05000        0.10000        1.0076         2.7871         1.0076         0.0087         0.0135 
BAR-estimator:      0.10000        0.15000        0.5197         3.3069         0.5197         0.0054         0.0146 
BAR-estimator:      0.15000        0.20000        0.2899         3.5967         0.2899         0.0045         0.0153 
BAR-estimator:      0.20000        0.25000        0.1542         3.7509         0.1542         0.0044         0.0159 
BAR-estimator:      0.25000        0.30000        0.0757         3.8266         0.0757         0.0038         0.0163 
BAR-estimator:      0.30000        0.35000        0.0211         3.8477         0.0211         0.0034         0.0167 
BAR-estimator:      0.35000        0.40000       -0.0147         3.8330        -0.0147         0.0026         0.0169 
BAR-estimator:      0.40000        0.45000       -0.0493         3.7837        -0.0493         0.0024         0.0171 
BAR-estimator:      0.45000        0.50000       -0.0755         3.7082        -0.0755         0.0022         0.0172 
BAR-estimator:      0.50000        0.55000       -0.2138         3.4944        -0.2138         0.0029         0.0174 
BAR-estimator:      0.55000        0.60000       -0.4575         3.0369        -0.4575         0.0028         0.0177 
BAR-estimator:      0.60000        0.65000       -0.6758         2.3611        -0.6758         0.0030         0.0179 
BAR-estimator:      0.65000        0.70000       -0.8590         1.5022        -0.8590         0.0034         0.0182 
BAR-estimator:      0.70000        0.75000       -0.9854         0.5167        -0.9854         0.0037         0.0186 
BAR-estimator:      0.75000        0.80000       -1.0393        -0.5226        -1.0393         0.0028         0.0188 
BAR-estimator:      0.80000        0.85000       -1.0555        -1.5780        -1.0555         0.0034         0.0191 
BAR-estimator:      0.85000        0.90000       -1.0514        -2.6294        -1.0514         0.0041         0.0196 
BAR-estimator:      0.90000        0.95000       -1.0325        -3.6619        -1.0325         0.0028         0.0198 
BAR-estimator:      0.95000        1.00000       -1.0179        -4.6798        -1.0179         0.0026         0.0199 
BAR-estimator: total free energy change is -4.679835888965662 , total error is 0.01993591385867597
