#========================================================================================
#                     Free energy perturbation    
#----------------------------------------------------------------------------------------
#forward/backward          λ              ΔΔA                 ΔA                  δε   
#                                                 
#----------------------------------------------------------------------------------------
forward:               0.0000              0.0000              0.0000              0.0000  
forward:               0.0500              2.1596              2.1596              0.0179  
forward:               0.1000              1.3107              3.4704              0.0225  
forward:               0.1500              0.7941              4.2645              0.0248  
forward:               0.2000              0.4409              4.7054              0.0262  
forward:               0.2500              0.2504              4.9558              0.0271  
forward:               0.3000              0.1378              5.0935              0.0276  
forward:               0.3500              0.0634              5.1570              0.0280  
forward:               0.4000              0.0007              5.1577              0.0285  
forward:               0.4500             -0.0363              5.1214              0.0288  
forward:               0.5000             -0.0800              5.0413              0.0291  
forward:               0.5500             -0.1758              4.8655              0.0293  
forward:               0.6000             -0.3472              4.5183              0.0296  
forward:               0.6500             -0.4993              4.0190              0.0301  
forward:               0.7000             -0.6424              3.3765              0.0304  
forward:               0.7500             -0.7435              2.6330              0.0308  
forward:               0.8000             -0.8083              1.8247              0.0311  
forward:               0.8500             -0.8410              0.9837              0.0313  
forward:               0.9000             -0.8767              0.1070              0.0315  
forward:               0.9500             -0.8859             -0.7789              0.0317  
forward:               1.0000             -0.9038             -1.6826              0.0319  
backward:              1.0000              0.0000             -1.6826              0.0000  
backward:              0.9500              0.8939             -0.7887              0.0049  
backward:              0.9000              0.8773              0.0886              0.0086  
backward:              0.8500              0.8620              0.9506              0.0105  
backward:              0.8000              0.8511              1.8017              0.0116  
backward:              0.7500              0.8046              2.6063              0.0127  
backward:              0.7000              0.7345              3.3408              0.0138  
backward:              0.6500              0.6388              3.9796              0.0146  
backward:              0.6000              0.4906              4.4702              0.0159  
backward:              0.5500              0.3306              4.8008              0.0169  
backward:              0.5000              0.1630              4.9638              0.0181  
backward:              0.4500              0.0583              5.0221              0.0189  
backward:              0.4000              0.0305              5.0526              0.0198  
backward:              0.3500             -0.0018              5.0509              0.0213  
backward:              0.3000             -0.0561              4.9948              0.0221  
backward:              0.2500             -0.1305              4.8643              0.0233  
backward:              0.2000             -0.2387              4.6255              0.0248  
backward:              0.1500             -0.4380              4.1876              0.0273  
backward:              0.1000             -0.7656              3.4220              0.0338  
backward:              0.0500             -1.3472              2.0748              0.0460  
backward:              0.0000             -2.1351             -0.0603              0.0579  
Inaccuracy estimation
======================================================================================================
                   i        i+δi          P0_overlap_P1   δε(forward)/ε   δε(backward)/ε
======================================================================================================
inaccuracy:  0.00000        0.05000           30.10            0.02            2.52
inaccuracy:  0.05000        0.10000           39.62           -0.06            1.52
inaccuracy:  0.10000        0.15000           47.10           -0.06            0.90
inaccuracy:  0.15000        0.20000           56.23           -0.04            0.53
inaccuracy:  0.20000        0.25000           60.18           -0.03            0.35
inaccuracy:  0.25000        0.30000           62.93           -0.03            0.26
inaccuracy:  0.30000        0.35000           65.00           -0.03            0.22
inaccuracy:  0.35000        0.40000           67.21           -0.03            0.19
inaccuracy:  0.40000        0.45000           68.18           -0.03            0.17
inaccuracy:  0.45000        0.50000           70.05           -0.03            0.14
inaccuracy:  0.50000        0.55000           64.72           -0.08            0.17
inaccuracy:  0.55000        0.60000           64.99           -0.09            0.13
inaccuracy:  0.60000        0.65000           63.86           -0.11            0.12
inaccuracy:  0.65000        0.70000           64.75           -0.10            0.11
inaccuracy:  0.70000        0.75000           64.99           -0.10            0.09
inaccuracy:  0.75000        0.80000           64.76           -0.11            0.08
inaccuracy:  0.80000        0.85000           64.73           -0.11            0.08
inaccuracy:  0.85000        0.90000           65.65           -0.11            0.08
inaccuracy:  0.90000        0.95000           64.50           -0.10            0.08
inaccuracy:  0.95000        1.00000           65.01           -0.11            0.08
===================================================================================================================================
                BAR        
-----------------------------------------------------------------------------------------------------------------------------------
BAR-estimator:         λ             λ+δλ          ΔΔA             ΔA            C               Δδe            δe       
                          
-----------------------------------------------------------------------------------------------------------------------------------
BAR-estimator:      0.00000        0.05000        2.1474         2.1474         2.1474         0.0084         0.0084 
BAR-estimator:      0.05000        0.10000        1.3146         3.4619         1.3146         0.0077         0.0114 
BAR-estimator:      0.10000        0.15000        0.7862         4.2482         0.7862         0.0063         0.0130 
BAR-estimator:      0.15000        0.20000        0.4476         4.6958         0.4476         0.0056         0.0142 
BAR-estimator:      0.20000        0.25000        0.2497         4.9455         0.2497         0.0045         0.0149 
BAR-estimator:      0.25000        0.30000        0.1358         5.0813         0.1358         0.0036         0.0153 
BAR-estimator:      0.30000        0.35000        0.0630         5.1442         0.0630         0.0033         0.0157 
BAR-estimator:      0.35000        0.40000        0.0015         5.1457         0.0015         0.0033         0.0160 
BAR-estimator:      0.40000        0.45000       -0.0357         5.1101        -0.0357         0.0032         0.0163 
BAR-estimator:      0.45000        0.50000       -0.0726         5.0375        -0.0726         0.0029         0.0166 
BAR-estimator:      0.50000        0.55000       -0.1709         4.8665        -0.1709         0.0022         0.0167 
BAR-estimator:      0.55000        0.60000       -0.3406         4.5260        -0.3406         0.0029         0.0170 
BAR-estimator:      0.60000        0.65000       -0.4970         4.0290        -0.4970         0.0034         0.0173 
BAR-estimator:      0.65000        0.70000       -0.6389         3.3901        -0.6389         0.0030         0.0176 
BAR-estimator:      0.70000        0.75000       -0.7404         2.6497        -0.7404         0.0032         0.0179 
BAR-estimator:      0.75000        0.80000       -0.8087         1.8410        -0.8087         0.0027         0.0181 
BAR-estimator:      0.80000        0.85000       -0.8438         0.9972        -0.8438         0.0031         0.0183 
BAR-estimator:      0.85000        0.90000       -0.8719         0.1253        -0.8719         0.0032         0.0186 
BAR-estimator:      0.90000        0.95000       -0.8846        -0.7593        -0.8846         0.0024         0.0188 
BAR-estimator:      0.95000        1.00000       -0.9014        -1.6607        -0.9014         0.0029         0.0190 
BAR-estimator: total free energy change is -1.660744395841848 , total error is 0.01897918439651823
