#========================================================================================
#                     Free energy perturbation    
#----------------------------------------------------------------------------------------
#forward/backward          λ              ΔΔA                 ΔA                  δε   
#                                                 
#----------------------------------------------------------------------------------------
forward:               0.0000              0.0000              0.0000              0.0000  
forward:               0.0500              1.1467              1.1467              0.0103  
forward:               0.1000              0.6056              1.7523              0.0133  
forward:               0.1500              0.3174              2.0698              0.0144  
forward:               0.2000              0.1758              2.2455              0.0152  
forward:               0.2500              0.1060              2.3516              0.0156  
forward:               0.3000              0.0574              2.4090              0.0159  
forward:               0.3500              0.0250              2.4339              0.0162  
forward:               0.4000             -0.0014              2.4326              0.0164  
forward:               0.4500             -0.0258              2.4067              0.0166  
forward:               0.5000             -0.0349              2.3718              0.0168  
forward:               0.5500             -0.1104              2.2614              0.0171  
forward:               0.6000             -0.2568              2.0046              0.0175  
forward:               0.6500             -0.3941              1.6105              0.0177  
forward:               0.7000             -0.5177              1.0929              0.0181  
forward:               0.7500             -0.6105              0.4824              0.0183  
forward:               0.8000             -0.6787             -0.1963              0.0186  
forward:               0.8500             -0.7116             -0.9079              0.0186  
forward:               0.9000             -0.7363             -1.6442              0.0188  
forward:               0.9500             -0.7405             -2.3848              0.0190  
forward:               1.0000             -0.7412             -3.1259              0.0192  
backward:              1.0000              0.0000             -3.1259              0.0000  
backward:              0.9500              0.7464             -2.3796              0.0037  
backward:              0.9000              0.7408             -1.6388              0.0053  
backward:              0.8500              0.7243             -0.9145              0.0064  
backward:              0.8000              0.7125             -0.2020              0.0076  
backward:              0.7500              0.6784              0.4764              0.0085  
backward:              0.7000              0.6097              1.0861              0.0092  
backward:              0.6500              0.5200              1.6060              0.0100  
backward:              0.6000              0.3919              1.9980              0.0107  
backward:              0.5500              0.2540              2.2519              0.0112  
backward:              0.5000              0.1118              2.3638              0.0118  
backward:              0.4500              0.0332              2.3970              0.0123  
backward:              0.4000              0.0206              2.4176              0.0128  
backward:              0.3500             -0.0043              2.4132              0.0133  
backward:              0.3000             -0.0280              2.3852              0.0140  
backward:              0.2500             -0.0607              2.3245              0.0146  
backward:              0.2000             -0.1066              2.2179              0.0159  
backward:              0.1500             -0.1830              2.0350              0.0169  
backward:              0.1000             -0.3225              1.7125              0.0196  
backward:              0.0500             -0.6277              1.0848              0.0254  
backward:              0.0000             -1.1187             -0.0340              0.0300  
Inaccuracy estimation
======================================================================================================
                   i        i+δi          P0_overlap_P1   δε(forward)/ε   δε(backward)/ε
======================================================================================================
inaccuracy:  0.00000        0.05000           43.01           -0.03            1.09
inaccuracy:  0.05000        0.10000           55.06           -0.02            0.64
inaccuracy:  0.10000        0.15000           65.11           -0.01            0.32
inaccuracy:  0.15000        0.20000           71.66           -0.01            0.19
inaccuracy:  0.20000        0.25000           73.08           -0.01            0.14
inaccuracy:  0.25000        0.30000           75.33           -0.01            0.11
inaccuracy:  0.30000        0.35000           76.61           -0.01            0.10
inaccuracy:  0.35000        0.40000           77.46           -0.01            0.08
inaccuracy:  0.40000        0.45000           78.39           -0.01            0.08
inaccuracy:  0.45000        0.50000           77.84           -0.01            0.08
inaccuracy:  0.50000        0.55000           71.29           -0.05            0.11
inaccuracy:  0.55000        0.60000           71.83           -0.05            0.08
inaccuracy:  0.60000        0.65000           71.68           -0.07            0.06
inaccuracy:  0.65000        0.70000           70.91           -0.06            0.06
inaccuracy:  0.70000        0.75000           71.44           -0.06            0.05
inaccuracy:  0.75000        0.80000           71.98           -0.07            0.05
inaccuracy:  0.80000        0.85000           71.95           -0.07            0.05
inaccuracy:  0.85000        0.90000           72.34           -0.05            0.05
inaccuracy:  0.90000        0.95000           71.22           -0.07            0.05
inaccuracy:  0.95000        1.00000           71.25           -0.07            0.05
===================================================================================================================================
                BAR        
-----------------------------------------------------------------------------------------------------------------------------------
BAR-estimator:         λ             λ+δλ          ΔΔA             ΔA            C               Δδe            δe       
                          
-----------------------------------------------------------------------------------------------------------------------------------
BAR-estimator:      0.00000        0.05000        1.1424         1.1424         1.1424         0.0036         0.0036 
BAR-estimator:      0.05000        0.10000        0.6069         1.7493         0.6069         0.0055         0.0066 
BAR-estimator:      0.10000        0.15000        0.3193         2.0685         0.3193         0.0040         0.0077 
BAR-estimator:      0.15000        0.20000        0.1799         2.2484         0.1799         0.0032         0.0084 
BAR-estimator:      0.20000        0.25000        0.1044         2.3528         0.1044         0.0027         0.0088 
BAR-estimator:      0.25000        0.30000        0.0574         2.4101         0.0574         0.0022         0.0091 
BAR-estimator:      0.30000        0.35000        0.0265         2.4367         0.0265         0.0021         0.0093 
BAR-estimator:      0.35000        0.40000        0.0002         2.4369         0.0002         0.0020         0.0095 
BAR-estimator:      0.40000        0.45000       -0.0243         2.4126        -0.0243         0.0019         0.0097 
BAR-estimator:      0.45000        0.50000       -0.0356         2.3771        -0.0356         0.0018         0.0099 
BAR-estimator:      0.50000        0.55000       -0.1089         2.2682        -0.1089         0.0023         0.0101 
BAR-estimator:      0.55000        0.60000       -0.2543         2.0139        -0.2543         0.0022         0.0104 
BAR-estimator:      0.60000        0.65000       -0.3948         1.6191        -0.3948         0.0021         0.0106 
BAR-estimator:      0.65000        0.70000       -0.5186         1.1005        -0.5186         0.0029         0.0110 
BAR-estimator:      0.70000        0.75000       -0.6118         0.4887        -0.6118         0.0026         0.0113 
BAR-estimator:      0.75000        0.80000       -0.6791        -0.1904        -0.6791         0.0023         0.0115 
BAR-estimator:      0.80000        0.85000       -0.7129        -0.9033        -0.7129         0.0022         0.0117 
BAR-estimator:      0.85000        0.90000       -0.7314        -1.6347        -0.7314         0.0023         0.0119 
BAR-estimator:      0.90000        0.95000       -0.7426        -2.3773        -0.7426         0.0025         0.0122 
BAR-estimator:      0.95000        1.00000       -0.7436        -3.1209        -0.7436         0.0027         0.0125 
BAR-estimator: total free energy change is -3.12087691768902 , total error is 0.01249346196657859
