#========================================================================================
#                     Free energy perturbation    
#----------------------------------------------------------------------------------------
#forward/backward          λ              ΔΔA                 ΔA                  δε   
#                                                 
#----------------------------------------------------------------------------------------
forward:               0.0000              0.0000              0.0000              0.0000  
forward:               0.0500              2.9539              2.9539              0.0314  
forward:               0.1000              1.5709              4.5248              0.0325  
forward:               0.1500              0.7044              5.2292              0.0350  
forward:               0.2000              0.2656              5.4948              0.0358  
forward:               0.2500              0.0664              5.5612              0.0363  
forward:               0.3000             -0.0507              5.5105              0.0367  
forward:               0.3500             -0.1339              5.3766              0.0370  
forward:               0.4000             -0.1861              5.1905              0.0372  
forward:               0.4500             -0.2250              4.9656              0.0374  
forward:               0.5000             -0.2612              4.7044              0.0376  
forward:               0.5500             -0.5425              4.1619              0.0382  
forward:               0.6000             -1.0247              3.1372              0.0388  
forward:               0.6500             -1.4766              1.6606              0.0395  
forward:               0.7000             -1.8777             -0.2170              0.0402  
forward:               0.7500             -2.1134             -2.3304              0.0407  
forward:               0.8000             -2.2143             -4.5448              0.0411  
forward:               0.8500             -2.2546             -6.7994              0.0415  
forward:               0.9000             -2.2649             -9.0643              0.0419  
forward:               0.9500             -2.2434            -11.3077              0.0422  
forward:               1.0000             -2.1978            -13.5054              0.0424  
backward:              1.0000              0.0000            -13.5054              0.0000  
backward:              0.9500              2.2083            -11.2971              0.0075  
backward:              0.9000              2.2277             -9.0694              0.0146  
backward:              0.8500              2.2429             -6.8266              0.0163  
backward:              0.8000              2.2526             -4.5740              0.0173  
backward:              0.7500              2.2038             -2.3702              0.0196  
backward:              0.7000              2.1118             -0.2583              0.0211  
backward:              0.6500              1.8679              1.6095              0.0232  
backward:              0.6000              1.4731              3.0826              0.0244  
backward:              0.5500              1.0147              4.0973              0.0255  
backward:              0.5000              0.5338              4.6311              0.0268  
backward:              0.4500              0.2485              4.8795              0.0285  
backward:              0.4000              0.2291              5.1086              0.0290  
backward:              0.3500              0.1828              5.2914              0.0295  
backward:              0.3000              0.1294              5.4208              0.0302  
backward:              0.2500              0.0487              5.4695              0.0312  
backward:              0.2000             -0.0587              5.4108              0.0323  
backward:              0.1500             -0.3096              5.1012              0.0387  
backward:              0.1000             -0.6882              4.4131              0.0453  
backward:              0.0500             -1.5538              2.8593              0.0629  
backward:              0.0000             -3.0256             -0.1663              0.1115  
Inaccuracy estimation
======================================================================================================
                   i        i+δi          P0_overlap_P1   δε(forward)/ε   δε(backward)/ε
======================================================================================================
inaccuracy:  0.00000        0.05000           21.24            0.21            4.34
inaccuracy:  0.05000        0.10000           31.45           -0.09            2.27
inaccuracy:  0.10000        0.15000           44.98           -0.08            1.10
inaccuracy:  0.15000        0.20000           56.06           -0.05            0.51
inaccuracy:  0.20000        0.25000           60.83           -0.04            0.31
inaccuracy:  0.25000        0.30000           63.99           -0.04            0.23
inaccuracy:  0.30000        0.35000           66.14           -0.03            0.18
inaccuracy:  0.35000        0.40000           67.71           -0.04            0.15
inaccuracy:  0.40000        0.45000           67.73           -0.03            0.14
inaccuracy:  0.45000        0.50000           69.14           -0.03            0.12
inaccuracy:  0.50000        0.55000           55.96           -0.24            0.19
inaccuracy:  0.55000        0.60000           55.66           -0.31            0.10
inaccuracy:  0.60000        0.65000           54.47           -0.37            0.04
inaccuracy:  0.65000        0.70000           55.29           -0.36           -0.02
inaccuracy:  0.70000        0.75000           56.74           -0.33           -0.06
inaccuracy:  0.75000        0.80000           57.47           -0.30           -0.07
inaccuracy:  0.80000        0.85000           56.02           -0.32           -0.07
inaccuracy:  0.85000        0.90000           56.37           -0.32           -0.06
inaccuracy:  0.90000        0.95000           55.57           -0.33           -0.07
inaccuracy:  0.95000        1.00000           54.16           -0.35           -0.06
===================================================================================================================================
                BAR        
-----------------------------------------------------------------------------------------------------------------------------------
BAR-estimator:         λ             λ+δλ          ΔΔA             ΔA            C               Δδe            δe       
                          
-----------------------------------------------------------------------------------------------------------------------------------
BAR-estimator:      0.00000        0.05000        2.9623         2.9623         2.9623         0.0107         0.0107 
BAR-estimator:      0.05000        0.10000        1.5760         4.5383         1.5760         0.0107         0.0151 
BAR-estimator:      0.10000        0.15000        0.7015         5.2398         0.7015         0.0089         0.0176 
BAR-estimator:      0.15000        0.20000        0.2768         5.5166         0.2768         0.0051         0.0183 
BAR-estimator:      0.20000        0.25000        0.0640         5.5807         0.0640         0.0043         0.0188 
BAR-estimator:      0.25000        0.30000       -0.0500         5.5307        -0.0500         0.0039         0.0192 
BAR-estimator:      0.30000        0.35000       -0.1327         5.3980        -0.1327         0.0033         0.0195 
BAR-estimator:      0.35000        0.40000       -0.1859         5.2122        -0.1859         0.0027         0.0197 
BAR-estimator:      0.40000        0.45000       -0.2270         4.9852        -0.2270         0.0028         0.0199 
BAR-estimator:      0.45000        0.50000       -0.2577         4.7275        -0.2577         0.0027         0.0200 
BAR-estimator:      0.50000        0.55000       -0.5393         4.1882        -0.5393         0.0034         0.0203 
BAR-estimator:      0.55000        0.60000       -1.0182         3.1699        -1.0182         0.0036         0.0206 
BAR-estimator:      0.60000        0.65000       -1.4738         1.6962        -1.4738         0.0043         0.0211 
BAR-estimator:      0.65000        0.70000       -1.8771        -0.1809        -1.8771         0.0042         0.0215 
BAR-estimator:      0.70000        0.75000       -2.1114        -2.2923        -2.1114         0.0040         0.0219 
BAR-estimator:      0.75000        0.80000       -2.2086        -4.5009        -2.2086         0.0040         0.0222 
BAR-estimator:      0.80000        0.85000       -2.2528        -6.7537        -2.2528         0.0039         0.0226 
BAR-estimator:      0.85000        0.90000       -2.2551        -9.0088        -2.2551         0.0039         0.0229 
BAR-estimator:      0.90000        0.95000       -2.2419       -11.2506        -2.2419         0.0039         0.0232 
BAR-estimator:      0.95000        1.00000       -2.2013       -13.4520        -2.2013         0.0037         0.0235 
BAR-estimator: total free energy change is -13.45198479063044 , total error is 0.0235306181871673
