#========================================================================================
#                     Free energy perturbation    
#----------------------------------------------------------------------------------------
#forward/backward          λ              ΔΔA                 ΔA                  δε   
#                                                 
#----------------------------------------------------------------------------------------
forward:               0.0000              0.0000              0.0000              0.0000  
forward:               0.0500              2.2769              2.2769              0.0230  
forward:               0.1000              1.1736              3.4505              0.0274  
forward:               0.1500              0.5772              4.0278              0.0290  
forward:               0.2000              0.2654              4.2932              0.0298  
forward:               0.2500              0.1260              4.4192              0.0303  
forward:               0.3000              0.0372              4.4564              0.0306  
forward:               0.3500             -0.0248              4.4316              0.0308  
forward:               0.4000             -0.0699              4.3617              0.0309  
forward:               0.4500             -0.1077              4.2540              0.0311  
forward:               0.5000             -0.1344              4.1195              0.0313  
forward:               0.5500             -0.1806              3.9390              0.0314  
forward:               0.6000             -0.2573              3.6817              0.0315  
forward:               0.6500             -0.3141              3.3676              0.0317  
forward:               0.7000             -0.3544              3.0132              0.0318  
forward:               0.7500             -0.3929              2.6203              0.0319  
forward:               0.8000             -0.4287              2.1916              0.0320  
forward:               0.8500             -0.4585              1.7331              0.0321  
forward:               0.9000             -0.4805              1.2525              0.0322  
forward:               0.9500             -0.5029              0.7497              0.0323  
forward:               1.0000             -0.5217              0.2280              0.0324  
backward:              1.0000              0.0000              0.2280              0.0000  
backward:              0.9500              0.5204              0.7484              0.0033  
backward:              0.9000              0.5056              1.2540              0.0045  
backward:              0.8500              0.4843              1.7383              0.0054  
backward:              0.8000              0.4514              2.1898              0.0063  
backward:              0.7500              0.4296              2.6194              0.0070  
backward:              0.7000              0.3911              3.0104              0.0079  
backward:              0.6500              0.3566              3.3671              0.0085  
backward:              0.6000              0.3133              3.6804              0.0091  
backward:              0.5500              0.2514              3.9318              0.0100  
backward:              0.5000              0.1794              4.1112              0.0107  
backward:              0.4500              0.1356              4.2468              0.0114  
backward:              0.4000              0.1043              4.3512              0.0121  
backward:              0.3500              0.0751              4.4263              0.0129  
backward:              0.3000              0.0288              4.4551              0.0136  
backward:              0.2500             -0.0221              4.4329              0.0146  
backward:              0.2000             -0.1212              4.3117              0.0159  
backward:              0.1500             -0.2969              4.0148              0.0185  
backward:              0.1000             -0.5619              3.4529              0.0234  
backward:              0.0500             -1.2678              2.1851              0.1141  
backward:              0.0000             -2.2768             -0.0917              0.1577  
Inaccuracy estimation
======================================================================================================
                   i        i+δi          P0_overlap_P1   δε(forward)/ε   δε(backward)/ε
======================================================================================================
inaccuracy:  0.00000        0.05000           27.44            0.04            3.14
inaccuracy:  0.05000        0.10000           40.47           -0.05            1.40
inaccuracy:  0.10000        0.15000           53.15           -0.03            0.67
inaccuracy:  0.15000        0.20000           63.99           -0.02            0.32
inaccuracy:  0.20000        0.25000           67.26           -0.01            0.22
inaccuracy:  0.25000        0.30000           69.42           -0.02            0.16
inaccuracy:  0.30000        0.35000           72.12           -0.02            0.12
inaccuracy:  0.35000        0.40000           72.90           -0.01            0.11
inaccuracy:  0.40000        0.45000           75.02           -0.01            0.09
inaccuracy:  0.45000        0.50000           75.05           -0.02            0.08
inaccuracy:  0.50000        0.55000           72.62           -0.03            0.09
inaccuracy:  0.55000        0.60000           74.02           -0.03            0.07
inaccuracy:  0.60000        0.65000           74.57           -0.03            0.07
inaccuracy:  0.65000        0.70000           74.75           -0.03            0.06
inaccuracy:  0.70000        0.75000           74.89           -0.03            0.06
inaccuracy:  0.75000        0.80000           74.54           -0.03            0.05
inaccuracy:  0.80000        0.85000           75.32           -0.04            0.05
inaccuracy:  0.85000        0.90000           74.41           -0.04            0.05
inaccuracy:  0.90000        0.95000           74.50           -0.04            0.05
inaccuracy:  0.95000        1.00000           74.10           -0.04            0.05
===================================================================================================================================
                BAR        
-----------------------------------------------------------------------------------------------------------------------------------
BAR-estimator:         λ             λ+δλ          ΔΔA             ΔA            C               Δδe            δe       
                          
-----------------------------------------------------------------------------------------------------------------------------------
BAR-estimator:      0.00000        0.05000        2.2676         2.2676         2.2676         0.0092         0.0092 
BAR-estimator:      0.05000        0.10000        1.1674         3.4350         1.1674         0.0083         0.0124 
BAR-estimator:      0.10000        0.15000        0.5727         4.0077         0.5727         0.0059         0.0137 
BAR-estimator:      0.15000        0.20000        0.2733         4.2810         0.2733         0.0041         0.0143 
BAR-estimator:      0.20000        0.25000        0.1244         4.4054         0.1244         0.0037         0.0148 
BAR-estimator:      0.25000        0.30000        0.0323         4.4377         0.0323         0.0030         0.0151 
BAR-estimator:      0.30000        0.35000       -0.0258         4.4119        -0.0258         0.0026         0.0153 
BAR-estimator:      0.35000        0.40000       -0.0725         4.3395        -0.0725         0.0022         0.0155 
BAR-estimator:      0.40000        0.45000       -0.1062         4.2333        -0.1062         0.0023         0.0156 
BAR-estimator:      0.45000        0.50000       -0.1345         4.0988        -0.1345         0.0024         0.0158 
BAR-estimator:      0.50000        0.55000       -0.1801         3.9187        -0.1801         0.0023         0.0160 
BAR-estimator:      0.55000        0.60000       -0.2562         3.6625        -0.2562         0.0020         0.0161 
BAR-estimator:      0.60000        0.65000       -0.3134         3.3491        -0.3134         0.0020         0.0162 
BAR-estimator:      0.65000        0.70000       -0.3543         2.9948        -0.3543         0.0021         0.0164 
BAR-estimator:      0.70000        0.75000       -0.3926         2.6022        -0.3926         0.0021         0.0165 
BAR-estimator:      0.75000        0.80000       -0.4297         2.1725        -0.4297         0.0020         0.0166 
BAR-estimator:      0.80000        0.85000       -0.4565         1.7160        -0.4565         0.0022         0.0168 
BAR-estimator:      0.85000        0.90000       -0.4824         1.2336        -0.4824         0.0022         0.0169 
BAR-estimator:      0.90000        0.95000       -0.5026         0.7310        -0.5026         0.0021         0.0171 
BAR-estimator:      0.95000        1.00000       -0.5213         0.2097        -0.5213         0.0019         0.0172 
BAR-estimator: total free energy change is 0.2096712007963949 , total error is 0.01716405965032802
