#========================================================================================
#                     Free energy perturbation    
#----------------------------------------------------------------------------------------
#forward/backward          λ              ΔΔA                 ΔA                  δε   
#                                                 
#----------------------------------------------------------------------------------------
forward:               0.0000              0.0000              0.0000              0.0000  
forward:               0.0500              3.3966              3.3966              0.0297  
forward:               0.1000              1.8149              5.2114              0.0385  
forward:               0.1500              0.7152              5.9266              0.0407  
forward:               0.2000              0.2272              6.1539              0.0414  
forward:               0.2500             -0.0012              6.1527              0.0418  
forward:               0.3000             -0.1253              6.0274              0.0421  
forward:               0.3500             -0.2069              5.8205              0.0424  
forward:               0.4000             -0.2725              5.5480              0.0426  
forward:               0.4500             -0.3161              5.2319              0.0428  
forward:               0.5000             -0.3566              4.8752              0.0429  
forward:               0.5500             -0.6656              4.2096              0.0433  
forward:               0.6000             -1.1765              3.0332              0.0437  
forward:               0.6500             -1.5937              1.4395              0.0442  
forward:               0.7000             -1.9439             -0.5044              0.0447  
forward:               0.7500             -2.1450             -2.6494              0.0451  
forward:               0.8000             -2.2309             -4.8803              0.0455  
forward:               0.8500             -2.2458             -7.1260              0.0459  
forward:               0.9000             -2.2257             -9.3518              0.0462  
forward:               0.9500             -2.1928            -11.5446              0.0466  
forward:               1.0000             -2.1658            -13.7104              0.0469  
backward:              1.0000              0.0000            -13.7104              0.0000  
backward:              0.9500              2.1400            -11.5704              0.0090  
backward:              0.9000              2.1848             -9.3855              0.0117  
backward:              0.8500              2.2317             -7.1538              0.0136  
backward:              0.8000              2.2543             -4.8995              0.0152  
backward:              0.7500              2.2176             -2.6820              0.0171  
backward:              0.7000              2.1297             -0.5523              0.0188  
backward:              0.6500              1.9263              1.3740              0.0203  
backward:              0.6000              1.5866              2.9606              0.0212  
backward:              0.5500              1.1778              4.1384              0.0221  
backward:              0.5000              0.6775              4.8159              0.0237  
backward:              0.4500              0.3563              5.1722              0.0241  
backward:              0.4000              0.3178              5.4900              0.0246  
backward:              0.3500              0.2681              5.7581              0.0253  
backward:              0.3000              0.2171              5.9752              0.0261  
backward:              0.2500              0.1337              6.1089              0.0269  
backward:              0.2000              0.0002              6.1091              0.0282  
backward:              0.1500             -0.2336              5.8755              0.0307  
backward:              0.1000             -0.7252              5.1503              0.0342  
backward:              0.0500             -1.7076              3.4427              0.0514  
backward:              0.0000             -3.2274              0.2152              0.0666  
Inaccuracy estimation
======================================================================================================
                   i        i+δi          P0_overlap_P1   δε(forward)/ε   δε(backward)/ε
======================================================================================================
inaccuracy:  0.00000        0.05000           19.54            0.40            4.51
inaccuracy:  0.05000        0.10000           27.91           -0.09            2.72
inaccuracy:  0.10000        0.15000           43.31           -0.08            1.13
inaccuracy:  0.15000        0.20000           54.78           -0.05            0.51
inaccuracy:  0.20000        0.25000           61.56           -0.04            0.30
inaccuracy:  0.25000        0.30000           64.09           -0.05            0.22
inaccuracy:  0.30000        0.35000           66.19           -0.04            0.16
inaccuracy:  0.35000        0.40000           68.87           -0.03            0.14
inaccuracy:  0.40000        0.45000           68.99           -0.04            0.12
inaccuracy:  0.45000        0.50000           70.33           -0.04            0.11
inaccuracy:  0.50000        0.55000           54.09           -0.25            0.21
inaccuracy:  0.55000        0.60000           56.00           -0.30            0.08
inaccuracy:  0.60000        0.65000           56.63           -0.33            0.02
inaccuracy:  0.65000        0.70000           56.88           -0.38           -0.03
inaccuracy:  0.70000        0.75000           57.12           -0.36           -0.06
inaccuracy:  0.75000        0.80000           56.24           -0.35           -0.07
inaccuracy:  0.80000        0.85000           55.46           -0.38           -0.07
inaccuracy:  0.85000        0.90000           54.38           -0.38           -0.06
inaccuracy:  0.90000        0.95000           53.61           -0.37           -0.05
inaccuracy:  0.95000        1.00000           53.02           -0.38           -0.02
===================================================================================================================================
                BAR        
-----------------------------------------------------------------------------------------------------------------------------------
BAR-estimator:         λ             λ+δλ          ΔΔA             ΔA            C               Δδe            δe       
                          
-----------------------------------------------------------------------------------------------------------------------------------
BAR-estimator:      0.00000        0.05000        3.3492         3.3492         3.3492         0.0103         0.0103 
BAR-estimator:      0.05000        0.10000        1.7810         5.1302         1.7810         0.0112         0.0152 
BAR-estimator:      0.10000        0.15000        0.7287         5.8589         0.7287         0.0082         0.0172 
BAR-estimator:      0.15000        0.20000        0.2297         6.0886         0.2297         0.0048         0.0179 
BAR-estimator:      0.20000        0.25000        0.0016         6.0902         0.0016         0.0040         0.0183 
BAR-estimator:      0.25000        0.30000       -0.1280         5.9622        -0.1280         0.0035         0.0186 
BAR-estimator:      0.30000        0.35000       -0.2102         5.7520        -0.2102         0.0035         0.0190 
BAR-estimator:      0.35000        0.40000       -0.2695         5.4824        -0.2695         0.0028         0.0192 
BAR-estimator:      0.40000        0.45000       -0.3165         5.1659        -0.3165         0.0029         0.0194 
BAR-estimator:      0.45000        0.50000       -0.3556         4.8103        -0.3556         0.0026         0.0196 
BAR-estimator:      0.50000        0.55000       -0.6658         4.1444        -0.6658         0.0032         0.0198 
BAR-estimator:      0.55000        0.60000       -1.1748         2.9696        -1.1748         0.0034         0.0201 
BAR-estimator:      0.60000        0.65000       -1.5897         1.3800        -1.5897         0.0036         0.0204 
BAR-estimator:      0.65000        0.70000       -1.9339        -0.5540        -1.9339         0.0036         0.0207 
BAR-estimator:      0.70000        0.75000       -2.1370        -2.6910        -2.1370         0.0036         0.0211 
BAR-estimator:      0.75000        0.80000       -2.2292        -4.9202        -2.2292         0.0038         0.0214 
BAR-estimator:      0.80000        0.85000       -2.2472        -7.1673        -2.2472         0.0037         0.0217 
BAR-estimator:      0.85000        0.90000       -2.2239        -9.3913        -2.2239         0.0030         0.0219 
BAR-estimator:      0.90000        0.95000       -2.1936       -11.5848        -2.1936         0.0040         0.0223 
BAR-estimator:      0.95000        1.00000       -2.1586       -13.7435        -2.1586         0.0040         0.0226 
BAR-estimator: total free energy change is -13.74349517960987 , total error is 0.0226218490093097
