#========================================================================================
#                     Free energy perturbation    
#----------------------------------------------------------------------------------------
#forward/backward          λ              ΔΔA                 ΔA                  δε   
#                                                 
#----------------------------------------------------------------------------------------
forward:               0.0000              0.0000              0.0000              0.0000  
forward:               0.0500              2.5822              2.5822              0.0240  
forward:               0.1000              1.3566              3.9388              0.0293  
forward:               0.1500              0.5802              4.5191              0.0313  
forward:               0.2000              0.2394              4.7585              0.0321  
forward:               0.2500              0.0721              4.8306              0.0326  
forward:               0.3000             -0.0385              4.7921              0.0329  
forward:               0.3500             -0.1008              4.6913              0.0333  
forward:               0.4000             -0.1416              4.5497              0.0335  
forward:               0.4500             -0.1832              4.3665              0.0337  
forward:               0.5000             -0.2188              4.1477              0.0338  
forward:               0.5500             -0.2841              3.8636              0.0341  
forward:               0.6000             -0.4895              3.3741              0.0344  
forward:               0.6500             -0.6300              2.7441              0.0346  
forward:               0.7000             -0.7459              1.9982              0.0348  
forward:               0.7500             -0.8401              1.1581              0.0349  
forward:               0.8000             -0.9243              0.2338              0.0351  
forward:               0.8500             -0.9864             -0.7526              0.0353  
forward:               0.9000             -1.0348             -1.7874              0.0355  
forward:               0.9500             -1.0842             -2.8716              0.0357  
forward:               1.0000             -1.1109             -3.9825              0.0358  
backward:              1.0000              0.0000             -3.9825              0.0000  
backward:              0.9500              1.1078             -2.8747              0.0042  
backward:              0.9000              1.0743             -1.8004              0.0066  
backward:              0.8500              1.0299             -0.7706              0.0096  
backward:              0.8000              0.9874              0.2168              0.0104  
backward:              0.7500              0.9209              1.1377              0.0112  
backward:              0.7000              0.8347              1.9724              0.0122  
backward:              0.6500              0.7519              2.7243              0.0130  
backward:              0.6000              0.6433              3.3676              0.0138  
backward:              0.5500              0.4893              3.8569              0.0147  
backward:              0.5000              0.2977              4.1546              0.0157  
backward:              0.4500              0.2144              4.3690              0.0163  
backward:              0.4000              0.1776              4.5466              0.0169  
backward:              0.3500              0.1439              4.6905              0.0175  
backward:              0.3000              0.0976              4.7881              0.0184  
backward:              0.2500              0.0253              4.8134              0.0194  
backward:              0.2000             -0.0723              4.7411              0.0214  
backward:              0.1500             -0.2430              4.4981              0.0242  
backward:              0.1000             -0.5966              3.9016              0.0290  
backward:              0.0500             -1.3900              2.5115              0.0864  
backward:              0.0000             -2.5745             -0.0630              0.0936  
Inaccuracy estimation
======================================================================================================
                   i        i+δi          P0_overlap_P1   δε(forward)/ε   δε(backward)/ε
======================================================================================================
inaccuracy:  0.00000        0.05000           25.95            0.10            3.11
inaccuracy:  0.05000        0.10000           34.70           -0.09            1.91
inaccuracy:  0.10000        0.15000           49.18           -0.05            0.82
inaccuracy:  0.15000        0.20000           59.14           -0.04            0.42
inaccuracy:  0.20000        0.25000           63.70           -0.04            0.27
inaccuracy:  0.25000        0.30000           67.59           -0.03            0.19
inaccuracy:  0.30000        0.35000           68.92           -0.03            0.15
inaccuracy:  0.35000        0.40000           69.55           -0.03            0.14
inaccuracy:  0.40000        0.45000           70.84           -0.03            0.12
inaccuracy:  0.45000        0.50000           71.74           -0.02            0.11
inaccuracy:  0.50000        0.55000           63.68           -0.08            0.15
inaccuracy:  0.55000        0.60000           66.36           -0.08            0.11
inaccuracy:  0.60000        0.65000           66.15           -0.09            0.09
inaccuracy:  0.65000        0.70000           67.25           -0.09            0.07
inaccuracy:  0.70000        0.75000           67.54           -0.10            0.06
inaccuracy:  0.75000        0.80000           68.23           -0.09            0.05
inaccuracy:  0.80000        0.85000           67.48           -0.10            0.05
inaccuracy:  0.85000        0.90000           67.79           -0.09            0.04
inaccuracy:  0.90000        0.95000           67.54           -0.10            0.04
inaccuracy:  0.95000        1.00000           66.45           -0.10            0.04
===================================================================================================================================
                BAR        
-----------------------------------------------------------------------------------------------------------------------------------
BAR-estimator:         λ             λ+δλ          ΔΔA             ΔA            C               Δδe            δe       
                          
-----------------------------------------------------------------------------------------------------------------------------------
BAR-estimator:      0.00000        0.05000        2.5907         2.5907         2.5907         0.0093         0.0093 
BAR-estimator:      0.05000        0.10000        1.3447         3.9354         1.3447         0.0097         0.0135 
BAR-estimator:      0.10000        0.15000        0.5876         4.5229         0.5876         0.0069         0.0151 
BAR-estimator:      0.15000        0.20000        0.2427         4.7656         0.2427         0.0045         0.0158 
BAR-estimator:      0.20000        0.25000        0.0732         4.8388         0.0732         0.0037         0.0162 
BAR-estimator:      0.25000        0.30000       -0.0335         4.8053        -0.0335         0.0034         0.0166 
BAR-estimator:      0.30000        0.35000       -0.1004         4.7049        -0.1004         0.0026         0.0168 
BAR-estimator:      0.35000        0.40000       -0.1434         4.5616        -0.1434         0.0015         0.0168 
BAR-estimator:      0.40000        0.45000       -0.1819         4.3796        -0.1819         0.0025         0.0170 
BAR-estimator:      0.45000        0.50000       -0.2162         4.1634        -0.2162         0.0023         0.0172 
BAR-estimator:      0.50000        0.55000       -0.2928         3.8706        -0.2928         0.0031         0.0174 
BAR-estimator:      0.55000        0.60000       -0.4888         3.3819        -0.4888         0.0027         0.0177 
BAR-estimator:      0.60000        0.65000       -0.6341         2.7478        -0.6341         0.0022         0.0178 
BAR-estimator:      0.65000        0.70000       -0.7494         1.9983        -0.7494         0.0026         0.0180 
BAR-estimator:      0.70000        0.75000       -0.8395         1.1588        -0.8395         0.0026         0.0182 
BAR-estimator:      0.75000        0.80000       -0.9202         0.2386        -0.9202         0.0027         0.0184 
BAR-estimator:      0.80000        0.85000       -0.9858        -0.7472        -0.9858         0.0028         0.0186 
BAR-estimator:      0.85000        0.90000       -1.0335        -1.7807        -1.0335         0.0030         0.0188 
BAR-estimator:      0.90000        0.95000       -1.0792        -2.8599        -1.0792         0.0028         0.0190 
BAR-estimator:      0.95000        1.00000       -1.1086        -3.9685        -1.1086         0.0027         0.0192 
BAR-estimator: total free energy change is -3.9685387804085854 , total error is 0.019218500551633388
