#========================================================================================
#                     Free energy perturbation    
#----------------------------------------------------------------------------------------
#forward/backward          λ              ΔΔA                 ΔA                  δε   
#                                                 
#----------------------------------------------------------------------------------------
forward:               0.0000              0.0000              0.0000              0.0000  
forward:               0.0500              2.1425              2.1425              0.0201  
forward:               0.1000              1.1336              3.2761              0.0251  
forward:               0.1500              0.5080              3.7841              0.0271  
forward:               0.2000              0.2347              4.0188              0.0277  
forward:               0.2500              0.0992              4.1180              0.0282  
forward:               0.3000              0.0178              4.1358              0.0285  
forward:               0.3500             -0.0370              4.0988              0.0288  
forward:               0.4000             -0.0829              4.0159              0.0290  
forward:               0.4500             -0.1124              3.9035              0.0292  
forward:               0.5000             -0.1433              3.7602              0.0294  
forward:               0.5500             -0.3081              3.4521              0.0298  
forward:               0.6000             -0.6069              2.8451              0.0302  
forward:               0.6500             -0.8636              1.9815              0.0308  
forward:               0.7000             -1.0849              0.8965              0.0314  
forward:               0.7500             -1.2404             -0.3438              0.0318  
forward:               0.8000             -1.3123             -1.6561              0.0322  
forward:               0.8500             -1.3369             -2.9930              0.0325  
forward:               0.9000             -1.3422             -4.3352              0.0328  
forward:               0.9500             -1.3409             -5.6761              0.0331  
forward:               1.0000             -1.3157             -6.9918              0.0334  
backward:              1.0000              0.0000             -6.9918              0.0000  
backward:              0.9500              1.3188             -5.6730              0.0049  
backward:              0.9000              1.3310             -4.3420              0.0072  
backward:              0.8500              1.3412             -3.0008              0.0085  
backward:              0.8000              1.3387             -1.6621              0.0103  
backward:              0.7500              1.3118             -0.3503              0.0115  
backward:              0.7000              1.2370              0.8867              0.0136  
backward:              0.6500              1.0853              1.9720              0.0149  
backward:              0.6000              0.8610              2.8331              0.0157  
backward:              0.5500              0.5968              3.4298              0.0166  
backward:              0.5000              0.3075              3.7374              0.0182  
backward:              0.4500              0.1436              3.8809              0.0186  
backward:              0.4000              0.1110              3.9919              0.0191  
backward:              0.3500              0.0773              4.0692              0.0197  
backward:              0.3000              0.0461              4.1153              0.0203  
backward:              0.2500             -0.0224              4.0929              0.0225  
backward:              0.2000             -0.0913              4.0016              0.0236  
backward:              0.1500             -0.2294              3.7722              0.0251  
backward:              0.1000             -0.4935              3.2787              0.0280  
backward:              0.0500             -1.0607              2.2180              0.0366  
backward:              0.0000             -2.1754              0.0427              0.0826  
Inaccuracy estimation
======================================================================================================
                   i        i+δi          P0_overlap_P1   δε(forward)/ε   δε(backward)/ε
======================================================================================================
inaccuracy:  0.00000        0.05000           29.84            0.02            2.37
inaccuracy:  0.05000        0.10000           39.58           -0.07            1.52
inaccuracy:  0.10000        0.15000           53.33           -0.04            0.65
inaccuracy:  0.15000        0.20000           61.83           -0.03            0.33
inaccuracy:  0.20000        0.25000           66.83           -0.02            0.22
inaccuracy:  0.25000        0.30000           69.10           -0.02            0.16
inaccuracy:  0.30000        0.35000           70.32           -0.02            0.14
inaccuracy:  0.35000        0.40000           72.16           -0.02            0.12
inaccuracy:  0.40000        0.45000           72.67           -0.02            0.11
inaccuracy:  0.45000        0.50000           73.50           -0.02            0.10
inaccuracy:  0.50000        0.55000           62.59           -0.11            0.16
inaccuracy:  0.55000        0.60000           64.73           -0.15            0.10
inaccuracy:  0.60000        0.65000           63.56           -0.17            0.07
inaccuracy:  0.65000        0.70000           63.16           -0.17            0.04
inaccuracy:  0.70000        0.75000           63.88           -0.17            0.03
inaccuracy:  0.75000        0.80000           64.14           -0.15            0.02
inaccuracy:  0.80000        0.85000           63.75           -0.15            0.03
inaccuracy:  0.85000        0.90000           63.15           -0.16            0.03
inaccuracy:  0.90000        0.95000           63.40           -0.16            0.04
inaccuracy:  0.95000        1.00000           62.58           -0.16            0.04
===================================================================================================================================
                BAR        
-----------------------------------------------------------------------------------------------------------------------------------
BAR-estimator:         λ             λ+δλ          ΔΔA             ΔA            C               Δδe            δe       
                          
-----------------------------------------------------------------------------------------------------------------------------------
BAR-estimator:      0.00000        0.05000        2.1168         2.1168         2.1168         0.0099         0.0099 
BAR-estimator:      0.05000        0.10000        1.1164         3.2332         1.1164         0.0133         0.0166 
BAR-estimator:      0.10000        0.15000        0.5087         3.7419         0.5087         0.0070         0.0180 
BAR-estimator:      0.15000        0.20000        0.2310         3.9729         0.2310         0.0040         0.0184 
BAR-estimator:      0.20000        0.25000        0.0988         4.0717         0.0988         0.0033         0.0187 
BAR-estimator:      0.25000        0.30000        0.0168         4.0885         0.0168         0.0031         0.0190 
BAR-estimator:      0.30000        0.35000       -0.0408         4.0477        -0.0408         0.0030         0.0192 
BAR-estimator:      0.35000        0.40000       -0.0831         3.9646        -0.0831         0.0027         0.0194 
BAR-estimator:      0.40000        0.45000       -0.1120         3.8526        -0.1120         0.0024         0.0195 
BAR-estimator:      0.45000        0.50000       -0.1429         3.7097        -0.1429         0.0023         0.0197 
BAR-estimator:      0.50000        0.55000       -0.3050         3.4046        -0.3050         0.0031         0.0199 
BAR-estimator:      0.55000        0.60000       -0.6016         2.8031        -0.6016         0.0031         0.0202 
BAR-estimator:      0.60000        0.65000       -0.8617         1.9414        -0.8617         0.0033         0.0204 
BAR-estimator:      0.65000        0.70000       -1.0856         0.8558        -1.0856         0.0033         0.0207 
BAR-estimator:      0.70000        0.75000       -1.2389        -0.3831        -1.2389         0.0031         0.0209 
BAR-estimator:      0.75000        0.80000       -1.3110        -1.6941        -1.3110         0.0034         0.0212 
BAR-estimator:      0.80000        0.85000       -1.3386        -3.0327        -1.3386         0.0031         0.0214 
BAR-estimator:      0.85000        0.90000       -1.3426        -4.3753        -1.3426         0.0032         0.0216 
BAR-estimator:      0.90000        0.95000       -1.3388        -5.7140        -1.3388         0.0035         0.0219 
BAR-estimator:      0.95000        1.00000       -1.3174        -7.0315        -1.3174         0.0032         0.0222 
BAR-estimator: total free energy change is -7.031457833240941 , total error is 0.02215922539179611
