#========================================================================================
#                     Free energy perturbation    
#----------------------------------------------------------------------------------------
#forward/backward          λ              ΔΔA                 ΔA                  δε   
#                                                 
#----------------------------------------------------------------------------------------
forward:               0.0000              0.0000              0.0000              0.0000  
forward:               0.0500              1.6343              1.6343              0.0148  
forward:               0.1000              0.9072              2.5416              0.0183  
forward:               0.1500              0.5183              3.0599              0.0197  
forward:               0.2000              0.3015              3.3614              0.0209  
forward:               0.2500              0.1765              3.5379              0.0215  
forward:               0.3000              0.0924              3.6304              0.0220  
forward:               0.3500              0.0334              3.6638              0.0223  
forward:               0.4000              0.0015              3.6652              0.0226  
forward:               0.4500             -0.0250              3.6402              0.0229  
forward:               0.5000             -0.0520              3.5882              0.0232  
forward:               0.5500             -0.0860              3.5021              0.0234  
forward:               0.6000             -0.1327              3.3694              0.0238  
forward:               0.6500             -0.1745              3.1949              0.0239  
forward:               0.7000             -0.2098              2.9851              0.0241  
forward:               0.7500             -0.2350              2.7500              0.0243  
forward:               0.8000             -0.2568              2.4932              0.0245  
forward:               0.8500             -0.2761              2.2171              0.0246  
forward:               0.9000             -0.3003              1.9168              0.0248  
forward:               0.9500             -0.3054              1.6114              0.0249  
forward:               1.0000             -0.3292              1.2822              0.0250  
backward:              1.0000              0.0000              1.2822              0.0000  
backward:              0.9500              0.3161              1.5983              0.0068  
backward:              0.9000              0.3037              1.9020              0.0078  
backward:              0.8500              0.2945              2.1966              0.0086  
backward:              0.8000              0.2792              2.4758              0.0093  
backward:              0.7500              0.2657              2.7415              0.0099  
backward:              0.7000              0.2335              2.9750              0.0106  
backward:              0.6500              0.2046              3.1796              0.0111  
backward:              0.6000              0.1767              3.3564              0.0116  
backward:              0.5500              0.1293              3.4857              0.0123  
backward:              0.5000              0.0849              3.5706              0.0128  
backward:              0.4500              0.0468              3.6173              0.0134  
backward:              0.4000              0.0229              3.6402              0.0143  
backward:              0.3500             -0.0057              3.6345              0.0150  
backward:              0.3000             -0.0390              3.5955              0.0160  
backward:              0.2500             -0.0999              3.4956              0.0170  
backward:              0.2000             -0.1871              3.3086              0.0187  
backward:              0.1500             -0.3174              2.9912              0.0212  
backward:              0.1000             -0.5263              2.4650              0.0244  
backward:              0.0500             -0.9294              1.5356              0.0329  
backward:              0.0000             -1.6767             -0.1411              0.0442  
Inaccuracy estimation
======================================================================================================
                   i        i+δi          P0_overlap_P1   δε(forward)/ε   δε(backward)/ε
======================================================================================================
inaccuracy:  0.00000        0.05000           35.73           -0.03            2.15
inaccuracy:  0.05000        0.10000           47.92           -0.04            0.97
inaccuracy:  0.10000        0.15000           57.21           -0.03            0.52
inaccuracy:  0.15000        0.20000           63.62           -0.02            0.31
inaccuracy:  0.20000        0.25000           67.18           -0.02            0.22
inaccuracy:  0.25000        0.30000           70.56           -0.01            0.17
inaccuracy:  0.30000        0.35000           71.99           -0.02            0.14
inaccuracy:  0.35000        0.40000           72.77           -0.02            0.13
inaccuracy:  0.40000        0.45000           73.41           -0.02            0.12
inaccuracy:  0.45000        0.50000           74.02           -0.02            0.11
inaccuracy:  0.50000        0.55000           72.27           -0.03            0.10
inaccuracy:  0.55000        0.60000           73.27           -0.03            0.09
inaccuracy:  0.60000        0.65000           73.54           -0.02            0.09
inaccuracy:  0.65000        0.70000           74.00           -0.03            0.08
inaccuracy:  0.70000        0.75000           73.78           -0.02            0.08
inaccuracy:  0.75000        0.80000           73.23           -0.03            0.08
inaccuracy:  0.80000        0.85000           73.32           -0.03            0.08
inaccuracy:  0.85000        0.90000           74.26           -0.03            0.07
inaccuracy:  0.90000        0.95000           73.14           -0.03            0.08
inaccuracy:  0.95000        1.00000           74.13           -0.03            0.08
===================================================================================================================================
                BAR        
-----------------------------------------------------------------------------------------------------------------------------------
BAR-estimator:         λ             λ+δλ          ΔΔA             ΔA            C               Δδe            δe       
                          
-----------------------------------------------------------------------------------------------------------------------------------
BAR-estimator:      0.00000        0.05000        1.6477         1.6477         1.6477         0.0076         0.0076 
BAR-estimator:      0.05000        0.10000        0.9156         2.5634         0.9156         0.0063         0.0099 
BAR-estimator:      0.10000        0.15000        0.5199         3.0833         0.5199         0.0050         0.0111 
BAR-estimator:      0.15000        0.20000        0.3025         3.3858         0.3025         0.0045         0.0120 
BAR-estimator:      0.20000        0.25000        0.1790         3.5648         0.1790         0.0034         0.0125 
BAR-estimator:      0.25000        0.30000        0.0966         3.6614         0.0966         0.0031         0.0129 
BAR-estimator:      0.30000        0.35000        0.0370         3.6984         0.0370         0.0027         0.0131 
BAR-estimator:      0.35000        0.40000        0.0032         3.7016         0.0032         0.0023         0.0133 
BAR-estimator:      0.40000        0.45000       -0.0243         3.6773        -0.0243         0.0024         0.0136 
BAR-estimator:      0.45000        0.50000       -0.0499         3.6274        -0.0499         0.0024         0.0138 
BAR-estimator:      0.50000        0.55000       -0.0868         3.5406        -0.0868         0.0023         0.0140 
BAR-estimator:      0.55000        0.60000       -0.1320         3.4086        -0.1320         0.0021         0.0141 
BAR-estimator:      0.60000        0.65000       -0.1750         3.2336        -0.1750         0.0022         0.0143 
BAR-estimator:      0.65000        0.70000       -0.2087         3.0249        -0.2087         0.0023         0.0145 
BAR-estimator:      0.70000        0.75000       -0.2334         2.7916        -0.2334         0.0020         0.0146 
BAR-estimator:      0.75000        0.80000       -0.2579         2.5337        -0.2579         0.0024         0.0148 
BAR-estimator:      0.80000        0.85000       -0.2777         2.2560        -0.2777         0.0024         0.0150 
BAR-estimator:      0.85000        0.90000       -0.2996         1.9564        -0.2996         0.0026         0.0152 
BAR-estimator:      0.90000        0.95000       -0.3075         1.6489        -0.3075         0.0023         0.0154 
BAR-estimator:      0.95000        1.00000       -0.3259         1.3231        -0.3259         0.0020         0.0155 
BAR-estimator: total free energy change is 1.323055056043945 , total error is 0.015532881300253605
