#========================================================================================
#                     Free energy perturbation    
#----------------------------------------------------------------------------------------
#forward/backward          λ              ΔΔA                 ΔA                  δε   
#                                                 
#----------------------------------------------------------------------------------------
forward:               0.0000              0.0000              0.0000              0.0000  
forward:               0.0500              0.5617              0.5617              0.0055  
forward:               0.1000              0.3704              0.9321              0.0073  
forward:               0.1500              0.2554              1.1875              0.0084  
forward:               0.2000              0.1795              1.3671              0.0091  
forward:               0.2500              0.1375              1.5045              0.0097  
forward:               0.3000              0.1013              1.6058              0.0101  
forward:               0.3500              0.0772              1.6830              0.0105  
forward:               0.4000              0.0623              1.7453              0.0108  
forward:               0.4500              0.0474              1.7927              0.0111  
forward:               0.5000              0.0374              1.8301              0.0114  
forward:               0.5500             -0.0692              1.7609              0.0118  
forward:               0.6000             -0.2442              1.5167              0.0124  
forward:               0.6500             -0.4043              1.1124              0.0129  
forward:               0.7000             -0.5502              0.5622              0.0135  
forward:               0.7500             -0.6443             -0.0821              0.0139  
forward:               0.8000             -0.6807             -0.7628              0.0144  
forward:               0.8500             -0.6710             -1.4337              0.0147  
forward:               0.9000             -0.6518             -2.0855              0.0149  
forward:               0.9500             -0.6192             -2.7047              0.0152  
forward:               1.0000             -0.5945             -3.2992              0.0154  
backward:              1.0000              0.0000             -3.2992              0.0000  
backward:              0.9500              0.5929             -2.7063              0.0033  
backward:              0.9000              0.6256             -2.0807              0.0054  
backward:              0.8500              0.6479             -1.4328              0.0067  
backward:              0.8000              0.6689             -0.7639              0.0078  
backward:              0.7500              0.6732             -0.0907              0.0088  
backward:              0.7000              0.6457              0.5550              0.0097  
backward:              0.6500              0.5493              1.1042              0.0107  
backward:              0.6000              0.4044              1.5086              0.0114  
backward:              0.5500              0.2363              1.7449              0.0119  
backward:              0.5000              0.0690              1.8139              0.0124  
backward:              0.4500             -0.0416              1.7723              0.0127  
backward:              0.4000             -0.0493              1.7230              0.0131  
backward:              0.3500             -0.0659              1.6571              0.0136  
backward:              0.3000             -0.0794              1.5776              0.0140  
backward:              0.2500             -0.0992              1.4784              0.0145  
backward:              0.2000             -0.1353              1.3431              0.0150  
backward:              0.1500             -0.1818              1.1613              0.0158  
backward:              0.1000             -0.2471              0.9142              0.0167  
backward:              0.0500             -0.3574              0.5568              0.0179  
backward:              0.0000             -0.5570             -0.0003              0.0212  
Inaccuracy estimation
======================================================================================================
                   i        i+δi          P0_overlap_P1   δε(forward)/ε   δε(backward)/ε
======================================================================================================
inaccuracy:  0.00000        0.05000           60.11           -0.01            0.48
inaccuracy:  0.05000        0.10000           66.48           -0.00            0.31
inaccuracy:  0.10000        0.15000           71.45           -0.00            0.20
inaccuracy:  0.15000        0.20000           74.74           -0.00            0.14
inaccuracy:  0.20000        0.25000           76.33           -0.00            0.11
inaccuracy:  0.25000        0.30000           78.13           -0.00            0.10
inaccuracy:  0.30000        0.35000           79.14           -0.01            0.08
inaccuracy:  0.35000        0.40000           79.82           -0.00            0.08
inaccuracy:  0.40000        0.45000           80.38           -0.01            0.08
inaccuracy:  0.45000        0.50000           80.54           -0.01            0.07
inaccuracy:  0.50000        0.55000           71.91           -0.05            0.11
inaccuracy:  0.55000        0.60000           72.06           -0.07            0.08
inaccuracy:  0.60000        0.65000           70.86           -0.09            0.06
inaccuracy:  0.65000        0.70000           70.23           -0.09            0.05
inaccuracy:  0.70000        0.75000           70.56           -0.07            0.05
inaccuracy:  0.75000        0.80000           71.28           -0.06            0.05
inaccuracy:  0.80000        0.85000           71.30           -0.07            0.06
inaccuracy:  0.85000        0.90000           70.66           -0.07            0.06
inaccuracy:  0.90000        0.95000           69.76           -0.06            0.08
inaccuracy:  0.95000        1.00000           69.71           -0.06            0.08
===================================================================================================================================
                BAR        
-----------------------------------------------------------------------------------------------------------------------------------
BAR-estimator:         λ             λ+δλ          ΔΔA             ΔA            C               Δδe            δe       
                          
-----------------------------------------------------------------------------------------------------------------------------------
BAR-estimator:      0.00000        0.05000        0.5604         0.5604         0.5604         0.0037         0.0037 
BAR-estimator:      0.05000        0.10000        0.3676         0.9281         0.3676         0.0032         0.0049 
BAR-estimator:      0.10000        0.15000        0.2541         1.1821         0.2541         0.0029         0.0057 
BAR-estimator:      0.15000        0.20000        0.1805         1.3626         0.1805         0.0025         0.0062 
BAR-estimator:      0.20000        0.25000        0.1358         1.4985         0.1358         0.0024         0.0066 
BAR-estimator:      0.25000        0.30000        0.1015         1.5999         0.1015         0.0021         0.0070 
BAR-estimator:      0.30000        0.35000        0.0775         1.6775         0.0775         0.0020         0.0072 
BAR-estimator:      0.35000        0.40000        0.0642         1.7416         0.0642         0.0019         0.0075 
BAR-estimator:      0.40000        0.45000        0.0491         1.7908         0.0491         0.0017         0.0077 
BAR-estimator:      0.45000        0.50000        0.0397         1.8304         0.0397         0.0017         0.0079 
BAR-estimator:      0.50000        0.55000       -0.0676         1.7628        -0.0676         0.0021         0.0081 
BAR-estimator:      0.55000        0.60000       -0.2389         1.5240        -0.2389         0.0027         0.0086 
BAR-estimator:      0.60000        0.65000       -0.4054         1.1186        -0.4054         0.0024         0.0089 
BAR-estimator:      0.65000        0.70000       -0.5513         0.5673        -0.5513         0.0024         0.0093 
BAR-estimator:      0.70000        0.75000       -0.6457        -0.0784        -0.6457         0.0025         0.0096 
BAR-estimator:      0.75000        0.80000       -0.6776        -0.7560        -0.6776         0.0024         0.0099 
BAR-estimator:      0.80000        0.85000       -0.6707        -1.4267        -0.6707         0.0022         0.0101 
BAR-estimator:      0.85000        0.90000       -0.6510        -2.0776        -0.6510         0.0022         0.0104 
BAR-estimator:      0.90000        0.95000       -0.6206        -2.6982        -0.6206         0.0022         0.0106 
BAR-estimator:      0.95000        1.00000       -0.5939        -3.2921        -0.5939         0.0021         0.0108 
BAR-estimator: total free energy change is -3.292059950134788 , total error is 0.0108165373062162
