#========================================================================================
#                     Free energy perturbation    
#----------------------------------------------------------------------------------------
#forward/backward          λ              ΔΔA                 ΔA                  δε   
#                                                 
#----------------------------------------------------------------------------------------
forward:               0.0000              0.0000              0.0000              0.0000  
forward:               0.0500              1.6220              1.6220              0.0150  
forward:               0.1000              1.0099              2.6319              0.0195  
forward:               0.1500              0.6023              3.2342              0.0214  
forward:               0.2000              0.3594              3.5937              0.0224  
forward:               0.2500              0.2329              3.8266              0.0231  
forward:               0.3000              0.1349              3.9615              0.0236  
forward:               0.3500              0.0802              4.0417              0.0239  
forward:               0.4000              0.0413              4.0830              0.0242  
forward:               0.4500              0.0206              4.1036              0.0244  
forward:               0.5000             -0.0147              4.0889              0.0247  
forward:               0.5500             -0.0243              4.0647              0.0250  
forward:               0.6000             -0.0375              4.0272              0.0252  
forward:               0.6500             -0.0534              3.9738              0.0254  
forward:               0.7000             -0.0688              3.9050              0.0256  
forward:               0.7500             -0.0787              3.8263              0.0257  
forward:               0.8000             -0.0891              3.7372              0.0259  
forward:               0.8500             -0.0941              3.6431              0.0261  
forward:               0.9000             -0.1044              3.5388              0.0262  
forward:               0.9500             -0.1091              3.4296              0.0263  
forward:               1.0000             -0.1128              3.3168              0.0265  
backward:              1.0000              0.0000              3.3168              0.0000  
backward:              0.9500              0.1089              3.4257              0.0039  
backward:              0.9000              0.1093              3.5350              0.0052  
backward:              0.8500              0.1033              3.6383              0.0063  
backward:              0.8000              0.0969              3.7352              0.0072  
backward:              0.7500              0.0918              3.8270              0.0081  
backward:              0.7000              0.0815              3.9085              0.0089  
backward:              0.6500              0.0673              3.9757              0.0097  
backward:              0.6000              0.0571              4.0328              0.0106  
backward:              0.5500              0.0480              4.0808              0.0112  
backward:              0.5000              0.0119              4.0927              0.0125  
backward:              0.4500              0.0093              4.1020              0.0133  
backward:              0.4000             -0.0122              4.0898              0.0141  
backward:              0.3500             -0.0452              4.0446              0.0150  
backward:              0.3000             -0.0772              3.9674              0.0161  
backward:              0.2500             -0.1473              3.8202              0.0178  
backward:              0.2000             -0.2258              3.5943              0.0203  
backward:              0.1500             -0.3563              3.2381              0.0222  
backward:              0.1000             -0.6072              2.6308              0.0302  
backward:              0.0500             -1.0082              1.6226              0.0400  
backward:              0.0000             -1.6095              0.0131              0.0476  
Inaccuracy estimation
======================================================================================================
                   i        i+δi          P0_overlap_P1   δε(forward)/ε   δε(backward)/ε
======================================================================================================
inaccuracy:  0.00000        0.05000           36.54           -0.03            1.69
inaccuracy:  0.05000        0.10000           45.61           -0.04            1.08
inaccuracy:  0.10000        0.15000           53.42           -0.03            0.63
inaccuracy:  0.15000        0.20000           60.86           -0.03            0.37
inaccuracy:  0.20000        0.25000           64.33           -0.02            0.27
inaccuracy:  0.25000        0.30000           68.17           -0.02            0.20
inaccuracy:  0.30000        0.35000           68.73           -0.02            0.17
inaccuracy:  0.35000        0.40000           70.90           -0.02            0.15
inaccuracy:  0.40000        0.45000           70.43           -0.02            0.14
inaccuracy:  0.45000        0.50000           71.71           -0.02            0.13
inaccuracy:  0.50000        0.55000           72.32           -0.02            0.12
inaccuracy:  0.55000        0.60000           71.87           -0.02            0.12
inaccuracy:  0.60000        0.65000           71.89           -0.02            0.11
inaccuracy:  0.65000        0.70000           72.73           -0.02            0.11
inaccuracy:  0.70000        0.75000           72.48           -0.02            0.11
inaccuracy:  0.75000        0.80000           72.33           -0.02            0.11
inaccuracy:  0.80000        0.85000           72.66           -0.02            0.11
inaccuracy:  0.85000        0.90000           72.71           -0.02            0.11
inaccuracy:  0.90000        0.95000           72.28           -0.03            0.10
inaccuracy:  0.95000        1.00000           72.42           -0.02            0.10
===================================================================================================================================
                BAR        
-----------------------------------------------------------------------------------------------------------------------------------
BAR-estimator:         λ             λ+δλ          ΔΔA             ΔA            C               Δδe            δe       
                          
-----------------------------------------------------------------------------------------------------------------------------------
BAR-estimator:      0.00000        0.05000        1.6249         1.6249         1.6249         0.0068         0.0068 
BAR-estimator:      0.05000        0.10000        1.0125         2.6374         1.0125         0.0073         0.0100 
BAR-estimator:      0.10000        0.15000        0.6024         3.2398         0.6024         0.0056         0.0115 
BAR-estimator:      0.15000        0.20000        0.3591         3.5989         0.3591         0.0043         0.0122 
BAR-estimator:      0.20000        0.25000        0.2303         3.8293         0.2303         0.0039         0.0128 
BAR-estimator:      0.25000        0.30000        0.1370         3.9662         0.1370         0.0032         0.0132 
BAR-estimator:      0.30000        0.35000        0.0794         4.0456         0.0794         0.0030         0.0136 
BAR-estimator:      0.35000        0.40000        0.0424         4.0881         0.0424         0.0026         0.0138 
BAR-estimator:      0.40000        0.45000        0.0173         4.1054         0.0173         0.0025         0.0141 
BAR-estimator:      0.45000        0.50000       -0.0121         4.0933        -0.0121         0.0027         0.0143 
BAR-estimator:      0.50000        0.55000       -0.0211         4.0722        -0.0211         0.0028         0.0146 
BAR-estimator:      0.55000        0.60000       -0.0403         4.0319        -0.0403         0.0024         0.0148 
BAR-estimator:      0.60000        0.65000       -0.0556         3.9764        -0.0556         0.0022         0.0149 
BAR-estimator:      0.65000        0.70000       -0.0687         3.9077        -0.0687         0.0023         0.0151 
BAR-estimator:      0.70000        0.75000       -0.0805         3.8272        -0.0805         0.0024         0.0153 
BAR-estimator:      0.75000        0.80000       -0.0910         3.7362        -0.0910         0.0024         0.0155 
BAR-estimator:      0.80000        0.85000       -0.0939         3.6423        -0.0939         0.0024         0.0156 
BAR-estimator:      0.85000        0.90000       -0.1037         3.5387        -0.1037         0.0023         0.0158 
BAR-estimator:      0.90000        0.95000       -0.1096         3.4291        -0.1096         0.0024         0.0160 
BAR-estimator:      0.95000        1.00000       -0.1126         3.3165        -0.1126         0.0023         0.0162 
BAR-estimator: total free energy change is 3.316450469505112 , total error is 0.016164395234632145
