#========================================================================================
#                     Free energy perturbation    
#----------------------------------------------------------------------------------------
#forward/backward          λ              ΔΔA                 ΔA                  δε   
#                                                 
#----------------------------------------------------------------------------------------
forward:               0.0000              0.0000              0.0000              0.0000  
forward:               0.0500              1.8575              1.8575              0.0165  
forward:               0.1000              1.1419              2.9994              0.0201  
forward:               0.1500              0.6900              3.6894              0.0227  
forward:               0.2000              0.4188              4.1082              0.0239  
forward:               0.2500              0.2499              4.3581              0.0247  
forward:               0.3000              0.1528              4.5109              0.0253  
forward:               0.3500              0.0902              4.6011              0.0257  
forward:               0.4000              0.0300              4.6312              0.0261  
forward:               0.4500              0.0046              4.6357              0.0264  
forward:               0.5000             -0.0269              4.6088              0.0266  
forward:               0.5500             -0.0388              4.5700              0.0269  
forward:               0.6000             -0.0631              4.5069              0.0271  
forward:               0.6500             -0.0755              4.4314              0.0273  
forward:               0.7000             -0.0869              4.3445              0.0275  
forward:               0.7500             -0.1028              4.2417              0.0277  
forward:               0.8000             -0.1099              4.1318              0.0278  
forward:               0.8500             -0.1209              4.0109              0.0280  
forward:               0.9000             -0.1296              3.8812              0.0282  
forward:               0.9500             -0.1357              3.7455              0.0283  
forward:               1.0000             -0.1448              3.6007              0.0285  
backward:              1.0000              0.0000              3.6007              0.0000  
backward:              0.9500              0.1430              3.7437              0.0033  
backward:              0.9000              0.1465              3.8902              0.0039  
backward:              0.8500              0.1343              4.0245              0.0059  
backward:              0.8000              0.1205              4.1450              0.0069  
backward:              0.7500              0.1122              4.2572              0.0080  
backward:              0.7000              0.1053              4.3626              0.0088  
backward:              0.6500              0.1000              4.4626              0.0095  
backward:              0.6000              0.0732              4.5358              0.0104  
backward:              0.5500              0.0627              4.5985              0.0114  
backward:              0.5000              0.0352              4.6337              0.0122  
backward:              0.4500              0.0304              4.6641              0.0131  
backward:              0.4000             -0.0085              4.6556              0.0143  
backward:              0.3500             -0.0348              4.6208              0.0153  
backward:              0.3000             -0.0928              4.5280              0.0174  
backward:              0.2500             -0.1533              4.3747              0.0187  
backward:              0.2000             -0.2572              4.1175              0.0193  
backward:              0.1500             -0.4241              3.6933              0.0240  
backward:              0.1000             -0.8158              2.8775              0.1260  
backward:              0.0500             -1.1359              1.7417              0.1283  
backward:              0.0000             -1.8589             -0.1173              0.1326  
Inaccuracy estimation
======================================================================================================
                   i        i+δi          P0_overlap_P1   δε(forward)/ε   δε(backward)/ε
======================================================================================================
inaccuracy:  0.00000        0.05000           33.58           -0.02            2.03
inaccuracy:  0.05000        0.10000           42.16           -0.06            1.26
inaccuracy:  0.10000        0.15000           50.83           -0.04            0.75
inaccuracy:  0.15000        0.20000           57.54           -0.03            0.46
inaccuracy:  0.20000        0.25000           62.17           -0.03            0.30
inaccuracy:  0.25000        0.30000           65.15           -0.02            0.23
inaccuracy:  0.30000        0.35000           66.83           -0.03            0.20
inaccuracy:  0.35000        0.40000           68.77           -0.02            0.17
inaccuracy:  0.40000        0.45000           69.37           -0.03            0.16
inaccuracy:  0.45000        0.50000           70.11           -0.02            0.15
inaccuracy:  0.50000        0.55000           70.31           -0.03            0.13
inaccuracy:  0.55000        0.60000           70.83           -0.02            0.13
inaccuracy:  0.60000        0.65000           70.65           -0.03            0.12
inaccuracy:  0.65000        0.70000           69.72           -0.03            0.13
inaccuracy:  0.70000        0.75000           71.05           -0.03            0.12
inaccuracy:  0.75000        0.80000           70.54           -0.02            0.11
inaccuracy:  0.80000        0.85000           71.08           -0.03            0.12
inaccuracy:  0.85000        0.90000           70.73           -0.03            0.12
inaccuracy:  0.90000        0.95000           70.14           -0.03            0.12
inaccuracy:  0.95000        1.00000           70.55           -0.03            0.11
===================================================================================================================================
                BAR        
-----------------------------------------------------------------------------------------------------------------------------------
BAR-estimator:         λ             λ+δλ          ΔΔA             ΔA            C               Δδe            δe       
                          
-----------------------------------------------------------------------------------------------------------------------------------
BAR-estimator:      0.00000        0.05000        1.8547         1.8547         1.8547         0.0077         0.0077 
BAR-estimator:      0.05000        0.10000        1.1338         2.9885         1.1338         0.0062         0.0099 
BAR-estimator:      0.10000        0.15000        0.6893         3.6778         0.6893         0.0061         0.0117 
BAR-estimator:      0.15000        0.20000        0.4149         4.0926         0.4149         0.0048         0.0126 
BAR-estimator:      0.20000        0.25000        0.2507         4.3434         0.2507         0.0039         0.0132 
BAR-estimator:      0.25000        0.30000        0.1533         4.4966         0.1533         0.0037         0.0137 
BAR-estimator:      0.30000        0.35000        0.0902         4.5868         0.0902         0.0031         0.0141 
BAR-estimator:      0.35000        0.40000        0.0341         4.6209         0.0341         0.0028         0.0144 
BAR-estimator:      0.40000        0.45000        0.0049         4.6259         0.0049         0.0027         0.0146 
BAR-estimator:      0.45000        0.50000       -0.0274         4.5985        -0.0274         0.0026         0.0148 
BAR-estimator:      0.50000        0.55000       -0.0390         4.5595        -0.0390         0.0025         0.0151 
BAR-estimator:      0.55000        0.60000       -0.0639         4.4957        -0.0639         0.0027         0.0153 
BAR-estimator:      0.60000        0.65000       -0.0760         4.4197        -0.0760         0.0025         0.0155 
BAR-estimator:      0.65000        0.70000       -0.0909         4.3288        -0.0909         0.0025         0.0157 
BAR-estimator:      0.70000        0.75000       -0.1029         4.2260        -0.1029         0.0025         0.0159 
BAR-estimator:      0.75000        0.80000       -0.1111         4.1149        -0.1111         0.0024         0.0161 
BAR-estimator:      0.80000        0.85000       -0.1208         3.9941        -0.1208         0.0026         0.0163 
BAR-estimator:      0.85000        0.90000       -0.1315         3.8626        -0.1315         0.0023         0.0164 
BAR-estimator:      0.90000        0.95000       -0.1393         3.7233        -0.1393         0.0021         0.0166 
BAR-estimator:      0.95000        1.00000       -0.1438         3.5795        -0.1438         0.0024         0.0167 
BAR-estimator: total free energy change is 3.579534227059285 , total error is 0.016733605294859087
