#========================================================================================
#                     Free energy perturbation    
#----------------------------------------------------------------------------------------
#forward/backward          λ              ΔΔA                 ΔA                  δε   
#                                                 
#----------------------------------------------------------------------------------------
forward:               0.0000              0.0000              0.0000              0.0000  
forward:               0.0500              1.1604              1.1604              0.0106  
forward:               0.1000              0.6229              1.7833              0.0132  
forward:               0.1500              0.3583              2.1416              0.0138  
forward:               0.2000              0.2239              2.3655              0.0146  
forward:               0.2500              0.1520              2.5175              0.0150  
forward:               0.3000              0.0972              2.6146              0.0155  
forward:               0.3500              0.0647              2.6793              0.0158  
forward:               0.4000              0.0284              2.7077              0.0161  
forward:               0.4500              0.0125              2.7202              0.0161  
forward:               0.5000             -0.0033              2.7169              0.0165  
forward:               0.5500             -0.0497              2.6672              0.0167  
forward:               0.6000             -0.1160              2.5512              0.0169  
forward:               0.6500             -0.1649              2.3863              0.0171  
forward:               0.7000             -0.2114              2.1748              0.0173  
forward:               0.7500             -0.2352              1.9396              0.0174  
forward:               0.8000             -0.2614              1.6782              0.0175  
forward:               0.8500             -0.2814              1.3968              0.0177  
forward:               0.9000             -0.3026              1.0943              0.0178  
forward:               0.9500             -0.3206              0.7736              0.0179  
forward:               1.0000             -0.3295              0.4442              0.0180  
backward:              1.0000              0.0000              0.4442              0.0000  
backward:              0.9500              0.3290              0.7731              0.0026  
backward:              0.9000              0.3178              1.0909              0.0038  
backward:              0.8500              0.3013              1.3923              0.0044  
backward:              0.8000              0.2832              1.6755              0.0052  
backward:              0.7500              0.2608              1.9363              0.0059  
backward:              0.7000              0.2342              2.1705              0.0065  
backward:              0.6500              0.1984              2.3689              0.0074  
backward:              0.6000              0.1632              2.5322              0.0080  
backward:              0.5500              0.1181              2.6502              0.0085  
backward:              0.5000              0.0512              2.7014              0.0092  
backward:              0.4500              0.0082              2.7096              0.0098  
backward:              0.4000             -0.0104              2.6992              0.0104  
backward:              0.3500             -0.0381              2.6611              0.0110  
backward:              0.3000             -0.0547              2.6064              0.0116  
backward:              0.2500             -0.0952              2.5112              0.0142  
backward:              0.2000             -0.1411              2.3701              0.0149  
backward:              0.1500             -0.2343              2.1358              0.0177  
backward:              0.1000             -0.3577              1.7781              0.0193  
backward:              0.0500             -0.6172              1.1609              0.0224  
backward:              0.0000             -1.1611             -0.0002              0.0353  
Inaccuracy estimation
======================================================================================================
                   i        i+δi          P0_overlap_P1   δε(forward)/ε   δε(backward)/ε
======================================================================================================
inaccuracy:  0.00000        0.05000           43.67           -0.03            1.34
inaccuracy:  0.05000        0.10000           56.19           -0.02            0.61
inaccuracy:  0.10000        0.15000           65.22           -0.01            0.31
inaccuracy:  0.15000        0.20000           70.36           -0.01            0.20
inaccuracy:  0.20000        0.25000           72.42           -0.01            0.15
inaccuracy:  0.25000        0.30000           74.60           -0.01            0.12
inaccuracy:  0.30000        0.35000           75.71           -0.01            0.10
inaccuracy:  0.35000        0.40000           78.68           -0.01            0.08
inaccuracy:  0.40000        0.45000           78.29           -0.01            0.08
inaccuracy:  0.45000        0.50000           78.24           -0.01            0.07
inaccuracy:  0.50000        0.55000           75.13           -0.02            0.08
inaccuracy:  0.55000        0.60000           76.15           -0.02            0.07
inaccuracy:  0.60000        0.65000           77.43           -0.02            0.06
inaccuracy:  0.65000        0.70000           78.85           -0.02            0.06
inaccuracy:  0.70000        0.75000           78.18           -0.02            0.06
inaccuracy:  0.75000        0.80000           77.64           -0.02            0.05
inaccuracy:  0.80000        0.85000           77.40           -0.02            0.05
inaccuracy:  0.85000        0.90000           77.37           -0.02            0.05
inaccuracy:  0.90000        0.95000           77.52           -0.02            0.05
inaccuracy:  0.95000        1.00000           77.04           -0.03            0.05
===================================================================================================================================
                BAR        
-----------------------------------------------------------------------------------------------------------------------------------
BAR-estimator:         λ             λ+δλ          ΔΔA             ΔA            C               Δδe            δe       
                          
-----------------------------------------------------------------------------------------------------------------------------------
BAR-estimator:      0.00000        0.05000        1.1545         1.1545         1.1545         0.0061         0.0061 
BAR-estimator:      0.05000        0.10000        0.6252         1.7797         0.6252         0.0049         0.0078 
BAR-estimator:      0.10000        0.15000        0.3610         2.1407         0.3610         0.0043         0.0089 
BAR-estimator:      0.15000        0.20000        0.2250         2.3657         0.2250         0.0032         0.0094 
BAR-estimator:      0.20000        0.25000        0.1489         2.5146         0.1489         0.0024         0.0098 
BAR-estimator:      0.25000        0.30000        0.0949         2.6095         0.0949         0.0026         0.0101 
BAR-estimator:      0.30000        0.35000        0.0611         2.6706         0.0611         0.0021         0.0103 
BAR-estimator:      0.35000        0.40000        0.0335         2.7041         0.0335         0.0021         0.0105 
BAR-estimator:      0.40000        0.45000        0.0116         2.7156         0.0116         0.0019         0.0107 
BAR-estimator:      0.45000        0.50000       -0.0055         2.7102        -0.0055         0.0018         0.0108 
BAR-estimator:      0.50000        0.55000       -0.0522         2.6580        -0.0522         0.0021         0.0110 
BAR-estimator:      0.55000        0.60000       -0.1171         2.5409        -0.1171         0.0020         0.0112 
BAR-estimator:      0.60000        0.65000       -0.1646         2.3763        -0.1646         0.0019         0.0114 
BAR-estimator:      0.65000        0.70000       -0.2064         2.1699        -0.2064         0.0018         0.0115 
BAR-estimator:      0.70000        0.75000       -0.2340         1.9358        -0.2340         0.0017         0.0116 
BAR-estimator:      0.75000        0.80000       -0.2624         1.6734        -0.2624         0.0018         0.0118 
BAR-estimator:      0.80000        0.85000       -0.2825         1.3909        -0.2825         0.0020         0.0119 
BAR-estimator:      0.85000        0.90000       -0.3022         1.0887        -0.3022         0.0019         0.0121 
BAR-estimator:      0.90000        0.95000       -0.3194         0.7692        -0.3194         0.0019         0.0122 
BAR-estimator:      0.95000        1.00000       -0.3296         0.4397        -0.3296         0.0018         0.0124 
BAR-estimator: total free energy change is 0.43967934093329497 , total error is 0.012352901184026856
