#========================================================================================
#                     Free energy perturbation    
#----------------------------------------------------------------------------------------
#forward/backward          λ              ΔΔA                 ΔA                  δε   
#                                                 
#----------------------------------------------------------------------------------------
forward:               0.0000              0.0000              0.0000              0.0000  
forward:               0.0500              1.0592              1.0592              0.0096  
forward:               0.1000              0.6270              1.6861              0.0121  
forward:               0.1500              0.3810              2.0672              0.0134  
forward:               0.2000              0.2449              2.3120              0.0144  
forward:               0.2500              0.1685              2.4805              0.0150  
forward:               0.3000              0.1158              2.5963              0.0154  
forward:               0.3500              0.0838              2.6801              0.0157  
forward:               0.4000              0.0534              2.7335              0.0161  
forward:               0.4500              0.0281              2.7616              0.0164  
forward:               0.5000              0.0132              2.7748              0.0166  
forward:               0.5500             -0.0445              2.7303              0.0168  
forward:               0.6000             -0.1403              2.5900              0.0171  
forward:               0.6500             -0.2067              2.3833              0.0174  
forward:               0.7000             -0.2598              2.1235              0.0176  
forward:               0.7500             -0.3041              1.8194              0.0178  
forward:               0.8000             -0.3307              1.4887              0.0179  
forward:               0.8500             -0.3570              1.1317              0.0181  
forward:               0.9000             -0.3704              0.7614              0.0183  
forward:               0.9500             -0.3854              0.3760              0.0185  
forward:               1.0000             -0.3999             -0.0239              0.0187  
backward:              1.0000              0.0000             -0.0239              0.0000  
backward:              0.9500              0.3916              0.3676              0.0035  
backward:              0.9000              0.3885              0.7562              0.0046  
backward:              0.8500              0.3747              1.1309              0.0055  
backward:              0.8000              0.3492              1.4801              0.0064  
backward:              0.7500              0.3204              1.8005              0.0077  
backward:              0.7000              0.3001              2.1006              0.0083  
backward:              0.6500              0.2578              2.3584              0.0089  
backward:              0.6000              0.2064              2.5648              0.0094  
backward:              0.5500              0.1354              2.7002              0.0099  
backward:              0.5000              0.0471              2.7473              0.0105  
backward:              0.4500             -0.0173              2.7300              0.0111  
backward:              0.4000             -0.0276              2.7024              0.0116  
backward:              0.3500             -0.0541              2.6483              0.0122  
backward:              0.3000             -0.0790              2.5693              0.0128  
backward:              0.2500             -0.1114              2.4579              0.0135  
backward:              0.2000             -0.1593              2.2986              0.0137  
backward:              0.1500             -0.2486              2.0500              0.0151  
backward:              0.1000             -0.3857              1.6642              0.0175  
backward:              0.0500             -0.6119              1.0523              0.0212  
backward:              0.0000             -1.0571             -0.0048              0.0276  
Inaccuracy estimation
======================================================================================================
                   i        i+δi          P0_overlap_P1   δε(forward)/ε   δε(backward)/ε
======================================================================================================
inaccuracy:  0.00000        0.05000           46.57           -0.02            1.20
inaccuracy:  0.05000        0.10000           56.78           -0.02            0.58
inaccuracy:  0.10000        0.15000           64.55           -0.01            0.32
inaccuracy:  0.15000        0.20000           70.05           -0.01            0.22
inaccuracy:  0.20000        0.25000           71.67           -0.01            0.17
inaccuracy:  0.25000        0.30000           74.08           -0.01            0.13
inaccuracy:  0.30000        0.35000           74.39           -0.01            0.11
inaccuracy:  0.35000        0.40000           76.68           -0.01            0.10
inaccuracy:  0.40000        0.45000           77.20           -0.01            0.09
inaccuracy:  0.45000        0.50000           77.78           -0.01            0.08
inaccuracy:  0.50000        0.55000           73.27           -0.03            0.10
inaccuracy:  0.55000        0.60000           74.55           -0.03            0.08
inaccuracy:  0.60000        0.65000           74.98           -0.03            0.08
inaccuracy:  0.65000        0.70000           75.39           -0.03            0.07
inaccuracy:  0.70000        0.75000           76.02           -0.04            0.06
inaccuracy:  0.75000        0.80000           75.28           -0.04            0.06
inaccuracy:  0.80000        0.85000           75.52           -0.03            0.06
inaccuracy:  0.85000        0.90000           73.82           -0.03            0.06
inaccuracy:  0.90000        0.95000           74.31           -0.03            0.07
inaccuracy:  0.95000        1.00000           75.01           -0.03            0.07
===================================================================================================================================
                BAR        
-----------------------------------------------------------------------------------------------------------------------------------
BAR-estimator:         λ             λ+δλ          ΔΔA             ΔA            C               Δδe            δe       
                          
-----------------------------------------------------------------------------------------------------------------------------------
BAR-estimator:      0.00000        0.05000        1.0737         1.0737         1.0737         0.0054         0.0054 
BAR-estimator:      0.05000        0.10000        0.6271         1.7008         0.6271         0.0047         0.0072 
BAR-estimator:      0.10000        0.15000        0.3822         2.0829         0.3822         0.0039         0.0082 
BAR-estimator:      0.15000        0.20000        0.2493         2.3322         0.2493         0.0032         0.0088 
BAR-estimator:      0.20000        0.25000        0.1656         2.4978         0.1656         0.0028         0.0092 
BAR-estimator:      0.25000        0.30000        0.1160         2.6138         0.1160         0.0032         0.0098 
BAR-estimator:      0.30000        0.35000        0.0818         2.6956         0.0818         0.0022         0.0100 
BAR-estimator:      0.35000        0.40000        0.0547         2.7503         0.0547         0.0022         0.0103 
BAR-estimator:      0.40000        0.45000        0.0285         2.7789         0.0285         0.0021         0.0105 
BAR-estimator:      0.45000        0.50000        0.0151         2.7939         0.0151         0.0019         0.0106 
BAR-estimator:      0.50000        0.55000       -0.0466         2.7473        -0.0466         0.0022         0.0109 
BAR-estimator:      0.55000        0.60000       -0.1390         2.6083        -0.1390         0.0019         0.0110 
BAR-estimator:      0.60000        0.65000       -0.2064         2.4019        -0.2064         0.0022         0.0113 
BAR-estimator:      0.65000        0.70000       -0.2584         2.1435        -0.2584         0.0021         0.0114 
BAR-estimator:      0.70000        0.75000       -0.3013         1.8422        -0.3013         0.0021         0.0116 
BAR-estimator:      0.75000        0.80000       -0.3302         1.5120        -0.3302         0.0023         0.0119 
BAR-estimator:      0.80000        0.85000       -0.3538         1.1582        -0.3538         0.0022         0.0121 
BAR-estimator:      0.85000        0.90000       -0.3728         0.7854        -0.3728         0.0023         0.0123 
BAR-estimator:      0.90000        0.95000       -0.3853         0.4001        -0.3853         0.0022         0.0125 
BAR-estimator:      0.95000        1.00000       -0.3968         0.0033        -0.3968         0.0020         0.0126 
BAR-estimator: total free energy change is 0.00329274913826344 , total error is 0.012640368989704573
