#========================================================================================
#                     Free energy perturbation    
#----------------------------------------------------------------------------------------
#forward/backward          λ              ΔΔA                 ΔA                  δε   
#                                                 
#----------------------------------------------------------------------------------------
forward:               0.0000              0.0000              0.0000              0.0000  
forward:               0.0500              1.5231              1.5231              0.0140  
forward:               0.1000              0.9395              2.4626              0.0182  
forward:               0.1500              0.5149              2.9775              0.0202  
forward:               0.2000              0.3023              3.2798              0.0210  
forward:               0.2500              0.1871              3.4669              0.0218  
forward:               0.3000              0.1089              3.5758              0.0221  
forward:               0.3500              0.0565              3.6323              0.0225  
forward:               0.4000              0.0172              3.6495              0.0228  
forward:               0.4500             -0.0096              3.6399              0.0231  
forward:               0.5000             -0.0303              3.6096              0.0233  
forward:               0.5500             -0.1403              3.4693              0.0238  
forward:               0.6000             -0.2980              3.1713              0.0241  
forward:               0.6500             -0.4795              2.6917              0.0247  
forward:               0.7000             -0.6369              2.0549              0.0251  
forward:               0.7500             -0.7266              1.3283              0.0255  
forward:               0.8000             -0.7660              0.5623              0.0258  
forward:               0.8500             -0.7623             -0.1999              0.0261  
forward:               0.9000             -0.7399             -0.9398              0.0264  
forward:               0.9500             -0.7098             -1.6497              0.0266  
forward:               1.0000             -0.6764             -2.3261              0.0270  
backward:              1.0000              0.0000             -2.3261              0.0000  
backward:              0.9500              0.6736             -1.6526              0.0046  
backward:              0.9000              0.7073             -0.9453              0.0069  
backward:              0.8500              0.7224             -0.2229              0.0083  
backward:              0.8000              0.7578              0.5349              0.0098  
backward:              0.7500              0.7712              1.3061              0.0109  
backward:              0.7000              0.7249              2.0309              0.0120  
backward:              0.6500              0.6215              2.6525              0.0133  
backward:              0.6000              0.4874              3.1399              0.0142  
backward:              0.5500              0.3019              3.4417              0.0155  
backward:              0.5000              0.1270              3.5688              0.0166  
backward:              0.4500              0.0316              3.6003              0.0178  
backward:              0.4000              0.0046              3.6050              0.0182  
backward:              0.3500             -0.0242              3.5808              0.0188  
backward:              0.3000             -0.0526              3.5282              0.0196  
backward:              0.2500             -0.0968              3.4314              0.0205  
backward:              0.2000             -0.1913              3.2401              0.0216  
backward:              0.1500             -0.3037              2.9364              0.0218  
backward:              0.1000             -0.5234              2.4130              0.0244  
backward:              0.0500             -0.9251              1.4878              0.0304  
backward:              0.0000             -1.5712             -0.0833              0.0464  
Inaccuracy estimation
======================================================================================================
                   i        i+δi          P0_overlap_P1   δε(forward)/ε   δε(backward)/ε
======================================================================================================
inaccuracy:  0.00000        0.05000           39.13           -0.03            1.50
inaccuracy:  0.05000        0.10000           45.58           -0.04            1.01
inaccuracy:  0.10000        0.15000           56.80           -0.02            0.54
inaccuracy:  0.15000        0.20000           62.98           -0.02            0.34
inaccuracy:  0.20000        0.25000           66.58           -0.02            0.24
inaccuracy:  0.25000        0.30000           68.00           -0.02            0.20
inaccuracy:  0.30000        0.35000           70.10           -0.02            0.15
inaccuracy:  0.35000        0.40000           72.17           -0.02            0.13
inaccuracy:  0.40000        0.45000           72.82           -0.01            0.12
inaccuracy:  0.45000        0.50000           72.55           -0.02            0.13
inaccuracy:  0.50000        0.55000           67.85           -0.07            0.14
inaccuracy:  0.55000        0.60000           66.45           -0.10            0.12
inaccuracy:  0.60000        0.65000           65.37           -0.12            0.10
inaccuracy:  0.65000        0.70000           66.91           -0.11            0.08
inaccuracy:  0.70000        0.75000           66.76           -0.10            0.07
inaccuracy:  0.75000        0.80000           66.89           -0.10            0.07
inaccuracy:  0.80000        0.85000           66.87           -0.09            0.08
inaccuracy:  0.85000        0.90000           67.29           -0.08            0.09
inaccuracy:  0.90000        0.95000           66.11           -0.08            0.10
inaccuracy:  0.95000        1.00000           65.43           -0.07            0.10
===================================================================================================================================
                BAR        
-----------------------------------------------------------------------------------------------------------------------------------
BAR-estimator:         λ             λ+δλ          ΔΔA             ΔA            C               Δδe            δe       
                          
-----------------------------------------------------------------------------------------------------------------------------------
BAR-estimator:      0.00000        0.05000        1.5383         1.5383         1.5383         0.0067         0.0067 
BAR-estimator:      0.05000        0.10000        0.9422         2.4804         0.9422         0.0066         0.0094 
BAR-estimator:      0.10000        0.15000        0.5257         3.0062         0.5257         0.0056         0.0110 
BAR-estimator:      0.15000        0.20000        0.3061         3.3123         0.3061         0.0037         0.0116 
BAR-estimator:      0.20000        0.25000        0.1870         3.4993         0.1870         0.0035         0.0121 
BAR-estimator:      0.25000        0.30000        0.1048         3.6041         0.1048         0.0031         0.0125 
BAR-estimator:      0.30000        0.35000        0.0544         3.6585         0.0544         0.0030         0.0129 
BAR-estimator:      0.35000        0.40000        0.0179         3.6764         0.0179         0.0028         0.0132 
BAR-estimator:      0.40000        0.45000       -0.0077         3.6687        -0.0077         0.0026         0.0134 
BAR-estimator:      0.45000        0.50000       -0.0320         3.6366        -0.0320         0.0023         0.0136 
BAR-estimator:      0.50000        0.55000       -0.1365         3.5001        -0.1365         0.0029         0.0139 
BAR-estimator:      0.55000        0.60000       -0.2989         3.2012        -0.2989         0.0026         0.0142 
BAR-estimator:      0.60000        0.65000       -0.4811         2.7201        -0.4811         0.0031         0.0145 
BAR-estimator:      0.65000        0.70000       -0.6316         2.0886        -0.6316         0.0030         0.0148 
BAR-estimator:      0.70000        0.75000       -0.7272         1.3614        -0.7272         0.0033         0.0152 
BAR-estimator:      0.75000        0.80000       -0.7678         0.5936        -0.7678         0.0029         0.0154 
BAR-estimator:      0.80000        0.85000       -0.7602        -0.1666        -0.7602         0.0029         0.0157 
BAR-estimator:      0.85000        0.90000       -0.7336        -0.9001        -0.7336         0.0031         0.0160 
BAR-estimator:      0.90000        0.95000       -0.7098        -1.6099        -0.7098         0.0027         0.0163 
BAR-estimator:      0.95000        1.00000       -0.6757        -2.2856        -0.6757         0.0031         0.0165 
BAR-estimator: total free energy change is -2.2855683055405223 , total error is 0.016543633854673716
