#========================================================================================
#                     Free energy perturbation    
#----------------------------------------------------------------------------------------
#forward/backward          λ              ΔΔA                 ΔA                  δε   
#                                                 
#----------------------------------------------------------------------------------------
forward:               0.0000              0.0000              0.0000              0.0000  
forward:               0.0500              2.3705              2.3705              0.0200  
forward:               0.1000              1.3628              3.7333              0.0253  
forward:               0.1500              0.7393              4.4726              0.0278  
forward:               0.2000              0.3810              4.8535              0.0304  
forward:               0.2500              0.2151              5.0686              0.0310  
forward:               0.3000              0.1195              5.1881              0.0314  
forward:               0.3500              0.0228              5.2109              0.0318  
forward:               0.4000             -0.0095              5.2013              0.0321  
forward:               0.4500             -0.0521              5.1492              0.0324  
forward:               0.5000             -0.0824              5.0669              0.0326  
forward:               0.5500             -0.1329              4.9340              0.0329  
forward:               0.6000             -0.2402              4.6937              0.0331  
forward:               0.6500             -0.3322              4.3616              0.0335  
forward:               0.7000             -0.4047              3.9569              0.0338  
forward:               0.7500             -0.4742              3.4827              0.0340  
forward:               0.8000             -0.5276              2.9551              0.0342  
forward:               0.8500             -0.5662              2.3889              0.0344  
forward:               0.9000             -0.5987              1.7902              0.0346  
forward:               0.9500             -0.6248              1.1653              0.0348  
forward:               1.0000             -0.6399              0.5254              0.0350  
backward:              1.0000              0.0000              0.5254              0.0000  
backward:              0.9500              0.6290              1.1544              0.0049  
backward:              0.9000              0.6222              1.7766              0.0067  
backward:              0.8500              0.5917              2.3682              0.0082  
backward:              0.8000              0.5645              2.9327              0.0096  
backward:              0.7500              0.5127              3.4454              0.0117  
backward:              0.7000              0.4777              3.9232              0.0128  
backward:              0.6500              0.4045              4.3277              0.0137  
backward:              0.6000              0.3259              4.6536              0.0146  
backward:              0.5500              0.2296              4.8832              0.0156  
backward:              0.5000              0.1296              5.0127              0.0166  
backward:              0.4500              0.0835              5.0963              0.0172  
backward:              0.4000              0.0668              5.1631              0.0179  
backward:              0.3500              0.0180              5.1811              0.0198  
backward:              0.3000             -0.0339              5.1472              0.0209  
backward:              0.2500             -0.1095              5.0377              0.0221  
backward:              0.2000             -0.2121              4.8256              0.0235  
backward:              0.1500             -0.3967              4.4289              0.0266  
backward:              0.1000             -0.7512              3.6777              0.0338  
backward:              0.0500             -1.7918              1.8859              0.3103  
backward:              0.0000             -2.3226             -0.4366              0.3125  
Inaccuracy estimation
======================================================================================================
                   i        i+δi          P0_overlap_P1   δε(forward)/ε   δε(backward)/ε
======================================================================================================
inaccuracy:  0.00000        0.05000           28.24            0.05            2.84
inaccuracy:  0.05000        0.10000           37.63           -0.06            1.73
inaccuracy:  0.10000        0.15000           47.97           -0.05            0.84
inaccuracy:  0.15000        0.20000           57.82           -0.03            0.48
inaccuracy:  0.20000        0.25000           61.25           -0.03            0.33
inaccuracy:  0.25000        0.30000           63.57           -0.03            0.25
inaccuracy:  0.30000        0.35000           67.18           -0.02            0.19
inaccuracy:  0.35000        0.40000           67.44           -0.02            0.19
inaccuracy:  0.40000        0.45000           67.78           -0.03            0.16
inaccuracy:  0.45000        0.50000           69.56           -0.03            0.14
inaccuracy:  0.50000        0.55000           66.66           -0.05            0.15
inaccuracy:  0.55000        0.60000           67.30           -0.05            0.13
inaccuracy:  0.60000        0.65000           67.90           -0.05            0.12
inaccuracy:  0.65000        0.70000           67.98           -0.06            0.11
inaccuracy:  0.70000        0.75000           67.53           -0.07            0.10
inaccuracy:  0.75000        0.80000           68.54           -0.07            0.09
inaccuracy:  0.80000        0.85000           67.68           -0.07            0.09
inaccuracy:  0.85000        0.90000           68.17           -0.06            0.09
inaccuracy:  0.90000        0.95000           67.50           -0.06            0.08
inaccuracy:  0.95000        1.00000           67.95           -0.06            0.08
===================================================================================================================================
                BAR        
-----------------------------------------------------------------------------------------------------------------------------------
BAR-estimator:         λ             λ+δλ          ΔΔA             ΔA            C               Δδe            δe       
                          
-----------------------------------------------------------------------------------------------------------------------------------
BAR-estimator:      0.00000        0.05000        2.3532         2.3532         2.3532         0.0097         0.0097 
BAR-estimator:      0.05000        0.10000        1.3751         3.7283         1.3751         0.0080         0.0125 
BAR-estimator:      0.10000        0.15000        0.7449         4.4732         0.7449         0.0068         0.0143 
BAR-estimator:      0.15000        0.20000        0.3930         4.8663         0.3930         0.0053         0.0152 
BAR-estimator:      0.20000        0.25000        0.2148         5.0811         0.2148         0.0044         0.0158 
BAR-estimator:      0.25000        0.30000        0.1151         5.1962         0.1151         0.0034         0.0162 
BAR-estimator:      0.30000        0.35000        0.0264         5.2225         0.0264         0.0034         0.0166 
BAR-estimator:      0.35000        0.40000       -0.0104         5.2122        -0.0104         0.0033         0.0169 
BAR-estimator:      0.40000        0.45000       -0.0581         5.1541        -0.0581         0.0028         0.0171 
BAR-estimator:      0.45000        0.50000       -0.0816         5.0725        -0.0816         0.0027         0.0173 
BAR-estimator:      0.50000        0.55000       -0.1308         4.9416        -0.1308         0.0034         0.0177 
BAR-estimator:      0.55000        0.60000       -0.2367         4.7050        -0.2367         0.0028         0.0179 
BAR-estimator:      0.60000        0.65000       -0.3298         4.3752        -0.3298         0.0031         0.0181 
BAR-estimator:      0.65000        0.70000       -0.4048         3.9704        -0.4048         0.0027         0.0184 
BAR-estimator:      0.70000        0.75000       -0.4762         3.4942        -0.4762         0.0027         0.0186 
BAR-estimator:      0.75000        0.80000       -0.5243         2.9700        -0.5243         0.0028         0.0188 
BAR-estimator:      0.80000        0.85000       -0.5647         2.4053        -0.5647         0.0030         0.0190 
BAR-estimator:      0.85000        0.90000       -0.5953         1.8100        -0.5953         0.0031         0.0193 
BAR-estimator:      0.90000        0.95000       -0.6239         1.1861        -0.6239         0.0026         0.0194 
BAR-estimator:      0.95000        1.00000       -0.6361         0.5500        -0.6361         0.0028         0.0196 
BAR-estimator: total free energy change is 0.5499941324464166 , total error is 0.019633681965975387
