#========================================================================================
#                     Free energy perturbation    
#----------------------------------------------------------------------------------------
#forward/backward          λ              ΔΔA                 ΔA                  δε   
#                                                 
#----------------------------------------------------------------------------------------
forward:               0.0000              0.0000              0.0000              0.0000  
forward:               0.0500              2.3255              2.3255              0.0212  
forward:               0.1000              1.4085              3.7339              0.0260  
forward:               0.1500              0.8175              4.5514              0.0280  
forward:               0.2000              0.4648              5.0163              0.0295  
forward:               0.2500              0.2679              5.2842              0.0303  
forward:               0.3000              0.1511              5.4353              0.0309  
forward:               0.3500              0.0874              5.5227              0.0313  
forward:               0.4000              0.0123              5.5350              0.0318  
forward:               0.4500             -0.0161              5.5189              0.0322  
forward:               0.5000             -0.0542              5.4647              0.0324  
forward:               0.5500             -0.0751              5.3895              0.0327  
forward:               0.6000             -0.0950              5.2946              0.0329  
forward:               0.6500             -0.1297              5.1649              0.0331  
forward:               0.7000             -0.1354              5.0295              0.0333  
forward:               0.7500             -0.1487              4.8808              0.0335  
forward:               0.8000             -0.1645              4.7163              0.0336  
forward:               0.8500             -0.1711              4.5452              0.0338  
forward:               0.9000             -0.1916              4.3536              0.0339  
forward:               0.9500             -0.2001              4.1536              0.0341  
forward:               1.0000             -0.2013              3.9523              0.0342  
backward:              1.0000              0.0000              3.9523              0.0000  
backward:              0.9500              0.1888              4.1411              0.0053  
backward:              0.9000              0.1891              4.3302              0.0069  
backward:              0.8500              0.1777              4.5079              0.0083  
backward:              0.8000              0.1694              4.6772              0.0093  
backward:              0.7500              0.1635              4.8408              0.0105  
backward:              0.7000              0.1480              4.9887              0.0115  
backward:              0.6500              0.1331              5.1218              0.0124  
backward:              0.6000              0.1203              5.2421              0.0132  
backward:              0.5500              0.0998              5.3419              0.0142  
backward:              0.5000              0.0787              5.4206              0.0151  
backward:              0.4500              0.0510              5.4716              0.0159  
backward:              0.4000              0.0126              5.4842              0.0182  
backward:              0.3500             -0.0182              5.4660              0.0192  
backward:              0.3000             -0.0850              5.3810              0.0210  
backward:              0.2500             -0.1542              5.2268              0.0224  
backward:              0.2000             -0.2827              4.9441              0.0242  
backward:              0.1500             -0.4732              4.4709              0.0283  
backward:              0.1000             -0.8789              3.5920              0.0378  
backward:              0.0500             -1.4492              2.1428              0.0547  
backward:              0.0000             -2.5785             -0.4357              0.1332  
Inaccuracy estimation
======================================================================================================
                   i        i+δi          P0_overlap_P1   δε(forward)/ε   δε(backward)/ε
======================================================================================================
inaccuracy:  0.00000        0.05000           28.13            0.04            2.82
inaccuracy:  0.05000        0.10000           37.37           -0.06            1.69
inaccuracy:  0.10000        0.15000           47.22           -0.06            0.92
inaccuracy:  0.15000        0.20000           54.54           -0.04            0.55
inaccuracy:  0.20000        0.25000           59.93           -0.04            0.37
inaccuracy:  0.25000        0.30000           62.41           -0.04            0.28
inaccuracy:  0.30000        0.35000           63.18           -0.04            0.23
inaccuracy:  0.35000        0.40000           65.93           -0.04            0.20
inaccuracy:  0.40000        0.45000           65.89           -0.04            0.18
inaccuracy:  0.45000        0.50000           67.39           -0.04            0.17
inaccuracy:  0.50000        0.55000           67.24           -0.03            0.17
inaccuracy:  0.55000        0.60000           67.26           -0.03            0.15
inaccuracy:  0.60000        0.65000           69.09           -0.04            0.14
inaccuracy:  0.65000        0.70000           68.29           -0.03            0.14
inaccuracy:  0.70000        0.75000           68.29           -0.04            0.14
inaccuracy:  0.75000        0.80000           68.17           -0.03            0.13
inaccuracy:  0.80000        0.85000           68.29           -0.03            0.13
inaccuracy:  0.85000        0.90000           69.40           -0.04            0.12
inaccuracy:  0.90000        0.95000           69.10           -0.04            0.13
inaccuracy:  0.95000        1.00000           68.79           -0.04            0.13
===================================================================================================================================
                BAR        
-----------------------------------------------------------------------------------------------------------------------------------
BAR-estimator:         λ             λ+δλ          ΔΔA             ΔA            C               Δδe            δe       
                          
-----------------------------------------------------------------------------------------------------------------------------------
BAR-estimator:      0.00000        0.05000        2.3229         2.3229         2.3229         0.0086         0.0086 
BAR-estimator:      0.05000        0.10000        1.4173         3.7402         1.4173         0.0081         0.0118 
BAR-estimator:      0.10000        0.15000        0.8293         4.5696         0.8293         0.0059         0.0132 
BAR-estimator:      0.15000        0.20000        0.4702         5.0398         0.4702         0.0057         0.0143 
BAR-estimator:      0.20000        0.25000        0.2771         5.3169         0.2771         0.0044         0.0150 
BAR-estimator:      0.25000        0.30000        0.1542         5.4711         0.1542         0.0038         0.0155 
BAR-estimator:      0.30000        0.35000        0.0823         5.5533         0.0823         0.0034         0.0159 
BAR-estimator:      0.35000        0.40000        0.0162         5.5696         0.0162         0.0036         0.0163 
BAR-estimator:      0.40000        0.45000       -0.0196         5.5500        -0.0196         0.0034         0.0166 
BAR-estimator:      0.45000        0.50000       -0.0549         5.4952        -0.0549         0.0029         0.0169 
BAR-estimator:      0.50000        0.55000       -0.0759         5.4193        -0.0759         0.0028         0.0171 
BAR-estimator:      0.55000        0.60000       -0.0978         5.3215        -0.0978         0.0028         0.0173 
BAR-estimator:      0.60000        0.65000       -0.1260         5.1955        -0.1260         0.0027         0.0175 
BAR-estimator:      0.65000        0.70000       -0.1339         5.0616        -0.1339         0.0027         0.0177 
BAR-estimator:      0.70000        0.75000       -0.1492         4.9124        -0.1492         0.0028         0.0179 
BAR-estimator:      0.75000        0.80000       -0.1642         4.7482        -0.1642         0.0028         0.0182 
BAR-estimator:      0.80000        0.85000       -0.1727         4.5755        -0.1727         0.0027         0.0184 
BAR-estimator:      0.85000        0.90000       -0.1872         4.3883        -0.1872         0.0027         0.0186 
BAR-estimator:      0.90000        0.95000       -0.1964         4.1920        -0.1964         0.0026         0.0187 
BAR-estimator:      0.95000        1.00000       -0.1979         3.9941        -0.1979         0.0025         0.0189 
BAR-estimator: total free energy change is 3.994082775822613 , total error is 0.01890285547629712
