#========================================================================================
#                     Free energy perturbation    
#----------------------------------------------------------------------------------------
#forward/backward          λ              ΔΔA                 ΔA                  δε   
#                                                 
#----------------------------------------------------------------------------------------
forward:               0.0000              0.0000              0.0000              0.0000  
forward:               0.0500              1.5620              1.5620              0.0137  
forward:               0.1000              0.8962              2.4581              0.0185  
forward:               0.1500              0.4575              2.9156              0.0202  
forward:               0.2000              0.2480              3.1636              0.0212  
forward:               0.2500              0.1425              3.3060              0.0213  
forward:               0.3000              0.0637              3.3697              0.0216  
forward:               0.3500              0.0231              3.3927              0.0219  
forward:               0.4000             -0.0160              3.3767              0.0222  
forward:               0.4500             -0.0366              3.3401              0.0224  
forward:               0.5000             -0.0643              3.2759              0.0226  
forward:               0.5500             -0.1862              3.0897              0.0230  
forward:               0.6000             -0.4105              2.6792              0.0234  
forward:               0.6500             -0.6142              2.0649              0.0239  
forward:               0.7000             -0.7903              1.2746              0.0245  
forward:               0.7500             -0.9190              0.3557              0.0250  
forward:               0.8000             -0.9719             -0.6162              0.0254  
forward:               0.8500             -0.9820             -1.5983              0.0256  
forward:               0.9000             -0.9852             -2.5835              0.0259  
forward:               0.9500             -0.9635             -3.5469              0.0261  
forward:               1.0000             -0.9457             -4.4926              0.0263  
backward:              1.0000              0.0000             -4.4926              0.0000  
backward:              0.9500              0.9411             -3.5515              0.0045  
backward:              0.9000              0.9652             -2.5863              0.0064  
backward:              0.8500              0.9866             -1.5997              0.0079  
backward:              0.8000              0.9893             -0.6104              0.0093  
backward:              0.7500              0.9795              0.3690              0.0109  
backward:              0.7000              0.9167              1.2857              0.0122  
backward:              0.6500              0.7995              2.0852              0.0141  
backward:              0.6000              0.6090              2.6941              0.0150  
backward:              0.5500              0.4069              3.1010              0.0157  
backward:              0.5000              0.1880              3.2891              0.0166  
backward:              0.4500              0.0625              3.3516              0.0170  
backward:              0.4000              0.0349              3.3865              0.0175  
backward:              0.3500              0.0197              3.4061              0.0179  
backward:              0.3000             -0.0206              3.3855              0.0185  
backward:              0.2500             -0.0722              3.3133              0.0191  
backward:              0.2000             -0.1297              3.1836              0.0201  
backward:              0.1500             -0.2448              2.9389              0.0214  
backward:              0.1000             -0.4523              2.4866              0.0240  
backward:              0.0500             -0.9207              1.5659              0.0363  
backward:              0.0000             -1.5233              0.0425              0.0425  
Inaccuracy estimation
======================================================================================================
                   i        i+δi          P0_overlap_P1   δε(forward)/ε   δε(backward)/ε
======================================================================================================
inaccuracy:  0.00000        0.05000           37.48           -0.03            1.56
inaccuracy:  0.05000        0.10000           47.57           -0.04            0.99
inaccuracy:  0.10000        0.15000           57.82           -0.03            0.51
inaccuracy:  0.15000        0.20000           64.75           -0.02            0.29
inaccuracy:  0.20000        0.25000           68.03           -0.01            0.20
inaccuracy:  0.25000        0.30000           72.14           -0.01            0.15
inaccuracy:  0.30000        0.35000           72.83           -0.01            0.13
inaccuracy:  0.35000        0.40000           73.91           -0.01            0.11
inaccuracy:  0.40000        0.45000           74.50           -0.02            0.10
inaccuracy:  0.45000        0.50000           75.64           -0.01            0.09
inaccuracy:  0.50000        0.55000           66.03           -0.08            0.15
inaccuracy:  0.55000        0.60000           66.99           -0.10            0.10
inaccuracy:  0.60000        0.65000           66.72           -0.12            0.08
inaccuracy:  0.65000        0.70000           65.81           -0.12            0.06
inaccuracy:  0.70000        0.75000           66.95           -0.12            0.05
inaccuracy:  0.75000        0.80000           66.12           -0.11            0.05
inaccuracy:  0.80000        0.85000           65.39           -0.10            0.05
inaccuracy:  0.85000        0.90000           66.11           -0.09            0.06
inaccuracy:  0.90000        0.95000           65.68           -0.10            0.07
inaccuracy:  0.95000        1.00000           65.69           -0.10            0.07
===================================================================================================================================
                BAR        
-----------------------------------------------------------------------------------------------------------------------------------
BAR-estimator:         λ             λ+δλ          ΔΔA             ΔA            C               Δδe            δe       
                          
-----------------------------------------------------------------------------------------------------------------------------------
BAR-estimator:      0.00000        0.05000        1.5466         1.5466         1.5466         0.0070         0.0070 
BAR-estimator:      0.05000        0.10000        0.8980         2.4445         0.8980         0.0074         0.0102 
BAR-estimator:      0.10000        0.15000        0.4581         2.9027         0.4581         0.0052         0.0115 
BAR-estimator:      0.15000        0.20000        0.2482         3.1509         0.2482         0.0046         0.0124 
BAR-estimator:      0.20000        0.25000        0.1379         3.2888         0.1379         0.0021         0.0125 
BAR-estimator:      0.25000        0.30000        0.0669         3.3556         0.0669         0.0029         0.0129 
BAR-estimator:      0.30000        0.35000        0.0218         3.3775         0.0218         0.0025         0.0131 
BAR-estimator:      0.35000        0.40000       -0.0170         3.3605        -0.0170         0.0024         0.0133 
BAR-estimator:      0.40000        0.45000       -0.0358         3.3247        -0.0358         0.0026         0.0136 
BAR-estimator:      0.45000        0.50000       -0.0627         3.2620        -0.0627         0.0021         0.0137 
BAR-estimator:      0.50000        0.55000       -0.1858         3.0763        -0.1858         0.0028         0.0140 
BAR-estimator:      0.55000        0.60000       -0.4110         2.6653        -0.4110         0.0030         0.0143 
BAR-estimator:      0.60000        0.65000       -0.6121         2.0532        -0.6121         0.0027         0.0146 
BAR-estimator:      0.65000        0.70000       -0.7926         1.2606        -0.7926         0.0030         0.0149 
BAR-estimator:      0.70000        0.75000       -0.9158         0.3448        -0.9158         0.0031         0.0152 
BAR-estimator:      0.75000        0.80000       -0.9743        -0.6295        -0.9743         0.0030         0.0155 
BAR-estimator:      0.80000        0.85000       -0.9867        -1.6162        -0.9867         0.0029         0.0158 
BAR-estimator:      0.85000        0.90000       -0.9823        -2.5985        -0.9823         0.0021         0.0159 
BAR-estimator:      0.90000        0.95000       -0.9638        -3.5623        -0.9638         0.0032         0.0162 
BAR-estimator:      0.95000        1.00000       -0.9441        -4.5064        -0.9441         0.0029         0.0165 
BAR-estimator: total free energy change is -4.506434591867554 , total error is 0.016468255184729462
