#========================================================================================
#                     Free energy perturbation    
#----------------------------------------------------------------------------------------
#forward/backward          λ              ΔΔA                 ΔA                  δε   
#                                                 
#----------------------------------------------------------------------------------------
forward:               0.0000              0.0000              0.0000              0.0000  
forward:               0.0500              1.1479              1.1479              0.0113  
forward:               0.1000              0.6239              1.7718              0.0137  
forward:               0.1500              0.3349              2.1067              0.0148  
forward:               0.2000              0.2177              2.3244              0.0159  
forward:               0.2500              0.1159              2.4403              0.0164  
forward:               0.3000              0.0728              2.5130              0.0168  
forward:               0.3500              0.0290              2.5420              0.0171  
forward:               0.4000              0.0119              2.5539              0.0175  
forward:               0.4500             -0.0099              2.5440              0.0178  
forward:               0.5000             -0.0260              2.5180              0.0180  
forward:               0.5500             -0.0641              2.4539              0.0183  
forward:               0.6000             -0.1939              2.2600              0.0187  
forward:               0.6500             -0.3059              1.9542              0.0190  
forward:               0.7000             -0.3990              1.5552              0.0194  
forward:               0.7500             -0.4762              1.0790              0.0197  
forward:               0.8000             -0.5538              0.5252              0.0200  
forward:               0.8500             -0.5985             -0.0733              0.0203  
forward:               0.9000             -0.6386             -0.7119              0.0206  
forward:               0.9500             -0.6562             -1.3682              0.0208  
forward:               1.0000             -0.6687             -2.0369              0.0210  
backward:              1.0000              0.0000             -2.0369              0.0000  
backward:              0.9500              0.6629             -1.3740              0.0038  
backward:              0.9000              0.6599             -0.7141              0.0053  
backward:              0.8500              0.6385             -0.0756              0.0066  
backward:              0.8000              0.6008              0.5252              0.0073  
backward:              0.7500              0.5428              1.0680              0.0085  
backward:              0.7000              0.4732              1.5412              0.0097  
backward:              0.6500              0.3919              1.9331              0.0106  
backward:              0.6000              0.3093              2.2424              0.0113  
backward:              0.5500              0.1948              2.4371              0.0124  
backward:              0.5000              0.0663              2.5034              0.0130  
backward:              0.4500              0.0268              2.5302              0.0135  
backward:              0.4000              0.0102              2.5404              0.0140  
backward:              0.3500             -0.0184              2.5220              0.0146  
backward:              0.3000             -0.0336              2.4884              0.0153  
backward:              0.2500             -0.0628              2.4256              0.0159  
backward:              0.2000             -0.1261              2.2995              0.0169  
backward:              0.1500             -0.2083              2.0913              0.0181  
backward:              0.1000             -0.3517              1.7395              0.0204  
backward:              0.0500             -0.6213              1.1182              0.0263  
backward:              0.0000             -1.1484             -0.0302              0.0332  
Inaccuracy estimation
======================================================================================================
                   i        i+δi          P0_overlap_P1   δε(forward)/ε   δε(backward)/ε
======================================================================================================
inaccuracy:  0.00000        0.05000           42.68           -0.03            1.12
inaccuracy:  0.05000        0.10000           54.27           -0.02            0.69
inaccuracy:  0.10000        0.15000           64.47           -0.01            0.33
inaccuracy:  0.15000        0.20000           67.63           -0.01            0.22
inaccuracy:  0.20000        0.25000           72.76           -0.01            0.15
inaccuracy:  0.25000        0.30000           73.04           -0.01            0.13
inaccuracy:  0.30000        0.35000           75.43           -0.01            0.11
inaccuracy:  0.35000        0.40000           76.08           -0.01            0.10
inaccuracy:  0.40000        0.45000           76.42           -0.01            0.09
inaccuracy:  0.45000        0.50000           76.75           -0.01            0.09
inaccuracy:  0.50000        0.55000           71.04           -0.04            0.11
inaccuracy:  0.55000        0.60000           71.59           -0.05            0.09
inaccuracy:  0.60000        0.65000           72.12           -0.05            0.08
inaccuracy:  0.65000        0.70000           72.40           -0.05            0.07
inaccuracy:  0.70000        0.75000           72.62           -0.05            0.06
inaccuracy:  0.75000        0.80000           72.62           -0.05            0.06
inaccuracy:  0.80000        0.85000           71.46           -0.06            0.05
inaccuracy:  0.85000        0.90000           72.39           -0.06            0.05
inaccuracy:  0.90000        0.95000           71.70           -0.05            0.05
inaccuracy:  0.95000        1.00000           72.22           -0.06            0.05
===================================================================================================================================
                BAR        
-----------------------------------------------------------------------------------------------------------------------------------
BAR-estimator:         λ             λ+δλ          ΔΔA             ΔA            C               Δδe            δe       
                          
-----------------------------------------------------------------------------------------------------------------------------------
BAR-estimator:      0.00000        0.05000        1.1473         1.1473         1.1473         0.0065         0.0065 
BAR-estimator:      0.05000        0.10000        0.6215         1.7688         0.6215         0.0051         0.0082 
BAR-estimator:      0.10000        0.15000        0.3390         2.1078         0.3390         0.0040         0.0092 
BAR-estimator:      0.15000        0.20000        0.2112         2.3190         0.2112         0.0037         0.0099 
BAR-estimator:      0.20000        0.25000        0.1189         2.4379         0.1189         0.0029         0.0103 
BAR-estimator:      0.25000        0.30000        0.0694         2.5073         0.0694         0.0025         0.0106 
BAR-estimator:      0.30000        0.35000        0.0303         2.5377         0.0303         0.0024         0.0109 
BAR-estimator:      0.35000        0.40000        0.0133         2.5509         0.0133         0.0024         0.0111 
BAR-estimator:      0.40000        0.45000       -0.0097         2.5412        -0.0097         0.0020         0.0113 
BAR-estimator:      0.45000        0.50000       -0.0253         2.5159        -0.0253         0.0019         0.0115 
BAR-estimator:      0.50000        0.55000       -0.0644         2.4515        -0.0644         0.0024         0.0117 
BAR-estimator:      0.55000        0.60000       -0.1955         2.2561        -0.1955         0.0025         0.0120 
BAR-estimator:      0.60000        0.65000       -0.3052         1.9508        -0.3052         0.0026         0.0123 
BAR-estimator:      0.65000        0.70000       -0.3985         1.5523        -0.3985         0.0026         0.0125 
BAR-estimator:      0.70000        0.75000       -0.4747         1.0776        -0.4747         0.0025         0.0128 
BAR-estimator:      0.75000        0.80000       -0.5498         0.5278        -0.5498         0.0029         0.0131 
BAR-estimator:      0.80000        0.85000       -0.6008        -0.0730        -0.6008         0.0022         0.0133 
BAR-estimator:      0.85000        0.90000       -0.6378        -0.7108        -0.6378         0.0024         0.0135 
BAR-estimator:      0.90000        0.95000       -0.6579        -1.3687        -0.6579         0.0024         0.0137 
BAR-estimator:      0.95000        1.00000       -0.6661        -2.0348        -0.6661         0.0023         0.0139 
BAR-estimator: total free energy change is -2.034771807727123 , total error is 0.013896003611638863
