#========================================================================================
#                     Free energy perturbation    
#----------------------------------------------------------------------------------------
#forward/backward          λ              ΔΔA                 ΔA                  δε   
#                                                 
#----------------------------------------------------------------------------------------
forward:               0.0000              0.0000              0.0000              0.0000  
forward:               0.0500              1.2198              1.2198              0.0117  
forward:               0.1000              0.6623              1.8821              0.0146  
forward:               0.1500              0.3199              2.2020              0.0165  
forward:               0.2000              0.1636              2.3655              0.0172  
forward:               0.2500              0.0849              2.4505              0.0179  
forward:               0.3000              0.0355              2.4860              0.0182  
forward:               0.3500             -0.0007              2.4853              0.0185  
forward:               0.4000             -0.0238              2.4615              0.0188  
forward:               0.4500             -0.0418              2.4197              0.0190  
forward:               0.5000             -0.0554              2.3643              0.0193  
forward:               0.5500             -0.1009              2.2634              0.0195  
forward:               0.6000             -0.1878              2.0756              0.0198  
forward:               0.6500             -0.2795              1.7961              0.0202  
forward:               0.7000             -0.3592              1.4369              0.0204  
forward:               0.7500             -0.4245              1.0123              0.0207  
forward:               0.8000             -0.4646              0.5477              0.0210  
forward:               0.8500             -0.4937              0.0540              0.0212  
forward:               0.9000             -0.4996             -0.4456              0.0214  
forward:               0.9500             -0.5007             -0.9462              0.0216  
forward:               1.0000             -0.5029             -1.4491              0.0219  
backward:              1.0000              0.0000             -1.4491              0.0000  
backward:              0.9500              0.4943             -0.9548              0.0042  
backward:              0.9000              0.4996             -0.4552              0.0055  
backward:              0.8500              0.4954              0.0402              0.0067  
backward:              0.8000              0.4876              0.5279              0.0077  
backward:              0.7500              0.4626              0.9905              0.0085  
backward:              0.7000              0.4202              1.4106              0.0097  
backward:              0.6500              0.3613              1.7720              0.0105  
backward:              0.6000              0.2848              2.0568              0.0111  
backward:              0.5500              0.1923              2.2491              0.0117  
backward:              0.5000              0.0988              2.3479              0.0124  
backward:              0.4500              0.0547              2.4027              0.0131  
backward:              0.4000              0.0356              2.4382              0.0137  
backward:              0.3500              0.0211              2.4594              0.0143  
backward:              0.3000             -0.0009              2.4585              0.0150  
backward:              0.2500             -0.0310              2.4275              0.0156  
backward:              0.2000             -0.0850              2.3425              0.0169  
backward:              0.1500             -0.1622              2.1803              0.0183  
backward:              0.1000             -0.3239              1.8564              0.0219  
backward:              0.0500             -0.6438              1.2126              0.0265  
backward:              0.0000             -1.2527             -0.0400              0.0338  
Inaccuracy estimation
======================================================================================================
                   i        i+δi          P0_overlap_P1   δε(forward)/ε   δε(backward)/ε
======================================================================================================
inaccuracy:  0.00000        0.05000           43.42           -0.04            1.07
inaccuracy:  0.05000        0.10000           51.03           -0.02            0.80
inaccuracy:  0.10000        0.15000           62.60           -0.02            0.41
inaccuracy:  0.15000        0.20000           67.91           -0.01            0.23
inaccuracy:  0.20000        0.25000           71.23           -0.01            0.17
inaccuracy:  0.25000        0.30000           72.59           -0.01            0.14
inaccuracy:  0.30000        0.35000           74.46           -0.01            0.11
inaccuracy:  0.35000        0.40000           75.13           -0.01            0.10
inaccuracy:  0.40000        0.45000           76.09           -0.01            0.09
inaccuracy:  0.45000        0.50000           75.72           -0.02            0.09
inaccuracy:  0.50000        0.55000           72.42           -0.04            0.10
inaccuracy:  0.55000        0.60000           72.45           -0.04            0.09
inaccuracy:  0.60000        0.65000           71.58           -0.05            0.08
inaccuracy:  0.65000        0.70000           71.77           -0.05            0.08
inaccuracy:  0.70000        0.75000           72.28           -0.05            0.07
inaccuracy:  0.75000        0.80000           72.65           -0.04            0.07
inaccuracy:  0.80000        0.85000           72.80           -0.05            0.07
inaccuracy:  0.85000        0.90000           72.15           -0.04            0.07
inaccuracy:  0.90000        0.95000           71.83           -0.05            0.07
inaccuracy:  0.95000        1.00000           71.85           -0.05            0.07
===================================================================================================================================
                BAR        
-----------------------------------------------------------------------------------------------------------------------------------
BAR-estimator:         λ             λ+δλ          ΔΔA             ΔA            C               Δδe            δe       
                          
-----------------------------------------------------------------------------------------------------------------------------------
BAR-estimator:      0.00000        0.05000        1.2210         1.2210         1.2210         0.0063         0.0063 
BAR-estimator:      0.05000        0.10000        0.6659         1.8869         0.6659         0.0056         0.0085 
BAR-estimator:      0.10000        0.15000        0.3221         2.2090         0.3221         0.0058         0.0103 
BAR-estimator:      0.15000        0.20000        0.1646         2.3736         0.1646         0.0034         0.0108 
BAR-estimator:      0.20000        0.25000        0.0848         2.4585         0.0848         0.0028         0.0112 
BAR-estimator:      0.25000        0.30000        0.0343         2.4928         0.0343         0.0026         0.0115 
BAR-estimator:      0.30000        0.35000       -0.0009         2.4918        -0.0009         0.0023         0.0117 
BAR-estimator:      0.35000        0.40000       -0.0231         2.4687        -0.0231         0.0022         0.0119 
BAR-estimator:      0.40000        0.45000       -0.0393         2.4294        -0.0393         0.0021         0.0121 
BAR-estimator:      0.45000        0.50000       -0.0558         2.3736        -0.0558         0.0021         0.0123 
BAR-estimator:      0.50000        0.55000       -0.1016         2.2720        -0.1016         0.0024         0.0125 
BAR-estimator:      0.55000        0.60000       -0.1896         2.0824        -0.1896         0.0024         0.0128 
BAR-estimator:      0.60000        0.65000       -0.2809         1.8015        -0.2809         0.0025         0.0130 
BAR-estimator:      0.65000        0.70000       -0.3608         1.4407        -0.3608         0.0024         0.0132 
BAR-estimator:      0.70000        0.75000       -0.4233         1.0174        -0.4233         0.0019         0.0133 
BAR-estimator:      0.75000        0.80000       -0.4621         0.5553        -0.4621         0.0027         0.0136 
BAR-estimator:      0.80000        0.85000       -0.4920         0.0634        -0.4920         0.0025         0.0138 
BAR-estimator:      0.85000        0.90000       -0.4975        -0.4341        -0.4975         0.0023         0.0140 
BAR-estimator:      0.90000        0.95000       -0.5007        -0.9348        -0.5007         0.0030         0.0143 
BAR-estimator:      0.95000        1.00000       -0.5019        -1.4368        -0.5019         0.0026         0.0146 
BAR-estimator: total free energy change is -1.4367662727110968 , total error is 0.014573442396112368
