#========================================================================================
#                     Free energy perturbation    
#----------------------------------------------------------------------------------------
#forward/backward          λ              ΔΔA                 ΔA                  δε   
#                                                 
#----------------------------------------------------------------------------------------
forward:               0.0000              0.0000              0.0000              0.0000  
forward:               0.0500              2.0230              2.0230              0.0193  
forward:               0.1000              1.1720              3.1950              0.0231  
forward:               0.1500              0.6250              3.8200              0.0250  
forward:               0.2000              0.3306              4.1506              0.0261  
forward:               0.2500              0.1722              4.3228              0.0268  
forward:               0.3000              0.0705              4.3933              0.0276  
forward:               0.3500             -0.0053              4.3880              0.0279  
forward:               0.4000             -0.0473              4.3407              0.0282  
forward:               0.4500             -0.0848              4.2559              0.0284  
forward:               0.5000             -0.1167              4.1392              0.0286  
forward:               0.5500             -0.2308              3.9084              0.0291  
forward:               0.6000             -0.4400              3.4684              0.0295  
forward:               0.6500             -0.6296              2.8389              0.0298  
forward:               0.7000             -0.7868              2.0521              0.0301  
forward:               0.7500             -0.9048              1.1473              0.0306  
forward:               0.8000             -0.9750              0.1722              0.0308  
forward:               0.8500             -1.0175             -0.8452              0.0311  
forward:               0.9000             -1.0368             -1.8820              0.0313  
forward:               0.9500             -1.0511             -2.9331              0.0315  
forward:               1.0000             -1.0566             -3.9897              0.0317  
backward:              1.0000              0.0000             -3.9897              0.0000  
backward:              0.9500              1.0570             -2.9327              0.0044  
backward:              0.9000              1.0488             -1.8838              0.0073  
backward:              0.8500              1.0371             -0.8467              0.0088  
backward:              0.8000              1.0168              0.1701              0.0104  
backward:              0.7500              0.9730              1.1431              0.0112  
backward:              0.7000              0.9007              2.0438              0.0123  
backward:              0.6500              0.7813              2.8252              0.0143  
backward:              0.6000              0.6352              3.4603              0.0152  
backward:              0.5500              0.4480              3.9083              0.0162  
backward:              0.5000              0.2164              4.1247              0.0172  
backward:              0.4500              0.1138              4.2385              0.0178  
backward:              0.4000              0.0792              4.3177              0.0184  
backward:              0.3500              0.0507              4.3684              0.0190  
backward:              0.3000              0.0002              4.3686              0.0198  
backward:              0.2500             -0.0665              4.3021              0.0207  
backward:              0.2000             -0.1738              4.1283              0.0225  
backward:              0.1500             -0.3378              3.7905              0.0264  
backward:              0.1000             -0.6079              3.1826              0.0305  
backward:              0.0500             -1.1420              2.0406              0.0372  
backward:              0.0000             -2.1454             -0.1048              0.0951  
Inaccuracy estimation
======================================================================================================
                   i        i+δi          P0_overlap_P1   δε(forward)/ε   δε(backward)/ε
======================================================================================================
inaccuracy:  0.00000        0.05000           31.75           -0.00            2.26
inaccuracy:  0.05000        0.10000           41.02           -0.06            1.38
inaccuracy:  0.10000        0.15000           50.97           -0.05            0.74
inaccuracy:  0.15000        0.20000           58.48           -0.03            0.41
inaccuracy:  0.20000        0.25000           63.64           -0.02            0.27
inaccuracy:  0.25000        0.30000           66.63           -0.03            0.21
inaccuracy:  0.30000        0.35000           69.30           -0.02            0.17
inaccuracy:  0.35000        0.40000           69.99           -0.02            0.14
inaccuracy:  0.40000        0.45000           71.15           -0.02            0.13
inaccuracy:  0.45000        0.50000           71.52           -0.02            0.12
inaccuracy:  0.50000        0.55000           64.44           -0.09            0.16
inaccuracy:  0.55000        0.60000           64.19           -0.12            0.13
inaccuracy:  0.60000        0.65000           64.42           -0.12            0.09
inaccuracy:  0.65000        0.70000           64.66           -0.12            0.08
inaccuracy:  0.70000        0.75000           65.44           -0.11            0.06
inaccuracy:  0.75000        0.80000           66.13           -0.11            0.05
inaccuracy:  0.80000        0.85000           65.73           -0.10            0.05
inaccuracy:  0.85000        0.90000           64.90           -0.11            0.05
inaccuracy:  0.90000        0.95000           64.54           -0.12            0.06
inaccuracy:  0.95000        1.00000           64.42           -0.12            0.06
===================================================================================================================================
                BAR        
-----------------------------------------------------------------------------------------------------------------------------------
BAR-estimator:         λ             λ+δλ          ΔΔA             ΔA            C               Δδe            δe       
                          
-----------------------------------------------------------------------------------------------------------------------------------
BAR-estimator:      0.00000        0.05000        2.0312         2.0312         2.0312         0.0081         0.0081 
BAR-estimator:      0.05000        0.10000        1.1653         3.1965         1.1653         0.0049         0.0094 
BAR-estimator:      0.10000        0.15000        0.6259         3.8224         0.6259         0.0060         0.0112 
BAR-estimator:      0.15000        0.20000        0.3322         4.1545         0.3322         0.0047         0.0121 
BAR-estimator:      0.20000        0.25000        0.1744         4.3289         0.1744         0.0042         0.0128 
BAR-estimator:      0.25000        0.30000        0.0692         4.3982         0.0692         0.0037         0.0134 
BAR-estimator:      0.30000        0.35000       -0.0020         4.3962        -0.0020         0.0030         0.0137 
BAR-estimator:      0.35000        0.40000       -0.0460         4.3501        -0.0460         0.0026         0.0140 
BAR-estimator:      0.40000        0.45000       -0.0829         4.2673        -0.0829         0.0026         0.0142 
BAR-estimator:      0.45000        0.50000       -0.1152         4.1521        -0.1152         0.0028         0.0145 
BAR-estimator:      0.50000        0.55000       -0.2270         3.9250        -0.2270         0.0030         0.0148 
BAR-estimator:      0.55000        0.60000       -0.4426         3.4825        -0.4426         0.0031         0.0151 
BAR-estimator:      0.60000        0.65000       -0.6315         2.8510        -0.6315         0.0029         0.0154 
BAR-estimator:      0.65000        0.70000       -0.7862         2.0648        -0.7862         0.0031         0.0157 
BAR-estimator:      0.70000        0.75000       -0.9010         1.1637        -0.9010         0.0029         0.0159 
BAR-estimator:      0.75000        0.80000       -0.9748         0.1889        -0.9748         0.0030         0.0162 
BAR-estimator:      0.80000        0.85000       -1.0169        -0.8280        -1.0169         0.0029         0.0165 
BAR-estimator:      0.85000        0.90000       -1.0387        -1.8668        -1.0387         0.0031         0.0168 
BAR-estimator:      0.90000        0.95000       -1.0528        -2.9196        -1.0528         0.0030         0.0170 
BAR-estimator:      0.95000        1.00000       -1.0563        -3.9759        -1.0563         0.0027         0.0172 
BAR-estimator: total free energy change is -3.9759246954930774 , total error is 0.017236040364167905
