#========================================================================================
#                     Free energy perturbation    
#----------------------------------------------------------------------------------------
#forward/backward          λ              ΔΔA                 ΔA                  δε   
#                                                 
#----------------------------------------------------------------------------------------
forward:               0.0000              0.0000              0.0000              0.0000  
forward:               0.0500              0.5914              0.5914              0.0081  
forward:               0.1000              0.3913              0.9827              0.0099  
forward:               0.1500              0.2617              1.2444              0.0110  
forward:               0.2000              0.1805              1.4249              0.0115  
forward:               0.2500              0.1234              1.5483              0.0119  
forward:               0.3000              0.0890              1.6374              0.0123  
forward:               0.3500              0.0604              1.6978              0.0126  
forward:               0.4000              0.0337              1.7315              0.0128  
forward:               0.4500              0.0233              1.7548              0.0131  
forward:               0.5000              0.0125              1.7673              0.0134  
forward:               0.5500             -0.1019              1.6654              0.0138  
forward:               0.6000             -0.2854              1.3800              0.0142  
forward:               0.6500             -0.4383              0.9417              0.0145  
forward:               0.7000             -0.5645              0.3772              0.0147  
forward:               0.7500             -0.6551             -0.2779              0.0151  
forward:               0.8000             -0.7006             -0.9785              0.0153  
forward:               0.8500             -0.7260             -1.7045              0.0155  
forward:               0.9000             -0.7347             -2.4392              0.0157  
forward:               0.9500             -0.7274             -3.1666              0.0159  
forward:               1.0000             -0.7241             -3.8906              0.0161  
backward:              1.0000              0.0000             -3.8906              0.0000  
backward:              0.9500              0.7159             -3.1747              0.0033  
backward:              0.9000              0.7268             -2.4479              0.0047  
backward:              0.8500              0.7279             -1.7200              0.0059  
backward:              0.8000              0.7174             -1.0027              0.0070  
backward:              0.7500              0.7054             -0.2972              0.0077  
backward:              0.7000              0.6470              0.3497              0.0085  
backward:              0.6500              0.5649              0.9146              0.0092  
backward:              0.6000              0.4338              1.3484              0.0095  
backward:              0.5500              0.2898              1.6382              0.0101  
backward:              0.5000              0.0989              1.7371              0.0108  
backward:              0.4500             -0.0135              1.7237              0.0112  
backward:              0.4000             -0.0267              1.6969              0.0117  
backward:              0.3500             -0.0466              1.6503              0.0123  
backward:              0.3000             -0.0628              1.5875              0.0128  
backward:              0.2500             -0.0915              1.4960              0.0134  
backward:              0.2000             -0.1257              1.3703              0.0141  
backward:              0.1500             -0.1818              1.1885              0.0152  
backward:              0.1000             -0.2526              0.9359              0.0161  
backward:              0.0500             -0.3788              0.5571              0.0183  
backward:              0.0000             -0.5953             -0.0382              0.0211  
Inaccuracy estimation
======================================================================================================
                   i        i+δi          P0_overlap_P1   δε(forward)/ε   δε(backward)/ε
======================================================================================================
inaccuracy:  0.00000        0.05000           58.96           -0.01            0.45
inaccuracy:  0.05000        0.10000           64.50           -0.00            0.34
inaccuracy:  0.10000        0.15000           69.65           -0.00            0.21
inaccuracy:  0.15000        0.20000           73.43           -0.00            0.16
inaccuracy:  0.20000        0.25000           75.70           -0.00            0.12
inaccuracy:  0.25000        0.30000           77.42           -0.01            0.11
inaccuracy:  0.30000        0.35000           78.58           -0.01            0.09
inaccuracy:  0.35000        0.40000           80.29           -0.00            0.08
inaccuracy:  0.40000        0.45000           79.43           -0.01            0.07
inaccuracy:  0.45000        0.50000           79.32           -0.00            0.07
inaccuracy:  0.50000        0.55000           71.09           -0.05            0.11
inaccuracy:  0.55000        0.60000           71.43           -0.07            0.08
inaccuracy:  0.60000        0.65000           71.91           -0.07            0.06
inaccuracy:  0.65000        0.70000           71.58           -0.07            0.05
inaccuracy:  0.70000        0.75000           72.72           -0.07            0.04
inaccuracy:  0.75000        0.80000           72.09           -0.06            0.04
inaccuracy:  0.80000        0.85000           72.69           -0.06            0.04
inaccuracy:  0.85000        0.90000           72.18           -0.06            0.05
inaccuracy:  0.90000        0.95000           71.39           -0.07            0.05
inaccuracy:  0.95000        1.00000           71.60           -0.06            0.06
===================================================================================================================================
                BAR        
-----------------------------------------------------------------------------------------------------------------------------------
BAR-estimator:         λ             λ+δλ          ΔΔA             ΔA            C               Δδe            δe       
                          
-----------------------------------------------------------------------------------------------------------------------------------
BAR-estimator:      0.00000        0.05000        0.5935         0.5935         0.5935         0.0049         0.0049 
BAR-estimator:      0.05000        0.10000        0.3886         0.9821         0.3886         0.0038         0.0062 
BAR-estimator:      0.10000        0.15000        0.2606         1.2427         0.2606         0.0031         0.0069 
BAR-estimator:      0.15000        0.20000        0.1790         1.4217         0.1790         0.0026         0.0074 
BAR-estimator:      0.20000        0.25000        0.1231         1.5448         0.1231         0.0023         0.0077 
BAR-estimator:      0.25000        0.30000        0.0893         1.6341         0.0893         0.0020         0.0080 
BAR-estimator:      0.30000        0.35000        0.0621         1.6962         0.0621         0.0021         0.0083 
BAR-estimator:      0.35000        0.40000        0.0387         1.7349         0.0387         0.0017         0.0084 
BAR-estimator:      0.40000        0.45000        0.0240         1.7588         0.0240         0.0018         0.0086 
BAR-estimator:      0.45000        0.50000        0.0123         1.7712         0.0123         0.0018         0.0088 
BAR-estimator:      0.50000        0.55000       -0.0991         1.6721        -0.0991         0.0021         0.0090 
BAR-estimator:      0.55000        0.60000       -0.2866         1.3855        -0.2866         0.0023         0.0093 
BAR-estimator:      0.60000        0.65000       -0.4364         0.9491        -0.4364         0.0022         0.0096 
BAR-estimator:      0.65000        0.70000       -0.5663         0.3827        -0.5663         0.0024         0.0099 
BAR-estimator:      0.70000        0.75000       -0.6540        -0.2713        -0.6540         0.0023         0.0101 
BAR-estimator:      0.75000        0.80000       -0.7028        -0.9741        -0.7028         0.0021         0.0103 
BAR-estimator:      0.80000        0.85000       -0.7261        -1.7002        -0.7261         0.0023         0.0106 
BAR-estimator:      0.85000        0.90000       -0.7311        -2.4313        -0.7311         0.0021         0.0108 
BAR-estimator:      0.90000        0.95000       -0.7264        -3.1577        -0.7264         0.0022         0.0110 
BAR-estimator:      0.95000        1.00000       -0.7204        -3.8780        -0.7204         0.0021         0.0112 
BAR-estimator: total free energy change is -3.878039862899448 , total error is 0.011243926089386597
