#========================================================================================
#                     Free energy perturbation    
#----------------------------------------------------------------------------------------
#forward/backward          λ              ΔΔA                 ΔA                  δε   
#                                                 
#----------------------------------------------------------------------------------------
forward:               0.0000              0.0000              0.0000              0.0000  
forward:               0.0500              1.6524              1.6524              0.0165  
forward:               0.1000              0.8437              2.4961              0.0200  
forward:               0.1500              0.4006              2.8968              0.0214  
forward:               0.2000              0.1971              3.0939              0.0221  
forward:               0.2500              0.0765              3.1704              0.0226  
forward:               0.3000              0.0105              3.1809              0.0229  
forward:               0.3500             -0.0410              3.1399              0.0232  
forward:               0.4000             -0.0816              3.0583              0.0235  
forward:               0.4500             -0.1036              2.9547              0.0237  
forward:               0.5000             -0.1311              2.8236              0.0239  
forward:               0.5500             -0.1751              2.6485              0.0240  
forward:               0.6000             -0.1983              2.4502              0.0241  
forward:               0.6500             -0.2226              2.2277              0.0242  
forward:               0.7000             -0.2362              1.9915              0.0243  
forward:               0.7500             -0.2562              1.7353              0.0244  
forward:               0.8000             -0.2652              1.4701              0.0245  
forward:               0.8500             -0.2775              1.1926              0.0246  
forward:               0.9000             -0.2858              0.9068              0.0247  
forward:               0.9500             -0.2986              0.6082              0.0248  
forward:               1.0000             -0.3108              0.2974              0.0249  
backward:              1.0000              0.0000              0.2974              0.0000  
backward:              0.9500              0.3103              0.6077              0.0024  
backward:              0.9000              0.2954              0.9031              0.0036  
backward:              0.8500              0.2896              1.1928              0.0044  
backward:              0.8000              0.2816              1.4743              0.0050  
backward:              0.7500              0.2636              1.7379              0.0058  
backward:              0.7000              0.2526              1.9905              0.0064  
backward:              0.6500              0.2348              2.2253              0.0070  
backward:              0.6000              0.2180              2.4433              0.0075  
backward:              0.5500              0.1993              2.6426              0.0081  
backward:              0.5000              0.1666              2.8092              0.0086  
backward:              0.4500              0.1288              2.9380              0.0092  
backward:              0.4000              0.1083              3.0463              0.0099  
backward:              0.3500              0.0773              3.1236              0.0106  
backward:              0.3000              0.0432              3.1668              0.0113  
backward:              0.2500             -0.0069              3.1598              0.0124  
backward:              0.2000             -0.0763              3.0835              0.0135  
backward:              0.1500             -0.1845              2.8991              0.0153  
backward:              0.1000             -0.3967              2.5023              0.0209  
backward:              0.0500             -0.8758              1.6265              0.0373  
backward:              0.0000             -1.6608             -0.0343              0.0564  
Inaccuracy estimation
======================================================================================================
                   i        i+δi          P0_overlap_P1   δε(forward)/ε   δε(backward)/ε
======================================================================================================
inaccuracy:  0.00000        0.05000           35.10           -0.04            2.10
inaccuracy:  0.05000        0.10000           47.41           -0.04            0.98
inaccuracy:  0.10000        0.15000           58.83           -0.02            0.44
inaccuracy:  0.15000        0.20000           65.60           -0.01            0.27
inaccuracy:  0.20000        0.25000           70.62           -0.01            0.16
inaccuracy:  0.25000        0.30000           72.70           -0.02            0.13
inaccuracy:  0.30000        0.35000           74.75           -0.01            0.10
inaccuracy:  0.35000        0.40000           76.26           -0.02            0.09
inaccuracy:  0.40000        0.45000           76.53           -0.01            0.08
inaccuracy:  0.45000        0.50000           77.35           -0.01            0.07
inaccuracy:  0.50000        0.55000           77.99           -0.01            0.06
inaccuracy:  0.55000        0.60000           77.63           -0.01            0.06
inaccuracy:  0.60000        0.65000           78.50           -0.02            0.06
inaccuracy:  0.65000        0.70000           77.73           -0.02            0.05
inaccuracy:  0.70000        0.75000           78.37           -0.02            0.05
inaccuracy:  0.75000        0.80000           78.13           -0.02            0.05
inaccuracy:  0.80000        0.85000           77.52           -0.02            0.05
inaccuracy:  0.85000        0.90000           77.61           -0.02            0.05
inaccuracy:  0.90000        0.95000           78.23           -0.02            0.05
inaccuracy:  0.95000        1.00000           78.10           -0.02            0.05
===================================================================================================================================
                BAR        
-----------------------------------------------------------------------------------------------------------------------------------
BAR-estimator:         λ             λ+δλ          ΔΔA             ΔA            C               Δδe            δe       
                          
-----------------------------------------------------------------------------------------------------------------------------------
BAR-estimator:      0.00000        0.05000        1.6501         1.6501         1.6501         0.0081         0.0081 
BAR-estimator:      0.05000        0.10000        0.8377         2.4877         0.8377         0.0069         0.0106 
BAR-estimator:      0.10000        0.15000        0.3966         2.8843         0.3966         0.0045         0.0115 
BAR-estimator:      0.15000        0.20000        0.1943         3.0785         0.1943         0.0037         0.0121 
BAR-estimator:      0.20000        0.25000        0.0760         3.1545         0.0760         0.0029         0.0125 
BAR-estimator:      0.25000        0.30000        0.0086         3.1631         0.0086         0.0026         0.0127 
BAR-estimator:      0.30000        0.35000       -0.0418         3.1214        -0.0418         0.0024         0.0130 
BAR-estimator:      0.35000        0.40000       -0.0805         3.0409        -0.0805         0.0026         0.0132 
BAR-estimator:      0.40000        0.45000       -0.1045         2.9364        -0.1045         0.0021         0.0134 
BAR-estimator:      0.45000        0.50000       -0.1304         2.8059        -0.1304         0.0019         0.0135 
BAR-estimator:      0.50000        0.55000       -0.1711         2.6348        -0.1711         0.0018         0.0136 
BAR-estimator:      0.55000        0.60000       -0.1982         2.4367        -0.1982         0.0019         0.0138 
BAR-estimator:      0.60000        0.65000       -0.2205         2.2162        -0.2205         0.0017         0.0139 
BAR-estimator:      0.65000        0.70000       -0.2356         1.9806        -0.2356         0.0018         0.0140 
BAR-estimator:      0.70000        0.75000       -0.2546         1.7259        -0.2546         0.0018         0.0141 
BAR-estimator:      0.75000        0.80000       -0.2652         1.4607        -0.2652         0.0018         0.0142 
BAR-estimator:      0.80000        0.85000       -0.2787         1.1820        -0.2787         0.0018         0.0143 
BAR-estimator:      0.85000        0.90000       -0.2867         0.8952        -0.2867         0.0018         0.0144 
BAR-estimator:      0.90000        0.95000       -0.2978         0.5974        -0.2978         0.0019         0.0146 
BAR-estimator:      0.95000        1.00000       -0.3101         0.2873        -0.3101         0.0018         0.0147 
BAR-estimator: total free energy change is 0.2873040937414644 , total error is 0.014667807173615793
