#========================================================================================
#                     Free energy perturbation    
#----------------------------------------------------------------------------------------
#forward/backward          λ              ΔΔA                 ΔA                  δε   
#                                                 
#----------------------------------------------------------------------------------------
forward:               0.0000              0.0000              0.0000              0.0000  
forward:               0.0500              1.6397              1.6397              0.0154  
forward:               0.1000              0.9202              2.5600              0.0193  
forward:               0.1500              0.4831              3.0431              0.0210  
forward:               0.2000              0.2612              3.3043              0.0220  
forward:               0.2500              0.1203              3.4246              0.0225  
forward:               0.3000              0.0562              3.4808              0.0228  
forward:               0.3500             -0.0000              3.4808              0.0231  
forward:               0.4000             -0.0443              3.4365              0.0234  
forward:               0.4500             -0.0638              3.3726              0.0239  
forward:               0.5000             -0.0861              3.2866              0.0240  
forward:               0.5500             -0.2112              3.0754              0.0244  
forward:               0.6000             -0.4143              2.6611              0.0247  
forward:               0.6500             -0.5919              2.0692              0.0251  
forward:               0.7000             -0.7311              1.3381              0.0254  
forward:               0.7500             -0.8341              0.5041              0.0257  
forward:               0.8000             -0.8878             -0.3837              0.0262  
forward:               0.8500             -0.9147             -1.2984              0.0265  
forward:               0.9000             -0.9278             -2.2262              0.0269  
forward:               0.9500             -0.9313             -3.1575              0.0284  
forward:               1.0000             -0.9637             -4.1212              0.0335  
backward:              1.0000              0.0000             -4.1212              0.0000  
backward:              0.9500              0.9585             -3.1627              0.0045  
backward:              0.9000              0.9306             -2.2321              0.0062  
backward:              0.8500              0.9223             -1.3098              0.0076  
backward:              0.8000              0.9176             -0.3921              0.0086  
backward:              0.7500              0.8833              0.4912              0.0097  
backward:              0.7000              0.8327              1.3239              0.0107  
backward:              0.6500              0.7371              2.0609              0.0116  
backward:              0.6000              0.5905              2.6514              0.0128  
backward:              0.5500              0.4232              3.0746              0.0136  
backward:              0.5000              0.2104              3.2850              0.0144  
backward:              0.4500              0.0852              3.3702              0.0150  
backward:              0.4000              0.0721              3.4423              0.0156  
backward:              0.3500              0.0333              3.4756              0.0162  
backward:              0.3000              0.0014              3.4770              0.0169  
backward:              0.2500             -0.0498              3.4272              0.0176  
backward:              0.2000             -0.1315              3.2957              0.0185  
backward:              0.1500             -0.2593              3.0364              0.0209  
backward:              0.1000             -0.4885              2.5479              0.0238  
backward:              0.0500             -0.9127              1.6352              0.0365  
backward:              0.0000             -1.6531             -0.0179              0.0473  
Inaccuracy estimation
======================================================================================================
                   i        i+δi          P0_overlap_P1   δε(forward)/ε   δε(backward)/ε
======================================================================================================
inaccuracy:  0.00000        0.05000           36.46           -0.03            1.70
inaccuracy:  0.05000        0.10000           45.75           -0.04            1.06
inaccuracy:  0.10000        0.15000           56.65           -0.03            0.55
inaccuracy:  0.15000        0.20000           63.25           -0.03            0.32
inaccuracy:  0.20000        0.25000           69.14           -0.02            0.20
inaccuracy:  0.25000        0.30000           69.60           -0.01            0.17
inaccuracy:  0.30000        0.35000           71.97           -0.02            0.14
inaccuracy:  0.35000        0.40000           73.92           -0.01            0.11
inaccuracy:  0.40000        0.45000           72.44           -0.01            0.12
inaccuracy:  0.45000        0.50000           74.09           -0.01            0.10
inaccuracy:  0.50000        0.55000           66.25           -0.08            0.15
inaccuracy:  0.55000        0.60000           66.35           -0.09            0.10
inaccuracy:  0.60000        0.65000           67.01           -0.12            0.07
inaccuracy:  0.65000        0.70000           67.28           -0.11            0.07
inaccuracy:  0.70000        0.75000           67.57           -0.12            0.05
inaccuracy:  0.75000        0.80000           67.43           -0.11            0.06
inaccuracy:  0.80000        0.85000           66.60           -0.11            0.06
inaccuracy:  0.85000        0.90000           67.03           -0.10            0.06
inaccuracy:  0.90000        0.95000           66.10           -0.13            0.07
inaccuracy:  0.95000        1.00000           64.60           -0.19            0.07
===================================================================================================================================
                BAR        
-----------------------------------------------------------------------------------------------------------------------------------
BAR-estimator:         λ             λ+δλ          ΔΔA             ΔA            C               Δδe            δe       
                          
-----------------------------------------------------------------------------------------------------------------------------------
BAR-estimator:      0.00000        0.05000        1.6360         1.6360         1.6360         0.0071         0.0071 
BAR-estimator:      0.05000        0.10000        0.9196         2.5555         0.9196         0.0112         0.0132 
BAR-estimator:      0.10000        0.15000        0.4878         3.0433         0.4878         0.0055         0.0143 
BAR-estimator:      0.15000        0.20000        0.2604         3.3037         0.2604         0.0042         0.0149 
BAR-estimator:      0.20000        0.25000        0.1263         3.4300         0.1263         0.0034         0.0153 
BAR-estimator:      0.25000        0.30000        0.0540         3.4840         0.0540         0.0029         0.0156 
BAR-estimator:      0.30000        0.35000       -0.0000         3.4839        -0.0000         0.0024         0.0158 
BAR-estimator:      0.35000        0.40000       -0.0390         3.4449        -0.0390         0.0025         0.0160 
BAR-estimator:      0.40000        0.45000       -0.0683         3.3766        -0.0683         0.0026         0.0162 
BAR-estimator:      0.45000        0.50000       -0.0860         3.2906        -0.0860         0.0023         0.0163 
BAR-estimator:      0.50000        0.55000       -0.2080         3.0826        -0.2080         0.0028         0.0166 
BAR-estimator:      0.55000        0.60000       -0.4179         2.6647        -0.4179         0.0026         0.0168 
BAR-estimator:      0.60000        0.65000       -0.5966         2.0681        -0.5966         0.0027         0.0170 
BAR-estimator:      0.65000        0.70000       -0.7316         1.3366        -0.7316         0.0028         0.0172 
BAR-estimator:      0.70000        0.75000       -0.8343         0.5023        -0.8343         0.0024         0.0174 
BAR-estimator:      0.75000        0.80000       -0.8844        -0.3822        -0.8844         0.0028         0.0176 
BAR-estimator:      0.80000        0.85000       -0.9140        -1.2962        -0.9140         0.0028         0.0178 
BAR-estimator:      0.85000        0.90000       -0.9237        -2.2198        -0.9237         0.0030         0.0181 
BAR-estimator:      0.90000        0.95000       -0.9340        -3.1538        -0.9340         0.0041         0.0185 
BAR-estimator:      0.95000        1.00000       -0.9632        -4.1170        -0.9632         0.0064         0.0196 
BAR-estimator: total free energy change is -4.116958768153924 , total error is 0.019597323003100863
