#========================================================================================
#                     Free energy perturbation    
#----------------------------------------------------------------------------------------
#forward/backward          λ              ΔΔA                 ΔA                  δε   
#                                                 
#----------------------------------------------------------------------------------------
forward:               0.0000              0.0000              0.0000              0.0000  
forward:               0.0500              0.3304              0.3304              0.0038  
forward:               0.1000              0.2360              0.5664              0.0046  
forward:               0.1500              0.1771              0.7435              0.0053  
forward:               0.2000              0.1423              0.8857              0.0059  
forward:               0.2500              0.1147              1.0005              0.0064  
forward:               0.3000              0.0946              1.0950              0.0068  
forward:               0.3500              0.0839              1.1789              0.0071  
forward:               0.4000              0.0766              1.2555              0.0074  
forward:               0.4500              0.0651              1.3206              0.0077  
forward:               0.5000              0.0574              1.3781              0.0080  
forward:               0.5500             -0.0491              1.3289              0.0084  
forward:               0.6000             -0.2153              1.1137              0.0089  
forward:               0.6500             -0.3808              0.7329              0.0095  
forward:               0.7000             -0.5151              0.2178              0.0101  
forward:               0.7500             -0.6041             -0.3863              0.0106  
forward:               0.8000             -0.6386             -1.0249              0.0110  
forward:               0.8500             -0.6366             -1.6615              0.0114  
forward:               0.9000             -0.6132             -2.2747              0.0117  
forward:               0.9500             -0.5861             -2.8608              0.0120  
forward:               1.0000             -0.5617             -3.4225              0.0122  
backward:              1.0000              0.0000             -3.4225              0.0000  
backward:              0.9500              0.5537             -2.8688              0.0032  
backward:              0.9000              0.5859             -2.2828              0.0046  
backward:              0.8500              0.6100             -1.6728              0.0058  
backward:              0.8000              0.6370             -1.0358              0.0067  
backward:              0.7500              0.6388             -0.3970              0.0076  
backward:              0.7000              0.6016              0.2046              0.0084  
backward:              0.6500              0.5179              0.7226              0.0092  
backward:              0.6000              0.3784              1.1009              0.0099  
backward:              0.5500              0.2185              1.3194              0.0103  
backward:              0.5000              0.0553              1.3748              0.0107  
backward:              0.4500             -0.0583              1.3165              0.0110  
backward:              0.4000             -0.0662              1.2503              0.0113  
backward:              0.3500             -0.0763              1.1740              0.0116  
backward:              0.3000             -0.0875              1.0865              0.0119  
backward:              0.2500             -0.0964              0.9900              0.0122  
backward:              0.2000             -0.1165              0.8736              0.0126  
backward:              0.1500             -0.1434              0.7302              0.0129  
backward:              0.1000             -0.1809              0.5493              0.0136  
backward:              0.0500             -0.2395              0.3098              0.0144  
backward:              0.0000             -0.3334             -0.0236              0.0159  
Inaccuracy estimation
======================================================================================================
                   i        i+δi          P0_overlap_P1   δε(forward)/ε   δε(backward)/ε
======================================================================================================
inaccuracy:  0.00000        0.05000           69.76           -0.00            0.27
inaccuracy:  0.05000        0.10000           74.47           -0.00            0.17
inaccuracy:  0.10000        0.15000           77.82           -0.00            0.12
inaccuracy:  0.15000        0.20000           79.52           -0.00            0.10
inaccuracy:  0.20000        0.25000           81.04           -0.00            0.09
inaccuracy:  0.25000        0.30000           82.20           -0.00            0.07
inaccuracy:  0.30000        0.35000           82.15           -0.00            0.06
inaccuracy:  0.35000        0.40000           82.04           -0.00            0.06
inaccuracy:  0.40000        0.45000           82.53           -0.00            0.06
inaccuracy:  0.45000        0.50000           83.00           -0.00            0.06
inaccuracy:  0.50000        0.55000           73.04           -0.05            0.09
inaccuracy:  0.55000        0.60000           73.38           -0.06            0.06
inaccuracy:  0.60000        0.65000           72.78           -0.07            0.05
inaccuracy:  0.65000        0.70000           72.41           -0.08            0.05
inaccuracy:  0.70000        0.75000           72.79           -0.06            0.04
inaccuracy:  0.75000        0.80000           73.15           -0.06            0.04
inaccuracy:  0.80000        0.85000           73.07           -0.06            0.05
inaccuracy:  0.85000        0.90000           72.74           -0.06            0.06
inaccuracy:  0.90000        0.95000           72.22           -0.05            0.07
inaccuracy:  0.95000        1.00000           72.17           -0.06            0.07
===================================================================================================================================
                BAR        
-----------------------------------------------------------------------------------------------------------------------------------
BAR-estimator:         λ             λ+δλ          ΔΔA             ΔA            C               Δδe            δe       
                          
-----------------------------------------------------------------------------------------------------------------------------------
BAR-estimator:      0.00000        0.05000        0.3312         0.3312         0.3312         0.0027         0.0027 
BAR-estimator:      0.05000        0.10000        0.2360         0.5671         0.2360         0.0022         0.0035 
BAR-estimator:      0.10000        0.15000        0.1770         0.7441         0.1770         0.0019         0.0040 
BAR-estimator:      0.15000        0.20000        0.1429         0.8870         0.1429         0.0019         0.0044 
BAR-estimator:      0.20000        0.25000        0.1154         1.0024         0.1154         0.0018         0.0048 
BAR-estimator:      0.25000        0.30000        0.0953         1.0977         0.0953         0.0018         0.0051 
BAR-estimator:      0.30000        0.35000        0.0844         1.1821         0.0844         0.0012         0.0052 
BAR-estimator:      0.35000        0.40000        0.0755         1.2576         0.0755         0.0011         0.0053 
BAR-estimator:      0.40000        0.45000        0.0657         1.3233         0.0657         0.0015         0.0055 
BAR-estimator:      0.45000        0.50000        0.0580         1.3813         0.0580         0.0015         0.0057 
BAR-estimator:      0.50000        0.55000       -0.0495         1.3318        -0.0495         0.0018         0.0060 
BAR-estimator:      0.55000        0.60000       -0.2169         1.1150        -0.2169         0.0020         0.0063 
BAR-estimator:      0.60000        0.65000       -0.3794         0.7356        -0.3794         0.0021         0.0067 
BAR-estimator:      0.65000        0.70000       -0.5168         0.2188        -0.5168         0.0023         0.0071 
BAR-estimator:      0.70000        0.75000       -0.6034        -0.3845        -0.6034         0.0021         0.0074 
BAR-estimator:      0.75000        0.80000       -0.6380        -1.0225        -0.6380         0.0021         0.0077 
BAR-estimator:      0.80000        0.85000       -0.6359        -1.6584        -0.6359         0.0020         0.0079 
BAR-estimator:      0.85000        0.90000       -0.6124        -2.2708        -0.6124         0.0020         0.0082 
BAR-estimator:      0.90000        0.95000       -0.5856        -2.8564        -0.5856         0.0019         0.0084 
BAR-estimator:      0.95000        1.00000       -0.5593        -3.4157        -0.5593         0.0018         0.0086 
BAR-estimator: total free energy change is -3.415732804764393 , total error is 0.008604247637582114
