#========================================================================================
#                     Free energy perturbation    
#----------------------------------------------------------------------------------------
#forward/backward          λ              ΔΔA                 ΔA                  δε   
#                                                 
#----------------------------------------------------------------------------------------
forward:               0.0000              0.0000              0.0000              0.0000  
forward:               0.0500              1.7275              1.7275              0.0152  
forward:               0.1000              1.0110              2.7384              0.0206  
forward:               0.1500              0.5522              3.2907              0.0222  
forward:               0.2000              0.3106              3.6013              0.0234  
forward:               0.2500              0.1724              3.7737              0.0240  
forward:               0.3000              0.0890              3.8627              0.0244  
forward:               0.3500              0.0271              3.8898              0.0247  
forward:               0.4000             -0.0029              3.8870              0.0250  
forward:               0.4500             -0.0417              3.8453              0.0252  
forward:               0.5000             -0.0643              3.7810              0.0254  
forward:               0.5500             -0.1235              3.6575              0.0257  
forward:               0.6000             -0.2756              3.3820              0.0260  
forward:               0.6500             -0.3989              2.9831              0.0262  
forward:               0.7000             -0.4904              2.4926              0.0265  
forward:               0.7500             -0.5817              1.9109              0.0270  
forward:               0.8000             -0.6458              1.2651              0.0272  
forward:               0.8500             -0.6971              0.5680              0.0275  
forward:               0.9000             -0.7376             -0.1695              0.0278  
forward:               0.9500             -0.7615             -0.9310              0.0280  
forward:               1.0000             -0.7781             -1.7091              0.0282  
backward:              1.0000              0.0000             -1.7091              0.0000  
backward:              0.9500              0.7773             -0.9318              0.0040  
backward:              0.9000              0.7544             -0.1774              0.0061  
backward:              0.8500              0.7309              0.5535              0.0081  
backward:              0.8000              0.6920              1.2455              0.0092  
backward:              0.7500              0.6387              1.8842              0.0100  
backward:              0.7000              0.5752              2.4594              0.0109  
backward:              0.6500              0.4915              2.9509              0.0118  
backward:              0.6000              0.3889              3.3397              0.0129  
backward:              0.5500              0.2672              3.6070              0.0140  
backward:              0.5000              0.1215              3.7284              0.0149  
backward:              0.4500              0.0595              3.7879              0.0155  
backward:              0.4000              0.0336              3.8215              0.0161  
backward:              0.3500              0.0021              3.8236              0.0170  
backward:              0.3000             -0.0351              3.7885              0.0178  
backward:              0.2500             -0.1019              3.6866              0.0208  
backward:              0.2000             -0.1813              3.5053              0.0220  
backward:              0.1500             -0.3021              3.2032              0.0240  
backward:              0.1000             -0.5294              2.6738              0.0267  
backward:              0.0500             -0.9900              1.6838              0.0315  
backward:              0.0000             -1.7443             -0.0605              0.0455  
Inaccuracy estimation
======================================================================================================
                   i        i+δi          P0_overlap_P1   δε(forward)/ε   δε(backward)/ε
======================================================================================================
inaccuracy:  0.00000        0.05000           35.17           -0.03            1.90
inaccuracy:  0.05000        0.10000           44.48           -0.04            1.18
inaccuracy:  0.10000        0.15000           54.37           -0.03            0.60
inaccuracy:  0.15000        0.20000           61.33           -0.03            0.35
inaccuracy:  0.20000        0.25000           66.36           -0.02            0.24
inaccuracy:  0.25000        0.30000           68.80           -0.02            0.18
inaccuracy:  0.30000        0.35000           70.89           -0.02            0.15
inaccuracy:  0.35000        0.40000           71.19           -0.01            0.14
inaccuracy:  0.40000        0.45000           72.91           -0.02            0.12
inaccuracy:  0.45000        0.50000           72.94           -0.01            0.12
inaccuracy:  0.50000        0.55000           67.39           -0.05            0.14
inaccuracy:  0.55000        0.60000           68.67           -0.06            0.11
inaccuracy:  0.60000        0.65000           69.36           -0.07            0.09
inaccuracy:  0.65000        0.70000           68.81           -0.08            0.08
inaccuracy:  0.70000        0.75000           69.53           -0.07            0.07
inaccuracy:  0.75000        0.80000           69.66           -0.08            0.07
inaccuracy:  0.80000        0.85000           69.41           -0.08            0.07
inaccuracy:  0.85000        0.90000           69.72           -0.08            0.06
inaccuracy:  0.90000        0.95000           69.26           -0.08            0.06
inaccuracy:  0.95000        1.00000           68.78           -0.07            0.06
===================================================================================================================================
                BAR        
-----------------------------------------------------------------------------------------------------------------------------------
BAR-estimator:         λ             λ+δλ          ΔΔA             ΔA            C               Δδe            δe       
                          
-----------------------------------------------------------------------------------------------------------------------------------
BAR-estimator:      0.00000        0.05000        1.7352         1.7352         1.7352         0.0074         0.0074 
BAR-estimator:      0.05000        0.10000        1.0161         2.7513         1.0161         0.0079         0.0108 
BAR-estimator:      0.10000        0.15000        0.5502         3.3015         0.5502         0.0053         0.0121 
BAR-estimator:      0.15000        0.20000        0.3082         3.6097         0.3082         0.0045         0.0129 
BAR-estimator:      0.20000        0.25000        0.1754         3.7851         0.1754         0.0037         0.0134 
BAR-estimator:      0.25000        0.30000        0.0881         3.8731         0.0881         0.0029         0.0137 
BAR-estimator:      0.30000        0.35000        0.0318         3.9049         0.0318         0.0029         0.0140 
BAR-estimator:      0.35000        0.40000       -0.0018         3.9031        -0.0018         0.0027         0.0143 
BAR-estimator:      0.40000        0.45000       -0.0378         3.8653        -0.0378         0.0024         0.0145 
BAR-estimator:      0.45000        0.50000       -0.0628         3.8025        -0.0628         0.0023         0.0146 
BAR-estimator:      0.50000        0.55000       -0.1232         3.6793        -0.1232         0.0027         0.0149 
BAR-estimator:      0.55000        0.60000       -0.2734         3.4058        -0.2734         0.0026         0.0151 
BAR-estimator:      0.60000        0.65000       -0.3958         3.0100        -0.3958         0.0027         0.0154 
BAR-estimator:      0.65000        0.70000       -0.4928         2.5172        -0.4928         0.0029         0.0156 
BAR-estimator:      0.70000        0.75000       -0.5792         1.9380        -0.5792         0.0031         0.0159 
BAR-estimator:      0.75000        0.80000       -0.6436         1.2943        -0.6436         0.0028         0.0162 
BAR-estimator:      0.80000        0.85000       -0.6952         0.5991        -0.6952         0.0029         0.0164 
BAR-estimator:      0.85000        0.90000       -0.7349        -0.1358        -0.7349         0.0027         0.0167 
BAR-estimator:      0.90000        0.95000       -0.7585        -0.8943        -0.7585         0.0026         0.0169 
BAR-estimator:      0.95000        1.00000       -0.7763        -1.6706        -0.7763         0.0026         0.0171 
BAR-estimator: total free energy change is -1.670590162418315 , total error is 0.0170611175840038
