#========================================================================================
#                     Free energy perturbation    
#----------------------------------------------------------------------------------------
#forward/backward          λ              ΔΔA                 ΔA                  δε   
#                                                 
#----------------------------------------------------------------------------------------
forward:               0.0000              0.0000              0.0000              0.0000  
forward:               0.0500              3.2484              3.2484              0.0305  
forward:               0.1000              1.6606              4.9089              0.0369  
forward:               0.1500              0.7913              5.7002              0.0391  
forward:               0.2000              0.3608              6.0610              0.0402  
forward:               0.2500              0.1461              6.2071              0.0406  
forward:               0.3000              0.0144              6.2215              0.0411  
forward:               0.3500             -0.0873              6.1342              0.0414  
forward:               0.4000             -0.1565              5.9777              0.0416  
forward:               0.4500             -0.2005              5.7772              0.0419  
forward:               0.5000             -0.2451              5.5321              0.0421  
forward:               0.5500             -0.5044              5.0277              0.0425  
forward:               0.6000             -0.8839              4.1437              0.0428  
forward:               0.6500             -1.2275              2.9162              0.0435  
forward:               0.7000             -1.5036              1.4126              0.0441  
forward:               0.7500             -1.6817             -0.2691              0.0447  
forward:               0.8000             -1.7576             -2.0267              0.0452  
forward:               0.8500             -1.7525             -3.7792              0.0456  
forward:               0.9000             -1.7331             -5.5123              0.0459  
forward:               0.9500             -1.7068             -7.2191              0.0462  
forward:               1.0000             -1.6669             -8.8860              0.0464  
backward:              1.0000              0.0000             -8.8860              0.0000  
backward:              0.9500              1.6687             -7.2173              0.0093  
backward:              0.9000              1.7294             -5.4879              0.0128  
backward:              0.8500              1.7307             -3.7572              0.0152  
backward:              0.8000              1.7517             -2.0055              0.0170  
backward:              0.7500              1.7339             -0.2715              0.0187  
backward:              0.7000              1.6509              1.3793              0.0203  
backward:              0.6500              1.4915              2.8708              0.0221  
backward:              0.6000              1.2079              4.0787              0.0234  
backward:              0.5500              0.8733              4.9521              0.0244  
backward:              0.5000              0.4953              5.4474              0.0254  
backward:              0.4500              0.2471              5.6945              0.0260  
backward:              0.4000              0.2025              5.8970              0.0265  
backward:              0.3500              0.1591              6.0561              0.0274  
backward:              0.3000              0.0896              6.1457              0.0284  
backward:              0.2500             -0.0026              6.1431              0.0300  
backward:              0.2000             -0.1294              6.0137              0.0311  
backward:              0.1500             -0.3886              5.6251              0.0361  
backward:              0.1000             -0.7918              4.8333              0.0462  
backward:              0.0500             -1.6824              3.1509              0.0972  
backward:              0.0000             -3.2456             -0.0947              0.1448  
Inaccuracy estimation
======================================================================================================
                   i        i+δi          P0_overlap_P1   δε(forward)/ε   δε(backward)/ε
======================================================================================================
inaccuracy:  0.00000        0.05000           18.05            0.30            4.85
inaccuracy:  0.05000        0.10000           30.36           -0.09            2.46
inaccuracy:  0.10000        0.15000           42.53           -0.08            1.15
inaccuracy:  0.15000        0.20000           52.07           -0.06            0.57
inaccuracy:  0.20000        0.25000           57.60           -0.07            0.39
inaccuracy:  0.25000        0.30000           60.21           -0.06            0.29
inaccuracy:  0.30000        0.35000           62.89           -0.05            0.23
inaccuracy:  0.35000        0.40000           64.59           -0.05            0.20
inaccuracy:  0.40000        0.45000           65.18           -0.05            0.17
inaccuracy:  0.45000        0.50000           66.72           -0.06            0.15
inaccuracy:  0.50000        0.55000           56.14           -0.20            0.22
inaccuracy:  0.55000        0.60000           57.12           -0.26            0.13
inaccuracy:  0.60000        0.65000           56.99           -0.31            0.08
inaccuracy:  0.65000        0.70000           56.02           -0.28            0.04
inaccuracy:  0.70000        0.75000           57.49           -0.28            0.01
inaccuracy:  0.75000        0.80000           57.41           -0.29            0.01
inaccuracy:  0.80000        0.85000           55.26           -0.32            0.02
inaccuracy:  0.85000        0.90000           54.69           -0.31            0.03
inaccuracy:  0.90000        0.95000           52.86           -0.34            0.03
inaccuracy:  0.95000        1.00000           52.60           -0.33            0.05
===================================================================================================================================
                BAR        
-----------------------------------------------------------------------------------------------------------------------------------
BAR-estimator:         λ             λ+δλ          ΔΔA             ΔA            C               Δδe            δe       
                          
-----------------------------------------------------------------------------------------------------------------------------------
BAR-estimator:      0.00000        0.05000        3.2106         3.2106         3.2106         0.0105         0.0105 
BAR-estimator:      0.05000        0.10000        1.6442         4.8548         1.6442         0.0099         0.0144 
BAR-estimator:      0.10000        0.15000        0.8007         5.6556         0.8007         0.0074         0.0162 
BAR-estimator:      0.15000        0.20000        0.3617         6.0172         0.3617         0.0055         0.0171 
BAR-estimator:      0.20000        0.25000        0.1459         6.1631         0.1459         0.0045         0.0177 
BAR-estimator:      0.25000        0.30000        0.0092         6.1723         0.0092         0.0043         0.0182 
BAR-estimator:      0.30000        0.35000       -0.0869         6.0854        -0.0869         0.0038         0.0186 
BAR-estimator:      0.35000        0.40000       -0.1571         5.9284        -0.1571         0.0033         0.0189 
BAR-estimator:      0.40000        0.45000       -0.2026         5.7258        -0.2026         0.0027         0.0191 
BAR-estimator:      0.45000        0.50000       -0.2449         5.4809        -0.2449         0.0028         0.0193 
BAR-estimator:      0.50000        0.55000       -0.4919         4.9890        -0.4919         0.0036         0.0196 
BAR-estimator:      0.55000        0.60000       -0.8797         4.1093        -0.8797         0.0036         0.0199 
BAR-estimator:      0.60000        0.65000       -1.2201         2.8892        -1.2201         0.0041         0.0203 
BAR-estimator:      0.65000        0.70000       -1.4942         1.3950        -1.4942         0.0040         0.0207 
BAR-estimator:      0.70000        0.75000       -1.6682        -0.2732        -1.6682         0.0045         0.0212 
BAR-estimator:      0.75000        0.80000       -1.7461        -2.0193        -1.7461         0.0041         0.0216 
BAR-estimator:      0.80000        0.85000       -1.7523        -3.7716        -1.7523         0.0039         0.0220 
BAR-estimator:      0.85000        0.90000       -1.7363        -5.5079        -1.7363         0.0041         0.0224 
BAR-estimator:      0.90000        0.95000       -1.7181        -7.2260        -1.7181         0.0038         0.0227 
BAR-estimator:      0.95000        1.00000       -1.6757        -8.9017        -1.6757         0.0039         0.0230 
BAR-estimator: total free energy change is -8.901689058035283 , total error is 0.023002755731616278
