#========================================================================================
#                     Free energy perturbation    
#----------------------------------------------------------------------------------------
#forward/backward          λ              ΔΔA                 ΔA                  δε   
#                                                 
#----------------------------------------------------------------------------------------
forward:               0.0000              0.0000              0.0000              0.0000  
forward:               0.0500              1.5778              1.5778              0.0132  
forward:               0.1000              0.9676              2.5454              0.0170  
forward:               0.1500              0.5420              3.0874              0.0190  
forward:               0.2000              0.3228              3.4102              0.0204  
forward:               0.2500              0.1832              3.5934              0.0211  
forward:               0.3000              0.1021              3.6955              0.0216  
forward:               0.3500              0.0412              3.7366              0.0220  
forward:               0.4000             -0.0057              3.7310              0.0224  
forward:               0.4500             -0.0354              3.6956              0.0230  
forward:               0.5000             -0.0598              3.6358              0.0232  
forward:               0.5500             -0.2757              3.3601              0.0237  
forward:               0.6000             -0.5805              2.7796              0.0242  
forward:               0.6500             -0.8840              1.8955              0.0249  
forward:               0.7000             -1.1479              0.7476              0.0255  
forward:               0.7500             -1.1764             -0.4287              0.0259  
forward:               0.8000             -0.8550             -1.2838              0.0262  
forward:               0.8500             -0.8346             -2.1184              0.0265  
forward:               0.9000             -0.7984             -2.9168              0.0267  
forward:               0.9500             -0.7557             -3.6726              0.0269  
forward:               1.0000             -0.7166             -4.3892              0.0271  
backward:              1.0000              0.0000             -4.3892              0.0000  
backward:              0.9500              1.5123             -2.8769              0.0059  
backward:              0.9000              1.5026             -1.3743              0.0086  
backward:              0.8500              1.5028              0.1285              0.0108  
backward:              0.8000              1.4635              1.5920              0.0269  
backward:              0.7500              1.4671              3.0591              0.0275  
backward:              0.7000              1.3333              4.3925              0.0281  
backward:              0.6500              0.7971              5.1896              0.0285  
backward:              0.6000              0.5997              5.7893              0.0290  
backward:              0.5500              0.4055              6.1949              0.0294  
backward:              0.5000              0.2094              6.4043              0.0299  
backward:              0.4500              0.0600              6.4643              0.0302  
backward:              0.4000              0.0322              6.4965              0.0306  
backward:              0.3500              0.0012              6.4976              0.0310  
backward:              0.3000             -0.0414              6.4562              0.0314  
backward:              0.2500             -0.0876              6.3686              0.0320  
backward:              0.2000             -0.1873              6.1813              0.0338  
backward:              0.1500             -0.3353              5.8460              0.0353  
backward:              0.1000             -0.5663              5.2797              0.0392  
backward:              0.0500             -0.9315              4.3483              0.0420  
backward:              0.0000             -1.5630              2.7852              0.0536  
Inaccuracy estimation
======================================================================================================
                   i        i+δi          P0_overlap_P1   δε(forward)/ε   δε(backward)/ε
======================================================================================================
inaccuracy:  0.00000        0.05000           37.23           -0.03            1.65
inaccuracy:  0.05000        0.10000           46.27           -0.04            1.03
inaccuracy:  0.10000        0.15000           55.06           -0.03            0.57
inaccuracy:  0.15000        0.20000           61.87           -0.02            0.36
inaccuracy:  0.20000        0.25000           64.72           -0.03            0.24
inaccuracy:  0.25000        0.30000           67.06           -0.02            0.20
inaccuracy:  0.30000        0.35000           69.81           -0.01            0.17
inaccuracy:  0.35000        0.40000           71.58           -0.02            0.14
inaccuracy:  0.40000        0.45000           71.46           -0.02            0.13
inaccuracy:  0.45000        0.50000           72.19           -0.02            0.12
inaccuracy:  0.50000        0.55000           66.44           -0.05            0.17
inaccuracy:  0.55000        0.60000           74.22           -0.05            0.09
inaccuracy:  0.60000        0.65000           80.41           -0.03            0.06
inaccuracy:  0.65000        0.70000           84.21           -0.04            0.04
inaccuracy:  0.70000        0.75000           51.32           -0.27            0.05
inaccuracy:  0.75000        0.80000           30.55           -1.05            0.05
inaccuracy:  0.80000        0.85000           28.16           -1.19            0.06
inaccuracy:  0.85000        0.90000           25.91           -1.27            0.08
inaccuracy:  0.90000        0.95000           24.48           -1.34            0.09
inaccuracy:  0.95000        1.00000           22.77           -1.39            0.11
===================================================================================================================================
                BAR        
-----------------------------------------------------------------------------------------------------------------------------------
BAR-estimator:         λ             λ+δλ          ΔΔA             ΔA            C               Δδe            δe       
                          
-----------------------------------------------------------------------------------------------------------------------------------
BAR-estimator:      0.00000        0.05000        1.5680         1.5680         1.5680         0.0068         0.0068 
BAR-estimator:      0.05000        0.10000        0.9632         2.5312         0.9632         0.0062         0.0092 
BAR-estimator:      0.10000        0.15000        0.5472         3.0784         0.5472         0.0054         0.0107 
BAR-estimator:      0.15000        0.20000        0.3283         3.4067         0.3283         0.0046         0.0117 
BAR-estimator:      0.20000        0.25000        0.1818         3.5884         0.1818         0.0037         0.0122 
BAR-estimator:      0.25000        0.30000        0.0955         3.6839         0.0955         0.0033         0.0127 
BAR-estimator:      0.30000        0.35000        0.0435         3.7274         0.0435         0.0228         0.0261 
BAR-estimator:      0.35000        0.40000       -0.0043         3.7231        -0.0043         0.0027         0.0262 
BAR-estimator:      0.40000        0.45000       -0.0351         3.6880        -0.0351         0.0033         0.0264 
BAR-estimator:      0.45000        0.50000       -0.0587         3.6293        -0.0587         0.0024         0.0265 
BAR-estimator:      0.50000        0.55000       -0.2163         3.4130        -0.2163         0.0029         0.0267 
BAR-estimator:      0.55000        0.60000       -0.4722         2.9407        -0.4722         0.0027         0.0268 
BAR-estimator:      0.60000        0.65000       -0.7101         2.2306        -0.7101         0.0028         0.0270 
BAR-estimator:      0.65000        0.70000       -0.9513         1.2793        -0.9513         0.0031         0.0271 
BAR-estimator:      0.70000        0.75000       -1.2428         0.0365        -1.2428         0.0031         0.0273 
BAR-estimator:      0.75000        0.80000       -1.1829        -1.1464        -1.1829         0.0036         0.0275 
BAR-estimator:      0.80000        0.85000       -1.1898        -2.3362        -1.1898         0.0035         0.0278 
BAR-estimator:      0.85000        0.90000       -1.1812        -3.5174        -1.1812         0.0039         0.0280 
BAR-estimator:      0.90000        0.95000       -1.1624        -4.6798        -1.1624         0.0041         0.0283 
BAR-estimator:      0.95000        1.00000       -1.1468        -5.8266        -1.1468         0.0038         0.0286 
BAR-estimator: total free energy change is -5.826639458337539 , total error is 0.028569486742913246
