#========================================================================================
#                     Free energy perturbation    
#----------------------------------------------------------------------------------------
#forward/backward          λ              ΔΔA                 ΔA                  δε   
#                                                 
#----------------------------------------------------------------------------------------
forward:               0.0000              0.0000              0.0000              0.0000  
forward:               0.0500              4.8296              4.8296              0.0737  
forward:               0.1000              2.5353              7.3650              0.0800  
forward:               0.1500              1.0794              8.4444              0.0822  
forward:               0.2000              0.4375              8.8818              0.0827  
forward:               0.2500              0.1023              8.9841              0.0830  
forward:               0.3000             -0.0704              8.9137              0.0833  
forward:               0.3500             -0.1975              8.7162              0.0835  
forward:               0.4000             -0.2705              8.4457              0.0836  
forward:               0.4500             -0.3410              8.1048              0.0838  
forward:               0.5000             -0.3910              7.7138              0.0838  
forward:               0.5500             -0.4595              7.2543              0.0839  
forward:               0.6000             -0.5584              6.6959              0.0840  
forward:               0.6500             -0.6289              6.0669              0.0841  
forward:               0.7000             -0.6847              5.3823              0.0842  
forward:               0.7500             -0.7277              4.6545              0.0843  
forward:               0.8000             -0.7653              3.8892              0.0843  
forward:               0.8500             -0.7955              3.0937              0.0844  
forward:               0.9000             -0.8331              2.2607              0.0845  
forward:               0.9500             -0.8610              1.3996              0.0845  
forward:               1.0000             -0.8805              0.5192              0.0846  
backward:              1.0000              0.0000              0.5192              0.0000  
backward:              0.9500              0.8766              1.3957              0.0042  
backward:              0.9000              0.8522              2.2479              0.0058  
backward:              0.8500              0.8271              3.0750              0.0072  
backward:              0.8000              0.7989              3.8739              0.0081  
backward:              0.7500              0.7759              4.6498              0.0090  
backward:              0.7000              0.7254              5.3753              0.0100  
backward:              0.6500              0.6815              6.0567              0.0110  
backward:              0.6000              0.6204              6.6771              0.0119  
backward:              0.5500              0.5617              7.2388              0.0129  
backward:              0.5000              0.4712              7.7100              0.0139  
backward:              0.4500              0.3806              8.0906              0.0147  
backward:              0.4000              0.3331              8.4237              0.0155  
backward:              0.3500              0.2724              8.6962              0.0168  
backward:              0.3000              0.1810              8.8771              0.0183  
backward:              0.2500              0.0756              8.9527              0.0198  
backward:              0.2000             -0.0930              8.8597              0.0218  
backward:              0.1500             -0.4415              8.4183              0.0281  
backward:              0.1000             -1.0863              7.3320              0.0479  
backward:              0.0500             -2.5482              4.7838              0.0940  
backward:              0.0000             -4.4912              0.2925              0.1175  
Inaccuracy estimation
======================================================================================================
                   i        i+δi          P0_overlap_P1   δε(forward)/ε   δε(backward)/ε
======================================================================================================
inaccuracy:  0.00000        0.05000           11.33            1.22            8.23
inaccuracy:  0.05000        0.10000           22.24            0.03            3.96
inaccuracy:  0.10000        0.15000           35.70           -0.11            1.70
inaccuracy:  0.15000        0.20000           48.52           -0.08            0.73
inaccuracy:  0.20000        0.25000           57.39           -0.06            0.40
inaccuracy:  0.25000        0.30000           61.15           -0.05            0.26
inaccuracy:  0.30000        0.35000           64.81           -0.05            0.19
inaccuracy:  0.35000        0.40000           65.58           -0.05            0.16
inaccuracy:  0.40000        0.45000           67.80           -0.05            0.13
inaccuracy:  0.45000        0.50000           68.60           -0.05            0.11
inaccuracy:  0.50000        0.55000           65.77           -0.07            0.12
inaccuracy:  0.55000        0.60000           67.33           -0.08            0.09
inaccuracy:  0.60000        0.65000           68.95           -0.07            0.08
inaccuracy:  0.65000        0.70000           69.07           -0.07            0.07
inaccuracy:  0.70000        0.75000           68.82           -0.07            0.07
inaccuracy:  0.75000        0.80000           68.15           -0.07            0.06
inaccuracy:  0.80000        0.85000           68.12           -0.08            0.06
inaccuracy:  0.85000        0.90000           69.27           -0.07            0.05
inaccuracy:  0.90000        0.95000           69.33           -0.07            0.05
inaccuracy:  0.95000        1.00000           68.98           -0.08            0.05
===================================================================================================================================
                BAR        
-----------------------------------------------------------------------------------------------------------------------------------
BAR-estimator:         λ             λ+δλ          ΔΔA             ΔA            C               Δδe            δe       
                          
-----------------------------------------------------------------------------------------------------------------------------------
BAR-estimator:      0.00000        0.05000        4.8697         4.8697         4.8697         0.0171         0.0171 
BAR-estimator:      0.05000        0.10000        2.5279         7.3975         2.5279         0.0122         0.0210 
BAR-estimator:      0.10000        0.15000        1.0978         8.4953         1.0978         0.0103         0.0234 
BAR-estimator:      0.15000        0.20000        0.4348         8.9301         0.4348         0.0062         0.0242 
BAR-estimator:      0.20000        0.25000        0.1057         9.0358         0.1057         0.0045         0.0246 
BAR-estimator:      0.25000        0.30000       -0.0706         8.9652        -0.0706         0.0042         0.0250 
BAR-estimator:      0.30000        0.35000       -0.1914         8.7738        -0.1914         0.0036         0.0252 
BAR-estimator:      0.35000        0.40000       -0.2726         8.5012        -0.2726         0.0031         0.0254 
BAR-estimator:      0.40000        0.45000       -0.3367         8.1645        -0.3367         0.0030         0.0256 
BAR-estimator:      0.45000        0.50000       -0.3880         7.7766        -0.3880         0.0026         0.0257 
BAR-estimator:      0.50000        0.55000       -0.4637         7.3129        -0.4637         0.0029         0.0259 
BAR-estimator:      0.55000        0.60000       -0.5612         6.7517        -0.5612         0.0026         0.0260 
BAR-estimator:      0.60000        0.65000       -0.6248         6.1268        -0.6248         0.0028         0.0262 
BAR-estimator:      0.65000        0.70000       -0.6826         5.4442        -0.6826         0.0023         0.0263 
BAR-estimator:      0.70000        0.75000       -0.7240         4.7203        -0.7240         0.0023         0.0264 
BAR-estimator:      0.75000        0.80000       -0.7690         3.9512        -0.7690         0.0024         0.0265 
BAR-estimator:      0.80000        0.85000       -0.7985         3.1527        -0.7985         0.0027         0.0266 
BAR-estimator:      0.85000        0.90000       -0.8307         2.3220        -0.8307         0.0029         0.0268 
BAR-estimator:      0.90000        0.95000       -0.8562         1.4658        -0.8562         0.0026         0.0269 
BAR-estimator:      0.95000        1.00000       -0.8776         0.5882        -0.8776         0.0025         0.0270 
BAR-estimator: total free energy change is 0.5882088484620706 , total error is 0.02702858282099627
