#========================================================================================
#                     Free energy perturbation    
#----------------------------------------------------------------------------------------
#forward/backward          λ              ΔΔA                 ΔA                  δε   
#                                                 
#----------------------------------------------------------------------------------------
forward:               0.0000              0.0000              0.0000              0.0000  
forward:               0.0500              0.9382              0.9382              0.0084  
forward:               0.1000              0.5874              1.5255              0.0109  
forward:               0.1500              0.3850              1.9105              0.0125  
forward:               0.2000              0.2696              2.1801              0.0134  
forward:               0.2500              0.1858              2.3659              0.0139  
forward:               0.3000              0.1383              2.5042              0.0144  
forward:               0.3500              0.1059              2.6101              0.0149  
forward:               0.4000              0.0799              2.6901              0.0152  
forward:               0.4500              0.0544              2.7445              0.0155  
forward:               0.5000              0.0445              2.7890              0.0158  
forward:               0.5500              0.0339              2.8229              0.0160  
forward:               0.6000              0.0241              2.8470              0.0163  
forward:               0.6500              0.0152              2.8622              0.0165  
forward:               0.7000              0.0012              2.8634              0.0167  
forward:               0.7500             -0.0049              2.8585              0.0169  
forward:               0.8000             -0.0071              2.8514              0.0171  
forward:               0.8500             -0.0122              2.8392              0.0173  
forward:               0.9000             -0.0187              2.8204              0.0174  
forward:               0.9500             -0.0217              2.7987              0.0176  
forward:               1.0000             -0.0288              2.7699              0.0178  
backward:              1.0000              0.0000              2.7699              0.0000  
backward:              0.9500              0.0299              2.7998              0.0029  
backward:              0.9000              0.0231              2.8229              0.0041  
backward:              0.8500              0.0202              2.8432              0.0052  
backward:              0.8000              0.0122              2.8554              0.0060  
backward:              0.7500              0.0097              2.8650              0.0068  
backward:              0.7000              0.0009              2.8659              0.0075  
backward:              0.6500             -0.0100              2.8559              0.0081  
backward:              0.6000             -0.0179              2.8380              0.0088  
backward:              0.5500             -0.0250              2.8130              0.0094  
backward:              0.5000             -0.0355              2.7775              0.0100  
backward:              0.4500             -0.0474              2.7301              0.0107  
backward:              0.4000             -0.0588              2.6713              0.0115  
backward:              0.3500             -0.0810              2.5903              0.0123  
backward:              0.3000             -0.1000              2.4904              0.0130  
backward:              0.2500             -0.1466              2.3437              0.0140  
backward:              0.2000             -0.1852              2.1585              0.0149  
backward:              0.1500             -0.2592              1.8993              0.0161  
backward:              0.1000             -0.3848              1.5146              0.0178  
backward:              0.0500             -0.5893              0.9253              0.0203  
backward:              0.0000             -0.9166              0.0086              0.0240  
Inaccuracy estimation
======================================================================================================
                   i        i+δi          P0_overlap_P1   δε(forward)/ε   δε(backward)/ε
======================================================================================================
inaccuracy:  0.00000        0.05000           49.70           -0.02            0.82
inaccuracy:  0.05000        0.10000           58.85           -0.02            0.52
inaccuracy:  0.10000        0.15000           64.80           -0.01            0.32
inaccuracy:  0.15000        0.20000           67.69           -0.01            0.23
inaccuracy:  0.20000        0.25000           71.85           -0.01            0.17
inaccuracy:  0.25000        0.30000           73.74           -0.01            0.13
inaccuracy:  0.30000        0.35000           73.93           -0.01            0.12
inaccuracy:  0.35000        0.40000           76.04           -0.01            0.11
inaccuracy:  0.40000        0.45000           75.98           -0.01            0.10
inaccuracy:  0.45000        0.50000           76.47           -0.01            0.09
inaccuracy:  0.50000        0.55000           76.98           -0.01            0.09
inaccuracy:  0.55000        0.60000           76.65           -0.01            0.09
inaccuracy:  0.60000        0.65000           76.68           -0.01            0.09
inaccuracy:  0.65000        0.70000           78.05           -0.01            0.08
inaccuracy:  0.70000        0.75000           77.22           -0.01            0.08
inaccuracy:  0.75000        0.80000           77.10           -0.01            0.08
inaccuracy:  0.80000        0.85000           76.92           -0.01            0.08
inaccuracy:  0.85000        0.90000           76.75           -0.01            0.08
inaccuracy:  0.90000        0.95000           76.78           -0.01            0.08
inaccuracy:  0.95000        1.00000           76.81           -0.01            0.08
===================================================================================================================================
                BAR        
-----------------------------------------------------------------------------------------------------------------------------------
BAR-estimator:         λ             λ+δλ          ΔΔA             ΔA            C               Δδe            δe       
                          
-----------------------------------------------------------------------------------------------------------------------------------
BAR-estimator:      0.00000        0.05000        0.9338         0.9338         0.9338         0.0046         0.0046 
BAR-estimator:      0.05000        0.10000        0.5944         1.5281         0.5944         0.0046         0.0065 
BAR-estimator:      0.10000        0.15000        0.3868         1.9149         0.3868         0.0042         0.0077 
BAR-estimator:      0.15000        0.20000        0.2644         2.1794         0.2644         0.0032         0.0083 
BAR-estimator:      0.20000        0.25000        0.1873         2.3667         0.1873         0.0027         0.0088 
BAR-estimator:      0.25000        0.30000        0.1406         2.5073         0.1406         0.0024         0.0091 
BAR-estimator:      0.30000        0.35000        0.1029         2.6102         0.1029         0.0024         0.0094 
BAR-estimator:      0.35000        0.40000        0.0815         2.6917         0.0815         0.0022         0.0097 
BAR-estimator:      0.40000        0.45000        0.0559         2.7476         0.0559         0.0024         0.0100 
BAR-estimator:      0.45000        0.50000        0.0455         2.7931         0.0455         0.0021         0.0102 
BAR-estimator:      0.50000        0.55000        0.0353         2.8284         0.0353         0.0022         0.0104 
BAR-estimator:      0.55000        0.60000        0.0244         2.8528         0.0244         0.0021         0.0106 
BAR-estimator:      0.60000        0.65000        0.0149         2.8677         0.0149         0.0019         0.0108 
BAR-estimator:      0.65000        0.70000        0.0058         2.8735         0.0058         0.0020         0.0110 
BAR-estimator:      0.70000        0.75000       -0.0040         2.8695        -0.0040         0.0020         0.0112 
BAR-estimator:      0.75000        0.80000       -0.0083         2.8612        -0.0083         0.0020         0.0113 
BAR-estimator:      0.80000        0.85000       -0.0126         2.8486        -0.0126         0.0020         0.0115 
BAR-estimator:      0.85000        0.90000       -0.0202         2.8284        -0.0202         0.0019         0.0117 
BAR-estimator:      0.90000        0.95000       -0.0220         2.8064        -0.0220         0.0019         0.0118 
BAR-estimator:      0.95000        1.00000       -0.0288         2.7776        -0.0288         0.0021         0.0120 
BAR-estimator: total free energy change is 2.7776113048874063 , total error is 0.012012629713292922
