#========================================================================================
#                     Free energy perturbation    
#----------------------------------------------------------------------------------------
#forward/backward          λ              ΔΔA                 ΔA                  δε   
#                                                 
#----------------------------------------------------------------------------------------
forward:               0.0000              0.0000              0.0000              0.0000  
forward:               0.0500              2.2723              2.2723              0.0244  
forward:               0.1000              1.2860              3.5582              0.0302  
forward:               0.1500              0.6991              4.2574              0.0324  
forward:               0.2000              0.3776              4.6349              0.0332  
forward:               0.2500              0.1854              4.8204              0.0337  
forward:               0.3000              0.0866              4.9070              0.0341  
forward:               0.3500              0.0217              4.9287              0.0345  
forward:               0.4000             -0.0312              4.8975              0.0347  
forward:               0.4500             -0.0642              4.8333              0.0350  
forward:               0.5000             -0.0972              4.7361              0.0352  
forward:               0.5500             -0.1028              4.6333              0.0354  
forward:               0.6000             -0.1284              4.5049              0.0357  
forward:               0.6500             -0.1476              4.3573              0.0359  
forward:               0.7000             -0.1650              4.1923              0.0360  
forward:               0.7500             -0.1742              4.0181              0.0362  
forward:               0.8000             -0.1836              3.8345              0.0363  
forward:               0.8500             -0.1922              3.6423              0.0364  
forward:               0.9000             -0.1959              3.4465              0.0366  
forward:               0.9500             -0.2039              3.2426              0.0367  
forward:               1.0000             -0.2116              3.0310              0.0368  
backward:              1.0000              0.0000              3.0310              0.0000  
backward:              0.9500              0.2126              3.2436              0.0040  
backward:              0.9000              0.2075              3.4511              0.0057  
backward:              0.8500              0.1912              3.6423              0.0070  
backward:              0.8000              0.1886              3.8309              0.0080  
backward:              0.7500              0.1805              4.0114              0.0092  
backward:              0.7000              0.1723              4.1837              0.0100  
backward:              0.6500              0.1585              4.3423              0.0109  
backward:              0.6000              0.1461              4.4884              0.0118  
backward:              0.5500              0.1243              4.6127              0.0122  
backward:              0.5000              0.1061              4.7189              0.0131  
backward:              0.4500              0.0911              4.8100              0.0140  
backward:              0.4000              0.0604              4.8704              0.0150  
backward:              0.3500              0.0327              4.9031              0.0160  
backward:              0.3000             -0.0297              4.8733              0.0175  
backward:              0.2500             -0.0893              4.7840              0.0193  
backward:              0.2000             -0.1856              4.5984              0.0219  
backward:              0.1500             -0.3760              4.2224              0.0271  
backward:              0.1000             -0.7209              3.5015              0.0419  
backward:              0.0500             -1.2713              2.2302              0.0505  
backward:              0.0000             -2.4357             -0.2055              0.1066  
Inaccuracy estimation
======================================================================================================
                   i        i+δi          P0_overlap_P1   δε(forward)/ε   δε(backward)/ε
======================================================================================================
inaccuracy:  0.00000        0.05000           27.81            0.03            2.76
inaccuracy:  0.05000        0.10000           37.81           -0.07            1.68
inaccuracy:  0.10000        0.15000           47.98           -0.06            0.86
inaccuracy:  0.15000        0.20000           55.57           -0.05            0.49
inaccuracy:  0.20000        0.25000           61.52           -0.04            0.32
inaccuracy:  0.25000        0.30000           64.11           -0.03            0.24
inaccuracy:  0.30000        0.35000           66.18           -0.02            0.21
inaccuracy:  0.35000        0.40000           66.73           -0.03            0.19
inaccuracy:  0.40000        0.45000           67.89           -0.03            0.16
inaccuracy:  0.45000        0.50000           69.36           -0.03            0.15
inaccuracy:  0.50000        0.55000           68.18           -0.03            0.14
inaccuracy:  0.55000        0.60000           69.11           -0.03            0.14
inaccuracy:  0.60000        0.65000           69.72           -0.04            0.13
inaccuracy:  0.65000        0.70000           70.43           -0.04            0.13
inaccuracy:  0.70000        0.75000           70.04           -0.03            0.13
inaccuracy:  0.75000        0.80000           69.71           -0.03            0.12
inaccuracy:  0.80000        0.85000           69.90           -0.02            0.12
inaccuracy:  0.85000        0.90000           69.49           -0.04            0.12
inaccuracy:  0.90000        0.95000           69.00           -0.03            0.12
inaccuracy:  0.95000        1.00000           70.02           -0.04            0.12
===================================================================================================================================
                BAR        
-----------------------------------------------------------------------------------------------------------------------------------
BAR-estimator:         λ             λ+δλ          ΔΔA             ΔA            C               Δδe            δe       
                          
-----------------------------------------------------------------------------------------------------------------------------------
BAR-estimator:      0.00000        0.05000        2.2885         2.2885         2.2885         0.0092         0.0092 
BAR-estimator:      0.05000        0.10000        1.2914         3.5799         1.2914         0.0086         0.0126 
BAR-estimator:      0.10000        0.15000        0.6966         4.2766         0.6966         0.0070         0.0144 
BAR-estimator:      0.15000        0.20000        0.3702         4.6468         0.3702         0.0046         0.0151 
BAR-estimator:      0.20000        0.25000        0.1854         4.8322         0.1854         0.0035         0.0155 
BAR-estimator:      0.25000        0.30000        0.0867         4.9189         0.0867         0.0036         0.0159 
BAR-estimator:      0.30000        0.35000        0.0262         4.9451         0.0262         0.0035         0.0163 
BAR-estimator:      0.35000        0.40000       -0.0319         4.9132        -0.0319         0.0029         0.0166 
BAR-estimator:      0.40000        0.45000       -0.0643         4.8489        -0.0643         0.0028         0.0168 
BAR-estimator:      0.45000        0.50000       -0.0952         4.7537        -0.0952         0.0028         0.0170 
BAR-estimator:      0.50000        0.55000       -0.1035         4.6502        -0.1035         0.0028         0.0173 
BAR-estimator:      0.55000        0.60000       -0.1267         4.5235        -0.1267         0.0026         0.0175 
BAR-estimator:      0.60000        0.65000       -0.1468         4.3767        -0.1468         0.0025         0.0176 
BAR-estimator:      0.65000        0.70000       -0.1613         4.2154        -0.1613         0.0026         0.0178 
BAR-estimator:      0.70000        0.75000       -0.1729         4.0425        -0.1729         0.0026         0.0180 
BAR-estimator:      0.75000        0.80000       -0.1835         3.8591        -0.1835         0.0027         0.0182 
BAR-estimator:      0.80000        0.85000       -0.1918         3.6673        -0.1918         0.0025         0.0184 
BAR-estimator:      0.85000        0.90000       -0.1965         3.4708        -0.1965         0.0027         0.0186 
BAR-estimator:      0.90000        0.95000       -0.2062         3.2646        -0.2062         0.0026         0.0188 
BAR-estimator:      0.95000        1.00000       -0.2098         3.0548        -0.2098         0.0024         0.0189 
BAR-estimator: total free energy change is 3.054790291398266 , total error is 0.018926468477365357
