#========================================================================================
#                     Free energy perturbation    
#----------------------------------------------------------------------------------------
#forward/backward          λ              ΔΔA                 ΔA                  δε   
#                                                 
#----------------------------------------------------------------------------------------
forward:               0.0000              0.0000              0.0000              0.0000  
forward:               0.0500              1.8951              1.8951              0.0221  
forward:               0.1000              0.9709              2.8660              0.0258  
forward:               0.1500              0.4333              3.2992              0.0276  
forward:               0.2000              0.1840              3.4833              0.0283  
forward:               0.2500              0.0469              3.5302              0.0288  
forward:               0.3000             -0.0284              3.5018              0.0291  
forward:               0.3500             -0.0892              3.4126              0.0293  
forward:               0.4000             -0.1244              3.2882              0.0295  
forward:               0.4500             -0.1601              3.1281              0.0297  
forward:               0.5000             -0.1855              2.9426              0.0298  
forward:               0.5500             -0.4315              2.5111              0.0302  
forward:               0.6000             -0.8198              1.6913              0.0306  
forward:               0.6500             -1.1561              0.5352              0.0311  
forward:               0.7000             -1.4361             -0.9009              0.0315  
forward:               0.7500             -1.6184             -2.5192              0.0319  
forward:               0.8000             -1.7160             -4.2353              0.0321  
forward:               0.8500             -1.7517             -5.9869              0.0324  
forward:               0.9000             -1.7587             -7.7457              0.0326  
forward:               0.9500             -1.7302             -9.4759              0.0328  
forward:               1.0000             -1.7064            -11.1823              0.0330  
backward:              1.0000              0.0000            -11.1823              0.0000  
backward:              0.9500              1.7089             -9.4735              0.0053  
backward:              0.9000              1.7222             -7.7513              0.0074  
backward:              0.8500              1.7489             -6.0023              0.0088  
backward:              0.8000              1.7417             -4.2607              0.0101  
backward:              0.7500              1.7129             -2.5478              0.0130  
backward:              0.7000              1.6081             -0.9397              0.0139  
backward:              0.6500              1.4327              0.4931              0.0150  
backward:              0.6000              1.1653              1.6583              0.0160  
backward:              0.5500              0.8239              2.4822              0.0167  
backward:              0.5000              0.4369              2.9191              0.0177  
backward:              0.4500              0.1786              3.0977              0.0182  
backward:              0.4000              0.1495              3.2472              0.0187  
backward:              0.3500              0.1197              3.3669              0.0192  
backward:              0.3000              0.0858              3.4527              0.0197  
backward:              0.2500              0.0324              3.4851              0.0204  
backward:              0.2000             -0.0522              3.4330              0.0213  
backward:              0.1500             -0.1867              3.2463              0.0227  
backward:              0.1000             -0.4583              2.7879              0.0312  
backward:              0.0500             -0.9880              1.8000              0.0447  
backward:              0.0000             -1.8562             -0.0562              0.0517  
Inaccuracy estimation
======================================================================================================
                   i        i+δi          P0_overlap_P1   δε(forward)/ε   δε(backward)/ε
======================================================================================================
inaccuracy:  0.00000        0.05000           31.49           -0.03            2.20
inaccuracy:  0.05000        0.10000           42.56           -0.05            1.27
inaccuracy:  0.10000        0.15000           55.60           -0.03            0.56
inaccuracy:  0.15000        0.20000           63.79           -0.03            0.31
inaccuracy:  0.20000        0.25000           68.22           -0.02            0.21
inaccuracy:  0.25000        0.30000           70.21           -0.02            0.15
inaccuracy:  0.30000        0.35000           71.89           -0.02            0.12
inaccuracy:  0.35000        0.40000           73.09           -0.02            0.11
inaccuracy:  0.40000        0.45000           74.15           -0.02            0.09
inaccuracy:  0.45000        0.50000           74.76           -0.02            0.08
inaccuracy:  0.50000        0.55000           60.57           -0.17            0.16
inaccuracy:  0.55000        0.60000           61.39           -0.18            0.09
inaccuracy:  0.60000        0.65000           61.12           -0.23            0.04
inaccuracy:  0.65000        0.70000           62.17           -0.23            0.01
inaccuracy:  0.70000        0.75000           63.09           -0.21           -0.01
inaccuracy:  0.75000        0.80000           62.14           -0.21           -0.02
inaccuracy:  0.80000        0.85000           62.20           -0.19           -0.01
inaccuracy:  0.85000        0.90000           62.39           -0.21           -0.02
inaccuracy:  0.90000        0.95000           61.39           -0.22           -0.00
inaccuracy:  0.95000        1.00000           60.58           -0.24            0.00
===================================================================================================================================
                BAR        
-----------------------------------------------------------------------------------------------------------------------------------
BAR-estimator:         λ             λ+δλ          ΔΔA             ΔA            C               Δδe            δe       
                          
-----------------------------------------------------------------------------------------------------------------------------------
BAR-estimator:      0.00000        0.05000        1.9016         1.9016         1.9016         0.0081         0.0081 
BAR-estimator:      0.05000        0.10000        0.9732         2.8747         0.9732         0.0081         0.0115 
BAR-estimator:      0.10000        0.15000        0.4351         3.3099         0.4351         0.0054         0.0127 
BAR-estimator:      0.15000        0.20000        0.1870         3.4969         0.1870         0.0041         0.0133 
BAR-estimator:      0.20000        0.25000        0.0521         3.5490         0.0521         0.0037         0.0138 
BAR-estimator:      0.25000        0.30000       -0.0292         3.5198        -0.0292         0.0032         0.0142 
BAR-estimator:      0.30000        0.35000       -0.0879         3.4319        -0.0879         0.0026         0.0144 
BAR-estimator:      0.35000        0.40000       -0.1235         3.3084        -0.1235         0.0025         0.0146 
BAR-estimator:      0.40000        0.45000       -0.1574         3.1510        -0.1574         0.0022         0.0148 
BAR-estimator:      0.45000        0.50000       -0.1823         2.9687        -0.1823         0.0020         0.0149 
BAR-estimator:      0.50000        0.55000       -0.4328         2.5359        -0.4328         0.0030         0.0152 
BAR-estimator:      0.55000        0.60000       -0.8190         1.7169        -0.8190         0.0030         0.0155 
BAR-estimator:      0.60000        0.65000       -1.1591         0.5578        -1.1591         0.0032         0.0159 
BAR-estimator:      0.65000        0.70000       -1.4359        -0.8781        -1.4359         0.0034         0.0162 
BAR-estimator:      0.70000        0.75000       -1.6155        -2.4936        -1.6155         0.0034         0.0166 
BAR-estimator:      0.75000        0.80000       -1.7162        -4.2098        -1.7162         0.0028         0.0168 
BAR-estimator:      0.80000        0.85000       -1.7483        -5.9581        -1.7483         0.0033         0.0171 
BAR-estimator:      0.85000        0.90000       -1.7527        -7.7108        -1.7527         0.0033         0.0174 
BAR-estimator:      0.90000        0.95000       -1.7263        -9.4370        -1.7263         0.0031         0.0177 
BAR-estimator:      0.95000        1.00000       -1.7063       -11.1433        -1.7063         0.0030         0.0179 
BAR-estimator: total free energy change is -11.143345254918376 , total error is 0.017944099856920186
