#========================================================================================
#                     Free energy perturbation    
#----------------------------------------------------------------------------------------
#forward/backward          λ              ΔΔA                 ΔA                  δε   
#                                                 
#----------------------------------------------------------------------------------------
forward:               0.0000              0.0000              0.0000              0.0000  
forward:               0.0500              2.2334              2.2334              0.0209  
forward:               0.1000              1.1254              3.3589              0.0253  
forward:               0.1500              0.5107              3.8696              0.0270  
forward:               0.2000              0.2449              4.1145              0.0278  
forward:               0.2500              0.1055              4.2200              0.0283  
forward:               0.3000              0.0260              4.2460              0.0286  
forward:               0.3500             -0.0356              4.2104              0.0289  
forward:               0.4000             -0.0758              4.1346              0.0290  
forward:               0.4500             -0.0961              4.0385              0.0292  
forward:               0.5000             -0.1236              3.9149              0.0293  
forward:               0.5500             -0.1883              3.7266              0.0295  
forward:               0.6000             -0.2414              3.4852              0.0296  
forward:               0.6500             -0.2791              3.2061              0.0297  
forward:               0.7000             -0.3038              2.9023              0.0298  
forward:               0.7500             -0.3316              2.5707              0.0299  
forward:               0.8000             -0.3477              2.2230              0.0300  
forward:               0.8500             -0.3634              1.8595              0.0301  
forward:               0.9000             -0.3777              1.4818              0.0302  
forward:               0.9500             -0.3901              1.0917              0.0303  
forward:               1.0000             -0.4014              0.6903              0.0304  
backward:              1.0000              0.0000              0.6903              0.0000  
backward:              0.9500              0.4056              1.0959              0.0027  
backward:              0.9000              0.3862              1.4821              0.0039  
backward:              0.8500              0.3759              1.8580              0.0040  
backward:              0.8000              0.3626              2.2206              0.0050  
backward:              0.7500              0.3468              2.5674              0.0057  
backward:              0.7000              0.3321              2.8995              0.0064  
backward:              0.6500              0.3053              3.2049              0.0070  
backward:              0.6000              0.2740              3.4788              0.0077  
backward:              0.5500              0.2388              3.7176              0.0084  
backward:              0.5000              0.1859              3.9035              0.0090  
backward:              0.4500              0.1233              4.0269              0.0097  
backward:              0.4000              0.1064              4.1332              0.0103  
backward:              0.3500              0.0684              4.2017              0.0112  
backward:              0.3000              0.0312              4.2329              0.0137  
backward:              0.2500             -0.0271              4.2057              0.0146  
backward:              0.2000             -0.1244              4.0813              0.0159  
backward:              0.1500             -0.2473              3.8340              0.0181  
backward:              0.1000             -0.5262              3.3078              0.0262  
backward:              0.0500             -1.1129              2.1949              0.0343  
backward:              0.0000             -2.2013             -0.0065              0.0616  
Inaccuracy estimation
======================================================================================================
                   i        i+δi          P0_overlap_P1   δε(forward)/ε   δε(backward)/ε
======================================================================================================
inaccuracy:  0.00000        0.05000           28.35            0.02            3.21
inaccuracy:  0.05000        0.10000           41.62           -0.05            1.37
inaccuracy:  0.10000        0.15000           55.59           -0.02            0.60
inaccuracy:  0.15000        0.20000           64.97           -0.02            0.29
inaccuracy:  0.20000        0.25000           70.22           -0.02            0.18
inaccuracy:  0.25000        0.30000           72.30           -0.02            0.13
inaccuracy:  0.30000        0.35000           74.11           -0.02            0.11
inaccuracy:  0.35000        0.40000           76.27           -0.01            0.09
inaccuracy:  0.40000        0.45000           75.18           -0.01            0.09
inaccuracy:  0.45000        0.50000           76.06           -0.02            0.07
inaccuracy:  0.50000        0.55000           75.57           -0.02            0.08
inaccuracy:  0.55000        0.60000           76.28           -0.03            0.06
inaccuracy:  0.60000        0.65000           76.66           -0.02            0.05
inaccuracy:  0.65000        0.70000           76.50           -0.03            0.05
inaccuracy:  0.70000        0.75000           77.03           -0.02            0.05
inaccuracy:  0.75000        0.80000           76.70           -0.02            0.05
inaccuracy:  0.80000        0.85000           76.81           -0.03            0.05
inaccuracy:  0.85000        0.90000           77.04           -0.03            0.05
inaccuracy:  0.90000        0.95000           77.00           -0.02            0.05
inaccuracy:  0.95000        1.00000           76.50           -0.03            0.05
===================================================================================================================================
                BAR        
-----------------------------------------------------------------------------------------------------------------------------------
BAR-estimator:         λ             λ+δλ          ΔΔA             ΔA            C               Δδe            δe       
                          
-----------------------------------------------------------------------------------------------------------------------------------
BAR-estimator:      0.00000        0.05000        2.2400         2.2400         2.2400         0.0089         0.0089 
BAR-estimator:      0.05000        0.10000        1.1245         3.3645         1.1245         0.0086         0.0124 
BAR-estimator:      0.10000        0.15000        0.5132         3.8777         0.5132         0.0061         0.0138 
BAR-estimator:      0.15000        0.20000        0.2460         4.1237         0.2460         0.0042         0.0145 
BAR-estimator:      0.20000        0.25000        0.1112         4.2348         0.1112         0.0035         0.0149 
BAR-estimator:      0.25000        0.30000        0.0254         4.2602         0.0254         0.0028         0.0151 
BAR-estimator:      0.30000        0.35000       -0.0346         4.2256        -0.0346         0.0025         0.0153 
BAR-estimator:      0.35000        0.40000       -0.0732         4.1524        -0.0732         0.0023         0.0155 
BAR-estimator:      0.40000        0.45000       -0.1001         4.0523        -0.1001         0.0022         0.0157 
BAR-estimator:      0.45000        0.50000       -0.1244         3.9279        -0.1244         0.0020         0.0158 
BAR-estimator:      0.50000        0.55000       -0.1864         3.7415        -0.1864         0.0022         0.0159 
BAR-estimator:      0.55000        0.60000       -0.2409         3.5006        -0.2409         0.0019         0.0160 
BAR-estimator:      0.60000        0.65000       -0.2782         3.2224        -0.2782         0.0020         0.0162 
BAR-estimator:      0.65000        0.70000       -0.3056         2.9168        -0.3056         0.0024         0.0164 
BAR-estimator:      0.70000        0.75000       -0.3314         2.5854        -0.3314         0.0019         0.0165 
BAR-estimator:      0.75000        0.80000       -0.3480         2.2374        -0.3480         0.0020         0.0166 
BAR-estimator:      0.80000        0.85000       -0.3637         1.8737        -0.3637         0.0019         0.0167 
BAR-estimator:      0.85000        0.90000       -0.3775         1.4962        -0.3775         0.0021         0.0168 
BAR-estimator:      0.90000        0.95000       -0.3892         1.1069        -0.3892         0.0024         0.0170 
BAR-estimator:      0.95000        1.00000       -0.4029         0.7040        -0.4029         0.0020         0.0171 
BAR-estimator: total free energy change is 0.7040311380451051 , total error is 0.017112948861716104
