#========================================================================================
#                     Free energy perturbation    
#----------------------------------------------------------------------------------------
#forward/backward          λ              ΔΔA                 ΔA                  δε   
#                                                 
#----------------------------------------------------------------------------------------
forward:               0.0000              0.0000              0.0000              0.0000  
forward:               0.0500              1.8894              1.8894              0.0174  
forward:               0.1000              1.0206              2.9100              0.0213  
forward:               0.1500              0.5200              3.4300              0.0231  
forward:               0.2000              0.2722              3.7022              0.0239  
forward:               0.2500              0.1348              3.8370              0.0244  
forward:               0.3000              0.0608              3.8978              0.0249  
forward:               0.3500              0.0022              3.9000              0.0252  
forward:               0.4000             -0.0388              3.8612              0.0254  
forward:               0.4500             -0.0651              3.7961              0.0256  
forward:               0.5000             -0.0905              3.7057              0.0259  
forward:               0.5500             -0.1370              3.5687              0.0262  
forward:               0.6000             -0.2333              3.3354              0.0264  
forward:               0.6500             -0.3102              3.0251              0.0265  
forward:               0.7000             -0.3701              2.6550              0.0267  
forward:               0.7500             -0.4199              2.2351              0.0268  
forward:               0.8000             -0.4549              1.7802              0.0270  
forward:               0.8500             -0.4959              1.2843              0.0271  
forward:               0.9000             -0.5159              0.7684              0.0273  
forward:               0.9500             -0.5357              0.2327              0.0274  
forward:               1.0000             -0.5603             -0.3276              0.0276  
backward:              1.0000              0.0000             -0.3276              0.0000  
backward:              0.9500              0.5557              0.2281              0.0035  
backward:              0.9000              0.5418              0.7699              0.0051  
backward:              0.8500              0.5175              1.2873              0.0069  
backward:              0.8000              0.4808              1.7682              0.0101  
backward:              0.7500              0.4563              2.2245              0.0107  
backward:              0.7000              0.4170              2.6415              0.0113  
backward:              0.6500              0.3653              3.0068              0.0118  
backward:              0.6000              0.3026              3.3095              0.0125  
backward:              0.5500              0.2305              3.5399              0.0132  
backward:              0.5000              0.1350              3.6749              0.0139  
backward:              0.4500              0.0936              3.7685              0.0144  
backward:              0.4000              0.0704              3.8389              0.0149  
backward:              0.3500              0.0387              3.8776              0.0155  
backward:              0.3000             -0.0090              3.8686              0.0162  
backward:              0.2500             -0.0621              3.8065              0.0174  
backward:              0.2000             -0.1434              3.6631              0.0188  
backward:              0.1500             -0.2754              3.3877              0.0226  
backward:              0.1000             -0.4764              2.9113              0.0250  
backward:              0.0500             -0.9903              1.9210              0.0323  
backward:              0.0000             -1.8939              0.0271              0.0495  
Inaccuracy estimation
======================================================================================================
                   i        i+δi          P0_overlap_P1   δε(forward)/ε   δε(backward)/ε
======================================================================================================
inaccuracy:  0.00000        0.05000           31.51           -0.02            2.55
inaccuracy:  0.05000        0.10000           43.77           -0.05            1.21
inaccuracy:  0.10000        0.15000           54.72           -0.03            0.59
inaccuracy:  0.15000        0.20000           62.76           -0.02            0.32
inaccuracy:  0.20000        0.25000           68.29           -0.02            0.21
inaccuracy:  0.25000        0.30000           69.58           -0.01            0.16
inaccuracy:  0.30000        0.35000           72.32           -0.01            0.13
inaccuracy:  0.35000        0.40000           73.32           -0.02            0.11
inaccuracy:  0.40000        0.45000           73.39           -0.02            0.11
inaccuracy:  0.45000        0.50000           74.12           -0.02            0.10
inaccuracy:  0.50000        0.55000           70.78           -0.04            0.11
inaccuracy:  0.55000        0.60000           72.27           -0.04            0.09
inaccuracy:  0.60000        0.65000           73.10           -0.04            0.08
inaccuracy:  0.65000        0.70000           73.67           -0.04            0.07
inaccuracy:  0.70000        0.75000           73.44           -0.04            0.07
inaccuracy:  0.75000        0.80000           72.89           -0.05            0.06
inaccuracy:  0.80000        0.85000           73.94           -0.04            0.06
inaccuracy:  0.85000        0.90000           73.03           -0.05            0.06
inaccuracy:  0.90000        0.95000           72.07           -0.05            0.06
inaccuracy:  0.95000        1.00000           72.91           -0.05            0.06
===================================================================================================================================
                BAR        
-----------------------------------------------------------------------------------------------------------------------------------
BAR-estimator:         λ             λ+δλ          ΔΔA             ΔA            C               Δδe            δe       
                          
-----------------------------------------------------------------------------------------------------------------------------------
BAR-estimator:      0.00000        0.05000        1.9009         1.9009         1.9009         0.0084         0.0084 
BAR-estimator:      0.05000        0.10000        1.0114         2.9123         1.0114         0.0071         0.0110 
BAR-estimator:      0.10000        0.15000        0.5124         3.4247         0.5124         0.0057         0.0124 
BAR-estimator:      0.15000        0.20000        0.2681         3.6928         0.2681         0.0041         0.0131 
BAR-estimator:      0.20000        0.25000        0.1376         3.8304         0.1376         0.0034         0.0135 
BAR-estimator:      0.25000        0.30000        0.0581         3.8886         0.0581         0.0032         0.0139 
BAR-estimator:      0.30000        0.35000        0.0048         3.8933         0.0048         0.0026         0.0141 
BAR-estimator:      0.35000        0.40000       -0.0384         3.8549        -0.0384         0.0024         0.0144 
BAR-estimator:      0.40000        0.45000       -0.0670         3.7879        -0.0670         0.0023         0.0145 
BAR-estimator:      0.45000        0.50000       -0.0912         3.6967        -0.0912         0.0024         0.0147 
BAR-estimator:      0.50000        0.55000       -0.1364         3.5603        -0.1364         0.0026         0.0150 
BAR-estimator:      0.55000        0.60000       -0.2329         3.3273        -0.2329         0.0023         0.0151 
BAR-estimator:      0.60000        0.65000       -0.3072         3.0201        -0.3072         0.0022         0.0153 
BAR-estimator:      0.65000        0.70000       -0.3676         2.6526        -0.3676         0.0023         0.0155 
BAR-estimator:      0.70000        0.75000       -0.4179         2.2347        -0.4179         0.0021         0.0156 
BAR-estimator:      0.75000        0.80000       -0.4567         1.7780        -0.4567         0.0022         0.0158 
BAR-estimator:      0.80000        0.85000       -0.4920         1.2861        -0.4920         0.0022         0.0159 
BAR-estimator:      0.85000        0.90000       -0.5175         0.7685        -0.5175         0.0024         0.0161 
BAR-estimator:      0.90000        0.95000       -0.5401         0.2284        -0.5401         0.0024         0.0163 
BAR-estimator:      0.95000        1.00000       -0.5596        -0.3312        -0.5596         0.0024         0.0165 
BAR-estimator: total free energy change is -0.33118366516607 , total error is 0.016459602095013685
