#========================================================================================
#                     Free energy perturbation    
#----------------------------------------------------------------------------------------
#forward/backward          λ              ΔΔA                 ΔA                  δε   
#                                                 
#----------------------------------------------------------------------------------------
forward:               0.0000              0.0000              0.0000              0.0000  
forward:               0.0500              2.0131              2.0131              0.0168  
forward:               0.1000              1.2418              3.2549              0.0223  
forward:               0.1500              0.7442              3.9991              0.0243  
forward:               0.2000              0.4297              4.4287              0.0254  
forward:               0.2500              0.2804              4.7091              0.0262  
forward:               0.3000              0.1500              4.8591              0.0269  
forward:               0.3500              0.0948              4.9539              0.0274  
forward:               0.4000              0.0400              4.9939              0.0277  
forward:               0.4500              0.0130              5.0069              0.0281  
forward:               0.5000             -0.0229              4.9839              0.0283  
forward:               0.5500             -0.0412              4.9427              0.0286  
forward:               0.6000             -0.0898              4.8529              0.0288  
forward:               0.6500             -0.1186              4.7344              0.0290  
forward:               0.7000             -0.1412              4.5931              0.0292  
forward:               0.7500             -0.1583              4.4349              0.0294  
forward:               0.8000             -0.1675              4.2673              0.0296  
forward:               0.8500             -0.1775              4.0899              0.0297  
forward:               0.9000             -0.1900              3.8999              0.0299  
forward:               0.9500             -0.1957              3.7043              0.0301  
forward:               1.0000             -0.2008              3.5035              0.0302  
backward:              1.0000              0.0000              3.5035              0.0000  
backward:              0.9500              0.1981              3.7016              0.0039  
backward:              0.9000              0.1915              3.8930              0.0062  
backward:              0.8500              0.1830              4.0760              0.0073  
backward:              0.8000              0.1769              4.2529              0.0084  
backward:              0.7500              0.1755              4.4284              0.0092  
backward:              0.7000              0.1596              4.5880              0.0101  
backward:              0.6500              0.1388              4.7268              0.0109  
backward:              0.6000              0.1080              4.8348              0.0117  
backward:              0.5500              0.0859              4.9206              0.0127  
backward:              0.5000              0.0541              4.9747              0.0135  
backward:              0.4500              0.0309              5.0057              0.0141  
backward:              0.4000             -0.0120              4.9936              0.0151  
backward:              0.3500             -0.0421              4.9516              0.0172  
backward:              0.3000             -0.0915              4.8601              0.0192  
backward:              0.2500             -0.1672              4.6929              0.0202  
backward:              0.2000             -0.2742              4.4187              0.0221  
backward:              0.1500             -0.4324              3.9864              0.0243  
backward:              0.1000             -0.7501              3.2363              0.0280  
backward:              0.0500             -1.2788              1.9574              0.0415  
backward:              0.0000             -2.0041             -0.0467              0.0495  
Inaccuracy estimation
======================================================================================================
                   i        i+δi          P0_overlap_P1   δε(forward)/ε   δε(backward)/ε
======================================================================================================
inaccuracy:  0.00000        0.05000           32.03            0.00            2.31
inaccuracy:  0.05000        0.10000           41.30           -0.05            1.36
inaccuracy:  0.10000        0.15000           49.85           -0.05            0.76
inaccuracy:  0.15000        0.20000           57.72           -0.03            0.46
inaccuracy:  0.20000        0.25000           60.45           -0.03            0.33
inaccuracy:  0.25000        0.30000           65.33           -0.03            0.24
inaccuracy:  0.30000        0.35000           65.66           -0.03            0.22
inaccuracy:  0.35000        0.40000           67.61           -0.02            0.18
inaccuracy:  0.40000        0.45000           67.79           -0.02            0.17
inaccuracy:  0.45000        0.50000           68.46           -0.02            0.15
inaccuracy:  0.50000        0.55000           68.02           -0.04            0.15
inaccuracy:  0.55000        0.60000           69.65           -0.03            0.14
inaccuracy:  0.60000        0.65000           70.33           -0.03            0.13
inaccuracy:  0.65000        0.70000           70.38           -0.03            0.12
inaccuracy:  0.70000        0.75000           70.12           -0.03            0.12
inaccuracy:  0.75000        0.80000           69.79           -0.04            0.12
inaccuracy:  0.80000        0.85000           70.17           -0.04            0.12
inaccuracy:  0.85000        0.90000           70.67           -0.04            0.11
inaccuracy:  0.90000        0.95000           70.10           -0.03            0.12
inaccuracy:  0.95000        1.00000           69.91           -0.03            0.12
===================================================================================================================================
                BAR        
-----------------------------------------------------------------------------------------------------------------------------------
BAR-estimator:         λ             λ+δλ          ΔΔA             ΔA            C               Δδe            δe       
                          
-----------------------------------------------------------------------------------------------------------------------------------
BAR-estimator:      0.00000        0.05000        2.0296         2.0296         2.0296         0.0079         0.0079 
BAR-estimator:      0.05000        0.10000        1.2400         3.2695         1.2400         0.0080         0.0113 
BAR-estimator:      0.10000        0.15000        0.7415         4.0111         0.7415         0.0058         0.0127 
BAR-estimator:      0.15000        0.20000        0.4364         4.4475         0.4364         0.0051         0.0137 
BAR-estimator:      0.20000        0.25000        0.2746         4.7221         0.2746         0.0055         0.0147 
BAR-estimator:      0.25000        0.30000        0.1553         4.8774         0.1553         0.0037         0.0152 
BAR-estimator:      0.30000        0.35000        0.0914         4.9689         0.0914         0.0034         0.0156 
BAR-estimator:      0.35000        0.40000        0.0392         5.0080         0.0392         0.0031         0.0159 
BAR-estimator:      0.40000        0.45000        0.0114         5.0194         0.0114         0.0029         0.0161 
BAR-estimator:      0.45000        0.50000       -0.0264         4.9930        -0.0264         0.0027         0.0164 
BAR-estimator:      0.50000        0.55000       -0.0460         4.9470        -0.0460         0.0026         0.0166 
BAR-estimator:      0.55000        0.60000       -0.0897         4.8573        -0.0897         0.0026         0.0168 
BAR-estimator:      0.60000        0.65000       -0.1149         4.7424        -0.1149         0.0026         0.0170 
BAR-estimator:      0.65000        0.70000       -0.1395         4.6029        -0.1395         0.0021         0.0171 
BAR-estimator:      0.70000        0.75000       -0.1580         4.4450        -0.1580         0.0025         0.0173 
BAR-estimator:      0.75000        0.80000       -0.1703         4.2746        -0.1703         0.0025         0.0175 
BAR-estimator:      0.80000        0.85000       -0.1791         4.0956        -0.1791         0.0026         0.0177 
BAR-estimator:      0.85000        0.90000       -0.1866         3.9089        -0.1866         0.0027         0.0179 
BAR-estimator:      0.90000        0.95000       -0.1945         3.7145        -0.1945         0.0026         0.0181 
BAR-estimator:      0.95000        1.00000       -0.1993         3.5152        -0.1993         0.0024         0.0182 
BAR-estimator: total free energy change is 3.5152050938789197 , total error is 0.018216274061655876
