#========================================================================================
#                     Free energy perturbation    
#----------------------------------------------------------------------------------------
#forward/backward          λ              ΔΔA                 ΔA                  δε   
#                                                 
#----------------------------------------------------------------------------------------
forward:               0.0000              0.0000              0.0000              0.0000  
forward:               0.0500              0.8708              0.8708              0.0081  
forward:               0.1000              0.4824              1.3532              0.0099  
forward:               0.1500              0.3000              1.6532              0.0109  
forward:               0.2000              0.1797              1.8329              0.0117  
forward:               0.2500              0.1255              1.9584              0.0122  
forward:               0.3000              0.0819              2.0403              0.0125  
forward:               0.3500              0.0481              2.0884              0.0129  
forward:               0.4000              0.0179              2.1063              0.0132  
forward:               0.4500              0.0080              2.1144              0.0135  
forward:               0.5000             -0.0109              2.1034              0.0138  
forward:               0.5500             -0.0843              2.0192              0.0141  
forward:               0.6000             -0.1981              1.8210              0.0145  
forward:               0.6500             -0.2886              1.5324              0.0147  
forward:               0.7000             -0.3728              1.1596              0.0150  
forward:               0.7500             -0.4399              0.7197              0.0152  
forward:               0.8000             -0.5037              0.2160              0.0155  
forward:               0.8500             -0.5529             -0.3369              0.0157  
forward:               0.9000             -0.5880             -0.9249              0.0159  
forward:               0.9500             -0.6255             -1.5504              0.0161  
forward:               1.0000             -0.6478             -2.1982              0.0163  
backward:              1.0000              0.0000             -2.1982              0.0000  
backward:              0.9500              0.6457             -1.5524              0.0030  
backward:              0.9000              0.6244             -0.9281              0.0043  
backward:              0.8500              0.5899             -0.3381              0.0054  
backward:              0.8000              0.5514              0.2133              0.0062  
backward:              0.7500              0.4948              0.7081              0.0070  
backward:              0.7000              0.4403              1.1484              0.0076  
backward:              0.6500              0.3721              1.5205              0.0082  
backward:              0.6000              0.2859              1.8064              0.0090  
backward:              0.5500              0.1941              2.0005              0.0096  
backward:              0.5000              0.0816              2.0821              0.0104  
backward:              0.4500              0.0087              2.0908              0.0108  
backward:              0.4000             -0.0087              2.0821              0.0114  
backward:              0.3500             -0.0227              2.0594              0.0118  
backward:              0.3000             -0.0485              2.0109              0.0123  
backward:              0.2500             -0.0742              1.9367              0.0129  
backward:              0.2000             -0.1254              1.8113              0.0137  
backward:              0.1500             -0.1888              1.6225              0.0150  
backward:              0.1000             -0.3065              1.3161              0.0168  
backward:              0.0500             -0.4705              0.8456              0.0189  
backward:              0.0000             -0.8710             -0.0254              0.0305  
Inaccuracy estimation
======================================================================================================
                   i        i+δi          P0_overlap_P1   δε(forward)/ε   δε(backward)/ε
======================================================================================================
inaccuracy:  0.00000        0.05000           48.41           -0.02            0.97
inaccuracy:  0.05000        0.10000           60.56           -0.01            0.47
inaccuracy:  0.10000        0.15000           67.40           -0.00            0.26
inaccuracy:  0.15000        0.20000           72.73           -0.01            0.17
inaccuracy:  0.20000        0.25000           73.88           -0.01            0.14
inaccuracy:  0.25000        0.30000           75.07           -0.01            0.11
inaccuracy:  0.30000        0.35000           77.25           -0.01            0.10
inaccuracy:  0.35000        0.40000           78.83           -0.01            0.08
inaccuracy:  0.40000        0.45000           78.18           -0.01            0.08
inaccuracy:  0.45000        0.50000           79.05           -0.01            0.08
inaccuracy:  0.50000        0.55000           73.45           -0.04            0.09
inaccuracy:  0.55000        0.60000           74.27           -0.04            0.07
inaccuracy:  0.60000        0.65000           74.28           -0.04            0.06
inaccuracy:  0.65000        0.70000           74.81           -0.04            0.06
inaccuracy:  0.70000        0.75000           74.66           -0.04            0.05
inaccuracy:  0.75000        0.80000           75.19           -0.04            0.05
inaccuracy:  0.80000        0.85000           74.77           -0.05            0.05
inaccuracy:  0.85000        0.90000           74.02           -0.04            0.04
inaccuracy:  0.90000        0.95000           74.58           -0.05            0.04
inaccuracy:  0.95000        1.00000           74.43           -0.05            0.04
===================================================================================================================================
                BAR        
-----------------------------------------------------------------------------------------------------------------------------------
BAR-estimator:         λ             λ+δλ          ΔΔA             ΔA            C               Δδe            δe       
                          
-----------------------------------------------------------------------------------------------------------------------------------
BAR-estimator:      0.00000        0.05000        0.8642         0.8642         0.8642         0.0052         0.0052 
BAR-estimator:      0.05000        0.10000        0.4827         1.3469         0.4827         0.0039         0.0064 
BAR-estimator:      0.10000        0.15000        0.2994         1.6463         0.2994         0.0032         0.0072 
BAR-estimator:      0.15000        0.20000        0.1829         1.8292         0.1829         0.0028         0.0077 
BAR-estimator:      0.20000        0.25000        0.1242         1.9534         0.1242         0.0023         0.0081 
BAR-estimator:      0.25000        0.30000        0.0787         2.0321         0.0787         0.0022         0.0084 
BAR-estimator:      0.30000        0.35000        0.0496         2.0818         0.0496         0.0022         0.0086 
BAR-estimator:      0.35000        0.40000        0.0207         2.1025         0.0207         0.0020         0.0089 
BAR-estimator:      0.40000        0.45000        0.0088         2.1113         0.0088         0.0019         0.0091 
BAR-estimator:      0.45000        0.50000       -0.0096         2.1016        -0.0096         0.0018         0.0093 
BAR-estimator:      0.50000        0.55000       -0.0852         2.0164        -0.0852         0.0021         0.0095 
BAR-estimator:      0.55000        0.60000       -0.1962         1.8202        -0.1962         0.0020         0.0097 
BAR-estimator:      0.60000        0.65000       -0.2890         1.5312        -0.2890         0.0020         0.0099 
BAR-estimator:      0.65000        0.70000       -0.3715         1.1597        -0.3715         0.0021         0.0101 
BAR-estimator:      0.70000        0.75000       -0.4397         0.7200        -0.4397         0.0021         0.0103 
BAR-estimator:      0.75000        0.80000       -0.4994         0.2206        -0.4994         0.0021         0.0105 
BAR-estimator:      0.80000        0.85000       -0.5532        -0.3327        -0.5532         0.0020         0.0107 
BAR-estimator:      0.85000        0.90000       -0.5889        -0.9216        -0.5889         0.0020         0.0109 
BAR-estimator:      0.90000        0.95000       -0.6242        -1.5458        -0.6242         0.0020         0.0111 
BAR-estimator:      0.95000        1.00000       -0.6467        -2.1925        -0.6467         0.0019         0.0113 
BAR-estimator: total free energy change is -2.192491298614769 , total error is 0.011255933457966761
