#========================================================================================
#                     Free energy perturbation    
#----------------------------------------------------------------------------------------
#forward/backward          λ              ΔΔA                 ΔA                  δε   
#                                                 
#----------------------------------------------------------------------------------------
forward:               0.0000              0.0000              0.0000              0.0000  
forward:               0.0500              1.4281              1.4281              0.0122  
forward:               0.1000              0.9069              2.3350              0.0156  
forward:               0.1500              0.5364              2.8714              0.0173  
forward:               0.2000              0.3235              3.1949              0.0184  
forward:               0.2500              0.2089              3.4038              0.0191  
forward:               0.3000              0.1201              3.5239              0.0197  
forward:               0.3500              0.0620              3.5859              0.0201  
forward:               0.4000              0.0289              3.6149              0.0204  
forward:               0.4500              0.0037              3.6186              0.0207  
forward:               0.5000             -0.0152              3.6034              0.0210  
forward:               0.5500             -0.1181              3.4853              0.0214  
forward:               0.6000             -0.2898              3.1954              0.0216  
forward:               0.6500             -0.4451              2.7504              0.0220  
forward:               0.7000             -0.5854              2.1650              0.0223  
forward:               0.7500             -0.6960              1.4690              0.0227  
forward:               0.8000             -0.7598              0.7092              0.0229  
forward:               0.8500             -0.7967             -0.0875              0.0232  
forward:               0.9000             -0.8228             -0.9103              0.0235  
forward:               0.9500             -0.8384             -1.7487              0.0237  
forward:               1.0000             -0.8524             -2.6011              0.0239  
backward:              1.0000              0.0000             -2.6011              0.0000  
backward:              0.9500              0.8445             -1.7566              0.0046  
backward:              0.9000              0.8343             -0.9223              0.0064  
backward:              0.8500              0.8221             -0.1002              0.0081  
backward:              0.8000              0.7952              0.6950              0.0091  
backward:              0.7500              0.7496              1.4446              0.0102  
backward:              0.7000              0.6870              2.1316              0.0110  
backward:              0.6500              0.5817              2.7133              0.0120  
backward:              0.6000              0.4485              3.1618              0.0129  
backward:              0.5500              0.2892              3.4510              0.0135  
backward:              0.5000              0.1204              3.5714              0.0144  
backward:              0.4500              0.0224              3.5938              0.0151  
backward:              0.4000             -0.0037              3.5901              0.0156  
backward:              0.3500             -0.0310              3.5591              0.0163  
backward:              0.3000             -0.0746              3.4845              0.0169  
backward:              0.2500             -0.1225              3.3620              0.0178  
backward:              0.2000             -0.2070              3.1550              0.0190  
backward:              0.1500             -0.3314              2.8237              0.0206  
backward:              0.1000             -0.5234              2.3003              0.0224  
backward:              0.0500             -0.8699              1.4304              0.0265  
backward:              0.0000             -1.4494             -0.0190              0.0362  
Inaccuracy estimation
======================================================================================================
                   i        i+δi          P0_overlap_P1   δε(forward)/ε   δε(backward)/ε
======================================================================================================
inaccuracy:  0.00000        0.05000           40.35           -0.03            1.46
inaccuracy:  0.05000        0.10000           47.82           -0.04            0.96
inaccuracy:  0.10000        0.15000           56.38           -0.03            0.53
inaccuracy:  0.15000        0.20000           62.59           -0.02            0.32
inaccuracy:  0.20000        0.25000           66.18           -0.02            0.24
inaccuracy:  0.25000        0.30000           69.32           -0.02            0.19
inaccuracy:  0.30000        0.35000           71.72           -0.01            0.15
inaccuracy:  0.35000        0.40000           72.07           -0.02            0.14
inaccuracy:  0.40000        0.45000           72.69           -0.01            0.13
inaccuracy:  0.45000        0.50000           72.16           -0.01            0.12
inaccuracy:  0.50000        0.55000           67.30           -0.07            0.14
inaccuracy:  0.55000        0.60000           67.14           -0.08            0.11
inaccuracy:  0.60000        0.65000           66.96           -0.08            0.10
inaccuracy:  0.65000        0.70000           67.21           -0.09            0.08
inaccuracy:  0.70000        0.75000           69.01           -0.08            0.07
inaccuracy:  0.75000        0.80000           68.55           -0.08            0.06
inaccuracy:  0.80000        0.85000           67.80           -0.08            0.07
inaccuracy:  0.85000        0.90000           67.55           -0.09            0.06
inaccuracy:  0.90000        0.95000           67.37           -0.08            0.07
inaccuracy:  0.95000        1.00000           67.32           -0.10            0.07
===================================================================================================================================
                BAR        
-----------------------------------------------------------------------------------------------------------------------------------
BAR-estimator:         λ             λ+δλ          ΔΔA             ΔA            C               Δδe            δe       
                          
-----------------------------------------------------------------------------------------------------------------------------------
BAR-estimator:      0.00000        0.05000        1.4387         1.4387         1.4387         0.0065         0.0065 
BAR-estimator:      0.05000        0.10000        0.9020         2.3407         0.9020         0.0063         0.0090 
BAR-estimator:      0.10000        0.15000        0.5366         2.8772         0.5366         0.0048         0.0102 
BAR-estimator:      0.15000        0.20000        0.3271         3.2043         0.3271         0.0047         0.0112 
BAR-estimator:      0.20000        0.25000        0.2095         3.4139         0.2095         0.0033         0.0117 
BAR-estimator:      0.25000        0.30000        0.1224         3.5363         0.1224         0.0032         0.0121 
BAR-estimator:      0.30000        0.35000        0.0680         3.6043         0.0680         0.0030         0.0125 
BAR-estimator:      0.35000        0.40000        0.0312         3.6355         0.0312         0.0027         0.0128 
BAR-estimator:      0.40000        0.45000        0.0048         3.6403         0.0048         0.0023         0.0130 
BAR-estimator:      0.45000        0.50000       -0.0188         3.6215        -0.0188         0.0023         0.0132 
BAR-estimator:      0.50000        0.55000       -0.1196         3.5019        -0.1196         0.0027         0.0135 
BAR-estimator:      0.55000        0.60000       -0.2891         3.2128        -0.2891         0.0026         0.0137 
BAR-estimator:      0.60000        0.65000       -0.4480         2.7648        -0.4480         0.0029         0.0140 
BAR-estimator:      0.65000        0.70000       -0.5846         2.1802        -0.5846         0.0028         0.0143 
BAR-estimator:      0.70000        0.75000       -0.6899         1.4902        -0.6899         0.0027         0.0145 
BAR-estimator:      0.75000        0.80000       -0.7562         0.7341        -0.7562         0.0028         0.0148 
BAR-estimator:      0.80000        0.85000       -0.7950        -0.0610        -0.7950         0.0027         0.0150 
BAR-estimator:      0.85000        0.90000       -0.8229        -0.8838        -0.8229         0.0027         0.0153 
BAR-estimator:      0.90000        0.95000       -0.8367        -1.7205        -0.8367         0.0030         0.0156 
BAR-estimator:      0.95000        1.00000       -0.8512        -2.5718        -0.8512         0.0027         0.0158 
BAR-estimator: total free energy change is -2.571775002379771 , total error is 0.015802933234623447
