#========================================================================================
#                     Free energy perturbation    
#----------------------------------------------------------------------------------------
#forward/backward          λ              ΔΔA                 ΔA                  δε   
#                                                 
#----------------------------------------------------------------------------------------
forward:               0.0000              0.0000              0.0000              0.0000  
forward:               0.0500              1.9227              1.9227              0.0180  
forward:               0.1000              1.1171              3.0397              0.0198  
forward:               0.1500              0.6029              3.6427              0.0226  
forward:               0.2000              0.3163              3.9590              0.0238  
forward:               0.2500              0.1649              4.1238              0.0245  
forward:               0.3000              0.0797              4.2035              0.0248  
forward:               0.3500              0.0336              4.2371              0.0252  
forward:               0.4000             -0.0111              4.2261              0.0254  
forward:               0.4500             -0.0437              4.1823              0.0257  
forward:               0.5000             -0.0721              4.1103              0.0259  
forward:               0.5500             -0.1188              3.9915              0.0264  
forward:               0.6000             -0.2218              3.7697              0.0267  
forward:               0.6500             -0.3128              3.4569              0.0269  
forward:               0.7000             -0.3954              3.0615              0.0271  
forward:               0.7500             -0.4651              2.5964              0.0273  
forward:               0.8000             -0.5243              2.0721              0.0275  
forward:               0.8500             -0.5690              1.5031              0.0277  
forward:               0.9000             -0.5937              0.9094              0.0279  
forward:               0.9500             -0.6292              0.2802              0.0281  
forward:               1.0000             -0.6479             -0.3677              0.0283  
backward:              1.0000              0.0000             -0.3677              0.0000  
backward:              0.9500              0.6451              0.2774              0.0040  
backward:              0.9000              0.6266              0.9040              0.0058  
backward:              0.8500              0.5988              1.5027              0.0072  
backward:              0.8000              0.5702              2.0730              0.0084  
backward:              0.7500              0.5177              2.5907              0.0096  
backward:              0.7000              0.4528              3.0435              0.0108  
backward:              0.6500              0.3862              3.4297              0.0117  
backward:              0.6000              0.3139              3.7436              0.0126  
backward:              0.5500              0.2172              3.9608              0.0135  
backward:              0.5000              0.1150              4.0758              0.0144  
backward:              0.4500              0.0636              4.1394              0.0152  
backward:              0.4000              0.0458              4.1852              0.0159  
backward:              0.3500              0.0078              4.1930              0.0165  
backward:              0.3000             -0.0261              4.1669              0.0172  
backward:              0.2500             -0.0862              4.0806              0.0182  
backward:              0.2000             -0.1742              3.9065              0.0213  
backward:              0.1500             -0.3158              3.5907              0.0242  
backward:              0.1000             -0.5997              2.9910              0.0323  
backward:              0.0500             -1.1297              1.8612              0.0400  
backward:              0.0000             -1.8781             -0.0169              0.0480  
Inaccuracy estimation
======================================================================================================
                   i        i+δi          P0_overlap_P1   δε(forward)/ε   δε(backward)/ε
======================================================================================================
inaccuracy:  0.00000        0.05000           33.31           -0.00            2.05
inaccuracy:  0.05000        0.10000           42.76           -0.04            1.27
inaccuracy:  0.10000        0.15000           52.41           -0.03            0.67
inaccuracy:  0.15000        0.20000           60.48           -0.02            0.36
inaccuracy:  0.20000        0.25000           66.54           -0.02            0.25
inaccuracy:  0.25000        0.30000           68.76           -0.01            0.18
inaccuracy:  0.30000        0.35000           69.59           -0.02            0.16
inaccuracy:  0.35000        0.40000           71.19           -0.01            0.14
inaccuracy:  0.40000        0.45000           72.19           -0.02            0.13
inaccuracy:  0.45000        0.50000           73.03           -0.02            0.11
inaccuracy:  0.50000        0.55000           69.74           -0.05            0.13
inaccuracy:  0.55000        0.60000           70.05           -0.05            0.10
inaccuracy:  0.60000        0.65000           70.08           -0.05            0.10
inaccuracy:  0.65000        0.70000           70.95           -0.06            0.08
inaccuracy:  0.70000        0.75000           71.17           -0.06            0.08
inaccuracy:  0.75000        0.80000           70.34           -0.05            0.07
inaccuracy:  0.80000        0.85000           70.78           -0.05            0.07
inaccuracy:  0.85000        0.90000           69.81           -0.06            0.07
inaccuracy:  0.90000        0.95000           70.24           -0.06            0.07
inaccuracy:  0.95000        1.00000           70.22           -0.05            0.07
===================================================================================================================================
                BAR        
-----------------------------------------------------------------------------------------------------------------------------------
BAR-estimator:         λ             λ+δλ          ΔΔA             ΔA            C               Δδe            δe       
                          
-----------------------------------------------------------------------------------------------------------------------------------
BAR-estimator:      0.00000        0.05000        1.9179         1.9179         1.9179         0.0076         0.0076 
BAR-estimator:      0.05000        0.10000        1.1300         3.0479         1.1300         0.0057         0.0095 
BAR-estimator:      0.10000        0.15000        0.5975         3.6455         0.5975         0.0065         0.0115 
BAR-estimator:      0.15000        0.20000        0.3147         3.9601         0.3147         0.0052         0.0127 
BAR-estimator:      0.20000        0.25000        0.1690         4.1292         0.1690         0.0035         0.0131 
BAR-estimator:      0.25000        0.30000        0.0828         4.2119         0.0828         0.0032         0.0135 
BAR-estimator:      0.30000        0.35000        0.0317         4.2436         0.0317         0.0028         0.0138 
BAR-estimator:      0.35000        0.40000       -0.0087         4.2349        -0.0087         0.0027         0.0141 
BAR-estimator:      0.40000        0.45000       -0.0442         4.1907        -0.0442         0.0025         0.0143 
BAR-estimator:      0.45000        0.50000       -0.0703         4.1204        -0.0703         0.0024         0.0145 
BAR-estimator:      0.50000        0.55000       -0.1174         4.0031        -0.1174         0.0030         0.0148 
BAR-estimator:      0.55000        0.60000       -0.2208         3.7823        -0.2208         0.0028         0.0151 
BAR-estimator:      0.60000        0.65000       -0.3110         3.4713        -0.3110         0.0025         0.0153 
BAR-estimator:      0.65000        0.70000       -0.3923         3.0789        -0.3923         0.0026         0.0155 
BAR-estimator:      0.70000        0.75000       -0.4607         2.6182        -0.4607         0.0025         0.0157 
BAR-estimator:      0.75000        0.80000       -0.5199         2.0982        -0.5199         0.0025         0.0159 
BAR-estimator:      0.80000        0.85000       -0.5686         1.5296        -0.5686         0.0028         0.0161 
BAR-estimator:      0.85000        0.90000       -0.5985         0.9311        -0.5985         0.0027         0.0164 
BAR-estimator:      0.90000        0.95000       -0.6273         0.3038        -0.6273         0.0027         0.0166 
BAR-estimator:      0.95000        1.00000       -0.6473        -0.3435        -0.6473         0.0027         0.0168 
BAR-estimator: total free energy change is -0.34346394848906503 , total error is 0.01680750114183272
