#========================================================================================
#                     Free energy perturbation    
#----------------------------------------------------------------------------------------
#forward/backward          λ              ΔΔA                 ΔA                  δε   
#                                                 
#----------------------------------------------------------------------------------------
forward:               0.0000              0.0000              0.0000              0.0000  
forward:               0.0500              1.0531              1.0531              0.0094  
forward:               0.1000              0.6471              1.7002              0.0124  
forward:               0.1500              0.3957              2.0959              0.0142  
forward:               0.2000              0.2538              2.3497              0.0151  
forward:               0.2500              0.1630              2.5127              0.0156  
forward:               0.3000              0.1159              2.6286              0.0161  
forward:               0.3500              0.0734              2.7020              0.0165  
forward:               0.4000              0.0445              2.7466              0.0169  
forward:               0.4500              0.0229              2.7695              0.0172  
forward:               0.5000              0.0023              2.7718              0.0174  
forward:               0.5500             -0.1017              2.6701              0.0178  
forward:               0.6000             -0.2660              2.4041              0.0182  
forward:               0.6500             -0.4429              1.9612              0.0186  
forward:               0.7000             -0.5844              1.3768              0.0190  
forward:               0.7500             -0.6862              0.6907              0.0195  
forward:               0.8000             -0.7215             -0.0309              0.0198  
forward:               0.8500             -0.7184             -0.7493              0.0201  
forward:               0.9000             -0.7024             -1.4517              0.0204  
forward:               0.9500             -0.6601             -2.1118              0.0206  
forward:               1.0000             -0.6409             -2.7527              0.0208  
backward:              1.0000              0.0000             -2.7527              0.0000  
backward:              0.9500              0.6416             -2.1111              0.0039  
backward:              0.9000              0.6594             -1.4517              0.0058  
backward:              0.8500              0.6834             -0.7683              0.0082  
backward:              0.8000              0.7191             -0.0493              0.0092  
backward:              0.7500              0.7243              0.6750              0.0102  
backward:              0.7000              0.6979              1.3729              0.0112  
backward:              0.6500              0.5873              1.9602              0.0120  
backward:              0.6000              0.4431              2.4033              0.0130  
backward:              0.5500              0.2735              2.6768              0.0138  
backward:              0.5000              0.0962              2.7730              0.0147  
backward:              0.4500             -0.0082              2.7648              0.0151  
backward:              0.4000             -0.0244              2.7404              0.0155  
backward:              0.3500             -0.0538              2.6867              0.0163  
backward:              0.3000             -0.0784              2.6083              0.0170  
backward:              0.2500             -0.1052              2.5031              0.0176  
backward:              0.2000             -0.1559              2.3472              0.0184  
backward:              0.1500             -0.2501              2.0971              0.0200  
backward:              0.1000             -0.3992              1.6979              0.0225  
backward:              0.0500             -0.6443              1.0536              0.0255  
backward:              0.0000             -1.0351              0.0185              0.0289  
Inaccuracy estimation
======================================================================================================
                   i        i+δi          P0_overlap_P1   δε(forward)/ε   δε(backward)/ε
======================================================================================================
inaccuracy:  0.00000        0.05000           46.78           -0.03            0.96
inaccuracy:  0.05000        0.10000           54.96           -0.03            0.62
inaccuracy:  0.10000        0.15000           62.33           -0.01            0.38
inaccuracy:  0.15000        0.20000           66.85           -0.01            0.25
inaccuracy:  0.20000        0.25000           70.70           -0.01            0.18
inaccuracy:  0.25000        0.30000           72.05           -0.01            0.15
inaccuracy:  0.30000        0.35000           74.32           -0.01            0.12
inaccuracy:  0.35000        0.40000           75.27           -0.01            0.11
inaccuracy:  0.40000        0.45000           75.53           -0.01            0.10
inaccuracy:  0.45000        0.50000           76.48           -0.01            0.09
inaccuracy:  0.50000        0.55000           69.82           -0.06            0.12
inaccuracy:  0.55000        0.60000           68.84           -0.09            0.10
inaccuracy:  0.60000        0.65000           67.76           -0.09            0.08
inaccuracy:  0.65000        0.70000           67.50           -0.09            0.07
inaccuracy:  0.70000        0.75000           68.13           -0.09            0.07
inaccuracy:  0.75000        0.80000           69.00           -0.08            0.06
inaccuracy:  0.80000        0.85000           68.68           -0.07            0.07
inaccuracy:  0.85000        0.90000           68.87           -0.06            0.08
inaccuracy:  0.90000        0.95000           67.54           -0.08            0.09
inaccuracy:  0.95000        1.00000           67.44           -0.07            0.09
===================================================================================================================================
                BAR        
-----------------------------------------------------------------------------------------------------------------------------------
BAR-estimator:         λ             λ+δλ          ΔΔA             ΔA            C               Δδe            δe       
                          
-----------------------------------------------------------------------------------------------------------------------------------
BAR-estimator:      0.00000        0.05000        1.0552         1.0552         1.0552         0.0055         0.0055 
BAR-estimator:      0.05000        0.10000        0.6462         1.7014         0.6462         0.0052         0.0075 
BAR-estimator:      0.10000        0.15000        0.3958         2.0972         0.3958         0.0045         0.0088 
BAR-estimator:      0.15000        0.20000        0.2508         2.3480         0.2508         0.0036         0.0095 
BAR-estimator:      0.20000        0.25000        0.1617         2.5096         0.1617         0.0029         0.0099 
BAR-estimator:      0.25000        0.30000        0.1124         2.6220         0.1124         0.0025         0.0102 
BAR-estimator:      0.30000        0.35000        0.0742         2.6961         0.0742         0.0027         0.0106 
BAR-estimator:      0.35000        0.40000        0.0465         2.7427         0.0465         0.0024         0.0108 
BAR-estimator:      0.40000        0.45000        0.0224         2.7651         0.0224         0.0024         0.0111 
BAR-estimator:      0.45000        0.50000        0.0041         2.7692         0.0041         0.0020         0.0113 
BAR-estimator:      0.50000        0.55000       -0.0980         2.6712        -0.0980         0.0022         0.0115 
BAR-estimator:      0.55000        0.60000       -0.2697         2.4016        -0.2697         0.0025         0.0117 
BAR-estimator:      0.60000        0.65000       -0.4434         1.9582        -0.4434         0.0025         0.0120 
BAR-estimator:      0.65000        0.70000       -0.5861         1.3720        -0.5861         0.0030         0.0124 
BAR-estimator:      0.70000        0.75000       -0.6899         0.6821        -0.6899         0.0029         0.0127 
BAR-estimator:      0.75000        0.80000       -0.7217        -0.0396        -0.7217         0.0027         0.0130 
BAR-estimator:      0.80000        0.85000       -0.7187        -0.7582        -0.7187         0.0026         0.0133 
BAR-estimator:      0.85000        0.90000       -0.6956        -1.4538        -0.6956         0.0026         0.0135 
BAR-estimator:      0.90000        0.95000       -0.6607        -2.1146        -0.6607         0.0026         0.0138 
BAR-estimator:      0.95000        1.00000       -0.6384        -2.7530        -0.6384         0.0025         0.0140 
BAR-estimator: total free energy change is -2.7530017372145896 , total error is 0.013987230960189095
