#========================================================================================
#                     Free energy perturbation    
#----------------------------------------------------------------------------------------
#forward/backward          λ              ΔΔA                 ΔA                  δε   
#                                                 
#----------------------------------------------------------------------------------------
forward:               0.0000              0.0000              0.0000              0.0000  
forward:               0.0500              1.7037              1.7037              0.0185  
forward:               0.1000              0.8949              2.5986              0.0220  
forward:               0.1500              0.4321              3.0307              0.0235  
forward:               0.2000              0.2075              3.2381              0.0242  
forward:               0.2500              0.0941              3.3322              0.0248  
forward:               0.3000              0.0204              3.3526              0.0251  
forward:               0.3500             -0.0303              3.3224              0.0253  
forward:               0.4000             -0.0622              3.2602              0.0256  
forward:               0.4500             -0.1033              3.1569              0.0257  
forward:               0.5000             -0.1335              3.0234              0.0261  
forward:               0.5500             -0.3036              2.7198              0.0264  
forward:               0.6000             -0.5885              2.1313              0.0268  
forward:               0.6500             -0.8459              1.2855              0.0273  
forward:               0.7000             -1.0490              0.2364              0.0279  
forward:               0.7500             -1.1870             -0.9506              0.0283  
forward:               0.8000             -1.2429             -2.1935              0.0287  
forward:               0.8500             -1.2579             -3.4515              0.0291  
forward:               0.9000             -1.2442             -4.6957              0.0293  
forward:               0.9500             -1.2246             -5.9203              0.0294  
forward:               1.0000             -1.2057             -7.1260              0.0296  
backward:              1.0000              0.0000             -7.1260              0.0000  
backward:              0.9500              1.2101             -5.9159              0.0045  
backward:              0.9000              1.2217             -4.6942              0.0069  
backward:              0.8500              1.2299             -3.4643              0.0080  
backward:              0.8000              1.2486             -2.2157              0.0089  
backward:              0.7500              1.2314             -0.9843              0.0103  
backward:              0.7000              1.1756              0.1914              0.0116  
backward:              0.6500              1.0457              1.2371              0.0129  
backward:              0.6000              0.8398              2.0769              0.0142  
backward:              0.5500              0.5973              2.6742              0.0150  
backward:              0.5000              0.3054              2.9795              0.0159  
backward:              0.4500              0.1277              3.1073              0.0163  
backward:              0.4000              0.1070              3.2143              0.0167  
backward:              0.3500              0.0677              3.2819              0.0173  
backward:              0.3000              0.0316              3.3135              0.0179  
backward:              0.2500             -0.0134              3.3001              0.0186  
backward:              0.2000             -0.0957              3.2044              0.0197  
backward:              0.1500             -0.2028              3.0016              0.0214  
backward:              0.1000             -0.4334              2.5682              0.0249  
backward:              0.0500             -0.8440              1.7242              0.0290  
backward:              0.0000             -1.7732             -0.0490              0.0610  
Inaccuracy estimation
======================================================================================================
                   i        i+δi          P0_overlap_P1   δε(forward)/ε   δε(backward)/ε
======================================================================================================
inaccuracy:  0.00000        0.05000           33.54           -0.03            2.05
inaccuracy:  0.05000        0.10000           45.56           -0.04            1.08
inaccuracy:  0.10000        0.15000           57.10           -0.02            0.50
inaccuracy:  0.15000        0.20000           64.84           -0.02            0.28
inaccuracy:  0.20000        0.25000           68.75           -0.02            0.20
inaccuracy:  0.25000        0.30000           70.42           -0.01            0.15
inaccuracy:  0.30000        0.35000           72.53           -0.01            0.12
inaccuracy:  0.35000        0.40000           72.75           -0.02            0.11
inaccuracy:  0.40000        0.45000           74.68           -0.02            0.10
inaccuracy:  0.45000        0.50000           75.91           -0.01            0.08
inaccuracy:  0.50000        0.55000           64.34           -0.10            0.14
inaccuracy:  0.55000        0.60000           64.43           -0.15            0.09
inaccuracy:  0.60000        0.65000           64.68           -0.15            0.06
inaccuracy:  0.65000        0.70000           64.52           -0.15            0.04
inaccuracy:  0.70000        0.75000           66.42           -0.14            0.03
inaccuracy:  0.75000        0.80000           66.22           -0.13            0.03
inaccuracy:  0.80000        0.85000           65.98           -0.13            0.03
inaccuracy:  0.85000        0.90000           65.94           -0.12            0.03
inaccuracy:  0.90000        0.95000           64.85           -0.14            0.04
inaccuracy:  0.95000        1.00000           64.34           -0.14            0.04
===================================================================================================================================
                BAR        
-----------------------------------------------------------------------------------------------------------------------------------
BAR-estimator:         λ             λ+δλ          ΔΔA             ΔA            C               Δδe            δe       
                          
-----------------------------------------------------------------------------------------------------------------------------------
BAR-estimator:      0.00000        0.05000        1.7218         1.7218         1.7218         0.0081         0.0081 
BAR-estimator:      0.05000        0.10000        0.8926         2.6145         0.8926         0.0062         0.0102 
BAR-estimator:      0.10000        0.15000        0.4313         3.0458         0.4313         0.0054         0.0115 
BAR-estimator:      0.15000        0.20000        0.2068         3.2526         0.2068         0.0043         0.0123 
BAR-estimator:      0.20000        0.25000        0.0955         3.3481         0.0955         0.0035         0.0128 
BAR-estimator:      0.25000        0.30000        0.0187         3.3669         0.0187         0.0029         0.0131 
BAR-estimator:      0.30000        0.35000       -0.0317         3.3352        -0.0317         0.0026         0.0134 
BAR-estimator:      0.35000        0.40000       -0.0665         3.2687        -0.0665         0.0021         0.0136 
BAR-estimator:      0.40000        0.45000       -0.1037         3.1650        -0.1037         0.0022         0.0137 
BAR-estimator:      0.45000        0.50000       -0.1304         3.0346        -0.1304         0.0021         0.0139 
BAR-estimator:      0.50000        0.55000       -0.3030         2.7316        -0.3030         0.0028         0.0142 
BAR-estimator:      0.55000        0.60000       -0.5939         2.1376        -0.5939         0.0027         0.0144 
BAR-estimator:      0.60000        0.65000       -0.8431         1.2945        -0.8431         0.0031         0.0148 
BAR-estimator:      0.65000        0.70000       -1.0483         0.2463        -1.0483         0.0033         0.0151 
BAR-estimator:      0.70000        0.75000       -1.1825        -0.9362        -1.1825         0.0031         0.0154 
BAR-estimator:      0.75000        0.80000       -1.2388        -2.1750        -1.2388         0.0031         0.0158 
BAR-estimator:      0.80000        0.85000       -1.2519        -3.4270        -1.2519         0.0027         0.0160 
BAR-estimator:      0.85000        0.90000       -1.2393        -4.6663        -1.2393         0.0029         0.0163 
BAR-estimator:      0.90000        0.95000       -1.2228        -5.8891        -1.2228         0.0028         0.0165 
BAR-estimator:      0.95000        1.00000       -1.2095        -7.0986        -1.2095         0.0027         0.0167 
BAR-estimator: total free energy change is -7.098629670349041 , total error is 0.016716202552598897
