#========================================================================================
#                     Free energy perturbation    
#----------------------------------------------------------------------------------------
#forward/backward          λ              ΔΔA                 ΔA                  δε   
#                                                 
#----------------------------------------------------------------------------------------
forward:               0.0000              0.0000              0.0000              0.0000  
forward:               0.0500              1.7400              1.7400              0.0163  
forward:               0.1000              0.9379              2.6779              0.0199  
forward:               0.1500              0.4566              3.1344              0.0215  
forward:               0.2000              0.2329              3.3673              0.0220  
forward:               0.2500              0.1240              3.4913              0.0224  
forward:               0.3000              0.0517              3.5431              0.0227  
forward:               0.3500             -0.0084              3.5347              0.0230  
forward:               0.4000             -0.0419              3.4928              0.0232  
forward:               0.4500             -0.0710              3.4218              0.0234  
forward:               0.5000             -0.0886              3.3332              0.0236  
forward:               0.5500             -0.2280              3.1052              0.0239  
forward:               0.6000             -0.4419              2.6632              0.0242  
forward:               0.6500             -0.6132              2.0501              0.0246  
forward:               0.7000             -0.7484              1.3017              0.0249  
forward:               0.7500             -0.8482              0.4534              0.0252  
forward:               0.8000             -0.8929             -0.4394              0.0255  
forward:               0.8500             -0.9270             -1.3664              0.0257  
forward:               0.9000             -0.9388             -2.3051              0.0260  
forward:               0.9500             -0.9345             -3.2396              0.0262  
forward:               1.0000             -0.9319             -4.1715              0.0264  
backward:              1.0000              0.0000             -4.1715              0.0000  
backward:              0.9500              0.9311             -3.2403              0.0049  
backward:              0.9000              0.9320             -2.3083              0.0068  
backward:              0.8500              0.9409             -1.3674              0.0082  
backward:              0.8000              0.9214             -0.4459              0.0094  
backward:              0.7500              0.9015              0.4556              0.0103  
backward:              0.7000              0.8357              1.2913              0.0115  
backward:              0.6500              0.7396              2.0309              0.0126  
backward:              0.6000              0.6117              2.6426              0.0133  
backward:              0.5500              0.4337              3.0763              0.0140  
backward:              0.5000              0.2158              3.2921              0.0148  
backward:              0.4500              0.0936              3.3857              0.0152  
backward:              0.4000              0.0586              3.4443              0.0156  
backward:              0.3500              0.0464              3.4907              0.0161  
backward:              0.3000              0.0046              3.4953              0.0166  
backward:              0.2500             -0.0455              3.4498              0.0172  
backward:              0.2000             -0.1153              3.3345              0.0183  
backward:              0.1500             -0.2295              3.1050              0.0195  
backward:              0.1000             -0.4749              2.6300              0.0227  
backward:              0.0500             -0.9115              1.7185              0.0270  
backward:              0.0000             -1.7639             -0.0453              0.0603  
Inaccuracy estimation
======================================================================================================
                   i        i+δi          P0_overlap_P1   δε(forward)/ε   δε(backward)/ε
======================================================================================================
inaccuracy:  0.00000        0.05000           34.54           -0.03            1.96
inaccuracy:  0.05000        0.10000           45.68           -0.04            1.08
inaccuracy:  0.10000        0.15000           58.22           -0.02            0.47
inaccuracy:  0.15000        0.20000           65.73           -0.02            0.28
inaccuracy:  0.20000        0.25000           68.79           -0.01            0.19
inaccuracy:  0.25000        0.30000           71.43           -0.02            0.15
inaccuracy:  0.30000        0.35000           74.50           -0.02            0.12
inaccuracy:  0.35000        0.40000           74.76           -0.02            0.10
inaccuracy:  0.40000        0.45000           76.64           -0.02            0.09
inaccuracy:  0.45000        0.50000           75.57           -0.01            0.08
inaccuracy:  0.50000        0.55000           66.84           -0.07            0.13
inaccuracy:  0.55000        0.60000           68.55           -0.08            0.09
inaccuracy:  0.60000        0.65000           69.13           -0.10            0.06
inaccuracy:  0.65000        0.70000           69.47           -0.10            0.05
inaccuracy:  0.70000        0.75000           69.75           -0.10            0.04
inaccuracy:  0.75000        0.80000           67.97           -0.10            0.05
inaccuracy:  0.80000        0.85000           68.17           -0.09            0.05
inaccuracy:  0.85000        0.90000           67.67           -0.10            0.05
inaccuracy:  0.90000        0.95000           67.57           -0.10            0.06
inaccuracy:  0.95000        1.00000           66.78           -0.09            0.07
===================================================================================================================================
                BAR        
-----------------------------------------------------------------------------------------------------------------------------------
BAR-estimator:         λ             λ+δλ          ΔΔA             ΔA            C               Δδe            δe       
                          
-----------------------------------------------------------------------------------------------------------------------------------
BAR-estimator:      0.00000        0.05000        1.7217         1.7217         1.7217         0.0078         0.0078 
BAR-estimator:      0.05000        0.10000        0.9329         2.6547         0.9329         0.0070         0.0105 
BAR-estimator:      0.10000        0.15000        0.4599         3.1145         0.4599         0.0050         0.0116 
BAR-estimator:      0.15000        0.20000        0.2340         3.3486         0.2340         0.0040         0.0123 
BAR-estimator:      0.20000        0.25000        0.1205         3.4691         0.1205         0.0029         0.0126 
BAR-estimator:      0.25000        0.30000        0.0499         3.5189         0.0499         0.0028         0.0129 
BAR-estimator:      0.30000        0.35000       -0.0053         3.5136        -0.0053         0.0026         0.0132 
BAR-estimator:      0.35000        0.40000       -0.0428         3.4708        -0.0428         0.0021         0.0133 
BAR-estimator:      0.40000        0.45000       -0.0668         3.4040        -0.0668         0.0021         0.0135 
BAR-estimator:      0.45000        0.50000       -0.0900         3.3140        -0.0900         0.0021         0.0137 
BAR-estimator:      0.50000        0.55000       -0.2216         3.0924        -0.2216         0.0027         0.0139 
BAR-estimator:      0.55000        0.60000       -0.4386         2.6538        -0.4386         0.0025         0.0142 
BAR-estimator:      0.60000        0.65000       -0.6123         2.0415        -0.6123         0.0025         0.0144 
BAR-estimator:      0.65000        0.70000       -0.7444         1.2970        -0.7444         0.0026         0.0146 
BAR-estimator:      0.70000        0.75000       -0.8441         0.4529        -0.8441         0.0026         0.0148 
BAR-estimator:      0.75000        0.80000       -0.8972        -0.4443        -0.8972         0.0027         0.0151 
BAR-estimator:      0.80000        0.85000       -0.9241        -1.3685        -0.9241         0.0027         0.0153 
BAR-estimator:      0.85000        0.90000       -0.9382        -2.3067        -0.9382         0.0028         0.0156 
BAR-estimator:      0.90000        0.95000       -0.9330        -3.2397        -0.9330         0.0030         0.0159 
BAR-estimator:      0.95000        1.00000       -0.9330        -4.1727        -0.9330         0.0025         0.0161 
BAR-estimator: total free energy change is -4.172716913155032 , total error is 0.016072121823263966
