#========================================================================================
#                     Free energy perturbation    
#----------------------------------------------------------------------------------------
#forward/backward          λ              ΔΔA                 ΔA                  δε   
#                                                 
#----------------------------------------------------------------------------------------
forward:               0.0000              0.0000              0.0000              0.0000  
forward:               0.0500              1.6347              1.6347              0.0159  
forward:               0.1000              0.9619              2.5966              0.0201  
forward:               0.1500              0.5185              3.1151              0.0215  
forward:               0.2000              0.3035              3.4187              0.0222  
forward:               0.2500              0.1838              3.6025              0.0228  
forward:               0.3000              0.1008              3.7033              0.0233  
forward:               0.3500              0.0500              3.7533              0.0236  
forward:               0.4000              0.0217              3.7749              0.0239  
forward:               0.4500             -0.0158              3.7591              0.0243  
forward:               0.5000             -0.0347              3.7245              0.0245  
forward:               0.5500             -0.0755              3.6489              0.0248  
forward:               0.6000             -0.1815              3.4675              0.0251  
forward:               0.6500             -0.2656              3.2018              0.0253  
forward:               0.7000             -0.3449              2.8569              0.0256  
forward:               0.7500             -0.4065              2.4504              0.0258  
forward:               0.8000             -0.4668              1.9837              0.0262  
forward:               0.8500             -0.5185              1.4651              0.0264  
forward:               0.9000             -0.5463              0.9188              0.0266  
forward:               0.9500             -0.5707              0.3482              0.0270  
forward:               1.0000             -0.5894             -0.2412              0.0271  
backward:              1.0000              0.0000             -0.2412              0.0000  
backward:              0.9500              0.5779              0.3367              0.0041  
backward:              0.9000              0.5637              0.9004              0.0057  
backward:              0.8500              0.5419              1.4422              0.0070  
backward:              0.8000              0.5136              1.9558              0.0080  
backward:              0.7500              0.4687              2.4246              0.0091  
backward:              0.7000              0.4062              2.8307              0.0102  
backward:              0.6500              0.3453              3.1760              0.0110  
backward:              0.6000              0.2669              3.4429              0.0120  
backward:              0.5500              0.1773              3.6202              0.0129  
backward:              0.5000              0.0817              3.7019              0.0143  
backward:              0.4500              0.0277              3.7297              0.0149  
backward:              0.4000              0.0151              3.7447              0.0156  
backward:              0.3500             -0.0213              3.7234              0.0166  
backward:              0.3000             -0.0565              3.6669              0.0173  
backward:              0.2500             -0.0982              3.5687              0.0181  
backward:              0.2000             -0.1891              3.3797              0.0195  
backward:              0.1500             -0.3081              3.0715              0.0224  
backward:              0.1000             -0.5156              2.5559              0.0264  
backward:              0.0500             -0.9732              1.5827              0.0391  
backward:              0.0000             -1.6739             -0.0913              0.0478  
Inaccuracy estimation
======================================================================================================
                   i        i+δi          P0_overlap_P1   δε(forward)/ε   δε(backward)/ε
======================================================================================================
inaccuracy:  0.00000        0.05000           36.70           -0.03            1.70
inaccuracy:  0.05000        0.10000           45.43           -0.04            1.11
inaccuracy:  0.10000        0.15000           56.17           -0.02            0.55
inaccuracy:  0.15000        0.20000           63.10           -0.02            0.32
inaccuracy:  0.20000        0.25000           66.88           -0.02            0.21
inaccuracy:  0.25000        0.30000           69.53           -0.02            0.17
inaccuracy:  0.30000        0.35000           71.51           -0.02            0.14
inaccuracy:  0.35000        0.40000           71.90           -0.02            0.13
inaccuracy:  0.40000        0.45000           73.06           -0.01            0.12
inaccuracy:  0.45000        0.50000           74.13           -0.02            0.11
inaccuracy:  0.50000        0.55000           69.51           -0.05            0.13
inaccuracy:  0.55000        0.60000           71.23           -0.05            0.11
inaccuracy:  0.60000        0.65000           71.05           -0.05            0.09
inaccuracy:  0.65000        0.70000           70.91           -0.05            0.08
inaccuracy:  0.70000        0.75000           70.75           -0.05            0.08
inaccuracy:  0.75000        0.80000           70.87           -0.05            0.08
inaccuracy:  0.80000        0.85000           71.56           -0.05            0.07
inaccuracy:  0.85000        0.90000           71.24           -0.05            0.07
inaccuracy:  0.90000        0.95000           71.58           -0.05            0.07
inaccuracy:  0.95000        1.00000           71.59           -0.05            0.07
===================================================================================================================================
                BAR        
-----------------------------------------------------------------------------------------------------------------------------------
BAR-estimator:         λ             λ+δλ          ΔΔA             ΔA            C               Δδe            δe       
                          
-----------------------------------------------------------------------------------------------------------------------------------
BAR-estimator:      0.00000        0.05000        1.6602         1.6602         1.6602         0.0079         0.0079 
BAR-estimator:      0.05000        0.10000        0.9620         2.6222         0.9620         0.0072         0.0107 
BAR-estimator:      0.10000        0.15000        0.5156         3.1379         0.5156         0.0051         0.0118 
BAR-estimator:      0.15000        0.20000        0.3000         3.4379         0.3000         0.0038         0.0124 
BAR-estimator:      0.20000        0.25000        0.1812         3.6190         0.1812         0.0035         0.0129 
BAR-estimator:      0.25000        0.30000        0.1010         3.7200         0.1010         0.0033         0.0133 
BAR-estimator:      0.30000        0.35000        0.0512         3.7713         0.0512         0.0027         0.0136 
BAR-estimator:      0.35000        0.40000        0.0192         3.7905         0.0192         0.0027         0.0139 
BAR-estimator:      0.40000        0.45000       -0.0157         3.7748        -0.0157         0.0030         0.0142 
BAR-estimator:      0.45000        0.50000       -0.0339         3.7408        -0.0339         0.0023         0.0144 
BAR-estimator:      0.50000        0.55000       -0.0791         3.6618        -0.0791         0.0027         0.0146 
BAR-estimator:      0.55000        0.60000       -0.1796         3.4822        -0.1796         0.0020         0.0147 
BAR-estimator:      0.60000        0.65000       -0.2653         3.2169        -0.2653         0.0025         0.0150 
BAR-estimator:      0.65000        0.70000       -0.3467         2.8702        -0.3467         0.0024         0.0152 
BAR-estimator:      0.70000        0.75000       -0.4074         2.4628        -0.4074         0.0025         0.0154 
BAR-estimator:      0.75000        0.80000       -0.4677         1.9952        -0.4677         0.0026         0.0156 
BAR-estimator:      0.80000        0.85000       -0.5141         1.4811        -0.5141         0.0026         0.0158 
BAR-estimator:      0.85000        0.90000       -0.5450         0.9361        -0.5450         0.0026         0.0160 
BAR-estimator:      0.90000        0.95000       -0.5676         0.3685        -0.5676         0.0027         0.0162 
BAR-estimator:      0.95000        1.00000       -0.5852        -0.2167        -0.5852         0.0024         0.0164 
BAR-estimator: total free energy change is -0.21672208656131942 , total error is 0.016403594627643348
