#========================================================================================
#                     Free energy perturbation    
#----------------------------------------------------------------------------------------
#forward/backward          λ              ΔΔA                 ΔA                  δε   
#                                                 
#----------------------------------------------------------------------------------------
forward:               0.0000              0.0000              0.0000              0.0000  
forward:               0.0500              1.5819              1.5819              0.0147  
forward:               0.1000              0.8828              2.4647              0.0197  
forward:               0.1500              0.4830              2.9477              0.0215  
forward:               0.2000              0.2488              3.1965              0.0223  
forward:               0.2500              0.1286              3.3251              0.0229  
forward:               0.3000              0.0535              3.3785              0.0234  
forward:               0.3500             -0.0053              3.3733              0.0237  
forward:               0.4000             -0.0367              3.3365              0.0240  
forward:               0.4500             -0.0715              3.2651              0.0242  
forward:               0.5000             -0.0880              3.1771              0.0244  
forward:               0.5500             -0.2080              2.9690              0.0247  
forward:               0.6000             -0.4293              2.5398              0.0250  
forward:               0.6500             -0.6108              1.9290              0.0253  
forward:               0.7000             -0.7628              1.1662              0.0256  
forward:               0.7500             -0.8697              0.2965              0.0258  
forward:               0.8000             -0.9532             -0.6567              0.0261  
forward:               0.8500             -1.0024             -1.6591              0.0264  
forward:               0.9000             -1.0409             -2.7000              0.0267  
forward:               0.9500             -1.0706             -3.7706              0.0268  
forward:               1.0000             -1.0852             -4.8558              0.0269  
backward:              1.0000              0.0000             -4.8558              0.0000  
backward:              0.9500              1.0857             -3.7702              0.0048  
backward:              0.9000              1.0622             -2.7080              0.0071  
backward:              0.8500              1.0369             -1.6711              0.0085  
backward:              0.8000              1.0070             -0.6641              0.0095  
backward:              0.7500              0.9451              0.2810              0.0106  
backward:              0.7000              0.8712              1.1522              0.0113  
backward:              0.6500              0.7628              1.9150              0.0122  
backward:              0.6000              0.6198              2.5348              0.0129  
backward:              0.5500              0.4287              2.9635              0.0137  
backward:              0.5000              0.2027              3.1662              0.0148  
backward:              0.4500              0.0930              3.2592              0.0153  
backward:              0.4000              0.0632              3.3224              0.0159  
backward:              0.3500              0.0313              3.3537              0.0165  
backward:              0.3000             -0.0034              3.3503              0.0173  
backward:              0.2500             -0.0573              3.2930              0.0183  
backward:              0.2000             -0.1399              3.1531              0.0197  
backward:              0.1500             -0.2578              2.8953              0.0216  
backward:              0.1000             -0.4970              2.3984              0.0247  
backward:              0.0500             -0.9247              1.4737              0.0341  
backward:              0.0000             -1.5992             -0.1255              0.0500  
Inaccuracy estimation
======================================================================================================
                   i        i+δi          P0_overlap_P1   δε(forward)/ε   δε(backward)/ε
======================================================================================================
inaccuracy:  0.00000        0.05000           36.70           -0.03            1.59
inaccuracy:  0.05000        0.10000           46.94           -0.03            1.01
inaccuracy:  0.10000        0.15000           57.32           -0.02            0.51
inaccuracy:  0.15000        0.20000           64.43           -0.01            0.30
inaccuracy:  0.20000        0.25000           68.65           -0.01            0.20
inaccuracy:  0.25000        0.30000           70.82           -0.02            0.16
inaccuracy:  0.30000        0.35000           72.80           -0.02            0.13
inaccuracy:  0.35000        0.40000           73.75           -0.02            0.11
inaccuracy:  0.40000        0.45000           74.87           -0.01            0.10
inaccuracy:  0.45000        0.50000           74.25           -0.01            0.10
inaccuracy:  0.50000        0.55000           65.35           -0.08            0.14
inaccuracy:  0.55000        0.60000           67.23           -0.10            0.10
inaccuracy:  0.60000        0.65000           67.05           -0.10            0.08
inaccuracy:  0.65000        0.70000           67.81           -0.11            0.06
inaccuracy:  0.70000        0.75000           68.28           -0.09            0.05
inaccuracy:  0.75000        0.80000           68.52           -0.09            0.04
inaccuracy:  0.80000        0.85000           67.93           -0.10            0.04
inaccuracy:  0.85000        0.90000           67.61           -0.09            0.04
inaccuracy:  0.90000        0.95000           67.61           -0.11            0.04
inaccuracy:  0.95000        1.00000           66.63           -0.11            0.04
===================================================================================================================================
                BAR        
-----------------------------------------------------------------------------------------------------------------------------------
BAR-estimator:         λ             λ+δλ          ΔΔA             ΔA            C               Δδe            δe       
                          
-----------------------------------------------------------------------------------------------------------------------------------
BAR-estimator:      0.00000        0.05000        1.5871         1.5871         1.5871         0.0071         0.0071 
BAR-estimator:      0.05000        0.10000        0.8959         2.4829         0.8959         0.0065         0.0097 
BAR-estimator:      0.10000        0.15000        0.4865         2.9694         0.4865         0.0054         0.0111 
BAR-estimator:      0.15000        0.20000        0.2512         3.2207         0.2512         0.0047         0.0120 
BAR-estimator:      0.20000        0.25000        0.1304         3.3511         0.1304         0.0036         0.0125 
BAR-estimator:      0.25000        0.30000        0.0546         3.4056         0.0546         0.0032         0.0129 
BAR-estimator:      0.30000        0.35000       -0.0021         3.4036        -0.0021         0.0026         0.0132 
BAR-estimator:      0.35000        0.40000       -0.0344         3.3692        -0.0344         0.0025         0.0134 
BAR-estimator:      0.40000        0.45000       -0.0678         3.3015        -0.0678         0.0012         0.0135 
BAR-estimator:      0.45000        0.50000       -0.0883         3.2131        -0.0883         0.0019         0.0136 
BAR-estimator:      0.50000        0.55000       -0.2058         3.0073        -0.2058         0.0028         0.0139 
BAR-estimator:      0.55000        0.60000       -0.4291         2.5781        -0.4291         0.0026         0.0142 
BAR-estimator:      0.60000        0.65000       -0.6162         1.9620        -0.6162         0.0019         0.0143 
BAR-estimator:      0.65000        0.70000       -0.7639         1.1980        -0.7639         0.0028         0.0146 
BAR-estimator:      0.70000        0.75000       -0.8689         0.3291        -0.8689         0.0026         0.0148 
BAR-estimator:      0.75000        0.80000       -0.9501        -0.6210        -0.9501         0.0027         0.0151 
BAR-estimator:      0.80000        0.85000       -1.0046        -1.6256        -1.0046         0.0028         0.0153 
BAR-estimator:      0.85000        0.90000       -1.0395        -2.6652        -1.0395         0.0029         0.0156 
BAR-estimator:      0.90000        0.95000       -1.0664        -3.7316        -1.0664         0.0027         0.0158 
BAR-estimator:      0.95000        1.00000       -1.0847        -4.8163        -1.0847         0.0028         0.0160 
BAR-estimator: total free energy change is -4.816263472581067 , total error is 0.016042827719761083
