#========================================================================================
#                     Free energy perturbation    
#----------------------------------------------------------------------------------------
#forward/backward          λ              ΔΔA                 ΔA                  δε   
#                                                 
#----------------------------------------------------------------------------------------
forward:               0.0000              0.0000              0.0000              0.0000  
forward:               0.0500              2.1829              2.1829              0.0254  
forward:               0.1000              1.2796              3.4624              0.0299  
forward:               0.1500              0.6925              4.1550              0.0319  
forward:               0.2000              0.3506              4.5055              0.0330  
forward:               0.2500              0.1613              4.6668              0.0336  
forward:               0.3000              0.0504              4.7172              0.0341  
forward:               0.3500             -0.0189              4.6983              0.0344  
forward:               0.4000             -0.0613              4.6369              0.0346  
forward:               0.4500             -0.0971              4.5398              0.0349  
forward:               0.5000             -0.1298              4.4100              0.0351  
forward:               0.5500             -0.3180              4.0920              0.0356  
forward:               0.6000             -0.7555              3.3364              0.0363  
forward:               0.6500             -1.2409              2.0955              0.0368  
forward:               0.7000             -1.5283              0.5672              0.0371  
forward:               0.7500             -1.6586             -1.0914              0.0375  
forward:               0.8000             -1.6935             -2.7849              0.0380  
forward:               0.8500             -1.7207             -4.5056              0.0385  
forward:               0.9000             -1.7193             -6.2249              0.0391  
forward:               0.9500             -1.7093             -7.9342              0.0398  
forward:               1.0000             -1.6917             -9.6259              0.0412  
backward:              1.0000              0.0000             -9.6259              0.0000  
backward:              0.9500              1.6625             -7.9634              0.0310  
backward:              0.9000              1.6994             -6.2640              0.0319  
backward:              0.8500              1.7112             -4.5528              0.0329  
backward:              0.8000              1.7039             -2.8489              0.0336  
backward:              0.7500              1.7030             -1.1460              0.0342  
backward:              0.7000              1.6556              0.5096              0.0349  
backward:              0.6500              1.5400              2.0497              0.0356  
backward:              0.6000              1.2379              3.2876              0.0366  
backward:              0.5500              0.7459              4.0335              0.0381  
backward:              0.5000              0.3251              4.3586              0.0386  
backward:              0.4500              0.1347              4.4933              0.0389  
backward:              0.4000              0.0971              4.5904              0.0392  
backward:              0.3500              0.0583              4.6487              0.0396  
backward:              0.3000              0.0109              4.6596              0.0401  
backward:              0.2500             -0.0600              4.5995              0.0409  
backward:              0.2000             -0.1860              4.4136              0.0432  
backward:              0.1500             -0.3503              4.0632              0.0448  
backward:              0.1000             -0.7169              3.3463              0.0494  
backward:              0.0500             -1.2600              2.0863              0.0563  
backward:              0.0000             -2.7102             -0.6239              0.3408  
Inaccuracy estimation
======================================================================================================
                   i        i+δi          P0_overlap_P1   δε(forward)/ε   δε(backward)/ε
======================================================================================================
inaccuracy:  0.00000        0.05000           28.63            0.00            2.99
inaccuracy:  0.05000        0.10000           37.90           -0.07            1.59
inaccuracy:  0.10000        0.15000           47.91           -0.06            0.87
inaccuracy:  0.15000        0.20000           56.14           -0.05            0.49
inaccuracy:  0.20000        0.25000           61.74           -0.04            0.32
inaccuracy:  0.25000        0.30000           64.99           -0.03            0.25
inaccuracy:  0.30000        0.35000           66.68           -0.03            0.18
inaccuracy:  0.35000        0.40000           68.29           -0.03            0.17
inaccuracy:  0.40000        0.45000           68.25           -0.03            0.15
inaccuracy:  0.45000        0.50000           69.12           -0.03            0.14
inaccuracy:  0.50000        0.55000           58.37           -0.20            0.20
inaccuracy:  0.55000        0.60000           55.65           -0.30            0.14
inaccuracy:  0.60000        0.65000           54.44           -0.27            0.08
inaccuracy:  0.65000        0.70000           57.64           -0.26            0.02
inaccuracy:  0.70000        0.75000           59.91           -0.24            0.00
inaccuracy:  0.75000        0.80000           58.77           -0.27           -0.00
inaccuracy:  0.80000        0.85000           58.81           -0.24            0.01
inaccuracy:  0.85000        0.90000           56.87           -0.25            0.01
inaccuracy:  0.90000        0.95000           56.45           -0.27            0.02
inaccuracy:  0.95000        1.00000           55.42           -0.28            0.03
===================================================================================================================================
                BAR        
-----------------------------------------------------------------------------------------------------------------------------------
BAR-estimator:         λ             λ+δλ          ΔΔA             ΔA            C               Δδe            δe       
                          
-----------------------------------------------------------------------------------------------------------------------------------
BAR-estimator:      0.00000        0.05000        2.2137         2.2137         2.2137         0.0130         0.0130 
BAR-estimator:      0.05000        0.10000        1.2757         3.4894         1.2757         0.0086         0.0156 
BAR-estimator:      0.10000        0.15000        0.6976         4.1870         0.6976         0.0071         0.0171 
BAR-estimator:      0.15000        0.20000        0.3485         4.5355         0.3485         0.0058         0.0180 
BAR-estimator:      0.20000        0.25000        0.1654         4.7009         0.1654         0.0043         0.0185 
BAR-estimator:      0.25000        0.30000        0.0551         4.7560         0.0551         0.0039         0.0189 
BAR-estimator:      0.30000        0.35000       -0.0178         4.7382        -0.0178         0.0032         0.0192 
BAR-estimator:      0.35000        0.40000       -0.0601         4.6782        -0.0601         0.0033         0.0195 
BAR-estimator:      0.40000        0.45000       -0.0973         4.5809        -0.0973         0.0030         0.0197 
BAR-estimator:      0.45000        0.50000       -0.1311         4.4497        -0.1311         0.0026         0.0199 
BAR-estimator:      0.50000        0.55000       -0.3236         4.1262        -0.3236         0.0035         0.0202 
BAR-estimator:      0.55000        0.60000       -0.7574         3.3688        -0.7574         0.0034         0.0205 
BAR-estimator:      0.60000        0.65000       -1.2363         2.1325        -1.2363         0.0044         0.0210 
BAR-estimator:      0.65000        0.70000       -1.5348         0.5977        -1.5348         0.0038         0.0213 
BAR-estimator:      0.70000        0.75000       -1.6539        -1.0562        -1.6539         0.0037         0.0216 
BAR-estimator:      0.75000        0.80000       -1.6955        -2.7517        -1.6955         0.0038         0.0219 
BAR-estimator:      0.80000        0.85000       -1.7084        -4.4601        -1.7084         0.0038         0.0223 
BAR-estimator:      0.85000        0.90000       -1.7170        -6.1770        -1.7170         0.0042         0.0227 
BAR-estimator:      0.90000        0.95000       -1.7070        -7.8840        -1.7070         0.0045         0.0231 
BAR-estimator:      0.95000        1.00000       -1.6923        -9.5763        -1.6923         0.0048         0.0236 
BAR-estimator: total free energy change is -9.576255447722819 , total error is 0.0236116066931037
