#========================================================================================
#                     Free energy perturbation    
#----------------------------------------------------------------------------------------
#forward/backward          λ              ΔΔA                 ΔA                  δε   
#                                                 
#----------------------------------------------------------------------------------------
forward:               0.0000              0.0000              0.0000              0.0000  
forward:               0.0500              0.8350              0.8350              0.0085  
forward:               0.1000              0.5540              1.3890              0.0110  
forward:               0.1500              0.3591              1.7482              0.0124  
forward:               0.2000              0.2456              1.9937              0.0132  
forward:               0.2500              0.1740              2.1677              0.0138  
forward:               0.3000              0.1224              2.2901              0.0142  
forward:               0.3500              0.0937              2.3838              0.0146  
forward:               0.4000              0.0673              2.4511              0.0150  
forward:               0.4500              0.0494              2.5005              0.0153  
forward:               0.5000              0.0285              2.5290              0.0156  
forward:               0.5500             -0.1239              2.4051              0.0159  
forward:               0.6000             -0.3223              2.0829              0.0163  
forward:               0.6500             -0.4997              1.5832              0.0168  
forward:               0.7000             -0.6522              0.9310              0.0173  
forward:               0.7500             -0.7577              0.1733              0.0177  
forward:               0.8000             -0.7823             -0.6090              0.0182  
forward:               0.8500             -0.7694             -1.3784              0.0185  
forward:               0.9000             -0.7467             -2.1251              0.0189  
forward:               0.9500             -0.7427             -2.8677              0.0191  
forward:               1.0000             -0.7325             -3.6002              0.0196  
backward:              1.0000              0.0000             -3.6002              0.0000  
backward:              0.9500              0.7332             -2.8670              0.0037  
backward:              0.9000              0.7304             -2.1366              0.0060  
backward:              0.8500              0.7537             -1.3828              0.0072  
backward:              0.8000              0.7720             -0.6108              0.0084  
backward:              0.7500              0.7795              0.1687              0.0098  
backward:              0.7000              0.7461              0.9148              0.0107  
backward:              0.6500              0.6599              1.5746              0.0116  
backward:              0.6000              0.4997              2.0743              0.0124  
backward:              0.5500              0.3132              2.3875              0.0130  
backward:              0.5000              0.1263              2.5138              0.0135  
backward:              0.4500             -0.0374              2.4764              0.0139  
backward:              0.4000             -0.0534              2.4229              0.0143  
backward:              0.3500             -0.0723              2.3506              0.0148  
backward:              0.3000             -0.0935              2.2571              0.0154  
backward:              0.2500             -0.1236              2.1335              0.0159  
backward:              0.2000             -0.1646              1.9689              0.0166  
backward:              0.1500             -0.2435              1.7254              0.0177  
backward:              0.1000             -0.3619              1.3635              0.0194  
backward:              0.0500             -0.5546              0.8090              0.0221  
backward:              0.0000             -0.8619             -0.0530              0.0272  
Inaccuracy estimation
======================================================================================================
                   i        i+δi          P0_overlap_P1   δε(forward)/ε   δε(backward)/ε
======================================================================================================
inaccuracy:  0.00000        0.05000           53.75           -0.02            0.59
inaccuracy:  0.05000        0.10000           59.66           -0.01            0.47
inaccuracy:  0.10000        0.15000           66.37           -0.01            0.29
inaccuracy:  0.15000        0.20000           70.31           -0.01            0.19
inaccuracy:  0.20000        0.25000           73.00           -0.00            0.15
inaccuracy:  0.25000        0.30000           75.62           -0.00            0.12
inaccuracy:  0.30000        0.35000           76.59           -0.00            0.11
inaccuracy:  0.35000        0.40000           78.03           -0.01            0.09
inaccuracy:  0.40000        0.45000           78.51           -0.01            0.08
inaccuracy:  0.45000        0.50000           79.61           -0.01            0.07
inaccuracy:  0.50000        0.55000           69.30           -0.06            0.11
inaccuracy:  0.55000        0.60000           70.97           -0.08            0.08
inaccuracy:  0.60000        0.65000           69.31           -0.11            0.06
inaccuracy:  0.65000        0.70000           67.88           -0.11            0.05
inaccuracy:  0.70000        0.75000           69.57           -0.08            0.04
inaccuracy:  0.75000        0.80000           69.03           -0.08            0.05
inaccuracy:  0.80000        0.85000           68.82           -0.08            0.06
inaccuracy:  0.85000        0.90000           68.14           -0.08            0.07
inaccuracy:  0.90000        0.95000           68.62           -0.07            0.08
inaccuracy:  0.95000        1.00000           67.08           -0.08            0.08
===================================================================================================================================
                BAR        
-----------------------------------------------------------------------------------------------------------------------------------
BAR-estimator:         λ             λ+δλ          ΔΔA             ΔA            C               Δδe            δe       
                          
-----------------------------------------------------------------------------------------------------------------------------------
BAR-estimator:      0.00000        0.05000        0.8375         0.8375         0.8375         0.0050         0.0050 
BAR-estimator:      0.05000        0.10000        0.5512         1.3887         0.5512         0.0047         0.0069 
BAR-estimator:      0.10000        0.15000        0.3582         1.7469         0.3582         0.0039         0.0079 
BAR-estimator:      0.15000        0.20000        0.2450         1.9919         0.2450         0.0029         0.0084 
BAR-estimator:      0.20000        0.25000        0.1718         2.1637         0.1718         0.0028         0.0089 
BAR-estimator:      0.25000        0.30000        0.1227         2.2864         0.1227         0.0024         0.0092 
BAR-estimator:      0.30000        0.35000        0.0937         2.3802         0.0937         0.0025         0.0095 
BAR-estimator:      0.35000        0.40000        0.0686         2.4488         0.0686         0.0023         0.0098 
BAR-estimator:      0.40000        0.45000        0.0505         2.4993         0.0505         0.0022         0.0101 
BAR-estimator:      0.45000        0.50000        0.0319         2.5312         0.0319         0.0019         0.0102 
BAR-estimator:      0.50000        0.55000       -0.1232         2.4080        -0.1232         0.0024         0.0105 
BAR-estimator:      0.55000        0.60000       -0.3160         2.0920        -0.3160         0.0024         0.0108 
BAR-estimator:      0.60000        0.65000       -0.5001         1.5919        -0.5001         0.0027         0.0111 
BAR-estimator:      0.65000        0.70000       -0.6585         0.9335        -0.6585         0.0027         0.0115 
BAR-estimator:      0.70000        0.75000       -0.7529         0.1806        -0.7529         0.0027         0.0118 
BAR-estimator:      0.75000        0.80000       -0.7809        -0.6003        -0.7809         0.0027         0.0121 
BAR-estimator:      0.80000        0.85000       -0.7718        -1.3721        -0.7718         0.0026         0.0124 
BAR-estimator:      0.85000        0.90000       -0.7494        -2.1215        -0.7494         0.0023         0.0126 
BAR-estimator:      0.90000        0.95000       -0.7359        -2.8574        -0.7359         0.0024         0.0128 
BAR-estimator:      0.95000        1.00000       -0.7324        -3.5897        -0.7324         0.0032         0.0132 
BAR-estimator: total free energy change is -3.5897353064280306 , total error is 0.013212359974891515
