#========================================================================================
#                     Free energy perturbation    
#----------------------------------------------------------------------------------------
#forward/backward          λ              ΔΔA                 ΔA                  δε   
#                                                 
#----------------------------------------------------------------------------------------
forward:               0.0000              0.0000              0.0000              0.0000  
forward:               0.0500              2.1502              2.1502              0.0260  
forward:               0.1000              1.2357              3.3859              0.0297  
forward:               0.1500              0.6413              4.0272              0.0315  
forward:               0.2000              0.3682              4.3954              0.0324  
forward:               0.2500              0.1929              4.5883              0.0328  
forward:               0.3000              0.1081              4.6964              0.0333  
forward:               0.3500              0.0307              4.7271              0.0337  
forward:               0.4000             -0.0082              4.7189              0.0339  
forward:               0.4500             -0.0468              4.6721              0.0341  
forward:               0.5000             -0.0686              4.6035              0.0343  
forward:               0.5500             -0.1163              4.4871              0.0345  
forward:               0.6000             -0.2259              4.2613              0.0347  
forward:               0.6500             -0.3109              3.9504              0.0351  
forward:               0.7000             -0.4049              3.5455              0.0353  
forward:               0.7500             -0.4671              3.0783              0.0355  
forward:               0.8000             -0.5216              2.5567              0.0357  
forward:               0.8500             -0.5730              1.9837              0.0359  
forward:               0.9000             -0.6002              1.3836              0.0361  
forward:               0.9500             -0.6265              0.7570              0.0363  
forward:               1.0000             -0.6397              0.1173              0.0365  
backward:              1.0000              0.0000              0.1173              0.0000  
backward:              0.9500              0.6468              0.7641              0.0041  
backward:              0.9000              0.6218              1.3859              0.0065  
backward:              0.8500              0.6004              1.9864              0.0080  
backward:              0.8000              0.5679              2.5542              0.0092  
backward:              0.7500              0.5234              3.0776              0.0103  
backward:              0.7000              0.4736              3.5513              0.0116  
backward:              0.6500              0.3891              3.9403              0.0126  
backward:              0.6000              0.3139              4.2542              0.0136  
backward:              0.5500              0.2313              4.4855              0.0144  
backward:              0.5000              0.1190              4.6046              0.0151  
backward:              0.4500              0.0738              4.6784              0.0157  
backward:              0.4000              0.0417              4.7201              0.0168  
backward:              0.3500              0.0045              4.7245              0.0176  
backward:              0.3000             -0.0677              4.6568              0.0299  
backward:              0.2500             -0.1007              4.5560              0.0310  
backward:              0.2000             -0.2068              4.3492              0.0320  
backward:              0.1500             -0.3503              3.9989              0.0334  
backward:              0.1000             -0.6505              3.3485              0.0367  
backward:              0.0500             -1.2594              2.0891              0.0543  
backward:              0.0000             -2.1299             -0.0408              0.0619  
Inaccuracy estimation
======================================================================================================
                   i        i+δi          P0_overlap_P1   δε(forward)/ε   δε(backward)/ε
======================================================================================================
inaccuracy:  0.00000        0.05000           30.24            0.02            2.47
inaccuracy:  0.05000        0.10000           39.66           -0.06            1.48
inaccuracy:  0.10000        0.15000           51.22           -0.04            0.74
inaccuracy:  0.15000        0.20000           58.14           -0.03            0.43
inaccuracy:  0.20000        0.25000           64.33           -0.02            0.27
inaccuracy:  0.25000        0.30000           65.32           -0.03            0.22
inaccuracy:  0.30000        0.35000           69.53           -0.02            0.17
inaccuracy:  0.35000        0.40000           69.18           -0.02            0.15
inaccuracy:  0.40000        0.45000           70.99           -0.02            0.13
inaccuracy:  0.45000        0.50000           70.73           -0.02            0.13
inaccuracy:  0.50000        0.55000           67.45           -0.05            0.15
inaccuracy:  0.55000        0.60000           68.26           -0.06            0.12
inaccuracy:  0.60000        0.65000           67.98           -0.06            0.10
inaccuracy:  0.65000        0.70000           69.83           -0.05            0.10
inaccuracy:  0.70000        0.75000           68.76           -0.06            0.09
inaccuracy:  0.75000        0.80000           68.81           -0.06            0.08
inaccuracy:  0.80000        0.85000           69.17           -0.06            0.08
inaccuracy:  0.85000        0.90000           69.01           -0.06            0.08
inaccuracy:  0.90000        0.95000           68.90           -0.05            0.08
inaccuracy:  0.95000        1.00000           68.11           -0.07            0.08
===================================================================================================================================
                BAR        
-----------------------------------------------------------------------------------------------------------------------------------
BAR-estimator:         λ             λ+δλ          ΔΔA             ΔA            C               Δδe            δe       
                          
-----------------------------------------------------------------------------------------------------------------------------------
BAR-estimator:      0.00000        0.05000        2.1414         2.1414         2.1414         0.0105         0.0105 
BAR-estimator:      0.05000        0.10000        1.2358         3.3772         1.2358         0.0074         0.0129 
BAR-estimator:      0.10000        0.15000        0.6468         4.0240         0.6468         0.0066         0.0145 
BAR-estimator:      0.15000        0.20000        0.3624         4.3864         0.3624         0.0052         0.0154 
BAR-estimator:      0.20000        0.25000        0.1955         4.5819         0.1955         0.0038         0.0158 
BAR-estimator:      0.25000        0.30000        0.1037         4.6856         0.1037         0.0038         0.0163 
BAR-estimator:      0.30000        0.35000        0.0379         4.7235         0.0379         0.0032         0.0166 
BAR-estimator:      0.35000        0.40000       -0.0077         4.7158        -0.0077         0.0028         0.0168 
BAR-estimator:      0.40000        0.45000       -0.0419         4.6739        -0.0419         0.0027         0.0170 
BAR-estimator:      0.45000        0.50000       -0.0700         4.6039        -0.0700         0.0024         0.0172 
BAR-estimator:      0.50000        0.55000       -0.1148         4.4891        -0.1148         0.0027         0.0174 
BAR-estimator:      0.55000        0.60000       -0.2286         4.2605        -0.2286         0.0027         0.0176 
BAR-estimator:      0.60000        0.65000       -0.3158         3.9447        -0.3158         0.0027         0.0178 
BAR-estimator:      0.65000        0.70000       -0.3984         3.5463        -0.3984         0.0025         0.0180 
BAR-estimator:      0.70000        0.75000       -0.4682         3.0781        -0.4682         0.0028         0.0182 
BAR-estimator:      0.75000        0.80000       -0.5217         2.5564        -0.5217         0.0027         0.0184 
BAR-estimator:      0.80000        0.85000       -0.5705         1.9859        -0.5705         0.0028         0.0186 
BAR-estimator:      0.85000        0.90000       -0.6001         1.3859        -0.6001         0.0028         0.0189 
BAR-estimator:      0.90000        0.95000       -0.6253         0.7606        -0.6253         0.0028         0.0191 
BAR-estimator:      0.95000        1.00000       -0.6422         0.1184        -0.6422         0.0026         0.0192 
BAR-estimator: total free energy change is 0.1183822486513959 , total error is 0.019248502614475263
