#========================================================================================
#                     Free energy perturbation    
#----------------------------------------------------------------------------------------
#forward/backward          λ              ΔΔA                 ΔA                  δε   
#                                                 
#----------------------------------------------------------------------------------------
forward:               0.0000              0.0000              0.0000              0.0000  
forward:               0.0500              0.4661              0.4661              0.0052  
forward:               0.1000              0.3192              0.7853              0.0066  
forward:               0.1500              0.2456              1.0310              0.0074  
forward:               0.2000              0.1999              1.2308              0.0080  
forward:               0.2500              0.1602              1.3911              0.0086  
forward:               0.3000              0.1387              1.5297              0.0091  
forward:               0.3500              0.1214              1.6512              0.0094  
forward:               0.4000              0.1039              1.7551              0.0098  
forward:               0.4500              0.0924              1.8474              0.0102  
forward:               0.5000              0.0864              1.9339              0.0104  
forward:               0.5500              0.0835              2.0173              0.0106  
forward:               0.6000              0.0793              2.0967              0.0109  
forward:               0.6500              0.0695              2.1662              0.0111  
forward:               0.7000              0.0641              2.2303              0.0112  
forward:               0.7500              0.0600              2.2903              0.0114  
forward:               0.8000              0.0539              2.3442              0.0116  
forward:               0.8500              0.0479              2.3921              0.0118  
forward:               0.9000              0.0519              2.4440              0.0120  
forward:               0.9500              0.0475              2.4915              0.0120  
forward:               1.0000              0.0434              2.5349              0.0122  
backward:              1.0000              0.0000              2.5349              0.0000  
backward:              0.9500             -0.0413              2.4936              0.0025  
backward:              0.9000             -0.0425              2.4511              0.0036  
backward:              0.8500             -0.0491              2.4020              0.0044  
backward:              0.8000             -0.0551              2.3469              0.0051  
backward:              0.7500             -0.0578              2.2891              0.0057  
backward:              0.7000             -0.0564              2.2327              0.0062  
backward:              0.6500             -0.0665              2.1662              0.0067  
backward:              0.6000             -0.0685              2.0977              0.0072  
backward:              0.5500             -0.0786              2.0191              0.0077  
backward:              0.5000             -0.0842              1.9349              0.0083  
backward:              0.4500             -0.0868              1.8481              0.0088  
backward:              0.4000             -0.0974              1.7507              0.0093  
backward:              0.3500             -0.1097              1.6409              0.0098  
backward:              0.3000             -0.1159              1.5250              0.0103  
backward:              0.2500             -0.1347              1.3903              0.0108  
backward:              0.2000             -0.1604              1.2299              0.0112  
backward:              0.1500             -0.1966              1.0333              0.0119  
backward:              0.1000             -0.2495              0.7838              0.0131  
backward:              0.0500             -0.3316              0.4522              0.0146  
backward:              0.0000             -0.4767             -0.0246              0.0166  
Inaccuracy estimation
======================================================================================================
                   i        i+δi          P0_overlap_P1   δε(forward)/ε   δε(backward)/ε
======================================================================================================
inaccuracy:  0.00000        0.05000           64.90           -0.01            0.36
inaccuracy:  0.05000        0.10000           70.98           -0.00            0.23
inaccuracy:  0.10000        0.15000           73.97           -0.00            0.17
inaccuracy:  0.15000        0.20000           76.04           -0.01            0.13
inaccuracy:  0.20000        0.25000           78.19           -0.00            0.11
inaccuracy:  0.25000        0.30000           78.57           -0.00            0.10
inaccuracy:  0.30000        0.35000           78.85           -0.00            0.09
inaccuracy:  0.35000        0.40000           80.38           -0.00            0.08
inaccuracy:  0.40000        0.45000           80.65           -0.00            0.07
inaccuracy:  0.45000        0.50000           80.43           -0.00            0.07
inaccuracy:  0.50000        0.55000           80.33           -0.01            0.07
inaccuracy:  0.55000        0.60000           80.54           -0.01            0.07
inaccuracy:  0.60000        0.65000           80.58           -0.00            0.07
inaccuracy:  0.65000        0.70000           80.85           -0.00            0.06
inaccuracy:  0.70000        0.75000           80.77           -0.00            0.07
inaccuracy:  0.75000        0.80000           81.05           -0.00            0.06
inaccuracy:  0.80000        0.85000           81.92           -0.00            0.06
inaccuracy:  0.85000        0.90000           80.34           -0.01            0.07
inaccuracy:  0.90000        0.95000           79.82           -0.01            0.06
inaccuracy:  0.95000        1.00000           80.75           -0.01            0.06
===================================================================================================================================
                BAR        
-----------------------------------------------------------------------------------------------------------------------------------
BAR-estimator:         λ             λ+δλ          ΔΔA             ΔA            C               Δδe            δe       
                          
-----------------------------------------------------------------------------------------------------------------------------------
BAR-estimator:      0.00000        0.05000        0.4662         0.4662         0.4662         0.0033         0.0033 
BAR-estimator:      0.05000        0.10000        0.3232         0.7895         0.3232         0.0028         0.0043 
BAR-estimator:      0.10000        0.15000        0.2460         1.0355         0.2460         0.0025         0.0050 
BAR-estimator:      0.15000        0.20000        0.1986         1.2341         0.1986         0.0023         0.0055 
BAR-estimator:      0.20000        0.25000        0.1609         1.3949         0.1609         0.0021         0.0059 
BAR-estimator:      0.25000        0.30000        0.1380         1.5329         0.1380         0.0022         0.0063 
BAR-estimator:      0.30000        0.35000        0.1193         1.6523         0.1193         0.0019         0.0066 
BAR-estimator:      0.35000        0.40000        0.1056         1.7578         0.1056         0.0018         0.0069 
BAR-estimator:      0.40000        0.45000        0.0934         1.8512         0.0934         0.0019         0.0071 
BAR-estimator:      0.45000        0.50000        0.0861         1.9373         0.0861         0.0017         0.0073 
BAR-estimator:      0.50000        0.55000        0.0831         2.0204         0.0831         0.0016         0.0075 
BAR-estimator:      0.55000        0.60000        0.0788         2.0991         0.0788         0.0016         0.0077 
BAR-estimator:      0.60000        0.65000        0.0694         2.1685         0.0694         0.0016         0.0078 
BAR-estimator:      0.65000        0.70000        0.0639         2.2323         0.0639         0.0014         0.0079 
BAR-estimator:      0.70000        0.75000        0.0594         2.2917         0.0594         0.0016         0.0081 
BAR-estimator:      0.75000        0.80000        0.0553         2.3470         0.0553         0.0016         0.0083 
BAR-estimator:      0.80000        0.85000        0.0508         2.3978         0.0508         0.0014         0.0084 
BAR-estimator:      0.85000        0.90000        0.0506         2.4484         0.0506         0.0016         0.0085 
BAR-estimator:      0.90000        0.95000        0.0447         2.4931         0.0447         0.0017         0.0087 
BAR-estimator:      0.95000        1.00000        0.0431         2.5362         0.0431         0.0016         0.0088 
BAR-estimator: total free energy change is 2.5362165247795425 , total error is 0.008844715084443573
