#========================================================================================
#                     Free energy perturbation    
#----------------------------------------------------------------------------------------
#forward/backward          λ              ΔΔA                 ΔA                  δε   
#                                                 
#----------------------------------------------------------------------------------------
forward:               0.0000              0.0000              0.0000              0.0000  
forward:               0.0500              2.6274              2.6274              0.0282  
forward:               0.1000              1.3549              3.9823              0.0330  
forward:               0.1500              0.6508              4.6331              0.0348  
forward:               0.2000              0.2974              4.9305              0.0354  
forward:               0.2500              0.1264              5.0569              0.0357  
forward:               0.3000              0.0243              5.0812              0.0360  
forward:               0.3500             -0.0413              5.0399              0.0363  
forward:               0.4000             -0.1026              4.9373              0.0365  
forward:               0.4500             -0.1326              4.8047              0.0366  
forward:               0.5000             -0.1703              4.6344              0.0367  
forward:               0.5500             -0.2213              4.4131              0.0369  
forward:               0.6000             -0.2778              4.1353              0.0370  
forward:               0.6500             -0.3169              3.8184              0.0371  
forward:               0.7000             -0.3496              3.4689              0.0372  
forward:               0.7500             -0.3751              3.0938              0.0373  
forward:               0.8000             -0.3915              2.7022              0.0374  
forward:               0.8500             -0.4140              2.2882              0.0375  
forward:               0.9000             -0.4314              1.8568              0.0376  
forward:               0.9500             -0.4446              1.4122              0.0376  
forward:               1.0000             -0.4562              0.9560              0.0377  
backward:              1.0000              0.0000              0.9560              0.0000  
backward:              0.9500              0.4537              1.4097              0.0032  
backward:              0.9000              0.4424              1.8521              0.0042  
backward:              0.8500              0.4276              2.2797              0.0045  
backward:              0.8000              0.4092              2.6890              0.0054  
backward:              0.7500              0.3997              3.0887              0.0061  
backward:              0.7000              0.3785              3.4672              0.0069  
backward:              0.6500              0.3412              3.8083              0.0076  
backward:              0.6000              0.3187              4.1270              0.0083  
backward:              0.5500              0.2734              4.4004              0.0089  
backward:              0.5000              0.2156              4.6160              0.0096  
backward:              0.4500              0.1707              4.7867              0.0102  
backward:              0.4000              0.1383              4.9250              0.0115  
backward:              0.3500              0.0969              5.0219              0.0124  
backward:              0.3000              0.0454              5.0673              0.0133  
backward:              0.2500             -0.0230              5.0443              0.0155  
backward:              0.2000             -0.1332              4.9111              0.0169  
backward:              0.1500             -0.3255              4.5856              0.0379  
backward:              0.1000             -0.6361              3.9495              0.0423  
backward:              0.0500             -1.3468              2.6027              0.0614  
backward:              0.0000             -2.5961              0.0066              0.0786  
Inaccuracy estimation
======================================================================================================
                   i        i+δi          P0_overlap_P1   δε(forward)/ε   δε(backward)/ε
======================================================================================================
inaccuracy:  0.00000        0.05000           24.42            0.12            3.75
inaccuracy:  0.05000        0.10000           37.94           -0.06            1.73
inaccuracy:  0.10000        0.15000           50.54           -0.04            0.79
inaccuracy:  0.15000        0.20000           60.69           -0.03            0.37
inaccuracy:  0.20000        0.25000           66.41           -0.02            0.23
inaccuracy:  0.25000        0.30000           69.11           -0.02            0.17
inaccuracy:  0.30000        0.35000           71.06           -0.02            0.13
inaccuracy:  0.35000        0.40000           72.98           -0.02            0.11
inaccuracy:  0.40000        0.45000           72.78           -0.02            0.10
inaccuracy:  0.45000        0.50000           74.17           -0.02            0.09
inaccuracy:  0.50000        0.55000           73.01           -0.03            0.09
inaccuracy:  0.55000        0.60000           74.23           -0.03            0.07
inaccuracy:  0.60000        0.65000           74.34           -0.03            0.07
inaccuracy:  0.65000        0.70000           75.42           -0.03            0.06
inaccuracy:  0.70000        0.75000           75.13           -0.03            0.06
inaccuracy:  0.75000        0.80000           74.72           -0.03            0.06
inaccuracy:  0.80000        0.85000           75.22           -0.03            0.05
inaccuracy:  0.85000        0.90000           75.37           -0.03            0.05
inaccuracy:  0.90000        0.95000           75.45           -0.04            0.05
inaccuracy:  0.95000        1.00000           74.92           -0.03            0.05
===================================================================================================================================
                BAR        
-----------------------------------------------------------------------------------------------------------------------------------
BAR-estimator:         λ             λ+δλ          ΔΔA             ΔA            C               Δδe            δe       
                          
-----------------------------------------------------------------------------------------------------------------------------------
BAR-estimator:      0.00000        0.05000        2.6155         2.6155         2.6155         0.0096         0.0096 
BAR-estimator:      0.05000        0.10000        1.3553         3.9708         1.3553         0.0092         0.0133 
BAR-estimator:      0.10000        0.15000        0.6511         4.6219         0.6511         0.0073         0.0152 
BAR-estimator:      0.15000        0.20000        0.2974         4.9193         0.2974         0.0041         0.0157 
BAR-estimator:      0.20000        0.25000        0.1281         5.0474         0.1281         0.0033         0.0160 
BAR-estimator:      0.25000        0.30000        0.0243         5.0717         0.0243         0.0030         0.0163 
BAR-estimator:      0.30000        0.35000       -0.0418         5.0299        -0.0418         0.0027         0.0165 
BAR-estimator:      0.35000        0.40000       -0.1008         4.9291        -0.1008         0.0026         0.0167 
BAR-estimator:      0.40000        0.45000       -0.1364         4.7926        -0.1364         0.0022         0.0169 
BAR-estimator:      0.45000        0.50000       -0.1710         4.6216        -0.1710         0.0021         0.0170 
BAR-estimator:      0.50000        0.55000       -0.2197         4.4019        -0.2197         0.0024         0.0172 
BAR-estimator:      0.55000        0.60000       -0.2759         4.1260        -0.2759         0.0022         0.0173 
BAR-estimator:      0.60000        0.65000       -0.3166         3.8094        -0.3166         0.0021         0.0174 
BAR-estimator:      0.65000        0.70000       -0.3469         3.4625        -0.3469         0.0020         0.0176 
BAR-estimator:      0.70000        0.75000       -0.3762         3.0863        -0.3762         0.0020         0.0177 
BAR-estimator:      0.75000        0.80000       -0.3940         2.6923        -0.3940         0.0020         0.0178 
BAR-estimator:      0.80000        0.85000       -0.4139         2.2783        -0.4139         0.0022         0.0179 
BAR-estimator:      0.85000        0.90000       -0.4293         1.8491        -0.4293         0.0024         0.0181 
BAR-estimator:      0.90000        0.95000       -0.4438         1.4053        -0.4438         0.0022         0.0182 
BAR-estimator:      0.95000        1.00000       -0.4551         0.9501        -0.4551         0.0020         0.0183 
BAR-estimator: total free energy change is 0.9501193796822 , total error is 0.018329158097742472
