#========================================================================================
#                     Free energy perturbation    
#----------------------------------------------------------------------------------------
#forward/backward          λ              ΔΔA                 ΔA                  δε   
#                                                 
#----------------------------------------------------------------------------------------
forward:               0.0000              0.0000              0.0000              0.0000  
forward:               0.0500              2.6570              2.6570              0.0239  
forward:               0.1000              1.2619              3.9189              0.0304  
forward:               0.1500              0.5286              4.4476              0.0321  
forward:               0.2000              0.2312              4.6788              0.0327  
forward:               0.2500              0.0888              4.7676              0.0331  
forward:               0.3000              0.0034              4.7710              0.0333  
forward:               0.3500             -0.0620              4.7091              0.0335  
forward:               0.4000             -0.1003              4.6087              0.0337  
forward:               0.4500             -0.1346              4.4741              0.0338  
forward:               0.5000             -0.1592              4.3149              0.0340  
forward:               0.5500             -0.1875              4.1274              0.0341  
forward:               0.6000             -0.2114              3.9160              0.0342  
forward:               0.6500             -0.2346              3.6814              0.0343  
forward:               0.7000             -0.2505              3.4309              0.0344  
forward:               0.7500             -0.2597              3.1712              0.0344  
forward:               0.8000             -0.2751              2.8961              0.0345  
forward:               0.8500             -0.2770              2.6191              0.0346  
forward:               0.9000             -0.2892              2.3299              0.0347  
forward:               0.9500             -0.3010              2.0289              0.0347  
forward:               1.0000             -0.3118              1.7171              0.0348  
backward:              1.0000              0.0000              1.7171              0.0000  
backward:              0.9500              0.3116              2.0287              0.0026  
backward:              0.9000              0.3035              2.3322              0.0037  
backward:              0.8500              0.2950              2.6272              0.0045  
backward:              0.8000              0.2793              2.9065              0.0053  
backward:              0.7500              0.2738              3.1803              0.0060  
backward:              0.7000              0.2560              3.4363              0.0067  
backward:              0.6500              0.2493              3.6856              0.0073  
backward:              0.6000              0.2304              3.9160              0.0078  
backward:              0.5500              0.2113              4.1273              0.0084  
backward:              0.5000              0.1952              4.3225              0.0090  
backward:              0.4500              0.1580              4.4805              0.0095  
backward:              0.4000              0.1323              4.6127              0.0102  
backward:              0.3500              0.1035              4.7163              0.0112  
backward:              0.3000              0.0615              4.7777              0.0121  
backward:              0.2500             -0.0034              4.7743              0.0132  
backward:              0.2000             -0.0820              4.6923              0.0144  
backward:              0.1500             -0.2270              4.4653              0.0169  
backward:              0.1000             -0.4947              3.9705              0.0217  
backward:              0.0500             -1.2290              2.7415              0.0474  
backward:              0.0000             -2.5847              0.1569              0.0615  
Inaccuracy estimation
======================================================================================================
                   i        i+δi          P0_overlap_P1   δε(forward)/ε   δε(backward)/ε
======================================================================================================
inaccuracy:  0.00000        0.05000           24.41            0.12            3.90
inaccuracy:  0.05000        0.10000           36.50           -0.06            1.70
inaccuracy:  0.10000        0.15000           53.51           -0.04            0.68
inaccuracy:  0.15000        0.20000           63.93           -0.02            0.32
inaccuracy:  0.20000        0.25000           68.00           -0.01            0.19
inaccuracy:  0.25000        0.30000           71.77           -0.02            0.14
inaccuracy:  0.30000        0.35000           73.28           -0.01            0.11
inaccuracy:  0.35000        0.40000           74.18           -0.01            0.09
inaccuracy:  0.40000        0.45000           76.29           -0.01            0.08
inaccuracy:  0.45000        0.50000           76.14           -0.02            0.07
inaccuracy:  0.50000        0.55000           76.03           -0.02            0.07
inaccuracy:  0.55000        0.60000           76.88           -0.02            0.06
inaccuracy:  0.60000        0.65000           77.95           -0.02            0.06
inaccuracy:  0.65000        0.70000           77.83           -0.02            0.05
inaccuracy:  0.70000        0.75000           77.99           -0.02            0.05
inaccuracy:  0.75000        0.80000           77.90           -0.02            0.05
inaccuracy:  0.80000        0.85000           77.13           -0.02            0.05
inaccuracy:  0.85000        0.90000           77.30           -0.02            0.05
inaccuracy:  0.90000        0.95000           77.21           -0.02            0.05
inaccuracy:  0.95000        1.00000           77.86           -0.02            0.05
===================================================================================================================================
                BAR        
-----------------------------------------------------------------------------------------------------------------------------------
BAR-estimator:         λ             λ+δλ          ΔΔA             ΔA            C               Δδe            δe       
                          
-----------------------------------------------------------------------------------------------------------------------------------
BAR-estimator:      0.00000        0.05000        2.6347         2.6347         2.6347         0.0100         0.0100 
BAR-estimator:      0.05000        0.10000        1.2496         3.8843         1.2496         0.0125         0.0160 
BAR-estimator:      0.10000        0.15000        0.5226         4.4069         0.5226         0.0068         0.0174 
BAR-estimator:      0.15000        0.20000        0.2332         4.6401         0.2332         0.0042         0.0179 
BAR-estimator:      0.20000        0.25000        0.0863         4.7264         0.0863         0.0033         0.0182 
BAR-estimator:      0.25000        0.30000        0.0033         4.7297         0.0033         0.0028         0.0184 
BAR-estimator:      0.30000        0.35000       -0.0615         4.6683        -0.0615         0.0026         0.0186 
BAR-estimator:      0.35000        0.40000       -0.1021         4.5662        -0.1021         0.0024         0.0188 
BAR-estimator:      0.40000        0.45000       -0.1339         4.4323        -0.1339         0.0022         0.0189 
BAR-estimator:      0.45000        0.50000       -0.1592         4.2732        -0.1592         0.0020         0.0190 
BAR-estimator:      0.50000        0.55000       -0.1904         4.0828        -0.1904         0.0019         0.0191 
BAR-estimator:      0.55000        0.60000       -0.2112         3.8716        -0.2112         0.0020         0.0192 
BAR-estimator:      0.60000        0.65000       -0.2320         3.6397        -0.2320         0.0022         0.0193 
BAR-estimator:      0.65000        0.70000       -0.2502         3.3895        -0.2502         0.0019         0.0194 
BAR-estimator:      0.70000        0.75000       -0.2589         3.1306        -0.2589         0.0020         0.0195 
BAR-estimator:      0.75000        0.80000       -0.2745         2.8561        -0.2745         0.0023         0.0197 
BAR-estimator:      0.80000        0.85000       -0.2786         2.5775        -0.2786         0.0019         0.0198 
BAR-estimator:      0.85000        0.90000       -0.2908         2.2867        -0.2908         0.0021         0.0199 
BAR-estimator:      0.90000        0.95000       -0.3025         1.9842        -0.3025         0.0020         0.0200 
BAR-estimator:      0.95000        1.00000       -0.3112         1.6730        -0.3112         0.0017         0.0200 
BAR-estimator: total free energy change is 1.6729608466132824 , total error is 0.020048342262679198
