#========================================================================================
#                     Free energy perturbation    
#----------------------------------------------------------------------------------------
#forward/backward          λ              ΔΔA                 ΔA                  δε   
#                                                 
#----------------------------------------------------------------------------------------
forward:               0.0000              0.0000              0.0000              0.0000  
forward:               0.0500              0.6257              0.6257              0.0061  
forward:               0.1000              0.4356              1.0613              0.0080  
forward:               0.1500              0.3078              1.3692              0.0092  
forward:               0.2000              0.2243              1.5934              0.0100  
forward:               0.2500              0.1801              1.7736              0.0105  
forward:               0.3000              0.1471              1.9207              0.0112  
forward:               0.3500              0.1155              2.0362              0.0115  
forward:               0.4000              0.0973              2.1335              0.0118  
forward:               0.4500              0.0878              2.2213              0.0121  
forward:               0.5000              0.0718              2.2931              0.0123  
forward:               0.5500              0.0132              2.3062              0.0126  
forward:               0.6000             -0.0718              2.2344              0.0128  
forward:               0.6500             -0.1289              2.1055              0.0131  
forward:               0.7000             -0.1832              1.9222              0.0133  
forward:               0.7500             -0.2137              1.7085              0.0135  
forward:               0.8000             -0.2481              1.4604              0.0137  
forward:               0.8500             -0.2678              1.1926              0.0139  
forward:               0.9000             -0.2889              0.9037              0.0141  
forward:               0.9500             -0.3046              0.5991              0.0142  
forward:               1.0000             -0.3187              0.2804              0.0144  
backward:              1.0000              0.0000              0.2804              0.0000  
backward:              0.9500              0.3135              0.5939              0.0027  
backward:              0.9000              0.2967              0.8906              0.0039  
backward:              0.8500              0.2880              1.1786              0.0048  
backward:              0.8000              0.2740              1.4526              0.0055  
backward:              0.7500              0.2496              1.7022              0.0061  
backward:              0.7000              0.2172              1.9194              0.0067  
backward:              0.6500              0.1825              2.1019              0.0074  
backward:              0.6000              0.1324              2.2344              0.0080  
backward:              0.5500              0.0688              2.3032              0.0085  
backward:              0.5000             -0.0134              2.2897              0.0091  
backward:              0.4500             -0.0731              2.2166              0.0095  
backward:              0.4000             -0.0803              2.1363              0.0100  
backward:              0.3500             -0.1027              2.0336              0.0106  
backward:              0.3000             -0.1211              1.9124              0.0111  
backward:              0.2500             -0.1468              1.7656              0.0118  
backward:              0.2000             -0.1722              1.5934              0.0125  
backward:              0.1500             -0.2321              1.3613              0.0134  
backward:              0.1000             -0.3016              1.0598              0.0150  
backward:              0.0500             -0.4274              0.6324              0.0166  
backward:              0.0000             -0.6266              0.0058              0.0191  
Inaccuracy estimation
======================================================================================================
                   i        i+δi          P0_overlap_P1   δε(forward)/ε   δε(backward)/ε
======================================================================================================
inaccuracy:  0.00000        0.05000           59.62           -0.01            0.43
inaccuracy:  0.05000        0.10000           65.33           -0.01            0.35
inaccuracy:  0.10000        0.15000           69.97           -0.01            0.22
inaccuracy:  0.15000        0.20000           74.48           -0.00            0.14
inaccuracy:  0.20000        0.25000           75.43           -0.00            0.13
inaccuracy:  0.25000        0.30000           77.62           -0.00            0.11
inaccuracy:  0.30000        0.35000           79.42           -0.01            0.09
inaccuracy:  0.35000        0.40000           79.62           -0.00            0.08
inaccuracy:  0.40000        0.45000           78.61           -0.00            0.08
inaccuracy:  0.45000        0.50000           80.08           -0.01            0.07
inaccuracy:  0.50000        0.55000           75.28           -0.02            0.09
inaccuracy:  0.55000        0.60000           76.63           -0.03            0.07
inaccuracy:  0.60000        0.65000           76.38           -0.02            0.07
inaccuracy:  0.65000        0.70000           77.36           -0.03            0.06
inaccuracy:  0.70000        0.75000           76.98           -0.03            0.06
inaccuracy:  0.75000        0.80000           77.32           -0.03            0.06
inaccuracy:  0.80000        0.85000           76.72           -0.03            0.06
inaccuracy:  0.85000        0.90000           77.57           -0.03            0.06
inaccuracy:  0.90000        0.95000           77.68           -0.03            0.05
inaccuracy:  0.95000        1.00000           77.44           -0.02            0.05
===================================================================================================================================
                BAR        
-----------------------------------------------------------------------------------------------------------------------------------
BAR-estimator:         λ             λ+δλ          ΔΔA             ΔA            C               Δδe            δe       
                          
-----------------------------------------------------------------------------------------------------------------------------------
BAR-estimator:      0.00000        0.05000        0.6238         0.6238         0.6238         0.0039         0.0039 
BAR-estimator:      0.05000        0.10000        0.4354         1.0592         0.4354         0.0035         0.0052 
BAR-estimator:      0.10000        0.15000        0.3058         1.3650         0.3058         0.0029         0.0060 
BAR-estimator:      0.15000        0.20000        0.2270         1.5919         0.2270         0.0022         0.0064 
BAR-estimator:      0.20000        0.25000        0.1783         1.7703         0.1783         0.0024         0.0068 
BAR-estimator:      0.25000        0.30000        0.1483         1.9186         0.1483         0.0022         0.0072 
BAR-estimator:      0.30000        0.35000        0.1188         2.0374         0.1188         0.0019         0.0074 
BAR-estimator:      0.35000        0.40000        0.0997         2.1371         0.0997         0.0018         0.0076 
BAR-estimator:      0.40000        0.45000        0.0857         2.2228         0.0857         0.0018         0.0079 
BAR-estimator:      0.45000        0.50000        0.0727         2.2955         0.0727         0.0017         0.0080 
BAR-estimator:      0.50000        0.55000        0.0127         2.3082         0.0127         0.0020         0.0083 
BAR-estimator:      0.55000        0.60000       -0.0715         2.2367        -0.0715         0.0018         0.0085 
BAR-estimator:      0.60000        0.65000       -0.1306         2.1061        -0.1306         0.0020         0.0087 
BAR-estimator:      0.65000        0.70000       -0.1823         1.9238        -0.1823         0.0018         0.0089 
BAR-estimator:      0.70000        0.75000       -0.2156         1.7083        -0.2156         0.0018         0.0091 
BAR-estimator:      0.75000        0.80000       -0.2485         1.4598        -0.2485         0.0018         0.0093 
BAR-estimator:      0.80000        0.85000       -0.2703         1.1895        -0.2703         0.0018         0.0094 
BAR-estimator:      0.85000        0.90000       -0.2877         0.9018        -0.2877         0.0019         0.0096 
BAR-estimator:      0.90000        0.95000       -0.3022         0.5996        -0.3022         0.0019         0.0098 
BAR-estimator:      0.95000        1.00000       -0.3170         0.2826        -0.3170         0.0016         0.0099 
BAR-estimator: total free energy change is 0.28259542744082017 , total error is 0.009929077469847118
