#========================================================================================
#                     Free energy perturbation    
#----------------------------------------------------------------------------------------
#forward/backward          λ              ΔΔA                 ΔA                  δε   
#                                                 
#----------------------------------------------------------------------------------------
forward:               0.0000              0.0000              0.0000              0.0000  
forward:               0.0500              2.0016              2.0016              0.0176  
forward:               0.1000              1.2183              3.2199              0.0222  
forward:               0.1500              0.7021              3.9220              0.0243  
forward:               0.2000              0.4088              4.3309              0.0256  
forward:               0.2500              0.2193              4.5502              0.0263  
forward:               0.3000              0.1194              4.6696              0.0268  
forward:               0.3500              0.0482              4.7178              0.0274  
forward:               0.4000             -0.0068              4.7110              0.0280  
forward:               0.4500             -0.0425              4.6684              0.0283  
forward:               0.5000             -0.0722              4.5962              0.0285  
forward:               0.5500             -0.1847              4.4115              0.0288  
forward:               0.6000             -0.3682              4.0433              0.0292  
forward:               0.6500             -0.5520              3.4914              0.0295  
forward:               0.7000             -0.6868              2.8046              0.0298  
forward:               0.7500             -0.7872              2.0174              0.0301  
forward:               0.8000             -0.8433              1.1741              0.0304  
forward:               0.8500             -0.8813              0.2928              0.0306  
forward:               0.9000             -0.8896             -0.5968              0.0311  
forward:               0.9500             -0.8846             -1.4814              0.0311  
forward:               1.0000             -0.8802             -2.3616              0.0313  
backward:              1.0000              0.0000             -2.3616              0.0000  
backward:              0.9500              0.8788             -1.4828              0.0051  
backward:              0.9000              0.8779             -0.6049              0.0073  
backward:              0.8500              0.8795              0.2746              0.0093  
backward:              0.8000              0.8714              1.1460              0.0105  
backward:              0.7500              0.8377              1.9837              0.0120  
backward:              0.7000              0.7860              2.7697              0.0132  
backward:              0.6500              0.6885              3.4582              0.0137  
backward:              0.6000              0.5329              3.9911              0.0147  
backward:              0.5500              0.3635              4.3546              0.0158  
backward:              0.5000              0.1831              4.5377              0.0167  
backward:              0.4500              0.0801              4.6178              0.0174  
backward:              0.4000              0.0426              4.6604              0.0184  
backward:              0.3500              0.0017              4.6621              0.0192  
backward:              0.3000             -0.0606              4.6014              0.0207  
backward:              0.2500             -0.1216              4.4799              0.0217  
backward:              0.2000             -0.2374              4.2425              0.0236  
backward:              0.1500             -0.4100              3.8325              0.0275  
backward:              0.1000             -0.7183              3.1142              0.0356  
backward:              0.0500             -1.6406              1.4736              0.2914  
backward:              0.0000             -1.9835             -0.5099              0.2935  
Inaccuracy estimation
======================================================================================================
                   i        i+δi          P0_overlap_P1   δε(forward)/ε   δε(backward)/ε
======================================================================================================
inaccuracy:  0.00000        0.05000           31.80           -0.00            2.30
inaccuracy:  0.05000        0.10000           41.53           -0.06            1.37
inaccuracy:  0.10000        0.15000           49.59           -0.05            0.77
inaccuracy:  0.15000        0.20000           56.10           -0.04            0.49
inaccuracy:  0.20000        0.25000           62.32           -0.03            0.31
inaccuracy:  0.25000        0.30000           64.44           -0.03            0.25
inaccuracy:  0.30000        0.35000           66.25           -0.03            0.20
inaccuracy:  0.35000        0.40000           67.66           -0.03            0.17
inaccuracy:  0.40000        0.45000           67.78           -0.03            0.16
inaccuracy:  0.45000        0.50000           68.43           -0.03            0.16
inaccuracy:  0.50000        0.55000           63.79           -0.08            0.17
inaccuracy:  0.55000        0.60000           64.00           -0.11            0.14
inaccuracy:  0.60000        0.65000           64.89           -0.10            0.11
inaccuracy:  0.65000        0.70000           64.37           -0.12            0.10
inaccuracy:  0.70000        0.75000           64.64           -0.12            0.09
inaccuracy:  0.75000        0.80000           64.79           -0.11            0.08
inaccuracy:  0.80000        0.85000           65.18           -0.11            0.08
inaccuracy:  0.85000        0.90000           64.91           -0.11            0.08
inaccuracy:  0.90000        0.95000           63.95           -0.10            0.09
inaccuracy:  0.95000        1.00000           63.50           -0.11            0.09
===================================================================================================================================
                BAR        
-----------------------------------------------------------------------------------------------------------------------------------
BAR-estimator:         λ             λ+δλ          ΔΔA             ΔA            C               Δδe            δe       
                          
-----------------------------------------------------------------------------------------------------------------------------------
BAR-estimator:      0.00000        0.05000        1.9999         1.9999         1.9999         0.0080         0.0080 
BAR-estimator:      0.05000        0.10000        1.2338         3.2337         1.2338         0.0074         0.0109 
BAR-estimator:      0.10000        0.15000        0.7123         3.9460         0.7123         0.0062         0.0126 
BAR-estimator:      0.15000        0.20000        0.4078         4.3538         0.4078         0.0051         0.0136 
BAR-estimator:      0.20000        0.25000        0.2260         4.5798         0.2260         0.0037         0.0141 
BAR-estimator:      0.25000        0.30000        0.1220         4.7018         0.1220         0.0036         0.0145 
BAR-estimator:      0.30000        0.35000        0.0514         4.7532         0.0514         0.0035         0.0149 
BAR-estimator:      0.35000        0.40000       -0.0026         4.7505        -0.0026         0.0039         0.0154 
BAR-estimator:      0.40000        0.45000       -0.0446         4.7060        -0.0446         0.0029         0.0157 
BAR-estimator:      0.45000        0.50000       -0.0748         4.6312        -0.0748         0.0026         0.0159 
BAR-estimator:      0.50000        0.55000       -0.1853         4.4459        -0.1853         0.0026         0.0161 
BAR-estimator:      0.55000        0.60000       -0.3667         4.0792        -0.3667         0.0028         0.0164 
BAR-estimator:      0.60000        0.65000       -0.5415         3.5377        -0.5415         0.0030         0.0166 
BAR-estimator:      0.65000        0.70000       -0.6868         2.8509        -0.6868         0.0030         0.0169 
BAR-estimator:      0.70000        0.75000       -0.7873         2.0635        -0.7873         0.0029         0.0172 
BAR-estimator:      0.75000        0.80000       -0.8409         1.2226        -0.8409         0.0033         0.0175 
BAR-estimator:      0.80000        0.85000       -0.8765         0.3461        -0.8765         0.0033         0.0178 
BAR-estimator:      0.85000        0.90000       -0.8857        -0.5396        -0.8857         0.0032         0.0181 
BAR-estimator:      0.90000        0.95000       -0.8823        -1.4218        -0.8823         0.0027         0.0183 
BAR-estimator:      0.95000        1.00000       -0.8803        -2.3021        -0.8803         0.0029         0.0185 
BAR-estimator: total free energy change is -2.302116332212459 , total error is 0.018490082417253324
