#========================================================================================
#                     Free energy perturbation    
#----------------------------------------------------------------------------------------
#forward/backward          λ              ΔΔA                 ΔA                  δε   
#                                                 
#----------------------------------------------------------------------------------------
forward:               0.0000              0.0000              0.0000              0.0000  
forward:               0.0500              1.0630              1.0630              0.0101  
forward:               0.1000              0.6277              1.6907              0.0138  
forward:               0.1500              0.3847              2.0754              0.0153  
forward:               0.2000              0.2391              2.3145              0.0160  
forward:               0.2500              0.1561              2.4706              0.0177  
forward:               0.3000              0.1032              2.5738              0.0181  
forward:               0.3500              0.0649              2.6387              0.0185  
forward:               0.4000              0.0424              2.6811              0.0188  
forward:               0.4500              0.0185              2.6996              0.0193  
forward:               0.5000              0.0041              2.7037              0.0196  
forward:               0.5500             -0.1050              2.5987              0.0199  
forward:               0.6000             -0.2711              2.3276              0.0201  
forward:               0.6500             -0.4457              1.8820              0.0205  
forward:               0.7000             -0.6144              1.2676              0.0210  
forward:               0.7500             -0.7067              0.5609              0.0214  
forward:               0.8000             -0.7400             -0.1791              0.0218  
forward:               0.8500             -0.7355             -0.9146              0.0220  
forward:               0.9000             -0.7105             -1.6251              0.0223  
forward:               0.9500             -0.6768             -2.3019              0.0225  
forward:               1.0000             -0.6482             -2.9501              0.0227  
backward:              1.0000              0.0000             -2.9501              0.0000  
backward:              0.9500              0.6421             -2.3080              0.0047  
backward:              0.9000              0.6816             -1.6264              0.0063  
backward:              0.8500              0.7073             -0.9191              0.0075  
backward:              0.8000              0.7247             -0.1944              0.0092  
backward:              0.7500              0.7294              0.5350              0.0104  
backward:              0.7000              0.7037              1.2387              0.0118  
backward:              0.6500              0.6039              1.8425              0.0127  
backward:              0.6000              0.4537              2.2962              0.0135  
backward:              0.5500              0.2842              2.5804              0.0142  
backward:              0.5000              0.0920              2.6723              0.0149  
backward:              0.4500             -0.0086              2.6637              0.0154  
backward:              0.4000             -0.0266              2.6371              0.0158  
backward:              0.3500             -0.0410              2.5961              0.0161  
backward:              0.3000             -0.0614              2.5348              0.0167  
backward:              0.2500             -0.1044              2.4304              0.0174  
backward:              0.2000             -0.1629              2.2675              0.0184  
backward:              0.1500             -0.2421              2.0254              0.0201  
backward:              0.1000             -0.3784              1.6470              0.0218  
backward:              0.0500             -0.6495              0.9976              0.0256  
backward:              0.0000             -1.0608             -0.0633              0.0317  
Inaccuracy estimation
======================================================================================================
                   i        i+δi          P0_overlap_P1   δε(forward)/ε   δε(backward)/ε
======================================================================================================
inaccuracy:  0.00000        0.05000           45.98           -0.03            0.91
inaccuracy:  0.05000        0.10000           55.86           -0.02            0.64
inaccuracy:  0.10000        0.15000           62.71           -0.01            0.37
inaccuracy:  0.15000        0.20000           67.89           -0.01            0.23
inaccuracy:  0.20000        0.25000           71.36           -0.01            0.17
inaccuracy:  0.25000        0.30000           73.01           -0.01            0.14
inaccuracy:  0.30000        0.35000           73.93           -0.01            0.12
inaccuracy:  0.35000        0.40000           74.80           -0.01            0.11
inaccuracy:  0.40000        0.45000           76.73           -0.01            0.10
inaccuracy:  0.45000        0.50000           76.15           -0.01            0.09
inaccuracy:  0.50000        0.55000           69.76           -0.07            0.12
inaccuracy:  0.55000        0.60000           68.44           -0.09            0.10
inaccuracy:  0.60000        0.65000           67.45           -0.10            0.08
inaccuracy:  0.65000        0.70000           68.94           -0.10            0.07
inaccuracy:  0.70000        0.75000           68.18           -0.09            0.06
inaccuracy:  0.75000        0.80000           68.72           -0.07            0.06
inaccuracy:  0.80000        0.85000           68.75           -0.08            0.07
inaccuracy:  0.85000        0.90000           68.31           -0.09            0.08
inaccuracy:  0.90000        0.95000           67.43           -0.07            0.09
inaccuracy:  0.95000        1.00000           67.69           -0.08            0.09
===================================================================================================================================
                BAR        
-----------------------------------------------------------------------------------------------------------------------------------
BAR-estimator:         λ             λ+δλ          ΔΔA             ΔA            C               Δδe            δe       
                          
-----------------------------------------------------------------------------------------------------------------------------------
BAR-estimator:      0.00000        0.05000        1.0623         1.0623         1.0623         0.0057         0.0057 
BAR-estimator:      0.05000        0.10000        0.6402         1.7025         0.6402         0.0058         0.0082 
BAR-estimator:      0.10000        0.15000        0.3856         2.0881         0.3856         0.0042         0.0092 
BAR-estimator:      0.15000        0.20000        0.2382         2.3263         0.2382         0.0030         0.0097 
BAR-estimator:      0.20000        0.25000        0.1581         2.4843         0.1581         0.0030         0.0101 
BAR-estimator:      0.25000        0.30000        0.1040         2.5883         0.1040         0.0028         0.0105 
BAR-estimator:      0.30000        0.35000        0.0642         2.6525         0.0642         0.0026         0.0108 
BAR-estimator:      0.35000        0.40000        0.0417         2.6942         0.0417         0.0024         0.0111 
BAR-estimator:      0.40000        0.45000        0.0222         2.7164         0.0222         0.0030         0.0115 
BAR-estimator:      0.45000        0.50000        0.0050         2.7214         0.0050         0.0021         0.0117 
BAR-estimator:      0.50000        0.55000       -0.1007         2.6207        -0.1007         0.0024         0.0119 
BAR-estimator:      0.55000        0.60000       -0.2760         2.3447        -0.2760         0.0025         0.0122 
BAR-estimator:      0.60000        0.65000       -0.4508         1.8939        -0.4508         0.0026         0.0124 
BAR-estimator:      0.65000        0.70000       -0.6089         1.2850        -0.6089         0.0028         0.0128 
BAR-estimator:      0.70000        0.75000       -0.7065         0.5785        -0.7065         0.0028         0.0131 
BAR-estimator:      0.75000        0.80000       -0.7376        -0.1591        -0.7376         0.0028         0.0134 
BAR-estimator:      0.80000        0.85000       -0.7318        -0.8909        -0.7318         0.0026         0.0136 
BAR-estimator:      0.85000        0.90000       -0.7087        -1.5996        -0.7087         0.0027         0.0139 
BAR-estimator:      0.90000        0.95000       -0.6787        -2.2783        -0.6787         0.0022         0.0140 
BAR-estimator:      0.95000        1.00000       -0.6462        -2.9245        -0.6462         0.0025         0.0143 
BAR-estimator: total free energy change is -2.924528537356118 , total error is 0.014264084386574295
