#========================================================================================
#                     Free energy perturbation    
#----------------------------------------------------------------------------------------
#forward/backward          λ              ΔΔA                 ΔA                  δε   
#                                                 
#----------------------------------------------------------------------------------------
forward:               0.0000              0.0000              0.0000              0.0000  
forward:               0.0500              0.9667              0.9667              0.0104  
forward:               0.1000              0.5208              1.4875              0.0127  
forward:               0.1500              0.2894              1.7769              0.0140  
forward:               0.2000              0.1674              1.9443              0.0148  
forward:               0.2500              0.0874              2.0317              0.0153  
forward:               0.3000              0.0369              2.0687              0.0157  
forward:               0.3500              0.0121              2.0808              0.0160  
forward:               0.4000             -0.0165              2.0643              0.0164  
forward:               0.4500             -0.0350              2.0294              0.0167  
forward:               0.5000             -0.0482              1.9811              0.0169  
forward:               0.5500             -0.2662              1.7150              0.0174  
forward:               0.6000             -0.6161              1.0988              0.0180  
forward:               0.6500             -0.9278              0.1710              0.0187  
forward:               0.7000             -1.2081             -1.0370              0.0193  
forward:               0.7500             -1.4006             -2.4376              0.0198  
forward:               0.8000             -1.4939             -3.9315              0.0202  
forward:               0.8500             -1.5372             -5.4687              0.0206  
forward:               0.9000             -1.5666             -7.0353              0.0210  
forward:               0.9500             -1.5803             -8.6156              0.0213  
forward:               1.0000             -1.5887            -10.2043              0.0217  
backward:              1.0000              0.0000            -10.2043              0.0000  
backward:              0.9500              1.5769             -8.6274              0.0057  
backward:              0.9000              1.5806             -7.0468              0.0083  
backward:              0.8500              1.5697             -5.4771              0.0099  
backward:              0.8000              1.5350             -3.9421              0.0114  
backward:              0.7500              1.4964             -2.4457              0.0125  
backward:              0.7000              1.3952             -1.0505              0.0135  
backward:              0.6500              1.2008              0.1503              0.0146  
backward:              0.6000              0.9323              1.0826              0.0154  
backward:              0.5500              0.6053              1.6880              0.0164  
backward:              0.5000              0.2706              1.9586              0.0171  
backward:              0.4500              0.0492              2.0078              0.0174  
backward:              0.4000              0.0264              2.0342              0.0177  
backward:              0.3500              0.0078              2.0421              0.0181  
backward:              0.3000             -0.0111              2.0310              0.0189  
backward:              0.2500             -0.0447              1.9863              0.0195  
backward:              0.2000             -0.0875              1.8988              0.0203  
backward:              0.1500             -0.1616              1.7372              0.0210  
backward:              0.1000             -0.2686              1.4686              0.0222  
backward:              0.0500             -0.5029              0.9657              0.0256  
backward:              0.0000             -1.0429             -0.0772              0.0847  
Inaccuracy estimation
======================================================================================================
                   i        i+δi          P0_overlap_P1   δε(forward)/ε   δε(backward)/ε
======================================================================================================
inaccuracy:  0.00000        0.05000           45.33           -0.03            1.21
inaccuracy:  0.05000        0.10000           56.80           -0.02            0.57
inaccuracy:  0.10000        0.15000           64.33           -0.01            0.30
inaccuracy:  0.15000        0.20000           69.54           -0.01            0.20
inaccuracy:  0.20000        0.25000           72.89           -0.01            0.15
inaccuracy:  0.25000        0.30000           75.34           -0.01            0.12
inaccuracy:  0.30000        0.35000           75.26           -0.01            0.10
inaccuracy:  0.35000        0.40000           76.92           -0.01            0.09
inaccuracy:  0.40000        0.45000           77.65           -0.01            0.08
inaccuracy:  0.45000        0.50000           76.92           -0.01            0.08
inaccuracy:  0.50000        0.55000           63.07           -0.12            0.14
inaccuracy:  0.55000        0.60000           63.91           -0.14            0.09
inaccuracy:  0.60000        0.65000           62.53           -0.19            0.05
inaccuracy:  0.65000        0.70000           63.19           -0.18            0.03
inaccuracy:  0.70000        0.75000           64.63           -0.17            0.01
inaccuracy:  0.75000        0.80000           64.85           -0.19           -0.00
inaccuracy:  0.80000        0.85000           64.54           -0.17            0.00
inaccuracy:  0.85000        0.90000           63.42           -0.19           -0.00
inaccuracy:  0.90000        0.95000           62.85           -0.19            0.00
inaccuracy:  0.95000        1.00000           62.42           -0.18            0.01
===================================================================================================================================
                BAR        
-----------------------------------------------------------------------------------------------------------------------------------
BAR-estimator:         λ             λ+δλ          ΔΔA             ΔA            C               Δδe            δe       
                          
-----------------------------------------------------------------------------------------------------------------------------------
BAR-estimator:      0.00000        0.05000        0.9706         0.9706         0.9706         0.0063         0.0063 
BAR-estimator:      0.05000        0.10000        0.5215         1.4921         0.5215         0.0036         0.0073 
BAR-estimator:      0.10000        0.15000        0.2840         1.7761         0.2840         0.0039         0.0083 
BAR-estimator:      0.15000        0.20000        0.1669         1.9430         0.1669         0.0032         0.0088 
BAR-estimator:      0.20000        0.25000        0.0871         2.0302         0.0871         0.0027         0.0093 
BAR-estimator:      0.25000        0.30000        0.0397         2.0699         0.0397         0.0025         0.0096 
BAR-estimator:      0.30000        0.35000        0.0111         2.0810         0.0111         0.0023         0.0099 
BAR-estimator:      0.35000        0.40000       -0.0133         2.0676        -0.0133         0.0023         0.0101 
BAR-estimator:      0.40000        0.45000       -0.0320         2.0356        -0.0320         0.0020         0.0103 
BAR-estimator:      0.45000        0.50000       -0.0487         1.9869        -0.0487         0.0020         0.0105 
BAR-estimator:      0.50000        0.55000       -0.2667         1.7202        -0.2667         0.0026         0.0108 
BAR-estimator:      0.55000        0.60000       -0.6084         1.1118        -0.6084         0.0028         0.0112 
BAR-estimator:      0.60000        0.65000       -0.9310         0.1807        -0.9310         0.0029         0.0116 
BAR-estimator:      0.65000        0.70000       -1.2066        -1.0258        -1.2066         0.0032         0.0120 
BAR-estimator:      0.70000        0.75000       -1.3951        -2.4210        -1.3951         0.0033         0.0124 
BAR-estimator:      0.75000        0.80000       -1.4943        -3.9153        -1.4943         0.0029         0.0128 
BAR-estimator:      0.80000        0.85000       -1.5383        -5.4537        -1.5383         0.0029         0.0131 
BAR-estimator:      0.85000        0.90000       -1.5693        -7.0229        -1.5693         0.0029         0.0134 
BAR-estimator:      0.90000        0.95000       -1.5804        -8.6033        -1.5804         0.0031         0.0138 
BAR-estimator:      0.95000        1.00000       -1.5878       -10.1911        -1.5878         0.0029         0.0141 
BAR-estimator: total free energy change is -10.191079335617674 , total error is 0.014063283008025356
