#========================================================================================
#                     Free energy perturbation    
#----------------------------------------------------------------------------------------
#forward/backward          λ              ΔΔA                 ΔA                  δε   
#                                                 
#----------------------------------------------------------------------------------------
forward:               0.0000              0.0000              0.0000              0.0000  
forward:               0.0500              0.6319              0.6319              0.0079  
forward:               0.1000              0.4015              1.0333              0.0095  
forward:               0.1500              0.2546              1.2879              0.0106  
forward:               0.2000              0.1608              1.4487              0.0112  
forward:               0.2500              0.1187              1.5674              0.0117  
forward:               0.3000              0.0837              1.6510              0.0121  
forward:               0.3500              0.0571              1.7081              0.0124  
forward:               0.4000              0.0343              1.7424              0.0126  
forward:               0.4500              0.0189              1.7613              0.0129  
forward:               0.5000              0.0048              1.7660              0.0131  
forward:               0.5500             -0.2031              1.5630              0.0138  
forward:               0.6000             -0.5087              1.0543              0.0229  
forward:               0.6500             -0.5145              0.5398              0.0232  
forward:               0.7000             -0.6545             -0.1148              0.0236  
forward:               0.7500             -0.7290             -0.8437              0.0238  
forward:               0.8000             -0.7531             -1.5969              0.0241  
forward:               0.8500             -0.7418             -2.3387              0.0242  
forward:               0.9000             -0.6939             -3.0326              0.0244  
forward:               0.9500             -0.6539             -3.6865              0.0245  
forward:               1.0000             -1.4031             -5.0896              0.0660  
backward:              1.0000              0.0000             -5.0896              0.0000  
backward:              0.9500              1.4445             -3.6451              0.0048  
backward:              0.9000              1.4523             -2.1928              0.0064  
backward:              0.8500              1.4464             -0.7464              0.0082  
backward:              0.8000              0.7703              0.0239              0.0313  
backward:              0.7500              0.7557              0.7796              0.0316  
backward:              0.7000              0.7381              1.5177              0.0319  
backward:              0.6500              0.6441              2.1618              0.0322  
backward:              0.6000              0.5013              2.6631              0.0325  
backward:              0.5500              0.3351              2.9982              0.0327  
backward:              0.5000              0.1468              3.1450              0.0329  
backward:              0.4500             -0.0106              3.1344              0.0331  
backward:              0.4000             -0.0191              3.1153              0.0333  
backward:              0.3500             -0.0353              3.0800              0.0335  
backward:              0.3000             -0.0605              3.0195              0.0337  
backward:              0.2500             -0.0834              2.9361              0.0339  
backward:              0.2000             -0.1085              2.8276              0.0342  
backward:              0.1500             -0.1751              2.6525              0.0346  
backward:              0.1000             -0.2488              2.4037              0.0354  
backward:              0.0500             -0.3950              2.0086              0.0364  
backward:              0.0000             -0.6326              1.3761              0.0376  
Inaccuracy estimation
======================================================================================================
                   i        i+δi          P0_overlap_P1   δε(forward)/ε   δε(backward)/ε
======================================================================================================
inaccuracy:  0.00000        0.05000           57.38           -0.01            0.48
inaccuracy:  0.05000        0.10000           64.49           -0.00            0.36
inaccuracy:  0.10000        0.15000           69.83           -0.01            0.21
inaccuracy:  0.15000        0.20000           74.85           -0.00            0.15
inaccuracy:  0.20000        0.25000           75.27           -0.00            0.12
inaccuracy:  0.25000        0.30000           77.21           -0.01            0.10
inaccuracy:  0.30000        0.35000           78.17           -0.00            0.09
inaccuracy:  0.35000        0.40000           79.03           -0.01            0.08
inaccuracy:  0.40000        0.45000           78.94           -0.01            0.08
inaccuracy:  0.45000        0.50000           80.62           -0.01            0.07
inaccuracy:  0.50000        0.55000           70.64           -0.03            0.14
inaccuracy:  0.55000        0.60000           80.32           -0.03            0.06
inaccuracy:  0.60000        0.65000           70.73           -0.08            0.06
inaccuracy:  0.65000        0.70000           69.87           -0.08            0.05
inaccuracy:  0.70000        0.75000           69.19           -0.09            0.04
inaccuracy:  0.75000        0.80000           69.92           -0.08            0.05
inaccuracy:  0.80000        0.85000           68.65           -0.16            0.06
inaccuracy:  0.85000        0.90000           22.08           -1.32            0.04
inaccuracy:  0.90000        0.95000           20.67           -1.39            0.06
inaccuracy:  0.95000        1.00000           60.41           -0.14            0.02
===================================================================================================================================
                BAR        
-----------------------------------------------------------------------------------------------------------------------------------
BAR-estimator:         λ             λ+δλ          ΔΔA             ΔA            C               Δδe            δe       
                          
-----------------------------------------------------------------------------------------------------------------------------------
BAR-estimator:      0.00000        0.05000        0.6330         0.6330         0.6330         0.0045         0.0045 
BAR-estimator:      0.05000        0.10000        0.4003         1.0333         0.4003         0.0039         0.0060 
BAR-estimator:      0.10000        0.15000        0.2529         1.2861         0.2529         0.0018         0.0062 
BAR-estimator:      0.15000        0.20000        0.1654         1.4515         0.1654         0.0137         0.0151 
BAR-estimator:      0.20000        0.25000        0.1159         1.5674         0.1159         0.0024         0.0153 
BAR-estimator:      0.25000        0.30000        0.0833         1.6507         0.0833         0.0022         0.0154 
BAR-estimator:      0.30000        0.35000        0.0577         1.7084         0.0577         0.0019         0.0155 
BAR-estimator:      0.35000        0.40000        0.0344         1.7429         0.0344         0.0018         0.0156 
BAR-estimator:      0.40000        0.45000        0.0182         1.7611         0.0182         0.0019         0.0158 
BAR-estimator:      0.45000        0.50000        0.0066         1.7677         0.0066         0.0018         0.0159 
BAR-estimator:      0.50000        0.55000       -0.1445         1.6232        -0.1445         0.0028         0.0161 
BAR-estimator:      0.55000        0.60000       -0.3939         1.2293        -0.3939         0.0074         0.0177 
BAR-estimator:      0.60000        0.65000       -0.5065         0.7228        -0.5065         0.0025         0.0179 
BAR-estimator:      0.65000        0.70000       -0.6486         0.0742        -0.6486         0.0025         0.0181 
BAR-estimator:      0.70000        0.75000       -0.7327        -0.6585        -0.7327         0.0024         0.0182 
BAR-estimator:      0.75000        0.80000       -0.7554        -1.4139        -0.7554         0.0024         0.0184 
BAR-estimator:      0.80000        0.85000       -0.7633        -2.1772        -0.7633         0.0025         0.0186 
BAR-estimator:      0.85000        0.90000       -1.1002        -3.2774        -1.1002         0.0032         0.0189 
BAR-estimator:      0.90000        0.95000       -1.0825        -4.3599        -1.0825         0.0033         0.0191 
BAR-estimator:      0.95000        1.00000       -1.4103        -5.7702        -1.4103         0.0391         0.0436 
BAR-estimator: total free energy change is -5.770175919747235 , total error is 0.043554514856514105
