#========================================================================================
#                     Free energy perturbation    
#----------------------------------------------------------------------------------------
#forward/backward          λ              ΔΔA                 ΔA                  δε   
#                                                 
#----------------------------------------------------------------------------------------
forward:               0.0000              0.0000              0.0000              0.0000  
forward:               0.0500              4.0393              4.0393              0.0407  
forward:               0.1000              2.0343              6.0736              0.0491  
forward:               0.1500              0.8780              6.9516              0.0512  
forward:               0.2000              0.3324              7.2839              0.0517  
forward:               0.2500              0.0647              7.3487              0.0521  
forward:               0.3000             -0.0840              7.2646              0.0524  
forward:               0.3500             -0.1970              7.0676              0.0527  
forward:               0.4000             -0.2680              6.7996              0.0529  
forward:               0.4500             -0.3367              6.4628              0.0531  
forward:               0.5000             -0.3784              6.0844              0.0532  
forward:               0.5500             -0.4617              5.6227              0.0533  
forward:               0.6000             -0.5709              5.0518              0.0535  
forward:               0.6500             -0.6577              4.3940              0.0536  
forward:               0.7000             -0.7096              3.6845              0.0537  
forward:               0.7500             -0.7552              2.9293              0.0538  
forward:               0.8000             -0.7870              2.1423              0.0539  
forward:               0.8500             -0.8098              1.3325              0.0540  
forward:               0.9000             -0.8305              0.5020              0.0541  
forward:               0.9500             -0.8397             -0.3377              0.0542  
forward:               1.0000             -0.8454             -1.1830              0.0543  
backward:              1.0000              0.0000             -1.1830              0.0000  
backward:              0.9500              0.8475             -0.3355              0.0040  
backward:              0.9000              0.8383              0.5027              0.0057  
backward:              0.8500              0.8237              1.3265              0.0068  
backward:              0.8000              0.8076              2.1340              0.0077  
backward:              0.7500              0.7811              2.9152              0.0087  
backward:              0.7000              0.7488              3.6640              0.0100  
backward:              0.6500              0.7042              4.3682              0.0109  
backward:              0.6000              0.6517              5.0199              0.0115  
backward:              0.5500              0.5830              5.6029              0.0124  
backward:              0.5000              0.4617              6.0646              0.0133  
backward:              0.4500              0.3717              6.4363              0.0141  
backward:              0.4000              0.3286              6.7649              0.0150  
backward:              0.3500              0.2728              7.0377              0.0161  
backward:              0.3000              0.2043              7.2420              0.0171  
backward:              0.2500              0.0959              7.3379              0.0191  
backward:              0.2000             -0.0607              7.2772              0.0209  
backward:              0.1500             -0.3545              6.9227              0.0291  
backward:              0.1000             -0.8532              6.0695              0.0363  
backward:              0.0500             -1.9405              4.1290              0.0660  
backward:              0.0000             -3.8253              0.3037              0.0850  
Inaccuracy estimation
======================================================================================================
                   i        i+δi          P0_overlap_P1   δε(forward)/ε   δε(backward)/ε
======================================================================================================
inaccuracy:  0.00000        0.05000           15.12            0.71            6.26
inaccuracy:  0.05000        0.10000           25.12           -0.07            3.21
inaccuracy:  0.10000        0.15000           39.92           -0.10            1.39
inaccuracy:  0.15000        0.20000           52.24           -0.07            0.60
inaccuracy:  0.20000        0.25000           58.75           -0.06            0.33
inaccuracy:  0.25000        0.30000           61.57           -0.06            0.23
inaccuracy:  0.30000        0.35000           65.52           -0.05            0.18
inaccuracy:  0.35000        0.40000           66.52           -0.04            0.15
inaccuracy:  0.40000        0.45000           68.84           -0.04            0.12
inaccuracy:  0.45000        0.50000           69.41           -0.04            0.11
inaccuracy:  0.50000        0.55000           65.78           -0.07            0.13
inaccuracy:  0.55000        0.60000           66.44           -0.07            0.09
inaccuracy:  0.60000        0.65000           68.62           -0.06            0.07
inaccuracy:  0.65000        0.70000           68.81           -0.07            0.07
inaccuracy:  0.70000        0.75000           68.86           -0.07            0.06
inaccuracy:  0.75000        0.80000           69.37           -0.07            0.06
inaccuracy:  0.80000        0.85000           69.22           -0.06            0.06
inaccuracy:  0.85000        0.90000           68.91           -0.06            0.06
inaccuracy:  0.90000        0.95000           68.51           -0.07            0.06
inaccuracy:  0.95000        1.00000           68.13           -0.08            0.06
===================================================================================================================================
                BAR        
-----------------------------------------------------------------------------------------------------------------------------------
BAR-estimator:         λ             λ+δλ          ΔΔA             ΔA            C               Δδe            δe       
                          
-----------------------------------------------------------------------------------------------------------------------------------
BAR-estimator:      0.00000        0.05000        3.9882         3.9882         3.9882         0.0130         0.0130 
BAR-estimator:      0.05000        0.10000        2.0313         6.0195         2.0313         0.0113         0.0172 
BAR-estimator:      0.10000        0.15000        0.8856         6.9051         0.8856         0.0082         0.0191 
BAR-estimator:      0.15000        0.20000        0.3322         7.2374         0.3322         0.0053         0.0198 
BAR-estimator:      0.20000        0.25000        0.0635         7.3009         0.0635         0.0043         0.0203 
BAR-estimator:      0.25000        0.30000       -0.0923         7.2086        -0.0923         0.0036         0.0206 
BAR-estimator:      0.30000        0.35000       -0.1968         7.0119        -0.1968         0.0030         0.0208 
BAR-estimator:      0.35000        0.40000       -0.2694         6.7424        -0.2694         0.0032         0.0210 
BAR-estimator:      0.40000        0.45000       -0.3315         6.4110        -0.3315         0.0027         0.0212 
BAR-estimator:      0.45000        0.50000       -0.3749         6.0361        -0.3749         0.0026         0.0214 
BAR-estimator:      0.50000        0.55000       -0.4594         5.5767        -0.4594         0.0028         0.0216 
BAR-estimator:      0.55000        0.60000       -0.5775         4.9992        -0.5775         0.0026         0.0217 
BAR-estimator:      0.60000        0.65000       -0.6561         4.3431        -0.6561         0.0027         0.0219 
BAR-estimator:      0.65000        0.70000       -0.7083         3.6348        -0.7083         0.0025         0.0220 
BAR-estimator:      0.70000        0.75000       -0.7539         2.8810        -0.7539         0.0025         0.0222 
BAR-estimator:      0.75000        0.80000       -0.7841         2.0969        -0.7841         0.0027         0.0223 
BAR-estimator:      0.80000        0.85000       -0.8054         1.2914        -0.8054         0.0024         0.0225 
BAR-estimator:      0.85000        0.90000       -0.8255         0.4660        -0.8255         0.0025         0.0226 
BAR-estimator:      0.90000        0.95000       -0.8380        -0.3720        -0.8380         0.0026         0.0228 
BAR-estimator:      0.95000        1.00000       -0.8468        -1.2188        -0.8468         0.0026         0.0229 
BAR-estimator: total free energy change is -1.2187707700716188 , total error is 0.022912765515511697
