#========================================================================================
#                     Free energy perturbation    
#----------------------------------------------------------------------------------------
#forward/backward          λ              ΔΔA                 ΔA                  δε   
#                                                 
#----------------------------------------------------------------------------------------
forward:               0.0000              0.0000              0.0000              0.0000  
forward:               0.0500              1.7974              1.7974              0.0164  
forward:               0.1000              1.1049              2.9023              0.0199  
forward:               0.1500              0.6277              3.5300              0.0221  
forward:               0.2000              0.3343              3.8644              0.0236  
forward:               0.2500              0.1821              4.0464              0.0244  
forward:               0.3000              0.0659              4.1123              0.0249  
forward:               0.3500             -0.0001              4.1122              0.0253  
forward:               0.4000             -0.0609              4.0513              0.0257  
forward:               0.4500             -0.0965              3.9548              0.0260  
forward:               0.5000             -0.1203              3.8345              0.0262  
forward:               0.5500             -0.1987              3.6358              0.0264  
forward:               0.6000             -0.2946              3.3412              0.0267  
forward:               0.6500             -0.3749              2.9663              0.0269  
forward:               0.7000             -0.4397              2.5266              0.0273  
forward:               0.7500             -0.4929              2.0337              0.0275  
forward:               0.8000             -0.5360              1.4977              0.0277  
forward:               0.8500             -0.5725              0.9252              0.0279  
forward:               0.9000             -0.6018              0.3234              0.0281  
forward:               0.9500             -0.6273             -0.3039              0.0283  
forward:               1.0000             -0.6419             -0.9458              0.0285  
backward:              1.0000              0.0000             -0.9458              0.0000  
backward:              0.9500              0.6415             -0.3043              0.0049  
backward:              0.9000              0.6317              0.3274              0.0063  
backward:              0.8500              0.5959              0.9233              0.0079  
backward:              0.8000              0.5606              1.4839              0.0091  
backward:              0.7500              0.5299              2.0137              0.0103  
backward:              0.7000              0.4884              2.5022              0.0116  
backward:              0.6500              0.4467              2.9488              0.0122  
backward:              0.6000              0.3671              3.3160              0.0138  
backward:              0.5500              0.2930              3.6090              0.0146  
backward:              0.5000              0.1956              3.8046              0.0155  
backward:              0.4500              0.1298              3.9343              0.0162  
backward:              0.4000              0.0989              4.0332              0.0170  
backward:              0.3500              0.0555              4.0887              0.0178  
backward:              0.3000              0.0022              4.0909              0.0189  
backward:              0.2500             -0.0604              4.0305              0.0200  
backward:              0.2000             -0.1696              3.8608              0.0215  
backward:              0.1500             -0.3230              3.5379              0.0239  
backward:              0.1000             -0.6070              2.9309              0.0274  
backward:              0.0500             -1.1099              1.8210              0.0442  
backward:              0.0000             -1.8040              0.0170              0.0554  
Inaccuracy estimation
======================================================================================================
                   i        i+δi          P0_overlap_P1   δε(forward)/ε   δε(backward)/ε
======================================================================================================
inaccuracy:  0.00000        0.05000           33.41           -0.03            2.04
inaccuracy:  0.05000        0.10000           42.38           -0.07            1.28
inaccuracy:  0.10000        0.15000           50.74           -0.04            0.75
inaccuracy:  0.15000        0.20000           58.20           -0.04            0.46
inaccuracy:  0.20000        0.25000           61.74           -0.03            0.30
inaccuracy:  0.25000        0.30000           64.92           -0.03            0.23
inaccuracy:  0.30000        0.35000           66.71           -0.03            0.19
inaccuracy:  0.35000        0.40000           68.65           -0.03            0.15
inaccuracy:  0.40000        0.45000           68.89           -0.02            0.14
inaccuracy:  0.45000        0.50000           69.06           -0.03            0.13
inaccuracy:  0.50000        0.55000           67.23           -0.05            0.14
inaccuracy:  0.55000        0.60000           68.18           -0.05            0.12
inaccuracy:  0.60000        0.65000           68.57           -0.06            0.11
inaccuracy:  0.65000        0.70000           68.19           -0.06            0.10
inaccuracy:  0.70000        0.75000           68.90           -0.05            0.09
inaccuracy:  0.75000        0.80000           68.40           -0.06            0.09
inaccuracy:  0.80000        0.85000           69.38           -0.06            0.08
inaccuracy:  0.85000        0.90000           68.61           -0.06            0.08
inaccuracy:  0.90000        0.95000           68.07           -0.06            0.08
inaccuracy:  0.95000        1.00000           67.78           -0.06            0.08
===================================================================================================================================
                BAR        
-----------------------------------------------------------------------------------------------------------------------------------
BAR-estimator:         λ             λ+δλ          ΔΔA             ΔA            C               Δδe            δe       
                          
-----------------------------------------------------------------------------------------------------------------------------------
BAR-estimator:      0.00000        0.05000        1.8147         1.8147         1.8147         0.0078         0.0078 
BAR-estimator:      0.05000        0.10000        1.0894         2.9042         1.0894         0.0065         0.0101 
BAR-estimator:      0.10000        0.15000        0.6276         3.5317         0.6276         0.0054         0.0115 
BAR-estimator:      0.15000        0.20000        0.3367         3.8684         0.3367         0.0055         0.0127 
BAR-estimator:      0.20000        0.25000        0.1793         4.0477         0.1793         0.0039         0.0133 
BAR-estimator:      0.25000        0.30000        0.0628         4.1106         0.0628         0.0034         0.0137 
BAR-estimator:      0.30000        0.35000       -0.0011         4.1095        -0.0011         0.0032         0.0141 
BAR-estimator:      0.35000        0.40000       -0.0601         4.0494        -0.0601         0.0030         0.0144 
BAR-estimator:      0.40000        0.45000       -0.0983         3.9511        -0.0983         0.0027         0.0147 
BAR-estimator:      0.45000        0.50000       -0.1255         3.8256        -0.1255         0.0027         0.0149 
BAR-estimator:      0.50000        0.55000       -0.1996         3.6260        -0.1996         0.0026         0.0151 
BAR-estimator:      0.55000        0.60000       -0.2942         3.3319        -0.2942         0.0027         0.0154 
BAR-estimator:      0.60000        0.65000       -0.3741         2.9578        -0.3741         0.0023         0.0155 
BAR-estimator:      0.65000        0.70000       -0.4423         2.5155        -0.4423         0.0026         0.0158 
BAR-estimator:      0.70000        0.75000       -0.4901         2.0253        -0.4901         0.0027         0.0160 
BAR-estimator:      0.75000        0.80000       -0.5351         1.4902        -0.5351         0.0026         0.0162 
BAR-estimator:      0.80000        0.85000       -0.5675         0.9228        -0.5675         0.0031         0.0165 
BAR-estimator:      0.85000        0.90000       -0.5990         0.3237        -0.5990         0.0030         0.0168 
BAR-estimator:      0.90000        0.95000       -0.6276        -0.3038        -0.6276         0.0026         0.0170 
BAR-estimator:      0.95000        1.00000       -0.6437        -0.9475        -0.6437         0.0025         0.0172 
BAR-estimator: total free energy change is -0.9474786452866482 , total error is 0.017163738354391358
