#========================================================================================
#                     Free energy perturbation    
#----------------------------------------------------------------------------------------
#forward/backward          λ              ΔΔA                 ΔA                  δε   
#                                                 
#----------------------------------------------------------------------------------------
forward:               0.0000              0.0000              0.0000              0.0000  
forward:               0.0500              1.7109              1.7109              0.0155  
forward:               0.1000              1.0922              2.8031              0.0200  
forward:               0.1500              0.6432              3.4464              0.0219  
forward:               0.2000              0.3668              3.8132              0.0233  
forward:               0.2500              0.2177              4.0309              0.0240  
forward:               0.3000              0.1210              4.1519              0.0245  
forward:               0.3500              0.0570              4.2089              0.0250  
forward:               0.4000              0.0036              4.2126              0.0254  
forward:               0.4500             -0.0256              4.1869              0.0257  
forward:               0.5000             -0.0521              4.1348              0.0260  
forward:               0.5500             -0.1573              3.9776              0.0263  
forward:               0.6000             -0.3348              3.6428              0.0267  
forward:               0.6500             -0.5011              3.1417              0.0271  
forward:               0.7000             -0.6344              2.5074              0.0275  
forward:               0.7500             -0.7335              1.7739              0.0278  
forward:               0.8000             -0.7832              0.9907              0.0281  
forward:               0.8500             -0.8113              0.1794              0.0283  
forward:               0.9000             -0.8230             -0.6436              0.0285  
forward:               0.9500             -0.8300             -1.4736              0.0287  
forward:               1.0000             -0.8233             -2.2969              0.0289  
backward:              1.0000              0.0000             -2.2969              0.0000  
backward:              0.9500              0.8241             -1.4727              0.0052  
backward:              0.9000              0.8290             -0.6437              0.0076  
backward:              0.8500              0.8245              0.1807              0.0091  
backward:              0.8000              0.8137              0.9944              0.0102  
backward:              0.7500              0.7782              1.7726              0.0117  
backward:              0.7000              0.7244              2.4969              0.0128  
backward:              0.6500              0.6300              3.1270              0.0138  
backward:              0.6000              0.4919              3.6188              0.0147  
backward:              0.5500              0.3279              3.9467              0.0157  
backward:              0.5000              0.1051              4.0519              0.0416  
backward:              0.4500              0.0480              4.0998              0.0421  
backward:              0.4000              0.0227              4.1225              0.0424  
backward:              0.3500             -0.0108              4.1117              0.0426  
backward:              0.3000             -0.0630              4.0487              0.0430  
backward:              0.2500             -0.1284              3.9203              0.0437  
backward:              0.2000             -0.2247              3.6956              0.0444  
backward:              0.1500             -0.3763              3.3193              0.0456  
backward:              0.1000             -0.6415              2.6777              0.0474  
backward:              0.0500             -1.0604              1.6173              0.0514  
backward:              0.0000             -1.7459             -0.1286              0.0567  
Inaccuracy estimation
======================================================================================================
                   i        i+δi          P0_overlap_P1   δε(forward)/ε   δε(backward)/ε
======================================================================================================
inaccuracy:  0.00000        0.05000           36.28           -0.03            1.83
inaccuracy:  0.05000        0.10000           43.54           -0.05            1.22
inaccuracy:  0.10000        0.15000           52.23           -0.04            0.68
inaccuracy:  0.15000        0.20000           58.81           -0.03            0.43
inaccuracy:  0.20000        0.25000           63.39           -0.02            0.30
inaccuracy:  0.25000        0.30000           65.99           -0.03            0.22
inaccuracy:  0.30000        0.35000           67.62           -0.03            0.19
inaccuracy:  0.35000        0.40000           69.56           -0.02            0.16
inaccuracy:  0.40000        0.45000           69.66           -0.02            0.14
inaccuracy:  0.45000        0.50000           70.25           -0.02            0.13
inaccuracy:  0.50000        0.55000           65.17           -0.08            0.16
inaccuracy:  0.55000        0.60000           65.39           -0.09            0.13
inaccuracy:  0.60000        0.65000           65.45           -0.09            0.11
inaccuracy:  0.65000        0.70000           65.49           -0.10            0.09
inaccuracy:  0.70000        0.75000           65.94           -0.09            0.08
inaccuracy:  0.75000        0.80000           65.62           -0.10            0.08
inaccuracy:  0.80000        0.85000           65.77           -0.10            0.08
inaccuracy:  0.85000        0.90000           65.10           -0.11            0.08
inaccuracy:  0.90000        0.95000           65.27           -0.10            0.08
inaccuracy:  0.95000        1.00000           64.60           -0.09            0.09
===================================================================================================================================
                BAR        
-----------------------------------------------------------------------------------------------------------------------------------
BAR-estimator:         λ             λ+δλ          ΔΔA             ΔA            C               Δδe            δe       
                          
-----------------------------------------------------------------------------------------------------------------------------------
BAR-estimator:      0.00000        0.05000        1.7417         1.7417         1.7417         0.0073         0.0073 
BAR-estimator:      0.05000        0.10000        1.0892         2.8309         1.0892         0.0072         0.0103 
BAR-estimator:      0.10000        0.15000        0.6454         3.4763         0.6454         0.0034         0.0108 
BAR-estimator:      0.15000        0.20000        0.3708         3.8471         0.3708         0.0049         0.0119 
BAR-estimator:      0.20000        0.25000        0.2214         4.0685         0.2214         0.0038         0.0125 
BAR-estimator:      0.25000        0.30000        0.1242         4.1927         0.1242         0.0036         0.0130 
BAR-estimator:      0.30000        0.35000        0.0595         4.2522         0.0595         0.0033         0.0134 
BAR-estimator:      0.35000        0.40000        0.0085         4.2607         0.0085         0.0029         0.0137 
BAR-estimator:      0.40000        0.45000       -0.0257         4.2350        -0.0257         0.0029         0.0140 
BAR-estimator:      0.45000        0.50000       -0.0516         4.1834        -0.0516         0.0024         0.0142 
BAR-estimator:      0.50000        0.55000       -0.1523         4.0310        -0.1523         0.0030         0.0145 
BAR-estimator:      0.55000        0.60000       -0.3323         3.6987        -0.3323         0.0031         0.0148 
BAR-estimator:      0.60000        0.65000       -0.4957         3.2029        -0.4957         0.0029         0.0151 
BAR-estimator:      0.65000        0.70000       -0.6317         2.5713        -0.6317         0.0030         0.0154 
BAR-estimator:      0.70000        0.75000       -0.7295         1.8418        -0.7295         0.0031         0.0157 
BAR-estimator:      0.75000        0.80000       -0.7839         1.0579        -0.7839         0.0030         0.0160 
BAR-estimator:      0.80000        0.85000       -0.8112         0.2468        -0.8112         0.0031         0.0163 
BAR-estimator:      0.85000        0.90000       -0.8252        -0.5784        -0.8252         0.0029         0.0166 
BAR-estimator:      0.90000        0.95000       -0.8301        -1.4085        -0.8301         0.0031         0.0168 
BAR-estimator:      0.95000        1.00000       -0.8230        -2.2315        -0.8230         0.0030         0.0171 
BAR-estimator: total free energy change is -2.2315199043226737 , total error is 0.01710894501758494
