#========================================================================================
#                     Free energy perturbation    
#----------------------------------------------------------------------------------------
#forward/backward          λ              ΔΔA                 ΔA                  δε   
#                                                 
#----------------------------------------------------------------------------------------
forward:               0.0000              0.0000              0.0000              0.0000  
forward:               0.0500              0.5484              0.5484              0.0062  
forward:               0.1000              0.3372              0.8856              0.0080  
forward:               0.1500              0.2354              1.1210              0.0088  
forward:               0.2000              0.1747              1.2956              0.0094  
forward:               0.2500              0.1393              1.4349              0.0099  
forward:               0.3000              0.1134              1.5483              0.0102  
forward:               0.3500              0.0864              1.6347              0.0104  
forward:               0.4000              0.0763              1.7111              0.0107  
forward:               0.4500              0.0672              1.7783              0.0109  
forward:               0.5000              0.0594              1.8377              0.0111  
forward:               0.5500              0.0225              1.8602              0.0113  
forward:               0.6000             -0.0132              1.8471              0.0115  
forward:               0.6500             -0.0499              1.7972              0.0117  
forward:               0.7000             -0.0773              1.7199              0.0119  
forward:               0.7500             -0.1053              1.6146              0.0121  
forward:               0.8000             -0.1209              1.4936              0.0123  
forward:               0.8500             -0.1364              1.3572              0.0124  
forward:               0.9000             -0.1504              1.2068              0.0126  
forward:               0.9500             -0.1639              1.0429              0.0127  
forward:               1.0000             -0.1755              0.8674              0.0128  
backward:              1.0000              0.0000              0.8674              0.0000  
backward:              0.9500              0.1739              1.0413              0.0023  
backward:              0.9000              0.1624              1.2037              0.0033  
backward:              0.8500              0.1528              1.3565              0.0040  
backward:              0.8000              0.1387              1.4952              0.0045  
backward:              0.7500              0.1200              1.6152              0.0051  
backward:              0.7000              0.1002              1.7154              0.0056  
backward:              0.6500              0.0790              1.7944              0.0061  
backward:              0.6000              0.0552              1.8496              0.0065  
backward:              0.5500              0.0152              1.8648              0.0071  
backward:              0.5000             -0.0281              1.8366              0.0075  
backward:              0.4500             -0.0564              1.7802              0.0079  
backward:              0.4000             -0.0599              1.7204              0.0084  
backward:              0.3500             -0.0741              1.6462              0.0088  
backward:              0.3000             -0.0919              1.5544              0.0094  
backward:              0.2500             -0.1114              1.4429              0.0099  
backward:              0.2000             -0.1394              1.3035              0.0106  
backward:              0.1500             -0.1741              1.1294              0.0113  
backward:              0.1000             -0.2320              0.8974              0.0122  
backward:              0.0500             -0.3412              0.5563              0.0182  
backward:              0.0000             -0.5305              0.0258              0.0203  
Inaccuracy estimation
======================================================================================================
                   i        i+δi          P0_overlap_P1   δε(forward)/ε   δε(backward)/ε
======================================================================================================
inaccuracy:  0.00000        0.05000           60.33           -0.01            0.60
inaccuracy:  0.05000        0.10000           69.83           -0.00            0.26
inaccuracy:  0.10000        0.15000           74.35           -0.00            0.16
inaccuracy:  0.15000        0.20000           77.83           -0.00            0.12
inaccuracy:  0.20000        0.25000           78.97           -0.00            0.09
inaccuracy:  0.25000        0.30000           79.88           -0.00            0.08
inaccuracy:  0.30000        0.35000           81.87           -0.00            0.07
inaccuracy:  0.35000        0.40000           81.34           -0.00            0.07
inaccuracy:  0.40000        0.45000           81.22           -0.00            0.07
inaccuracy:  0.45000        0.50000           81.42           -0.01            0.06
inaccuracy:  0.50000        0.55000           80.53           -0.01            0.06
inaccuracy:  0.55000        0.60000           80.13           -0.01            0.06
inaccuracy:  0.60000        0.65000           80.70           -0.01            0.06
inaccuracy:  0.65000        0.70000           80.50           -0.01            0.05
inaccuracy:  0.70000        0.75000           81.81           -0.01            0.05
inaccuracy:  0.75000        0.80000           81.33           -0.01            0.05
inaccuracy:  0.80000        0.85000           81.20           -0.01            0.05
inaccuracy:  0.85000        0.90000           80.72           -0.01            0.05
inaccuracy:  0.90000        0.95000           81.13           -0.01            0.05
inaccuracy:  0.95000        1.00000           80.74           -0.01            0.04
===================================================================================================================================
                BAR        
-----------------------------------------------------------------------------------------------------------------------------------
BAR-estimator:         λ             λ+δλ          ΔΔA             ΔA            C               Δδe            δe       
                          
-----------------------------------------------------------------------------------------------------------------------------------
BAR-estimator:      0.00000        0.05000        0.5501         0.5501         0.5501         0.0042         0.0042 
BAR-estimator:      0.05000        0.10000        0.3365         0.8866         0.3365         0.0030         0.0051 
BAR-estimator:      0.10000        0.15000        0.2330         1.1197         0.2330         0.0024         0.0057 
BAR-estimator:      0.15000        0.20000        0.1758         1.2954         0.1758         0.0023         0.0061 
BAR-estimator:      0.20000        0.25000        0.1388         1.4343         0.1388         0.0019         0.0064 
BAR-estimator:      0.25000        0.30000        0.1126         1.5469         0.1126         0.0018         0.0066 
BAR-estimator:      0.30000        0.35000        0.0892         1.6360         0.0892         0.0017         0.0068 
BAR-estimator:      0.35000        0.40000        0.0757         1.7117         0.0757         0.0016         0.0070 
BAR-estimator:      0.40000        0.45000        0.0647         1.7764         0.0647         0.0015         0.0072 
BAR-estimator:      0.45000        0.50000        0.0582         1.8345         0.0582         0.0011         0.0073 
BAR-estimator:      0.50000        0.55000        0.0247         1.8592         0.0247         0.0016         0.0075 
BAR-estimator:      0.55000        0.60000       -0.0142         1.8450        -0.0142         0.0016         0.0076 
BAR-estimator:      0.60000        0.65000       -0.0514         1.7936        -0.0514         0.0014         0.0078 
BAR-estimator:      0.65000        0.70000       -0.0778         1.7158        -0.0778         0.0015         0.0079 
BAR-estimator:      0.70000        0.75000       -0.1030         1.6128        -0.1030         0.0016         0.0081 
BAR-estimator:      0.75000        0.80000       -0.1207         1.4922        -0.1207         0.0016         0.0082 
BAR-estimator:      0.80000        0.85000       -0.1371         1.3550        -0.1371         0.0014         0.0083 
BAR-estimator:      0.85000        0.90000       -0.1522         1.2028        -0.1522         0.0016         0.0085 
BAR-estimator:      0.90000        0.95000       -0.1633         1.0395        -0.1633         0.0015         0.0086 
BAR-estimator:      0.95000        1.00000       -0.1750         0.8645        -0.1750         0.0016         0.0088 
BAR-estimator: total free energy change is 0.8645202329221304 , total error is 0.008774974664093016
