#========================================================================================
#                     Free energy perturbation    
#----------------------------------------------------------------------------------------
#forward/backward          λ              ΔΔA                 ΔA                  δε   
#                                                 
#----------------------------------------------------------------------------------------
forward:               0.0000              0.0000              0.0000              0.0000  
forward:               0.0500              4.5516              4.5516              0.0456  
forward:               0.1000              2.4107              6.9622              0.0541  
forward:               0.1500              1.1596              8.1219              0.0576  
forward:               0.2000              0.5090              8.6308              0.0587  
forward:               0.2500              0.1674              8.7982              0.0595  
forward:               0.3000             -0.0123              8.7859              0.0599  
forward:               0.3500             -0.1171              8.6688              0.0602  
forward:               0.4000             -0.2114              8.4573              0.0604  
forward:               0.4500             -0.2630              8.1944              0.0605  
forward:               0.5000             -0.3006              7.8938              0.0607  
forward:               0.5500             -0.4960              7.3978              0.0610  
forward:               0.6000             -0.8017              6.5961              0.0613  
forward:               0.6500             -1.0574              5.5387              0.0615  
forward:               0.7000             -1.2878              4.2509              0.0618  
forward:               0.7500             -1.4275              2.8234              0.0620  
forward:               0.8000             -1.5504              1.2730              0.0623  
forward:               0.8500             -1.6502             -0.3772              0.0626  
forward:               0.9000             -1.7172             -2.0944              0.0629  
forward:               0.9500             -1.7651             -3.8595              0.0633  
forward:               1.0000             -1.8446             -5.7041              0.0634  
backward:              1.0000              0.0000             -5.7041              0.0000  
backward:              0.9500              1.8435             -3.8607              0.0055  
backward:              0.9000              1.8440             -2.0167              0.0193  
backward:              0.8500              1.7818             -0.2348              0.0212  
backward:              0.8000              1.6361              1.4013              0.0224  
backward:              0.7500              1.5536              2.9549              0.0234  
backward:              0.7000              1.4564              4.4114              0.0242  
backward:              0.6500              1.3181              5.7294              0.0251  
backward:              0.6000              1.0629              6.7923              0.0274  
backward:              0.5500              0.7864              7.5787              0.0282  
backward:              0.5000              0.4822              8.0609              0.0292  
backward:              0.4500              0.3029              8.3637              0.0298  
backward:              0.4000              0.2627              8.6264              0.0304  
backward:              0.3500              0.2186              8.8450              0.0315  
backward:              0.3000              0.1134              8.9584              0.0326  
backward:              0.2500              0.0093              8.9677              0.0339  
backward:              0.2000             -0.1951              8.7726              0.0372  
backward:              0.1500             -0.5011              8.2715              0.0403  
backward:              0.1000             -1.1340              7.1375              0.0569  
backward:              0.0500             -2.2857              4.8518              0.0706  
backward:              0.0000             -4.4406              0.4111              0.1088  
Inaccuracy estimation
======================================================================================================
                   i        i+δi          P0_overlap_P1   δε(forward)/ε   δε(backward)/ε
======================================================================================================
inaccuracy:  0.00000        0.05000           12.14            0.98            7.91
inaccuracy:  0.05000        0.10000           23.23            0.02            3.71
inaccuracy:  0.10000        0.15000           35.36           -0.12            1.69
inaccuracy:  0.15000        0.20000           47.27           -0.10            0.82
inaccuracy:  0.20000        0.25000           54.87           -0.07            0.46
inaccuracy:  0.25000        0.30000           59.32           -0.06            0.32
inaccuracy:  0.30000        0.35000           60.71           -0.06            0.25
inaccuracy:  0.35000        0.40000           63.61           -0.06            0.19
inaccuracy:  0.40000        0.45000           64.37           -0.06            0.17
inaccuracy:  0.45000        0.50000           65.02           -0.06            0.16
inaccuracy:  0.50000        0.55000           57.41           -0.17            0.20
inaccuracy:  0.55000        0.60000           59.04           -0.18            0.13
inaccuracy:  0.60000        0.65000           58.37           -0.22            0.09
inaccuracy:  0.65000        0.70000           57.85           -0.26            0.05
inaccuracy:  0.70000        0.75000           57.90           -0.25            0.03
inaccuracy:  0.75000        0.80000           58.88           -0.23            0.02
inaccuracy:  0.80000        0.85000           59.84           -0.22            0.01
inaccuracy:  0.85000        0.90000           54.78           -0.35           -0.01
inaccuracy:  0.90000        0.95000           54.23           -0.37           -0.02
inaccuracy:  0.95000        1.00000           57.62           -0.29           -0.01
===================================================================================================================================
                BAR        
-----------------------------------------------------------------------------------------------------------------------------------
BAR-estimator:         λ             λ+δλ          ΔΔA             ΔA            C               Δδe            δe       
                          
-----------------------------------------------------------------------------------------------------------------------------------
BAR-estimator:      0.00000        0.05000        4.5499         4.5499         4.5499         0.0285         0.0285 
BAR-estimator:      0.05000        0.10000        2.3923         6.9422         2.3923         0.0241         0.0373 
BAR-estimator:      0.10000        0.15000        1.1569         8.0992         1.1569         0.0110         0.0389 
BAR-estimator:      0.15000        0.20000        0.5099         8.6091         0.5099         0.0072         0.0395 
BAR-estimator:      0.20000        0.25000        0.1770         8.7861         0.1770         0.0060         0.0400 
BAR-estimator:      0.25000        0.30000       -0.0096         8.7765        -0.0096         0.0050         0.0403 
BAR-estimator:      0.30000        0.35000       -0.1187         8.6578        -0.1187         0.0039         0.0405 
BAR-estimator:      0.35000        0.40000       -0.2117         8.4461        -0.2117         0.0035         0.0406 
BAR-estimator:      0.40000        0.45000       -0.2633         8.1828        -0.2633         0.0028         0.0407 
BAR-estimator:      0.45000        0.50000       -0.3017         7.8811        -0.3017         0.0028         0.0408 
BAR-estimator:      0.50000        0.55000       -0.4922         7.3888        -0.4922         0.0037         0.0410 
BAR-estimator:      0.55000        0.60000       -0.7975         6.5913        -0.7975         0.0037         0.0412 
BAR-estimator:      0.60000        0.65000       -1.0637         5.5276        -1.0637         0.0034         0.0413 
BAR-estimator:      0.65000        0.70000       -1.3037         4.2239        -1.3037         0.0037         0.0415 
BAR-estimator:      0.70000        0.75000       -1.4446         2.7793        -1.4446         0.0039         0.0417 
BAR-estimator:      0.75000        0.80000       -1.5569         1.2224        -1.5569         0.0038         0.0418 
BAR-estimator:      0.80000        0.85000       -1.6433        -0.4209        -1.6433         0.0042         0.0420 
BAR-estimator:      0.85000        0.90000       -1.7590        -2.1799        -1.7590         0.0035         0.0422 
BAR-estimator:      0.90000        0.95000       -1.8084        -3.9883        -1.8084         0.0049         0.0425 
BAR-estimator:      0.95000        1.00000       -1.8412        -5.8294        -1.8412         0.0027         0.0426 
BAR-estimator: total free energy change is -5.8294233746242785 , total error is 0.04255295180465614
