#========================================================================================
#                     Free energy perturbation    
#----------------------------------------------------------------------------------------
#forward/backward          λ              ΔΔA                 ΔA                  δε   
#                                                 
#----------------------------------------------------------------------------------------
forward:               0.0000              0.0000              0.0000              0.0000  
forward:               0.0500              3.0410              3.0410              0.0274  
forward:               0.1000              1.7355              4.7764              0.0364  
forward:               0.1500              0.8756              5.6520              0.0391  
forward:               0.2000              0.4255              6.0776              0.0402  
forward:               0.2500              0.1978              6.2754              0.0408  
forward:               0.3000              0.0460              6.3214              0.0412  
forward:               0.3500             -0.0293              6.2921              0.0416  
forward:               0.4000             -0.1003              6.1918              0.0418  
forward:               0.4500             -0.1481              6.0437              0.0421  
forward:               0.5000             -0.1799              5.8638              0.0423  
forward:               0.5500             -0.3983              5.4655              0.0427  
forward:               0.6000             -0.7533              4.7122              0.0430  
forward:               0.6500             -1.0903              3.6219              0.0436  
forward:               0.7000             -1.3912              2.2307              0.0444  
forward:               0.7500             -1.6709              0.5598              0.0450  
forward:               0.8000             -1.8987             -1.3389              0.0456  
forward:               0.8500             -2.0395             -3.3784              0.0463  
forward:               0.9000             -2.0979             -5.4762              0.0471  
forward:               0.9500             -2.1435             -7.6197              0.0476  
forward:               1.0000             -2.1844             -9.8041              0.0478  
backward:              1.0000              0.0000             -9.8041              0.0000  
backward:              0.9500              2.1910             -7.6132              0.0076  
backward:              0.9000              1.7463             -5.8669              0.0117  
backward:              0.8500              1.3609             -4.5059              0.0137  
backward:              0.8000              1.3862             -3.1197              0.0161  
backward:              0.7500              1.4035             -1.7163              0.0175  
backward:              0.7000              1.3350             -0.3812              0.0190  
backward:              0.6500              1.2062              0.8249              0.0205  
backward:              0.6000              0.9806              1.8055              0.0215  
backward:              0.5500              0.6845              2.4900              0.0226  
backward:              0.5000              0.3793              2.8693              0.0234  
backward:              0.4500              0.1697              3.0390              0.0241  
backward:              0.4000              0.1454              3.1844              0.0246  
backward:              0.3500              0.0869              3.2713              0.0260  
backward:              0.3000              0.0281              3.2994              0.0272  
backward:              0.2500             -0.0411              3.2583              0.0281  
backward:              0.2000             -0.2023              3.0560              0.0304  
backward:              0.1500             -0.4241              2.6319              0.0344  
backward:              0.1000             -0.9127              1.7192              0.0508  
backward:              0.0500             -1.7340             -0.0149              0.0655  
backward:              0.0000             -3.0595             -3.0743              0.1118  
Inaccuracy estimation
======================================================================================================
                   i        i+δi          P0_overlap_P1   δε(forward)/ε   δε(backward)/ε
======================================================================================================
inaccuracy:  0.00000        0.05000           22.30            0.26            3.94
inaccuracy:  0.05000        0.10000           30.61           -0.08            2.41
inaccuracy:  0.10000        0.15000           42.45           -0.08            1.20
inaccuracy:  0.15000        0.20000           51.56           -0.06            0.62
inaccuracy:  0.20000        0.25000           57.58           -0.05            0.39
inaccuracy:  0.25000        0.30000           61.76           -0.04            0.28
inaccuracy:  0.30000        0.35000           63.60           -0.04            0.23
inaccuracy:  0.35000        0.40000           65.00           -0.04            0.19
inaccuracy:  0.40000        0.45000           66.72           -0.04            0.17
inaccuracy:  0.45000        0.50000           66.74           -0.04            0.15
inaccuracy:  0.50000        0.55000           58.56           -0.13            0.21
inaccuracy:  0.55000        0.60000           61.63           -0.16            0.14
inaccuracy:  0.60000        0.65000           63.62           -0.17            0.09
inaccuracy:  0.65000        0.70000           67.37           -0.11            0.05
inaccuracy:  0.70000        0.75000           73.63           -0.04            0.03
inaccuracy:  0.75000        0.80000           79.80           -0.01            0.02
inaccuracy:  0.80000        0.85000           83.10           -0.00            0.02
inaccuracy:  0.85000        0.90000           82.32           -0.00            0.02
inaccuracy:  0.90000        0.95000           70.25           -0.26            0.01
inaccuracy:  0.95000        1.00000           52.56           -0.38           -0.05
===================================================================================================================================
                BAR        
-----------------------------------------------------------------------------------------------------------------------------------
BAR-estimator:         λ             λ+δλ          ΔΔA             ΔA            C               Δδe            δe       
                          
-----------------------------------------------------------------------------------------------------------------------------------
BAR-estimator:      0.00000        0.05000        3.0196         3.0196         3.0196         0.0120         0.0120 
BAR-estimator:      0.05000        0.10000        1.7474         4.7670         1.7474         0.0100         0.0156 
BAR-estimator:      0.10000        0.15000        0.8817         5.6487         0.8817         0.0094         0.0183 
BAR-estimator:      0.15000        0.20000        0.4200         6.0687         0.4200         0.0048         0.0189 
BAR-estimator:      0.20000        0.25000        0.1963         6.2650         0.1963         0.0047         0.0195 
BAR-estimator:      0.25000        0.30000        0.0460         6.3110         0.0460         0.0040         0.0199 
BAR-estimator:      0.30000        0.35000       -0.0303         6.2807        -0.0303         0.0041         0.0203 
BAR-estimator:      0.35000        0.40000       -0.0978         6.1829        -0.0978         0.0032         0.0206 
BAR-estimator:      0.40000        0.45000       -0.1448         6.0381        -0.1448         0.0031         0.0208 
BAR-estimator:      0.45000        0.50000       -0.1783         5.8599        -0.1783         0.0029         0.0210 
BAR-estimator:      0.50000        0.55000       -0.3800         5.4799        -0.3800         0.0037         0.0213 
BAR-estimator:      0.55000        0.60000       -0.7154         4.7645        -0.7154         0.0033         0.0216 
BAR-estimator:      0.60000        0.65000       -1.0229         3.7416        -1.0229         0.0035         0.0219 
BAR-estimator:      0.65000        0.70000       -1.2788         2.4628        -1.2788         0.0037         0.0222 
BAR-estimator:      0.70000        0.75000       -1.4761         0.9867        -1.4761         0.0041         0.0225 
BAR-estimator:      0.75000        0.80000       -1.6044        -0.6177        -1.6044         0.0038         0.0229 
BAR-estimator:      0.80000        0.85000       -1.6654        -2.2831        -1.6654         0.0035         0.0231 
BAR-estimator:      0.85000        0.90000       -1.6751        -3.9582        -1.6751         0.0037         0.0234 
BAR-estimator:      0.90000        0.95000       -1.9918        -5.9500        -1.9918         0.0043         0.0238 
BAR-estimator:      0.95000        1.00000       -2.1883        -8.1383        -2.1883         0.0049         0.0243 
BAR-estimator: total free energy change is -8.138268841378274 , total error is 0.024318977819761
