#========================================================================================
#                     Free energy perturbation    
#----------------------------------------------------------------------------------------
#forward/backward          λ              ΔΔA                 ΔA                  δε   
#                                                 
#----------------------------------------------------------------------------------------
forward:               0.0000              0.0000              0.0000              0.0000  
forward:               0.0500              1.9568              1.9568              0.0227  
forward:               0.1000              1.2259              3.1827              0.0261  
forward:               0.1500              0.6804              3.8631              0.0278  
forward:               0.2000              0.3863              4.2494              0.0290  
forward:               0.2500              0.2310              4.4804              0.0297  
forward:               0.3000              0.1239              4.6044              0.0302  
forward:               0.3500              0.0575              4.6619              0.0306  
forward:               0.4000              0.0054              4.6673              0.0310  
forward:               0.4500             -0.0424              4.6249              0.0313  
forward:               0.5000             -0.0711              4.5538              0.0314  
forward:               0.5500             -0.1873              4.3665              0.0317  
forward:               0.6000             -0.3645              4.0020              0.0320  
forward:               0.6500             -0.5457              3.4564              0.0324  
forward:               0.7000             -0.7024              2.7539              0.0328  
forward:               0.7500             -0.7993              1.9546              0.0331  
forward:               0.8000             -0.8381              1.1165              0.0334  
forward:               0.8500             -0.8403              0.2762              0.0336  
forward:               0.9000             -0.8202             -0.5440              0.0338  
forward:               0.9500             -0.7983             -1.3423              0.0341  
forward:               1.0000             -0.7694             -2.1117              0.0343  
backward:              1.0000              0.0000             -2.1117              0.0000  
backward:              0.9500              0.7633             -1.3484              0.0069  
backward:              0.9000              0.7829             -0.5655              0.0083  
backward:              0.8500              0.8180              0.2525              0.0098  
backward:              0.8000              0.8374              1.0899              0.0113  
backward:              0.7500              0.8408              1.9307              0.0123  
backward:              0.7000              0.8012              2.7319              0.0134  
backward:              0.6500              0.7031              3.4350              0.0148  
backward:              0.6000              0.5444              3.9794              0.0159  
backward:              0.5500              0.3711              4.3504              0.0167  
backward:              0.5000              0.1868              4.5372              0.0177  
backward:              0.4500              0.0691              4.6062              0.0183  
backward:              0.4000              0.0418              4.6480              0.0189  
backward:              0.3500              0.0065              4.6545              0.0197  
backward:              0.3000             -0.0468              4.6078              0.0201  
backward:              0.2500             -0.1377              4.4700              0.0213  
backward:              0.2000             -0.2364              4.2336              0.0234  
backward:              0.1500             -0.3905              3.8431              0.0257  
backward:              0.1000             -0.6571              3.1860              0.0295  
backward:              0.0500             -1.1520              2.0340              0.0412  
backward:              0.0000             -1.9308              0.1032              0.0480  
Inaccuracy estimation
======================================================================================================
                   i        i+δi          P0_overlap_P1   δε(forward)/ε   δε(backward)/ε
======================================================================================================
inaccuracy:  0.00000        0.05000           32.38           -0.00            2.19
inaccuracy:  0.05000        0.10000           39.69           -0.06            1.41
inaccuracy:  0.10000        0.15000           50.44           -0.04            0.75
inaccuracy:  0.15000        0.20000           57.38           -0.03            0.46
inaccuracy:  0.20000        0.25000           62.20           -0.03            0.32
inaccuracy:  0.25000        0.30000           65.39           -0.03            0.23
inaccuracy:  0.30000        0.35000           66.01           -0.02            0.21
inaccuracy:  0.35000        0.40000           67.06           -0.03            0.18
inaccuracy:  0.40000        0.45000           69.54           -0.03            0.15
inaccuracy:  0.45000        0.50000           70.33           -0.03            0.14
inaccuracy:  0.50000        0.55000           64.15           -0.09            0.17
inaccuracy:  0.55000        0.60000           64.29           -0.11            0.13
inaccuracy:  0.60000        0.65000           63.99           -0.13            0.11
inaccuracy:  0.65000        0.70000           63.68           -0.13            0.10
inaccuracy:  0.70000        0.75000           64.03           -0.10            0.08
inaccuracy:  0.75000        0.80000           63.92           -0.12            0.08
inaccuracy:  0.80000        0.85000           63.89           -0.11            0.09
inaccuracy:  0.85000        0.90000           64.08           -0.10            0.10
inaccuracy:  0.90000        0.95000           64.23           -0.11            0.10
inaccuracy:  0.95000        1.00000           63.26           -0.11            0.12
===================================================================================================================================
                BAR        
-----------------------------------------------------------------------------------------------------------------------------------
BAR-estimator:         λ             λ+δλ          ΔΔA             ΔA            C               Δδe            δe       
                          
-----------------------------------------------------------------------------------------------------------------------------------
BAR-estimator:      0.00000        0.05000        1.9516         1.9516         1.9516         0.0095         0.0095 
BAR-estimator:      0.05000        0.10000        1.2020         3.1536         1.2020         0.0074         0.0120 
BAR-estimator:      0.10000        0.15000        0.6802         3.8338         0.6802         0.0060         0.0135 
BAR-estimator:      0.15000        0.20000        0.3947         4.2285         0.3947         0.0050         0.0144 
BAR-estimator:      0.20000        0.25000        0.2335         4.4620         0.2335         0.0043         0.0150 
BAR-estimator:      0.25000        0.30000        0.1280         4.5900         0.1280         0.0027         0.0152 
BAR-estimator:      0.30000        0.35000        0.0540         4.6440         0.0540         0.0034         0.0156 
BAR-estimator:      0.35000        0.40000        0.0006         4.6446         0.0006         0.0034         0.0160 
BAR-estimator:      0.40000        0.45000       -0.0406         4.6040        -0.0406         0.0028         0.0162 
BAR-estimator:      0.45000        0.50000       -0.0684         4.5356        -0.0684         0.0025         0.0164 
BAR-estimator:      0.50000        0.55000       -0.1874         4.3482        -0.1874         0.0029         0.0167 
BAR-estimator:      0.55000        0.60000       -0.3667         3.9815        -0.3667         0.0028         0.0169 
BAR-estimator:      0.60000        0.65000       -0.5439         3.4376        -0.5439         0.0031         0.0172 
BAR-estimator:      0.65000        0.70000       -0.7004         2.7371        -0.7004         0.0029         0.0174 
BAR-estimator:      0.70000        0.75000       -0.7975         1.9396        -0.7975         0.0032         0.0177 
BAR-estimator:      0.75000        0.80000       -0.8392         1.1004        -0.8392         0.0031         0.0180 
BAR-estimator:      0.80000        0.85000       -0.8399         0.2605        -0.8399         0.0041         0.0185 
BAR-estimator:      0.85000        0.90000       -0.8187        -0.5582        -0.8187         0.0036         0.0188 
BAR-estimator:      0.90000        0.95000       -0.7918        -1.3501        -0.7918         0.0031         0.0191 
BAR-estimator:      0.95000        1.00000       -0.7680        -2.1180        -0.7680         0.0029         0.0193 
BAR-estimator: total free energy change is -2.1180276896158396 , total error is 0.019267395758975573
