#========================================================================================
#                     Free energy perturbation    
#----------------------------------------------------------------------------------------
#forward/backward          λ              ΔΔA                 ΔA                  δε   
#                                                 
#----------------------------------------------------------------------------------------
forward:               0.0000              0.0000              0.0000              0.0000  
forward:               0.0500              2.1263              2.1263              0.0204  
forward:               0.1000              1.2410              3.3673              0.0261  
forward:               0.1500              0.6305              3.9977              0.0283  
forward:               0.2000              0.3560              4.3537              0.0289  
forward:               0.2500              0.1883              4.5420              0.0295  
forward:               0.3000              0.0922              4.6342              0.0301  
forward:               0.3500              0.0229              4.6571              0.0304  
forward:               0.4000             -0.0159              4.6411              0.0306  
forward:               0.4500             -0.0510              4.5902              0.0309  
forward:               0.5000             -0.0807              4.5095              0.0311  
forward:               0.5500             -0.1204              4.3891              0.0314  
forward:               0.6000             -0.2234              4.1657              0.0317  
forward:               0.6500             -0.2989              3.8668              0.0319  
forward:               0.7000             -0.3704              3.4964              0.0321  
forward:               0.7500             -0.4304              3.0660              0.0324  
forward:               0.8000             -0.4881              2.5779              0.0326  
forward:               0.8500             -0.5291              2.0487              0.0328  
forward:               0.9000             -0.5605              1.4882              0.0332  
forward:               0.9500             -0.5681              0.9201              0.0334  
forward:               1.0000             -0.5974              0.3228              0.0335  
backward:              1.0000              0.0000              0.3228              0.0000  
backward:              0.9500              0.5906              0.9133              0.0041  
backward:              0.9000              0.5881              1.5014              0.0056  
backward:              0.8500              0.5553              2.0567              0.0072  
backward:              0.8000              0.5340              2.5907              0.0083  
backward:              0.7500              0.4797              3.0703              0.0096  
backward:              0.7000              0.4399              3.5102              0.0106  
backward:              0.6500              0.3704              3.8806              0.0116  
backward:              0.6000              0.3015              4.1821              0.0127  
backward:              0.5500              0.2175              4.3996              0.0136  
backward:              0.5000              0.1243              4.5239              0.0143  
backward:              0.4500              0.0753              4.5992              0.0151  
backward:              0.4000              0.0402              4.6394              0.0159  
backward:              0.3500              0.0155              4.6550              0.0168  
backward:              0.3000             -0.0256              4.6294              0.0176  
backward:              0.2500             -0.0774              4.5519              0.0188  
backward:              0.2000             -0.1845              4.3674              0.0202  
backward:              0.1500             -0.3535              4.0139              0.0253  
backward:              0.1000             -0.6419              3.3719              0.0296  
backward:              0.0500             -1.3152              2.0567              0.0676  
backward:              0.0000             -2.0986             -0.0419              0.0719  
Inaccuracy estimation
======================================================================================================
                   i        i+δi          P0_overlap_P1   δε(forward)/ε   δε(backward)/ε
======================================================================================================
inaccuracy:  0.00000        0.05000           29.96            0.01            2.42
inaccuracy:  0.05000        0.10000           39.74           -0.06            1.51
inaccuracy:  0.10000        0.15000           51.02           -0.05            0.77
inaccuracy:  0.15000        0.20000           58.33           -0.03            0.45
inaccuracy:  0.20000        0.25000           63.77           -0.02            0.28
inaccuracy:  0.25000        0.30000           66.35           -0.02            0.22
inaccuracy:  0.30000        0.35000           69.04           -0.02            0.17
inaccuracy:  0.35000        0.40000           69.37           -0.03            0.15
inaccuracy:  0.40000        0.45000           71.20           -0.02            0.14
inaccuracy:  0.45000        0.50000           71.43           -0.02            0.13
inaccuracy:  0.50000        0.55000           68.11           -0.05            0.14
inaccuracy:  0.55000        0.60000           69.40           -0.05            0.12
inaccuracy:  0.60000        0.65000           68.98           -0.06            0.11
inaccuracy:  0.65000        0.70000           69.61           -0.05            0.10
inaccuracy:  0.70000        0.75000           69.01           -0.06            0.09
inaccuracy:  0.75000        0.80000           69.66           -0.06            0.09
inaccuracy:  0.80000        0.85000           69.37           -0.06            0.09
inaccuracy:  0.85000        0.90000           69.40           -0.06            0.08
inaccuracy:  0.90000        0.95000           67.50           -0.07            0.09
inaccuracy:  0.95000        1.00000           69.67           -0.05            0.08
===================================================================================================================================
                BAR        
-----------------------------------------------------------------------------------------------------------------------------------
BAR-estimator:         λ             λ+δλ          ΔΔA             ΔA            C               Δδe            δe       
                          
-----------------------------------------------------------------------------------------------------------------------------------
BAR-estimator:      0.00000        0.05000        2.1423         2.1423         2.1423         0.0083         0.0083 
BAR-estimator:      0.05000        0.10000        1.2539         3.3962         1.2539         0.0082         0.0116 
BAR-estimator:      0.10000        0.15000        0.6334         4.0297         0.6334         0.0066         0.0134 
BAR-estimator:      0.15000        0.20000        0.3523         4.3819         0.3523         0.0051         0.0143 
BAR-estimator:      0.20000        0.25000        0.1900         4.5719         0.1900         0.0041         0.0149 
BAR-estimator:      0.25000        0.30000        0.0898         4.6616         0.0898         0.0038         0.0153 
BAR-estimator:      0.30000        0.35000        0.0252         4.6868         0.0252         0.0030         0.0156 
BAR-estimator:      0.35000        0.40000       -0.0159         4.6709        -0.0159         0.0027         0.0159 
BAR-estimator:      0.40000        0.45000       -0.0472         4.6237        -0.0472         0.0023         0.0160 
BAR-estimator:      0.45000        0.50000       -0.0789         4.5448        -0.0789         0.0028         0.0163 
BAR-estimator:      0.50000        0.55000       -0.1197         4.4251        -0.1197         0.0028         0.0165 
BAR-estimator:      0.55000        0.60000       -0.2213         4.2038        -0.2213         0.0028         0.0168 
BAR-estimator:      0.60000        0.65000       -0.3009         3.9029        -0.3009         0.0029         0.0170 
BAR-estimator:      0.65000        0.70000       -0.3689         3.5340        -0.3689         0.0026         0.0172 
BAR-estimator:      0.70000        0.75000       -0.4325         3.1014        -0.4325         0.0028         0.0174 
BAR-estimator:      0.75000        0.80000       -0.4859         2.6156        -0.4859         0.0027         0.0176 
BAR-estimator:      0.80000        0.85000       -0.5290         2.0865        -0.5290         0.0028         0.0179 
BAR-estimator:      0.85000        0.90000       -0.5603         1.5262        -0.5603         0.0035         0.0182 
BAR-estimator:      0.90000        0.95000       -0.5775         0.9488        -0.5775         0.0028         0.0184 
BAR-estimator:      0.95000        1.00000       -0.5935         0.3553        -0.5935         0.0026         0.0186 
BAR-estimator: total free energy change is 0.35528350076561743 , total error is 0.01858241137813517
