#========================================================================================
#                     Free energy perturbation    
#----------------------------------------------------------------------------------------
#forward/backward          λ              ΔΔA                 ΔA                  δε   
#                                                 
#----------------------------------------------------------------------------------------
forward:               0.0000              0.0000              0.0000              0.0000  
forward:               0.0500              1.8011              1.8011              0.0161  
forward:               0.1000              1.0471              2.8482              0.0202  
forward:               0.1500              0.5462              3.3944              0.0223  
forward:               0.2000              0.2852              3.6795              0.0243  
forward:               0.2500              0.1313              3.8108              0.0249  
forward:               0.3000              0.0614              3.8722              0.0253  
forward:               0.3500              0.0085              3.8806              0.0256  
forward:               0.4000             -0.0314              3.8493              0.0259  
forward:               0.4500             -0.0635              3.7858              0.0261  
forward:               0.5000             -0.0901              3.6957              0.0263  
forward:               0.5500             -0.2091              3.4867              0.0267  
forward:               0.6000             -0.4530              3.0336              0.0270  
forward:               0.6500             -0.6471              2.3865              0.0277  
forward:               0.7000             -0.8358              1.5507              0.0283  
forward:               0.7500             -0.9588              0.5919              0.0288  
forward:               0.8000             -1.0238             -0.4320              0.0292  
forward:               0.8500             -1.0357             -1.4677              0.0295  
forward:               0.9000             -1.0346             -2.5023              0.0297  
forward:               0.9500             -1.0212             -3.5235              0.0298  
forward:               1.0000             -1.0038             -4.5273              0.0300  
backward:              1.0000              0.0000             -4.5273              0.0000  
backward:              0.9500              1.0031             -3.5242              0.0039  
backward:              0.9000              1.0185             -2.5057              0.0060  
backward:              0.8500              1.0289             -1.4768              0.0085  
backward:              0.8000              1.0419             -0.4349              0.0097  
backward:              0.7500              1.0053              0.5704              0.0111  
backward:              0.7000              0.9387              1.5091              0.0126  
backward:              0.6500              0.8210              2.3301              0.0138  
backward:              0.6000              0.6452              2.9754              0.0148  
backward:              0.5500              0.4433              3.4186              0.0156  
backward:              0.5000              0.2104              3.6290              0.0165  
backward:              0.4500              0.0890              3.7180              0.0169  
backward:              0.4000              0.0569              3.7749              0.0175  
backward:              0.3500              0.0305              3.8054              0.0181  
backward:              0.3000             -0.0130              3.7924              0.0188  
backward:              0.2500             -0.0677              3.7247              0.0196  
backward:              0.2000             -0.1392              3.5855              0.0209  
backward:              0.1500             -0.2933              3.2922              0.0235  
backward:              0.1000             -0.5280              2.7642              0.0262  
backward:              0.0500             -1.0624              1.7019              0.0629  
backward:              0.0000             -1.8224             -0.1206              0.0720  
Inaccuracy estimation
======================================================================================================
                   i        i+δi          P0_overlap_P1   δε(forward)/ε   δε(backward)/ε
======================================================================================================
inaccuracy:  0.00000        0.05000           34.62           -0.02            1.89
inaccuracy:  0.05000        0.10000           43.42           -0.04            1.22
inaccuracy:  0.10000        0.15000           54.21           -0.02            0.62
inaccuracy:  0.15000        0.20000           62.38           -0.03            0.34
inaccuracy:  0.20000        0.25000           67.73           -0.02            0.22
inaccuracy:  0.25000        0.30000           69.74           -0.01            0.17
inaccuracy:  0.30000        0.35000           70.98           -0.02            0.14
inaccuracy:  0.35000        0.40000           72.64           -0.01            0.12
inaccuracy:  0.40000        0.45000           73.50           -0.02            0.11
inaccuracy:  0.45000        0.50000           73.67           -0.02            0.10
inaccuracy:  0.50000        0.55000           64.87           -0.09            0.15
inaccuracy:  0.55000        0.60000           66.74           -0.10            0.10
inaccuracy:  0.60000        0.65000           66.64           -0.13            0.08
inaccuracy:  0.65000        0.70000           66.13           -0.12            0.06
inaccuracy:  0.70000        0.75000           66.64           -0.13            0.05
inaccuracy:  0.75000        0.80000           66.72           -0.11            0.05
inaccuracy:  0.80000        0.85000           65.54           -0.13            0.05
inaccuracy:  0.85000        0.90000           65.44           -0.12            0.06
inaccuracy:  0.90000        0.95000           65.30           -0.12            0.06
inaccuracy:  0.95000        1.00000           65.14           -0.11            0.07
===================================================================================================================================
                BAR        
-----------------------------------------------------------------------------------------------------------------------------------
BAR-estimator:         λ             λ+δλ          ΔΔA             ΔA            C               Δδe            δe       
                          
-----------------------------------------------------------------------------------------------------------------------------------
BAR-estimator:      0.00000        0.05000        1.7984         1.7984         1.7984         0.0073         0.0073 
BAR-estimator:      0.05000        0.10000        1.0421         2.8405         1.0421         0.0069         0.0100 
BAR-estimator:      0.10000        0.15000        0.5470         3.3875         0.5470         0.0059         0.0116 
BAR-estimator:      0.15000        0.20000        0.2842         3.6717         0.2842         0.0042         0.0124 
BAR-estimator:      0.20000        0.25000        0.1355         3.8073         0.1355         0.0036         0.0129 
BAR-estimator:      0.25000        0.30000        0.0639         3.8712         0.0639         0.0035         0.0134 
BAR-estimator:      0.30000        0.35000        0.0092         3.8804         0.0092         0.0025         0.0136 
BAR-estimator:      0.35000        0.40000       -0.0294         3.8510        -0.0294         0.0026         0.0138 
BAR-estimator:      0.40000        0.45000       -0.0624         3.7885        -0.0624         0.0024         0.0140 
BAR-estimator:      0.45000        0.50000       -0.0908         3.6977        -0.0908         0.0026         0.0143 
BAR-estimator:      0.50000        0.55000       -0.2117         3.4860        -0.2117         0.0028         0.0145 
BAR-estimator:      0.55000        0.60000       -0.4480         3.0380        -0.4480         0.0027         0.0148 
BAR-estimator:      0.60000        0.65000       -0.6433         2.3947        -0.6433         0.0031         0.0151 
BAR-estimator:      0.65000        0.70000       -0.8248         1.5700        -0.8248         0.0032         0.0154 
BAR-estimator:      0.70000        0.75000       -0.9499         0.6201        -0.9499         0.0036         0.0159 
BAR-estimator:      0.75000        0.80000       -1.0148        -0.3947        -1.0148         0.0033         0.0162 
BAR-estimator:      0.80000        0.85000       -1.0380        -1.4328        -1.0380         0.0031         0.0165 
BAR-estimator:      0.85000        0.90000       -1.0309        -2.4637        -1.0309         0.0028         0.0167 
BAR-estimator:      0.90000        0.95000       -1.0195        -3.4832        -1.0195         0.0031         0.0170 
BAR-estimator:      0.95000        1.00000       -1.0044        -4.4876        -1.0044         0.0024         0.0172 
BAR-estimator: total free energy change is -4.487636905946059 , total error is 0.017167592099800632
