#========================================================================================
#                     Free energy perturbation    
#----------------------------------------------------------------------------------------
#forward/backward          λ              ΔΔA                 ΔA                  δε   
#                                                 
#----------------------------------------------------------------------------------------
forward:               0.0000              0.0000              0.0000              0.0000  
forward:               0.0500              1.0568              1.0568              0.0089  
forward:               0.1000              0.6451              1.7019              0.0121  
forward:               0.1500              0.3908              2.0927              0.0140  
forward:               0.2000              0.2391              2.3318              0.0149  
forward:               0.2500              0.1494              2.4812              0.0155  
forward:               0.3000              0.1090              2.5902              0.0160  
forward:               0.3500              0.0673              2.6576              0.0163  
forward:               0.4000              0.0379              2.6955              0.0167  
forward:               0.4500              0.0182              2.7136              0.0170  
forward:               0.5000              0.0030              2.7166              0.0174  
forward:               0.5500             -0.1062              2.6104              0.0177  
forward:               0.6000             -0.2757              2.3348              0.0180  
forward:               0.6500             -0.4390              1.8957              0.0186  
forward:               0.7000             -0.5808              1.3150              0.0191  
forward:               0.7500             -0.6886              0.6264              0.0194  
forward:               0.8000             -0.7133             -0.0869              0.0198  
forward:               0.8500             -0.7143             -0.8012              0.0201  
forward:               0.9000             -0.6833             -1.4845              0.0203  
forward:               0.9500             -0.6552             -2.1396              0.0205  
forward:               1.0000             -0.6315             -2.7711              0.0207  
backward:              1.0000              0.0000             -2.7711              0.0000  
backward:              0.9500              0.6274             -2.1437              0.0047  
backward:              0.9000              0.6571             -1.4866              0.0061  
backward:              0.8500              0.6897             -0.7970              0.0074  
backward:              0.8000              0.7068             -0.0902              0.0086  
backward:              0.7500              0.7165              0.6264              0.0098  
backward:              0.7000              0.6755              1.3018              0.0108  
backward:              0.6500              0.5921              1.8939              0.0117  
backward:              0.6000              0.4386              2.3325              0.0125  
backward:              0.5500              0.2738              2.6064              0.0132  
backward:              0.5000              0.1075              2.7138              0.0138  
backward:              0.4500             -0.0035              2.7103              0.0143  
backward:              0.4000             -0.0170              2.6932              0.0147  
backward:              0.3500             -0.0417              2.6516              0.0153  
backward:              0.3000             -0.0778              2.5738              0.0162  
backward:              0.2500             -0.1086              2.4652              0.0169  
backward:              0.2000             -0.1685              2.2967              0.0185  
backward:              0.1500             -0.2543              2.0423              0.0199  
backward:              0.1000             -0.3673              1.6750              0.0214  
backward:              0.0500             -0.6467              1.0283              0.0278  
backward:              0.0000             -1.0270              0.0014              0.0315  
Inaccuracy estimation
======================================================================================================
                   i        i+δi          P0_overlap_P1   δε(forward)/ε   δε(backward)/ε
======================================================================================================
inaccuracy:  0.00000        0.05000           46.92           -0.03            0.95
inaccuracy:  0.05000        0.10000           54.89           -0.02            0.62
inaccuracy:  0.10000        0.15000           61.45           -0.01            0.38
inaccuracy:  0.15000        0.20000           69.01           -0.01            0.23
inaccuracy:  0.20000        0.25000           72.15           -0.01            0.17
inaccuracy:  0.25000        0.30000           72.52           -0.01            0.14
inaccuracy:  0.30000        0.35000           74.17           -0.01            0.12
inaccuracy:  0.35000        0.40000           75.52           -0.01            0.11
inaccuracy:  0.40000        0.45000           75.59           -0.01            0.10
inaccuracy:  0.45000        0.50000           75.24           -0.01            0.09
inaccuracy:  0.50000        0.55000           69.18           -0.06            0.12
inaccuracy:  0.55000        0.60000           70.20           -0.08            0.09
inaccuracy:  0.60000        0.65000           68.55           -0.10            0.08
inaccuracy:  0.65000        0.70000           67.19           -0.10            0.07
inaccuracy:  0.70000        0.75000           69.40           -0.08            0.06
inaccuracy:  0.75000        0.80000           68.53           -0.08            0.06
inaccuracy:  0.80000        0.85000           69.14           -0.07            0.07
inaccuracy:  0.85000        0.90000           68.27           -0.07            0.08
inaccuracy:  0.90000        0.95000           67.67           -0.07            0.09
inaccuracy:  0.95000        1.00000           67.61           -0.07            0.10
===================================================================================================================================
                BAR        
-----------------------------------------------------------------------------------------------------------------------------------
BAR-estimator:         λ             λ+δλ          ΔΔA             ΔA            C               Δδe            δe       
                          
-----------------------------------------------------------------------------------------------------------------------------------
BAR-estimator:      0.00000        0.05000        1.0500         1.0500         1.0500         0.0054         0.0054 
BAR-estimator:      0.05000        0.10000        0.6461         1.6961         0.6461         0.0050         0.0074 
BAR-estimator:      0.10000        0.15000        0.3849         2.0810         0.3849         0.0046         0.0087 
BAR-estimator:      0.15000        0.20000        0.2451         2.3261         0.2451         0.0034         0.0093 
BAR-estimator:      0.20000        0.25000        0.1545         2.4807         0.1545         0.0028         0.0098 
BAR-estimator:      0.25000        0.30000        0.1079         2.5886         0.1079         0.0029         0.0102 
BAR-estimator:      0.30000        0.35000        0.0690         2.6576         0.0690         0.0025         0.0105 
BAR-estimator:      0.35000        0.40000        0.0402         2.6977         0.0402         0.0025         0.0108 
BAR-estimator:      0.40000        0.45000        0.0187         2.7164         0.0187         0.0023         0.0110 
BAR-estimator:      0.45000        0.50000        0.0016         2.7180         0.0016         0.0022         0.0112 
BAR-estimator:      0.50000        0.55000       -0.1065         2.6115        -0.1065         0.0025         0.0115 
BAR-estimator:      0.55000        0.60000       -0.2766         2.3349        -0.2766         0.0024         0.0118 
BAR-estimator:      0.60000        0.65000       -0.4387         1.8962        -0.4387         0.0027         0.0121 
BAR-estimator:      0.65000        0.70000       -0.5867         1.3095        -0.5867         0.0029         0.0124 
BAR-estimator:      0.70000        0.75000       -0.6832         0.6263        -0.6832         0.0027         0.0127 
BAR-estimator:      0.75000        0.80000       -0.7169        -0.0907        -0.7169         0.0027         0.0130 
BAR-estimator:      0.80000        0.85000       -0.7088        -0.7995        -0.7088         0.0027         0.0132 
BAR-estimator:      0.85000        0.90000       -0.6852        -1.4846        -0.6852         0.0026         0.0135 
BAR-estimator:      0.90000        0.95000       -0.6562        -2.1408        -0.6562         0.0025         0.0137 
BAR-estimator:      0.95000        1.00000       -0.6298        -2.7706        -0.6298         0.0031         0.0141 
BAR-estimator: total free energy change is -2.770608970973169 , total error is 0.014065633312109358
