#========================================================================================
#                     Free energy perturbation    
#----------------------------------------------------------------------------------------
#forward/backward          λ              ΔΔA                 ΔA                  δε   
#                                                 
#----------------------------------------------------------------------------------------
forward:               0.0000              0.0000              0.0000              0.0000  
forward:               0.0500              1.5407              1.5407              0.0141  
forward:               0.1000              0.9304              2.4712              0.0177  
forward:               0.1500              0.5474              3.0186              0.0194  
forward:               0.2000              0.3348              3.3534              0.0204  
forward:               0.2500              0.2095              3.5629              0.0213  
forward:               0.3000              0.1228              3.6857              0.0217  
forward:               0.3500              0.0694              3.7552              0.0226  
forward:               0.4000              0.0319              3.7871              0.0228  
forward:               0.4500              0.0029              3.7900              0.0231  
forward:               0.5000             -0.0223              3.7677              0.0234  
forward:               0.5500             -0.0959              3.6719              0.0238  
forward:               0.6000             -0.2622              3.4097              0.0244  
forward:               0.6500             -0.4374              2.9723              0.0252  
forward:               0.7000             -0.6407              2.3316              0.0259  
forward:               0.7500             -0.7306              1.6010              0.0263  
forward:               0.8000             -0.7344              0.8665              0.0267  
forward:               0.8500             -0.7151              0.1515              0.0269  
forward:               0.9000             -0.6779             -0.5264              0.0272  
forward:               0.9500             -0.6438             -1.1702              0.0275  
forward:               1.0000             -0.6073             -1.7775              0.0277  
backward:              1.0000              0.0000             -1.7775              0.0000  
backward:              0.9500              0.6078             -1.1697              0.0062  
backward:              0.9000              0.6340             -0.5357              0.0079  
backward:              0.8500              0.6764              0.1407              0.0091  
backward:              0.8000              0.7193              0.8600              0.0103  
backward:              0.7500              0.7442              1.6042              0.0117  
backward:              0.7000              0.7224              2.3266              0.0131  
backward:              0.6500              0.6188              2.9454              0.0148  
backward:              0.6000              0.4414              3.3868              0.0160  
backward:              0.5500              0.2529              3.6397              0.0168  
backward:              0.5000              0.0964              3.7361              0.0172  
backward:              0.4500              0.0182              3.7543              0.0180  
backward:              0.4000             -0.0183              3.7360              0.0187  
backward:              0.3500             -0.0316              3.7044              0.0195  
backward:              0.3000             -0.0813              3.6231              0.0207  
backward:              0.2500             -0.1299              3.4932              0.0218  
backward:              0.2000             -0.2191              3.2741              0.0243  
backward:              0.1500             -0.3483              2.9258              0.0344  
backward:              0.1000             -0.5631              2.3627              0.0363  
backward:              0.0500             -0.9284              1.4343              0.0419  
backward:              0.0000             -1.5122             -0.0779              0.0500  
Inaccuracy estimation
======================================================================================================
                   i        i+δi          P0_overlap_P1   δε(forward)/ε   δε(backward)/ε
======================================================================================================
inaccuracy:  0.00000        0.05000           37.71           -0.03            1.66
inaccuracy:  0.05000        0.10000           47.64           -0.04            1.00
inaccuracy:  0.10000        0.15000           56.21           -0.03            0.56
inaccuracy:  0.15000        0.20000           61.03           -0.02            0.35
inaccuracy:  0.20000        0.25000           65.77           -0.02            0.26
inaccuracy:  0.25000        0.30000           67.90           -0.01            0.20
inaccuracy:  0.30000        0.35000           69.42           -0.02            0.17
inaccuracy:  0.35000        0.40000           70.36           -0.02            0.14
inaccuracy:  0.40000        0.45000           71.98           -0.02            0.13
inaccuracy:  0.45000        0.50000           72.13           -0.02            0.13
inaccuracy:  0.50000        0.55000           66.84           -0.07            0.15
inaccuracy:  0.55000        0.60000           66.98           -0.10            0.12
inaccuracy:  0.60000        0.65000           63.88           -0.12            0.11
inaccuracy:  0.65000        0.70000           65.42           -0.10            0.09
inaccuracy:  0.70000        0.75000           67.05           -0.08            0.08
inaccuracy:  0.75000        0.80000           65.99           -0.09            0.08
inaccuracy:  0.80000        0.85000           66.77           -0.08            0.09
inaccuracy:  0.85000        0.90000           66.55           -0.07            0.09
inaccuracy:  0.90000        0.95000           66.34           -0.07            0.10
inaccuracy:  0.95000        1.00000           65.28           -0.07            0.11
===================================================================================================================================
                BAR        
-----------------------------------------------------------------------------------------------------------------------------------
BAR-estimator:         λ             λ+δλ          ΔΔA             ΔA            C               Δδe            δe       
                          
-----------------------------------------------------------------------------------------------------------------------------------
BAR-estimator:      0.00000        0.05000        1.5352         1.5352         1.5352         0.0072         0.0072 
BAR-estimator:      0.05000        0.10000        0.9332         2.4683         0.9332         0.0063         0.0096 
BAR-estimator:      0.10000        0.15000        0.5566         3.0249         0.5566         0.0051         0.0108 
BAR-estimator:      0.15000        0.20000        0.3328         3.3577         0.3328         0.0042         0.0116 
BAR-estimator:      0.20000        0.25000        0.2111         3.5689         0.2111         0.0042         0.0124 
BAR-estimator:      0.25000        0.30000        0.1265         3.6953         0.1265         0.0034         0.0128 
BAR-estimator:      0.30000        0.35000        0.0707         3.7660         0.0707         0.0038         0.0134 
BAR-estimator:      0.35000        0.40000        0.0315         3.7975         0.0315         0.0032         0.0137 
BAR-estimator:      0.40000        0.45000        0.0068         3.8043         0.0068         0.0028         0.0140 
BAR-estimator:      0.45000        0.50000       -0.0209         3.7834        -0.0209         0.0025         0.0143 
BAR-estimator:      0.50000        0.55000       -0.0961         3.6873        -0.0961         0.0027         0.0145 
BAR-estimator:      0.55000        0.60000       -0.2543         3.4330        -0.2543         0.0030         0.0148 
BAR-estimator:      0.60000        0.65000       -0.4405         2.9925        -0.4405         0.0033         0.0152 
BAR-estimator:      0.65000        0.70000       -0.6278         2.3647        -0.6278         0.0038         0.0157 
BAR-estimator:      0.70000        0.75000       -0.7266         1.6381        -0.7266         0.0033         0.0160 
BAR-estimator:      0.75000        0.80000       -0.7413         0.8968        -0.7413         0.0032         0.0163 
BAR-estimator:      0.80000        0.85000       -0.7166         0.1802        -0.7166         0.0027         0.0165 
BAR-estimator:      0.85000        0.90000       -0.6763        -0.4961        -0.6763         0.0029         0.0168 
BAR-estimator:      0.90000        0.95000       -0.6387        -1.1347        -0.6387         0.0028         0.0170 
BAR-estimator:      0.95000        1.00000       -0.6076        -1.7423        -0.6076         0.0027         0.0172 
BAR-estimator: total free energy change is -1.7423363240900185 , total error is 0.017228196715991562
