#========================================================================================
#                     Free energy perturbation    
#----------------------------------------------------------------------------------------
#forward/backward          λ              ΔΔA                 ΔA                  δε   
#                                                 
#----------------------------------------------------------------------------------------
forward:               0.0000              0.0000              0.0000              0.0000  
forward:               0.0500              1.1032              1.1032              0.0093  
forward:               0.1000              0.6051              1.7083              0.0116  
forward:               0.1500              0.3639              2.0721              0.0129  
forward:               0.2000              0.2293              2.3015              0.0136  
forward:               0.2500              0.1559              2.4573              0.0143  
forward:               0.3000              0.1070              2.5643              0.0147  
forward:               0.3500              0.0734              2.6377              0.0151  
forward:               0.4000              0.0460              2.6837              0.0154  
forward:               0.4500              0.0240              2.7077              0.0156  
forward:               0.5000              0.0118              2.7195              0.0158  
forward:               0.5500             -0.0201              2.6994              0.0160  
forward:               0.6000             -0.0561              2.6433              0.0162  
forward:               0.6500             -0.0934              2.5498              0.0164  
forward:               0.7000             -0.1193              2.4305              0.0165  
forward:               0.7500             -0.1421              2.2885              0.0167  
forward:               0.8000             -0.1564              2.1321              0.0168  
forward:               0.8500             -0.1764              1.9557              0.0169  
forward:               0.9000             -0.1869              1.7688              0.0170  
forward:               0.9500             -0.2012              1.5676              0.0172  
forward:               1.0000             -0.2063              1.3613              0.0173  
backward:              1.0000              0.0000              1.3613              0.0000  
backward:              0.9500              0.2101              1.5714              0.0023  
backward:              0.9000              0.2013              1.7727              0.0033  
backward:              0.8500              0.1829              1.9556              0.0048  
backward:              0.8000              0.1720              2.1277              0.0054  
backward:              0.7500              0.1611              2.2888              0.0059  
backward:              0.7000              0.1380              2.4268              0.0064  
backward:              0.6500              0.1152              2.5420              0.0070  
backward:              0.6000              0.0920              2.6341              0.0076  
backward:              0.5500              0.0570              2.6911              0.0081  
backward:              0.5000              0.0225              2.7135              0.0086  
backward:              0.4500             -0.0078              2.7057              0.0090  
backward:              0.4000             -0.0240              2.6817              0.0095  
backward:              0.3500             -0.0467              2.6350              0.0101  
backward:              0.3000             -0.0859              2.5491              0.0109  
backward:              0.2500             -0.1045              2.4446              0.0115  
backward:              0.2000             -0.1563              2.2883              0.0123  
backward:              0.1500             -0.2357              2.0526              0.0135  
backward:              0.1000             -0.3555              1.6971              0.0152  
backward:              0.0500             -0.6164              1.0807              0.0204  
backward:              0.0000             -1.1657             -0.0849              0.0712  
Inaccuracy estimation
======================================================================================================
                   i        i+δi          P0_overlap_P1   δε(forward)/ε   δε(backward)/ε
======================================================================================================
inaccuracy:  0.00000        0.05000           44.72           -0.02            1.26
inaccuracy:  0.05000        0.10000           58.36           -0.01            0.52
inaccuracy:  0.10000        0.15000           66.34           -0.01            0.30
inaccuracy:  0.15000        0.20000           72.24           -0.00            0.18
inaccuracy:  0.20000        0.25000           74.54           -0.01            0.13
inaccuracy:  0.25000        0.30000           76.65           -0.01            0.11
inaccuracy:  0.30000        0.35000           78.38           -0.01            0.09
inaccuracy:  0.35000        0.40000           78.57           -0.00            0.08
inaccuracy:  0.40000        0.45000           78.92           -0.01            0.07
inaccuracy:  0.45000        0.50000           79.45           -0.01            0.07
inaccuracy:  0.50000        0.55000           77.80           -0.01            0.08
inaccuracy:  0.55000        0.60000           78.69           -0.01            0.06
inaccuracy:  0.60000        0.65000           79.30           -0.01            0.06
inaccuracy:  0.65000        0.70000           79.56           -0.01            0.05
inaccuracy:  0.70000        0.75000           80.17           -0.01            0.05
inaccuracy:  0.75000        0.80000           79.31           -0.02            0.05
inaccuracy:  0.80000        0.85000           80.57           -0.01            0.05
inaccuracy:  0.85000        0.90000           80.06           -0.02            0.05
inaccuracy:  0.90000        0.95000           79.74           -0.02            0.05
inaccuracy:  0.95000        1.00000           78.80           -0.02            0.05
===================================================================================================================================
                BAR        
-----------------------------------------------------------------------------------------------------------------------------------
BAR-estimator:         λ             λ+δλ          ΔΔA             ΔA            C               Δδe            δe       
                          
-----------------------------------------------------------------------------------------------------------------------------------
BAR-estimator:      0.00000        0.05000        1.1030         1.1030         1.1030         0.0058         0.0058 
BAR-estimator:      0.05000        0.10000        0.6097         1.7127         0.6097         0.0046         0.0074 
BAR-estimator:      0.10000        0.15000        0.3634         2.0761         0.3634         0.0038         0.0083 
BAR-estimator:      0.15000        0.20000        0.2327         2.3088         0.2327         0.0029         0.0088 
BAR-estimator:      0.20000        0.25000        0.1567         2.4655         0.1567         0.0028         0.0092 
BAR-estimator:      0.25000        0.30000        0.1079         2.5734         0.1079         0.0024         0.0095 
BAR-estimator:      0.30000        0.35000        0.0782         2.6516         0.0782         0.0021         0.0097 
BAR-estimator:      0.35000        0.40000        0.0461         2.6977         0.0461         0.0019         0.0099 
BAR-estimator:      0.40000        0.45000        0.0235         2.7211         0.0235         0.0019         0.0101 
BAR-estimator:      0.45000        0.50000        0.0102         2.7313         0.0102         0.0018         0.0103 
BAR-estimator:      0.50000        0.55000       -0.0197         2.7116        -0.0197         0.0019         0.0105 
BAR-estimator:      0.55000        0.60000       -0.0564         2.6553        -0.0564         0.0018         0.0106 
BAR-estimator:      0.60000        0.65000       -0.0928         2.5625        -0.0928         0.0017         0.0107 
BAR-estimator:      0.65000        0.70000       -0.1182         2.4443        -0.1182         0.0017         0.0109 
BAR-estimator:      0.70000        0.75000       -0.1402         2.3041        -0.1402         0.0017         0.0110 
BAR-estimator:      0.75000        0.80000       -0.1577         2.1464        -0.1577         0.0017         0.0111 
BAR-estimator:      0.80000        0.85000       -0.1733         1.9730        -0.1733         0.0017         0.0113 
BAR-estimator:      0.85000        0.90000       -0.1856         1.7874        -0.1856         0.0017         0.0114 
BAR-estimator:      0.90000        0.95000       -0.2017         1.5857        -0.2017         0.0017         0.0115 
BAR-estimator:      0.95000        1.00000       -0.2081         1.3776        -0.2081         0.0014         0.0116 
BAR-estimator: total free energy change is 1.3776265190523151 , total error is 0.011604207563662417
