#========================================================================================
#                     Free energy perturbation    
#----------------------------------------------------------------------------------------
#forward/backward          λ              ΔΔA                 ΔA                  δε   
#                                                 
#----------------------------------------------------------------------------------------
forward:               0.0000              0.0000              0.0000              0.0000  
forward:               0.0500              1.6645              1.6645              0.0155  
forward:               0.1000              0.9045              2.5690              0.0192  
forward:               0.1500              0.4443              3.0133              0.0210  
forward:               0.2000              0.2025              3.2159              0.0218  
forward:               0.2500              0.0742              3.2901              0.0223  
forward:               0.3000             -0.0128              3.2773              0.0227  
forward:               0.3500             -0.0668              3.2105              0.0231  
forward:               0.4000             -0.1087              3.1018              0.0233  
forward:               0.4500             -0.1328              2.9690              0.0235  
forward:               0.5000             -0.1581              2.8108              0.0237  
forward:               0.5500             -0.3417              2.4692              0.0241  
forward:               0.6000             -0.6361              1.8331              0.0245  
forward:               0.6500             -0.8945              0.9386              0.0251  
forward:               0.7000             -1.1157             -0.1771              0.0256  
forward:               0.7500             -1.2379             -1.4150              0.0262  
forward:               0.8000             -1.2888             -2.7037              0.0264  
forward:               0.8500             -1.2772             -3.9809              0.0267  
forward:               0.9000             -1.2701             -5.2510              0.0269  
forward:               0.9500             -1.2516             -6.5026              0.0271  
forward:               1.0000             -1.2231             -7.7257              0.0273  
backward:              1.0000              0.0000             -7.7257              0.0000  
backward:              0.9500              1.2301             -6.4956              0.0044  
backward:              0.9000              1.2509             -5.2447              0.0061  
backward:              0.8500              1.2616             -3.9831              0.0094  
backward:              0.8000              1.2931             -2.6900              0.0105  
backward:              0.7500              1.2884             -1.4016              0.0114  
backward:              0.7000              1.2396             -0.1621              0.0126  
backward:              0.6500              1.1075              0.9454              0.0158  
backward:              0.6000              0.8996              1.8450              0.0172  
backward:              0.5500              0.6475              2.4925              0.0179  
backward:              0.5000              0.3480              2.8405              0.0192  
backward:              0.4500              0.1712              3.0117              0.0197  
backward:              0.4000              0.1339              3.1456              0.0201  
backward:              0.3500              0.0998              3.2453              0.0206  
backward:              0.3000              0.0561              3.3014              0.0211  
backward:              0.2500              0.0047              3.3061              0.0218  
backward:              0.2000             -0.0678              3.2383              0.0226  
backward:              0.1500             -0.1883              3.0500              0.0239  
backward:              0.1000             -0.4410              2.6090              0.0271  
backward:              0.0500             -0.9241              1.6848              0.0388  
backward:              0.0000             -1.9086             -0.2237              0.1848  
Inaccuracy estimation
======================================================================================================
                   i        i+δi          P0_overlap_P1   δε(forward)/ε   δε(backward)/ε
======================================================================================================
inaccuracy:  0.00000        0.05000           35.41           -0.04            1.69
inaccuracy:  0.05000        0.10000           44.54           -0.04            1.11
inaccuracy:  0.10000        0.15000           56.05           -0.04            0.54
inaccuracy:  0.15000        0.20000           63.34           -0.03            0.32
inaccuracy:  0.20000        0.25000           67.28           -0.02            0.21
inaccuracy:  0.25000        0.30000           70.80           -0.02            0.15
inaccuracy:  0.30000        0.35000           72.95           -0.01            0.12
inaccuracy:  0.35000        0.40000           73.71           -0.02            0.11
inaccuracy:  0.40000        0.45000           73.02           -0.02            0.10
inaccuracy:  0.45000        0.50000           73.71           -0.02            0.09
inaccuracy:  0.50000        0.55000           63.01           -0.10            0.15
inaccuracy:  0.55000        0.60000           64.11           -0.15            0.09
inaccuracy:  0.60000        0.65000           63.57           -0.17            0.06
inaccuracy:  0.65000        0.70000           64.42           -0.17            0.04
inaccuracy:  0.70000        0.75000           64.35           -0.14            0.02
inaccuracy:  0.75000        0.80000           65.37           -0.13            0.02
inaccuracy:  0.80000        0.85000           64.18           -0.13            0.03
inaccuracy:  0.85000        0.90000           64.95           -0.12            0.03
inaccuracy:  0.90000        0.95000           64.01           -0.14            0.04
inaccuracy:  0.95000        1.00000           63.38           -0.15            0.05
===================================================================================================================================
                BAR        
-----------------------------------------------------------------------------------------------------------------------------------
BAR-estimator:         λ             λ+δλ          ΔΔA             ΔA            C               Δδe            δe       
                          
-----------------------------------------------------------------------------------------------------------------------------------
BAR-estimator:      0.00000        0.05000        1.6544         1.6544         1.6544         0.0057         0.0057 
BAR-estimator:      0.05000        0.10000        0.9081         2.5625         0.9081         0.0063         0.0084 
BAR-estimator:      0.10000        0.15000        0.4418         3.0043         0.4418         0.0046         0.0096 
BAR-estimator:      0.15000        0.20000        0.1974         3.2017         0.1974         0.0039         0.0104 
BAR-estimator:      0.20000        0.25000        0.0725         3.2741         0.0725         0.0033         0.0109 
BAR-estimator:      0.25000        0.30000       -0.0098         3.2644        -0.0098         0.0030         0.0113 
BAR-estimator:      0.30000        0.35000       -0.0627         3.2017        -0.0627         0.0033         0.0118 
BAR-estimator:      0.35000        0.40000       -0.1057         3.0960        -0.1057         0.0026         0.0121 
BAR-estimator:      0.40000        0.45000       -0.1353         2.9608        -0.1353         0.0023         0.0123 
BAR-estimator:      0.45000        0.50000       -0.1620         2.7988        -0.1620         0.0020         0.0125 
BAR-estimator:      0.50000        0.55000       -0.3442         2.4545        -0.3442         0.0027         0.0128 
BAR-estimator:      0.55000        0.60000       -0.6400         1.8145        -0.6400         0.0026         0.0130 
BAR-estimator:      0.60000        0.65000       -0.8960         0.9185        -0.8960         0.0031         0.0134 
BAR-estimator:      0.65000        0.70000       -1.1110        -0.1925        -1.1110         0.0031         0.0137 
BAR-estimator:      0.70000        0.75000       -1.2391        -1.4315        -1.2391         0.0031         0.0141 
BAR-estimator:      0.75000        0.80000       -1.2882        -2.7198        -1.2882         0.0027         0.0143 
BAR-estimator:      0.80000        0.85000       -1.2831        -4.0029        -1.2831         0.0028         0.0146 
BAR-estimator:      0.85000        0.90000       -1.2670        -5.2699        -1.2670         0.0032         0.0150 
BAR-estimator:      0.90000        0.95000       -1.2519        -6.5218        -1.2519         0.0031         0.0153 
BAR-estimator:      0.95000        1.00000       -1.2283        -7.7501        -1.2283         0.0025         0.0155 
BAR-estimator: total free energy change is -7.7500761021461955 , total error is 0.015480492316190406
