#========================================================================================
#                     Free energy perturbation    
#----------------------------------------------------------------------------------------
#forward/backward          λ              ΔΔA                 ΔA                  δε   
#                                                 
#----------------------------------------------------------------------------------------
forward:               0.0000              0.0000              0.0000              0.0000  
forward:               0.0500              2.4196              2.4196              0.0214  
forward:               0.1000              1.3681              3.7877              0.0279  
forward:               0.1500              0.6539              4.4417              0.0302  
forward:               0.2000              0.3066              4.7483              0.0309  
forward:               0.2500              0.1392              4.8875              0.0315  
forward:               0.3000              0.0278              4.9153              0.0318  
forward:               0.3500             -0.0310              4.8842              0.0321  
forward:               0.4000             -0.0828              4.8015              0.0324  
forward:               0.4500             -0.1151              4.6864              0.0326  
forward:               0.5000             -0.1450              4.5414              0.0327  
forward:               0.5500             -0.2124              4.3290              0.0330  
forward:               0.6000             -0.3861              3.9429              0.0333  
forward:               0.6500             -0.5076              3.4354              0.0336  
forward:               0.7000             -0.6227              2.8127              0.0338  
forward:               0.7500             -0.7156              2.0970              0.0340  
forward:               0.8000             -0.7977              1.2993              0.0343  
forward:               0.8500             -0.8598              0.4396              0.0345  
forward:               0.9000             -0.9082             -0.4687              0.0347  
forward:               0.9500             -0.9432             -1.4118              0.0349  
forward:               1.0000             -0.9782             -2.3900              0.0351  
backward:              1.0000              0.0000             -2.3900              0.0000  
backward:              0.9500              0.9718             -1.4182              0.0043  
backward:              0.9000              0.9505             -0.4677              0.0062  
backward:              0.8500              0.9110              0.4432              0.0074  
backward:              0.8000              0.8536              1.2968              0.0087  
backward:              0.7500              0.7924              2.0892              0.0099  
backward:              0.7000              0.7127              2.8018              0.0110  
backward:              0.6500              0.6221              3.4239              0.0120  
backward:              0.6000              0.5126              3.9365              0.0130  
backward:              0.5500              0.3784              4.3150              0.0140  
backward:              0.5000              0.2105              4.5255              0.0155  
backward:              0.4500              0.1433              4.6688              0.0159  
backward:              0.4000              0.1136              4.7824              0.0166  
backward:              0.3500              0.0739              4.8563              0.0174  
backward:              0.3000              0.0293              4.8856              0.0194  
backward:              0.2500             -0.0249              4.8607              0.0203  
backward:              0.2000             -0.1804              4.6803              0.0444  
backward:              0.1500             -0.2948              4.3855              0.0453  
backward:              0.1000             -0.6379              3.7477              0.0482  
backward:              0.0500             -1.4160              2.3316              0.0660  
backward:              0.0000             -2.7275             -0.3958              0.2256  
Inaccuracy estimation
======================================================================================================
                   i        i+δi          P0_overlap_P1   δε(forward)/ε   δε(backward)/ε
======================================================================================================
inaccuracy:  0.00000        0.05000           27.23            0.05            2.92
inaccuracy:  0.05000        0.10000           37.06           -0.07            1.77
inaccuracy:  0.10000        0.15000           48.26           -0.05            0.84
inaccuracy:  0.15000        0.20000           58.36           -0.04            0.43
inaccuracy:  0.20000        0.25000           63.19           -0.03            0.27
inaccuracy:  0.25000        0.30000           67.03           -0.02            0.20
inaccuracy:  0.30000        0.35000           67.98           -0.03            0.17
inaccuracy:  0.35000        0.40000           70.15           -0.02            0.14
inaccuracy:  0.40000        0.45000           70.39           -0.03            0.13
inaccuracy:  0.45000        0.50000           71.28           -0.03            0.12
inaccuracy:  0.50000        0.55000           65.89           -0.07            0.16
inaccuracy:  0.55000        0.60000           67.42           -0.07            0.12
inaccuracy:  0.60000        0.65000           66.89           -0.07            0.09
inaccuracy:  0.65000        0.70000           68.01           -0.08            0.08
inaccuracy:  0.70000        0.75000           68.11           -0.08            0.07
inaccuracy:  0.75000        0.80000           68.65           -0.08            0.06
inaccuracy:  0.80000        0.85000           67.96           -0.08            0.06
inaccuracy:  0.85000        0.90000           68.46           -0.09            0.05
inaccuracy:  0.90000        0.95000           67.28           -0.09            0.05
inaccuracy:  0.95000        1.00000           68.11           -0.08            0.05
===================================================================================================================================
                BAR        
-----------------------------------------------------------------------------------------------------------------------------------
BAR-estimator:         λ             λ+δλ          ΔΔA             ΔA            C               Δδe            δe       
                          
-----------------------------------------------------------------------------------------------------------------------------------
BAR-estimator:      0.00000        0.05000        2.4538         2.4538         2.4538         0.0093         0.0093 
BAR-estimator:      0.05000        0.10000        1.3709         3.8247         1.3709         0.0092         0.0131 
BAR-estimator:      0.10000        0.15000        0.6481         4.4729         0.6481         0.0073         0.0150 
BAR-estimator:      0.15000        0.20000        0.3027         4.7755         0.3027         0.0046         0.0157 
BAR-estimator:      0.20000        0.25000        0.1351         4.9106         0.1351         0.0041         0.0162 
BAR-estimator:      0.25000        0.30000        0.0279         4.9386         0.0279         0.0033         0.0165 
BAR-estimator:      0.30000        0.35000       -0.0332         4.9054        -0.0332         0.0029         0.0168 
BAR-estimator:      0.35000        0.40000       -0.0799         4.8255        -0.0799         0.0029         0.0170 
BAR-estimator:      0.40000        0.45000       -0.1146         4.7110        -0.1146         0.0025         0.0172 
BAR-estimator:      0.45000        0.50000       -0.1445         4.5665        -0.1445         0.0024         0.0174 
BAR-estimator:      0.50000        0.55000       -0.2114         4.3551        -0.2114         0.0028         0.0176 
BAR-estimator:      0.55000        0.60000       -0.3835         3.9716        -0.3835         0.0029         0.0178 
BAR-estimator:      0.60000        0.65000       -0.5112         3.4604        -0.5112         0.0027         0.0181 
BAR-estimator:      0.65000        0.70000       -0.6225         2.8380        -0.6225         0.0029         0.0183 
BAR-estimator:      0.70000        0.75000       -0.7150         2.1229        -0.7150         0.0028         0.0185 
BAR-estimator:      0.75000        0.80000       -0.7941         1.3288        -0.7941         0.0027         0.0187 
BAR-estimator:      0.80000        0.85000       -0.8574         0.4714        -0.8574         0.0027         0.0189 
BAR-estimator:      0.85000        0.90000       -0.9085        -0.4371        -0.9085         0.0029         0.0191 
BAR-estimator:      0.90000        0.95000       -0.9466        -1.3837        -0.9466         0.0029         0.0193 
BAR-estimator:      0.95000        1.00000       -0.9765        -2.3602        -0.9765         0.0026         0.0195 
BAR-estimator: total free energy change is -2.3601731162624433 , total error is 0.01948272709800127
