#========================================================================================
#                     Free energy perturbation    
#----------------------------------------------------------------------------------------
#forward/backward          λ              ΔΔA                 ΔA                  δε   
#                                                 
#----------------------------------------------------------------------------------------
forward:               0.0000              0.0000              0.0000              0.0000  
forward:               0.0500              1.7738              1.7738              0.0160  
forward:               0.1000              0.9948              2.7686              0.0207  
forward:               0.1500              0.5344              3.3030              0.0226  
forward:               0.2000              0.2880              3.5911              0.0234  
forward:               0.2500              0.1531              3.7441              0.0240  
forward:               0.3000              0.0703              3.8145              0.0243  
forward:               0.3500              0.0210              3.8355              0.0246  
forward:               0.4000             -0.0169              3.8186              0.0249  
forward:               0.4500             -0.0493              3.7693              0.0251  
forward:               0.5000             -0.0800              3.6893              0.0253  
forward:               0.5500             -0.2201              3.4691              0.0257  
forward:               0.6000             -0.4784              2.9908              0.0260  
forward:               0.6500             -0.6939              2.2969              0.0266  
forward:               0.7000             -0.8882              1.4088              0.0271  
forward:               0.7500             -1.0096              0.3991              0.0275  
forward:               0.8000             -1.0564             -0.6573              0.0278  
forward:               0.8500             -1.0697             -1.7270              0.0282  
forward:               0.9000             -1.0637             -2.7907              0.0284  
forward:               0.9500             -1.0369             -3.8276              0.0286  
forward:               1.0000             -1.0171             -4.8446              0.0289  
backward:              1.0000              0.0000             -4.8446              0.0000  
backward:              0.9500              1.0114             -3.8332              0.0054  
backward:              0.9000              1.0289             -2.8043              0.0076  
backward:              0.8500              1.0701             -1.7342              0.0090  
backward:              0.8000              1.0631             -0.6711              0.0107  
backward:              0.7500              1.0722              0.4011              0.0118  
backward:              0.7000              0.9997              1.4008              0.0132  
backward:              0.6500              0.8722              2.2730              0.0144  
backward:              0.6000              0.6909              2.9639              0.0153  
backward:              0.5500              0.4621              3.4260              0.0161  
backward:              0.5000              0.2128              3.6388              0.0170  
backward:              0.4500              0.0765              3.7152              0.0176  
backward:              0.4000              0.0525              3.7677              0.0180  
backward:              0.3500              0.0186              3.7864              0.0187  
backward:              0.3000             -0.0164              3.7700              0.0194  
backward:              0.2500             -0.0740              3.6960              0.0202  
backward:              0.2000             -0.1502              3.5458              0.0211  
backward:              0.1500             -0.2947              3.2511              0.0239  
backward:              0.1000             -0.5697              2.6814              0.0351  
backward:              0.0500             -1.0126              1.6688              0.0418  
backward:              0.0000             -1.7813             -0.1125              0.0638  
Inaccuracy estimation
======================================================================================================
                   i        i+δi          P0_overlap_P1   δε(forward)/ε   δε(backward)/ε
======================================================================================================
inaccuracy:  0.00000        0.05000           33.95           -0.02            1.92
inaccuracy:  0.05000        0.10000           44.41           -0.04            1.15
inaccuracy:  0.10000        0.15000           54.94           -0.02            0.60
inaccuracy:  0.15000        0.20000           62.40           -0.03            0.34
inaccuracy:  0.20000        0.25000           66.21           -0.02            0.23
inaccuracy:  0.25000        0.30000           69.40           -0.02            0.17
inaccuracy:  0.30000        0.35000           70.41           -0.01            0.15
inaccuracy:  0.35000        0.40000           71.56           -0.02            0.13
inaccuracy:  0.40000        0.45000           72.49           -0.02            0.12
inaccuracy:  0.45000        0.50000           73.43           -0.02            0.10
inaccuracy:  0.50000        0.55000           65.02           -0.09            0.15
inaccuracy:  0.55000        0.60000           66.34           -0.12            0.10
inaccuracy:  0.60000        0.65000           64.98           -0.14            0.08
inaccuracy:  0.65000        0.70000           64.78           -0.14            0.06
inaccuracy:  0.70000        0.75000           65.42           -0.14            0.05
inaccuracy:  0.75000        0.80000           63.94           -0.13            0.05
inaccuracy:  0.80000        0.85000           64.53           -0.12            0.05
inaccuracy:  0.85000        0.90000           64.70           -0.13            0.06
inaccuracy:  0.90000        0.95000           64.46           -0.11            0.07
inaccuracy:  0.95000        1.00000           64.23           -0.11            0.07
===================================================================================================================================
                BAR        
-----------------------------------------------------------------------------------------------------------------------------------
BAR-estimator:         λ             λ+δλ          ΔΔA             ΔA            C               Δδe            δe       
                          
-----------------------------------------------------------------------------------------------------------------------------------
BAR-estimator:      0.00000        0.05000        1.7635         1.7635         1.7635         0.0074         0.0074 
BAR-estimator:      0.05000        0.10000        1.0073         2.7708         1.0073         0.0074         0.0105 
BAR-estimator:      0.10000        0.15000        0.5421         3.3129         0.5421         0.0058         0.0120 
BAR-estimator:      0.15000        0.20000        0.2898         3.6027         0.2898         0.0043         0.0127 
BAR-estimator:      0.20000        0.25000        0.1507         3.7534         0.1507         0.0034         0.0132 
BAR-estimator:      0.25000        0.30000        0.0693         3.8226         0.0693         0.0027         0.0135 
BAR-estimator:      0.30000        0.35000        0.0202         3.8428         0.0202         0.0030         0.0138 
BAR-estimator:      0.35000        0.40000       -0.0185         3.8242        -0.0185         0.0026         0.0140 
BAR-estimator:      0.40000        0.45000       -0.0502         3.7740        -0.0502         0.0026         0.0143 
BAR-estimator:      0.45000        0.50000       -0.0784         3.6956        -0.0784         0.0023         0.0144 
BAR-estimator:      0.50000        0.55000       -0.2173         3.4782        -0.2173         0.0028         0.0147 
BAR-estimator:      0.55000        0.60000       -0.4709         3.0073        -0.4709         0.0028         0.0150 
BAR-estimator:      0.60000        0.65000       -0.6937         2.3137        -0.6937         0.0026         0.0152 
BAR-estimator:      0.65000        0.70000       -0.8789         1.4348        -0.8789         0.0032         0.0155 
BAR-estimator:      0.70000        0.75000       -1.0084         0.4264        -1.0084         0.0031         0.0158 
BAR-estimator:      0.75000        0.80000       -1.0659        -0.6395        -1.0659         0.0028         0.0161 
BAR-estimator:      0.80000        0.85000       -1.0676        -1.7071        -1.0676         0.0030         0.0164 
BAR-estimator:      0.85000        0.90000       -1.0643        -2.7714        -1.0643         0.0028         0.0166 
BAR-estimator:      0.90000        0.95000       -1.0355        -3.8069        -1.0355         0.0032         0.0169 
BAR-estimator:      0.95000        1.00000       -1.0157        -4.8226        -1.0157         0.0029         0.0172 
BAR-estimator: total free energy change is -4.822612405148156 , total error is 0.017157656089395797
