#========================================================================================
#                     Free energy perturbation    
#----------------------------------------------------------------------------------------
#forward/backward          λ              ΔΔA                 ΔA                  δε   
#                                                 
#----------------------------------------------------------------------------------------
forward:               0.0000              0.0000              0.0000              0.0000  
forward:               0.0500              2.3247              2.3247              0.0202  
forward:               0.1000              1.3323              3.6571              0.0254  
forward:               0.1500              0.7110              4.3680              0.0279  
forward:               0.2000              0.3675              4.7355              0.0291  
forward:               0.2500              0.1858              4.9213              0.0297  
forward:               0.3000              0.0677              4.9891              0.0303  
forward:               0.3500             -0.0144              4.9747              0.0306  
forward:               0.4000             -0.0508              4.9239              0.0309  
forward:               0.4500             -0.0910              4.8329              0.0312  
forward:               0.5000             -0.1257              4.7072              0.0314  
forward:               0.5500             -0.2646              4.4426              0.0317  
forward:               0.6000             -0.4641              3.9785              0.0321  
forward:               0.6500             -0.6352              3.3432              0.0324  
forward:               0.7000             -0.7788              2.5645              0.0328  
forward:               0.7500             -0.8872              1.6772              0.0331  
forward:               0.8000             -0.9547              0.7225              0.0339  
forward:               0.8500             -0.9799             -0.2574              0.0342  
forward:               0.9000             -0.9951             -1.2525              0.0345  
forward:               0.9500             -1.0181             -2.2706              0.0351  
forward:               1.0000             -1.0516             -3.3222              0.0381  
backward:              1.0000              0.0000             -3.3222              0.0000  
backward:              0.9500              1.1161             -2.2061              0.0051  
backward:              0.9000              1.0091             -1.1969              0.0096  
backward:              0.8500              0.9948             -0.2022              0.0112  
backward:              0.8000              0.9753              0.7732              0.0126  
backward:              0.7500              0.9412              1.7143              0.0149  
backward:              0.7000              0.8824              2.5967              0.0164  
backward:              0.6500              0.7761              3.3729              0.0173  
backward:              0.6000              0.6358              4.0087              0.0181  
backward:              0.5500              0.4569              4.4656              0.0190  
backward:              0.5000              0.2696              4.7352              0.0198  
backward:              0.4500              0.1278              4.8630              0.0202  
backward:              0.4000              0.0997              4.9627              0.0208  
backward:              0.3500              0.0524              5.0151              0.0215  
backward:              0.3000              0.0131              5.0282              0.0223  
backward:              0.2500             -0.0586              4.9696              0.0232  
backward:              0.2000             -0.1806              4.7891              0.0246  
backward:              0.1500             -0.3724              4.4167              0.0275  
backward:              0.1000             -0.6925              3.7242              0.0313  
backward:              0.0500             -1.3024              2.4218              0.0381  
backward:              0.0000             -2.2429              0.1789              0.0654  
Inaccuracy estimation
======================================================================================================
                   i        i+δi          P0_overlap_P1   δε(forward)/ε   δε(backward)/ε
======================================================================================================
inaccuracy:  0.00000        0.05000           28.07            0.04            2.76
inaccuracy:  0.05000        0.10000           37.58           -0.06            1.64
inaccuracy:  0.10000        0.15000           48.38           -0.05            0.87
inaccuracy:  0.15000        0.20000           56.69           -0.04            0.49
inaccuracy:  0.20000        0.25000           61.24           -0.03            0.32
inaccuracy:  0.25000        0.30000           64.42           -0.03            0.23
inaccuracy:  0.30000        0.35000           67.12           -0.03            0.19
inaccuracy:  0.35000        0.40000           68.11           -0.03            0.17
inaccuracy:  0.40000        0.45000           68.23           -0.03            0.15
inaccuracy:  0.45000        0.50000           69.62           -0.03            0.13
inaccuracy:  0.50000        0.55000           62.53           -0.09            0.17
inaccuracy:  0.55000        0.60000           64.45           -0.11            0.12
inaccuracy:  0.60000        0.65000           64.28           -0.12            0.10
inaccuracy:  0.65000        0.70000           64.63           -0.13            0.08
inaccuracy:  0.70000        0.75000           64.49           -0.11            0.07
inaccuracy:  0.75000        0.80000           64.00           -0.12            0.07
inaccuracy:  0.80000        0.85000           63.97           -0.13            0.07
inaccuracy:  0.85000        0.90000           63.49           -0.12            0.07
inaccuracy:  0.90000        0.95000           63.17           -0.13            0.07
inaccuracy:  0.95000        1.00000           58.04           -0.31            0.08
===================================================================================================================================
                BAR        
-----------------------------------------------------------------------------------------------------------------------------------
BAR-estimator:         λ             λ+δλ          ΔΔA             ΔA            C               Δδe            δe       
                          
-----------------------------------------------------------------------------------------------------------------------------------
BAR-estimator:      0.00000        0.05000        2.3128         2.3128         2.3128         0.0104         0.0104 
BAR-estimator:      0.05000        0.10000        1.3471         3.6599         1.3471         0.0096         0.0141 
BAR-estimator:      0.10000        0.15000        0.7109         4.3708         0.7109         0.0066         0.0156 
BAR-estimator:      0.15000        0.20000        0.3696         4.7404         0.3696         0.0053         0.0165 
BAR-estimator:      0.20000        0.25000        0.1828         4.9232         0.1828         0.0041         0.0170 
BAR-estimator:      0.25000        0.30000        0.0674         4.9906         0.0674         0.0037         0.0173 
BAR-estimator:      0.30000        0.35000       -0.0113         4.9794        -0.0113         0.0032         0.0176 
BAR-estimator:      0.35000        0.40000       -0.0499         4.9295        -0.0499         0.0030         0.0179 
BAR-estimator:      0.40000        0.45000       -0.0943         4.8352        -0.0943         0.0031         0.0182 
BAR-estimator:      0.45000        0.50000       -0.1264         4.7088        -0.1264         0.0026         0.0183 
BAR-estimator:      0.50000        0.55000       -0.2648         4.4440        -0.2648         0.0030         0.0186 
BAR-estimator:      0.55000        0.60000       -0.4644         3.9797        -0.4644         0.0030         0.0188 
BAR-estimator:      0.60000        0.65000       -0.6381         3.3416        -0.6381         0.0029         0.0191 
BAR-estimator:      0.65000        0.70000       -0.7793         2.5623        -0.7793         0.0031         0.0193 
BAR-estimator:      0.70000        0.75000       -0.8839         1.6784        -0.8839         0.0029         0.0195 
BAR-estimator:      0.75000        0.80000       -0.9535         0.7249        -0.9535         0.0039         0.0199 
BAR-estimator:      0.80000        0.85000       -0.9801        -0.2552        -0.9801         0.0031         0.0201 
BAR-estimator:      0.85000        0.90000       -0.9959        -1.2511        -0.9959         0.0034         0.0204 
BAR-estimator:      0.90000        0.95000       -1.0175        -2.2686        -1.0175         0.0039         0.0208 
BAR-estimator:      0.95000        1.00000       -1.0930        -3.3616        -1.0930         0.0062         0.0217 
BAR-estimator: total free energy change is -3.3615963825267348 , total error is 0.02169697767639004
