#========================================================================================
#                     Free energy perturbation    
#----------------------------------------------------------------------------------------
#forward/backward          λ              ΔΔA                 ΔA                  δε   
#                                                 
#----------------------------------------------------------------------------------------
forward:               0.0000              0.0000              0.0000              0.0000  
forward:               0.0500              1.1333              1.1333              0.0102  
forward:               0.1000              0.6261              1.7594              0.0136  
forward:               0.1500              0.3569              2.1162              0.0142  
forward:               0.2000              0.2350              2.3512              0.0149  
forward:               0.2500              0.1465              2.4977              0.0158  
forward:               0.3000              0.0943              2.5920              0.0161  
forward:               0.3500              0.0532              2.6452              0.0164  
forward:               0.4000              0.0285              2.6737              0.0167  
forward:               0.4500              0.0071              2.6808              0.0169  
forward:               0.5000             -0.0100              2.6708              0.0172  
forward:               0.5500             -0.0674              2.6034              0.0174  
forward:               0.6000             -0.1395              2.4639              0.0176  
forward:               0.6500             -0.1936              2.2703              0.0178  
forward:               0.7000             -0.2402              2.0301              0.0181  
forward:               0.7500             -0.2822              1.7479              0.0183  
forward:               0.8000             -0.3193              1.4286              0.0185  
forward:               0.8500             -0.3421              1.0864              0.0187  
forward:               0.9000             -0.3802              0.7063              0.0190  
forward:               0.9500             -0.4012              0.3051              0.0192  
forward:               1.0000             -0.4265             -0.1214              0.0194  
backward:              1.0000              0.0000             -0.1214              0.0000  
backward:              0.9500              0.4246              0.3031              0.0032  
backward:              0.9000              0.4050              0.7082              0.0045  
backward:              0.8500              0.3738              1.0819              0.0054  
backward:              0.8000              0.3434              1.4254              0.0065  
backward:              0.7500              0.3127              1.7380              0.0073  
backward:              0.7000              0.2788              2.0168              0.0080  
backward:              0.6500              0.2479              2.2647              0.0085  
backward:              0.6000              0.1932              2.4579              0.0090  
backward:              0.5500              0.1405              2.5985              0.0096  
backward:              0.5000              0.0613              2.6597              0.0104  
backward:              0.4500              0.0149              2.6747              0.0108  
backward:              0.4000             -0.0069              2.6677              0.0113  
backward:              0.3500             -0.0266              2.6411              0.0119  
backward:              0.3000             -0.0561              2.5850              0.0126  
backward:              0.2500             -0.0972              2.4878              0.0132  
backward:              0.2000             -0.1530              2.3348              0.0143  
backward:              0.1500             -0.2384              2.0964              0.0157  
backward:              0.1000             -0.3569              1.7395              0.0173  
backward:              0.0500             -0.6051              1.1344              0.0203  
backward:              0.0000             -1.0759              0.0585              0.0269  
Inaccuracy estimation
======================================================================================================
                   i        i+δi          P0_overlap_P1   δε(forward)/ε   δε(backward)/ε
======================================================================================================
inaccuracy:  0.00000        0.05000           43.60           -0.03            1.35
inaccuracy:  0.05000        0.10000           56.39           -0.01            0.58
inaccuracy:  0.10000        0.15000           65.42           -0.01            0.30
inaccuracy:  0.15000        0.20000           70.45           -0.01            0.20
inaccuracy:  0.20000        0.25000           73.43           -0.01            0.14
inaccuracy:  0.25000        0.30000           75.38           -0.01            0.12
inaccuracy:  0.30000        0.35000           77.24           -0.01            0.10
inaccuracy:  0.35000        0.40000           76.99           -0.01            0.09
inaccuracy:  0.40000        0.45000           78.46           -0.01            0.08
inaccuracy:  0.45000        0.50000           78.47           -0.01            0.07
inaccuracy:  0.50000        0.55000           75.33           -0.02            0.08
inaccuracy:  0.55000        0.60000           76.06           -0.02            0.07
inaccuracy:  0.60000        0.65000           76.70           -0.03            0.06
inaccuracy:  0.65000        0.70000           76.38           -0.02            0.06
inaccuracy:  0.70000        0.75000           77.48           -0.03            0.05
inaccuracy:  0.75000        0.80000           77.38           -0.03            0.05
inaccuracy:  0.80000        0.85000           76.92           -0.03            0.05
inaccuracy:  0.85000        0.90000           77.76           -0.03            0.05
inaccuracy:  0.90000        0.95000           76.05           -0.03            0.05
inaccuracy:  0.95000        1.00000           76.43           -0.03            0.04
===================================================================================================================================
                BAR        
-----------------------------------------------------------------------------------------------------------------------------------
BAR-estimator:         λ             λ+δλ          ΔΔA             ΔA            C               Δδe            δe       
                          
-----------------------------------------------------------------------------------------------------------------------------------
BAR-estimator:      0.00000        0.05000        1.1297         1.1297         1.1297         0.0061         0.0061 
BAR-estimator:      0.05000        0.10000        0.6246         1.7543         0.6246         0.0048         0.0078 
BAR-estimator:      0.10000        0.15000        0.3586         2.1129         0.3586         0.0038         0.0087 
BAR-estimator:      0.15000        0.20000        0.2366         2.3495         0.2366         0.0031         0.0092 
BAR-estimator:      0.20000        0.25000        0.1474         2.4969         0.1474         0.0034         0.0099 
BAR-estimator:      0.25000        0.30000        0.0960         2.5929         0.0960         0.0024         0.0102 
BAR-estimator:      0.30000        0.35000        0.0544         2.6474         0.0544         0.0022         0.0104 
BAR-estimator:      0.35000        0.40000        0.0280         2.6754         0.0280         0.0022         0.0106 
BAR-estimator:      0.40000        0.45000        0.0065         2.6819         0.0065         0.0020         0.0108 
BAR-estimator:      0.45000        0.50000       -0.0114         2.6705        -0.0114         0.0019         0.0110 
BAR-estimator:      0.50000        0.55000       -0.0660         2.6046        -0.0660         0.0020         0.0111 
BAR-estimator:      0.55000        0.60000       -0.1381         2.4665        -0.1381         0.0021         0.0113 
BAR-estimator:      0.60000        0.65000       -0.1943         2.2722        -0.1943         0.0020         0.0115 
BAR-estimator:      0.65000        0.70000       -0.2433         2.0289        -0.2433         0.0019         0.0117 
BAR-estimator:      0.70000        0.75000       -0.2803         1.7486        -0.2803         0.0019         0.0118 
BAR-estimator:      0.75000        0.80000       -0.3179         1.4307        -0.3179         0.0021         0.0120 
BAR-estimator:      0.80000        0.85000       -0.3429         1.0878        -0.3429         0.0020         0.0122 
BAR-estimator:      0.85000        0.90000       -0.3774         0.7104        -0.3774         0.0019         0.0123 
BAR-estimator:      0.90000        0.95000       -0.4039         0.3065        -0.4039         0.0021         0.0125 
BAR-estimator:      0.95000        1.00000       -0.4257        -0.1192        -0.4257         0.0021         0.0127 
BAR-estimator: total free energy change is -0.11924636988316617 , total error is 0.012684460134551828
