#========================================================================================
#                     Free energy perturbation    
#----------------------------------------------------------------------------------------
#forward/backward          λ              ΔΔA                 ΔA                  δε   
#                                                 
#----------------------------------------------------------------------------------------
forward:               0.0000              0.0000              0.0000              0.0000  
forward:               0.0500              1.9135              1.9135              0.0172  
forward:               0.1000              1.2233              3.1368              0.0237  
forward:               0.1500              0.6413              3.7780              0.0264  
forward:               0.2000              0.3551              4.1331              0.0270  
forward:               0.2500              0.1918              4.3249              0.0277  
forward:               0.3000              0.1004              4.4253              0.0283  
forward:               0.3500              0.0412              4.4665              0.0287  
forward:               0.4000              0.0023              4.4688              0.0290  
forward:               0.4500             -0.0281              4.4407              0.0292  
forward:               0.5000             -0.0604              4.3803              0.0294  
forward:               0.5500             -0.0594              4.3209              0.0296  
forward:               0.6000             -0.0825              4.2384              0.0298  
forward:               0.6500             -0.1020              4.1364              0.0300  
forward:               0.7000             -0.1196              4.0169              0.0301  
forward:               0.7500             -0.1171              3.8998              0.0303  
forward:               0.8000             -0.1290              3.7708              0.0304  
forward:               0.8500             -0.1375              3.6333              0.0305  
forward:               0.9000             -0.1380              3.4953              0.0306  
forward:               0.9500             -0.1532              3.3422              0.0308  
forward:               1.0000             -0.1550              3.1871              0.0309  
backward:              1.0000              0.0000              3.1871              0.0000  
backward:              0.9500              0.1481              3.3353              0.0035  
backward:              0.9000              0.1419              3.4771              0.0053  
backward:              0.8500              0.1430              3.6201              0.0064  
backward:              0.8000              0.1313              3.7514              0.0073  
backward:              0.7500              0.1231              3.8745              0.0081  
backward:              0.7000              0.1202              3.9948              0.0089  
backward:              0.6500              0.1112              4.1059              0.0096  
backward:              0.6000              0.0988              4.2048              0.0103  
backward:              0.5500              0.0839              4.2886              0.0112  
backward:              0.5000              0.0696              4.3583              0.0119  
backward:              0.4500              0.0408              4.3990              0.0128  
backward:              0.4000              0.0265              4.4255              0.0136  
backward:              0.3500             -0.0082              4.4174              0.0145  
backward:              0.3000             -0.0462              4.3712              0.0158  
backward:              0.2500             -0.1111              4.2601              0.0173  
backward:              0.2000             -0.1924              4.0677              0.0189  
backward:              0.1500             -0.3355              3.7323              0.0210  
backward:              0.1000             -0.6454              3.0869              0.0260  
backward:              0.0500             -1.1357              1.9512              0.0329  
backward:              0.0000             -1.9075              0.0436              0.0458  
Inaccuracy estimation
======================================================================================================
                   i        i+δi          P0_overlap_P1   δε(forward)/ε   δε(backward)/ε
======================================================================================================
inaccuracy:  0.00000        0.05000           33.53           -0.01            2.00
inaccuracy:  0.05000        0.10000           39.53           -0.07            1.36
inaccuracy:  0.10000        0.15000           50.80           -0.04            0.76
inaccuracy:  0.15000        0.20000           58.36           -0.03            0.43
inaccuracy:  0.20000        0.25000           64.17           -0.03            0.27
inaccuracy:  0.25000        0.30000           67.47           -0.02            0.21
inaccuracy:  0.30000        0.35000           69.27           -0.02            0.17
inaccuracy:  0.35000        0.40000           70.00           -0.02            0.15
inaccuracy:  0.40000        0.45000           70.72           -0.02            0.13
inaccuracy:  0.45000        0.50000           73.05           -0.02            0.12
inaccuracy:  0.50000        0.55000           70.73           -0.02            0.13
inaccuracy:  0.55000        0.60000           72.00           -0.02            0.12
inaccuracy:  0.60000        0.65000           72.58           -0.02            0.11
inaccuracy:  0.65000        0.70000           73.12           -0.02            0.11
inaccuracy:  0.70000        0.75000           72.07           -0.02            0.11
inaccuracy:  0.75000        0.80000           72.62           -0.03            0.10
inaccuracy:  0.80000        0.85000           73.04           -0.02            0.11
inaccuracy:  0.85000        0.90000           71.91           -0.02            0.10
inaccuracy:  0.90000        0.95000           73.42           -0.02            0.10
inaccuracy:  0.95000        1.00000           73.26           -0.02            0.10
===================================================================================================================================
                BAR        
-----------------------------------------------------------------------------------------------------------------------------------
BAR-estimator:         λ             λ+δλ          ΔΔA             ΔA            C               Δδe            δe       
                          
-----------------------------------------------------------------------------------------------------------------------------------
BAR-estimator:      0.00000        0.05000        1.9046         1.9046         1.9046         0.0072         0.0072 
BAR-estimator:      0.05000        0.10000        1.1840         3.0886         1.1840         0.0076         0.0105 
BAR-estimator:      0.10000        0.15000        0.6437         3.7323         0.6437         0.0074         0.0128 
BAR-estimator:      0.15000        0.20000        0.3502         4.0825         0.3502         0.0050         0.0138 
BAR-estimator:      0.20000        0.25000        0.1917         4.2742         0.1917         0.0040         0.0143 
BAR-estimator:      0.25000        0.30000        0.1030         4.3772         0.1030         0.0036         0.0148 
BAR-estimator:      0.30000        0.35000        0.0419         4.4192         0.0419         0.0035         0.0152 
BAR-estimator:      0.35000        0.40000        0.0037         4.4229         0.0037         0.0027         0.0154 
BAR-estimator:      0.40000        0.45000       -0.0292         4.3937        -0.0292         0.0026         0.0156 
BAR-estimator:      0.45000        0.50000       -0.0541         4.3396        -0.0541         0.0028         0.0159 
BAR-estimator:      0.50000        0.55000       -0.0620         4.2776        -0.0620         0.0025         0.0161 
BAR-estimator:      0.55000        0.60000       -0.0822         4.1954        -0.0822         0.0021         0.0162 
BAR-estimator:      0.60000        0.65000       -0.1010         4.0944        -0.1010         0.0023         0.0164 
BAR-estimator:      0.65000        0.70000       -0.1169         3.9775        -0.1169         0.0023         0.0165 
BAR-estimator:      0.70000        0.75000       -0.1180         3.8595        -0.1180         0.0024         0.0167 
BAR-estimator:      0.75000        0.80000       -0.1288         3.7308        -0.1288         0.0023         0.0169 
BAR-estimator:      0.80000        0.85000       -0.1351         3.5957        -0.1351         0.0023         0.0170 
BAR-estimator:      0.85000        0.90000       -0.1411         3.4546        -0.1411         0.0025         0.0172 
BAR-estimator:      0.90000        0.95000       -0.1482         3.3063        -0.1482         0.0025         0.0174 
BAR-estimator:      0.95000        1.00000       -0.1520         3.1544        -0.1520         0.0023         0.0175 
BAR-estimator: total free energy change is 3.1543721522743318 , total error is 0.017549082414454565
