#========================================================================================
#                     Free energy perturbation    
#----------------------------------------------------------------------------------------
#forward/backward          λ              ΔΔA                 ΔA                  δε   
#                                                 
#----------------------------------------------------------------------------------------
forward:               0.0000              0.0000              0.0000              0.0000  
forward:               0.0500              1.6699              1.6699              0.0153  
forward:               0.1000              1.0327              2.7026              0.0197  
forward:               0.1500              0.6003              3.3028              0.0219  
forward:               0.2000              0.3502              3.6530              0.0230  
forward:               0.2500              0.2264              3.8794              0.0236  
forward:               0.3000              0.1248              4.0042              0.0241  
forward:               0.3500              0.0688              4.0730              0.0245  
forward:               0.4000              0.0226              4.0956              0.0248  
forward:               0.4500             -0.0126              4.0831              0.0250  
forward:               0.5000             -0.0343              4.0487              0.0253  
forward:               0.5500             -0.1434              3.9053              0.0257  
forward:               0.6000             -0.3172              3.5881              0.0260  
forward:               0.6500             -0.4842              3.1039              0.0264  
forward:               0.7000             -0.6126              2.4913              0.0267  
forward:               0.7500             -0.7119              1.7794              0.0269  
forward:               0.8000             -0.7807              0.9988              0.0273  
forward:               0.8500             -0.8197              0.1790              0.0275  
forward:               0.9000             -0.8488             -0.6698              0.0278  
forward:               0.9500             -0.8674             -1.5372              0.0280  
forward:               1.0000             -0.8842             -2.4214              0.0281  
backward:              1.0000              0.0000             -2.4214              0.0000  
backward:              0.9500              0.8782             -1.5433              0.0044  
backward:              0.9000              0.8621             -0.6811              0.0066  
backward:              0.8500              0.8576              0.1765              0.0080  
backward:              0.8000              0.8281              1.0046              0.0093  
backward:              0.7500              0.7709              1.7755              0.0104  
backward:              0.7000              0.7201              2.4956              0.0114  
backward:              0.6500              0.6068              3.1024              0.0125  
backward:              0.6000              0.4755              3.5779              0.0134  
backward:              0.5500              0.3014              3.8793              0.0142  
backward:              0.5000              0.1371              4.0163              0.0152  
backward:              0.4500              0.0356              4.0520              0.0160  
backward:              0.4000              0.0049              4.0569              0.0169  
backward:              0.3500             -0.0235              4.0334              0.0176  
backward:              0.3000             -0.0622              3.9713              0.0188  
backward:              0.2500             -0.1233              3.8479              0.0198  
backward:              0.2000             -0.2090              3.6389              0.0212  
backward:              0.1500             -0.4135              3.2254              0.0400  
backward:              0.1000             -0.6027              2.6227              0.0430  
backward:              0.0500             -1.0166              1.6062              0.0476  
backward:              0.0000             -1.6289             -0.0228              0.0532  
Inaccuracy estimation
======================================================================================================
                   i        i+δi          P0_overlap_P1   δε(forward)/ε   δε(backward)/ε
======================================================================================================
inaccuracy:  0.00000        0.05000           36.00           -0.03            1.82
inaccuracy:  0.05000        0.10000           44.97           -0.04            1.12
inaccuracy:  0.10000        0.15000           53.54           -0.03            0.64
inaccuracy:  0.15000        0.20000           60.90           -0.03            0.37
inaccuracy:  0.20000        0.25000           63.35           -0.02            0.28
inaccuracy:  0.25000        0.30000           66.46           -0.02            0.20
inaccuracy:  0.30000        0.35000           67.61           -0.02            0.18
inaccuracy:  0.35000        0.40000           69.83           -0.02            0.16
inaccuracy:  0.40000        0.45000           71.24           -0.02            0.13
inaccuracy:  0.45000        0.50000           70.76           -0.02            0.13
inaccuracy:  0.50000        0.55000           66.11           -0.07            0.15
inaccuracy:  0.55000        0.60000           66.78           -0.09            0.12
inaccuracy:  0.60000        0.65000           66.49           -0.09            0.11
inaccuracy:  0.65000        0.70000           66.44           -0.08            0.09
inaccuracy:  0.70000        0.75000           66.41           -0.09            0.08
inaccuracy:  0.75000        0.80000           67.12           -0.09            0.07
inaccuracy:  0.80000        0.85000           66.33           -0.10            0.07
inaccuracy:  0.85000        0.90000           65.87           -0.09            0.07
inaccuracy:  0.90000        0.95000           66.21           -0.10            0.07
inaccuracy:  0.95000        1.00000           66.21           -0.10            0.07
===================================================================================================================================
                BAR        
-----------------------------------------------------------------------------------------------------------------------------------
BAR-estimator:         λ             λ+δλ          ΔΔA             ΔA            C               Δδe            δe       
                          
-----------------------------------------------------------------------------------------------------------------------------------
BAR-estimator:      0.00000        0.05000        1.6792         1.6792         1.6792         0.0071         0.0071 
BAR-estimator:      0.05000        0.10000        1.0399         2.7192         1.0399         0.0070         0.0100 
BAR-estimator:      0.10000        0.15000        0.6077         3.3269         0.6077         0.0058         0.0115 
BAR-estimator:      0.15000        0.20000        0.3557         3.6826         0.3557         0.0046         0.0124 
BAR-estimator:      0.20000        0.25000        0.2208         3.9034         0.2208         0.0035         0.0129 
BAR-estimator:      0.25000        0.30000        0.1225         4.0259         0.1225         0.0035         0.0134 
BAR-estimator:      0.30000        0.35000        0.0674         4.0933         0.0674         0.0030         0.0137 
BAR-estimator:      0.35000        0.40000        0.0235         4.1169         0.0235         0.0028         0.0140 
BAR-estimator:      0.40000        0.45000       -0.0105         4.1064        -0.0105         0.0024         0.0142 
BAR-estimator:      0.45000        0.50000       -0.0357         4.0707        -0.0357         0.0026         0.0144 
BAR-estimator:      0.50000        0.55000       -0.1400         3.9307        -0.1400         0.0029         0.0147 
BAR-estimator:      0.55000        0.60000       -0.3099         3.6207        -0.3099         0.0027         0.0150 
BAR-estimator:      0.60000        0.65000       -0.4786         3.1421        -0.4786         0.0029         0.0152 
BAR-estimator:      0.65000        0.70000       -0.6106         2.5315        -0.6106         0.0031         0.0156 
BAR-estimator:      0.70000        0.75000       -0.7148         1.8167        -0.7148         0.0026         0.0158 
BAR-estimator:      0.75000        0.80000       -0.7768         1.0400        -0.7768         0.0028         0.0160 
BAR-estimator:      0.80000        0.85000       -0.8231         0.2169        -0.8231         0.0029         0.0163 
BAR-estimator:      0.85000        0.90000       -0.8525        -0.6357        -0.8525         0.0034         0.0166 
BAR-estimator:      0.90000        0.95000       -0.8679        -1.5035        -0.8679         0.0030         0.0169 
BAR-estimator:      0.95000        1.00000       -0.8802        -2.3837        -0.8802         0.0027         0.0171 
BAR-estimator: total free energy change is -2.3837227058448667 , total error is 0.01709718998797399
