#========================================================================================
#                     Free energy perturbation    
#----------------------------------------------------------------------------------------
#forward/backward          λ              ΔΔA                 ΔA                  δε   
#                                                 
#----------------------------------------------------------------------------------------
forward:               0.0000              0.0000              0.0000              0.0000  
forward:               0.0500              2.3077              2.3077              0.0228  
forward:               0.1000              1.3454              3.6530              0.0277  
forward:               0.1500              0.7087              4.3618              0.0299  
forward:               0.2000              0.3825              4.7443              0.0309  
forward:               0.2500              0.2008              4.9451              0.0315  
forward:               0.3000              0.0935              5.0386              0.0320  
forward:               0.3500              0.0193              5.0579              0.0323  
forward:               0.4000             -0.0320              5.0259              0.0326  
forward:               0.4500             -0.0620              4.9639              0.0327  
forward:               0.5000             -0.0970              4.8669              0.0330  
forward:               0.5500             -0.2373              4.6296              0.0333  
forward:               0.6000             -0.4415              4.1881              0.0336  
forward:               0.6500             -0.6148              3.5733              0.0339  
forward:               0.7000             -0.7495              2.8238              0.0341  
forward:               0.7500             -0.8654              1.9584              0.0344  
forward:               0.8000             -0.9652              0.9932              0.0347  
forward:               0.8500             -1.0302             -0.0369              0.0349  
forward:               0.9000             -1.0965             -1.1335              0.0351  
forward:               0.9500             -1.1349             -2.2683              0.0353  
forward:               1.0000             -1.1801             -3.4484              0.0355  
backward:              1.0000              0.0000             -3.4484              0.0000  
backward:              0.9500              1.1765             -2.2719              0.0049  
backward:              0.9000              1.1324             -1.1395              0.0078  
backward:              0.8500              1.0761             -0.0634              0.0092  
backward:              0.8000              1.0302              0.9668              0.0107  
backward:              0.7500              0.9620              1.9289              0.0120  
backward:              0.7000              0.8587              2.7876              0.0132  
backward:              0.6500              0.7507              3.5383              0.0142  
backward:              0.6000              0.6150              4.1533              0.0151  
backward:              0.5500              0.4346              4.5879              0.0160  
backward:              0.5000              0.2251              4.8131              0.0170  
backward:              0.4500              0.0828              4.8958              0.0238  
backward:              0.4000              0.0678              4.9636              0.0243  
backward:              0.3500              0.0330              4.9966              0.0250  
backward:              0.3000             -0.0096              4.9870              0.0257  
backward:              0.2500             -0.0827              4.9043              0.0266  
backward:              0.2000             -0.1999              4.7044              0.0285  
backward:              0.1500             -0.3610              4.3434              0.0308  
backward:              0.1000             -0.6789              3.6644              0.0348  
backward:              0.0500             -1.3203              2.3441              0.0423  
backward:              0.0000             -2.2394              0.1047              0.0586  
Inaccuracy estimation
======================================================================================================
                   i        i+δi          P0_overlap_P1   δε(forward)/ε   δε(backward)/ε
======================================================================================================
inaccuracy:  0.00000        0.05000           28.28            0.04            2.70
inaccuracy:  0.05000        0.10000           37.88           -0.06            1.64
inaccuracy:  0.10000        0.15000           48.25           -0.05            0.87
inaccuracy:  0.15000        0.20000           56.92           -0.04            0.47
inaccuracy:  0.20000        0.25000           61.98           -0.03            0.31
inaccuracy:  0.25000        0.30000           65.48           -0.03            0.24
inaccuracy:  0.30000        0.35000           67.12           -0.03            0.19
inaccuracy:  0.35000        0.40000           68.76           -0.03            0.15
inaccuracy:  0.40000        0.45000           69.56           -0.03            0.14
inaccuracy:  0.45000        0.50000           70.86           -0.02            0.13
inaccuracy:  0.50000        0.55000           63.81           -0.08            0.17
inaccuracy:  0.55000        0.60000           65.00           -0.10            0.12
inaccuracy:  0.60000        0.65000           65.69           -0.10            0.09
inaccuracy:  0.65000        0.70000           65.93           -0.11            0.08
inaccuracy:  0.70000        0.75000           66.12           -0.10            0.06
inaccuracy:  0.75000        0.80000           65.88           -0.12            0.05
inaccuracy:  0.80000        0.85000           64.97           -0.11            0.05
inaccuracy:  0.85000        0.90000           66.26           -0.10            0.04
inaccuracy:  0.90000        0.95000           64.87           -0.13            0.04
inaccuracy:  0.95000        1.00000           65.23           -0.12            0.04
===================================================================================================================================
                BAR        
-----------------------------------------------------------------------------------------------------------------------------------
BAR-estimator:         λ             λ+δλ          ΔΔA             ΔA            C               Δδe            δe       
                          
-----------------------------------------------------------------------------------------------------------------------------------
BAR-estimator:      0.00000        0.05000        2.3176         2.3176         2.3176         0.0092         0.0092 
BAR-estimator:      0.05000        0.10000        1.3503         3.6679         1.3503         0.0082         0.0123 
BAR-estimator:      0.10000        0.15000        0.7051         4.3730         0.7051         0.0073         0.0143 
BAR-estimator:      0.15000        0.20000        0.3765         4.7495         0.3765         0.0053         0.0153 
BAR-estimator:      0.20000        0.25000        0.1981         4.9476         0.1981         0.0041         0.0158 
BAR-estimator:      0.25000        0.30000        0.0946         5.0423         0.0946         0.0040         0.0163 
BAR-estimator:      0.30000        0.35000        0.0164         5.0587         0.0164         0.0034         0.0167 
BAR-estimator:      0.35000        0.40000       -0.0352         5.0235        -0.0352         0.0034         0.0170 
BAR-estimator:      0.40000        0.45000       -0.0652         4.9583        -0.0652         0.0026         0.0172 
BAR-estimator:      0.45000        0.50000       -0.0979         4.8604        -0.0979         0.0027         0.0174 
BAR-estimator:      0.50000        0.55000       -0.2321         4.6284        -0.2321         0.0031         0.0177 
BAR-estimator:      0.55000        0.60000       -0.4420         4.1863        -0.4420         0.0028         0.0179 
BAR-estimator:      0.60000        0.65000       -0.6145         3.5718        -0.6145         0.0028         0.0181 
BAR-estimator:      0.65000        0.70000       -0.7503         2.8215        -0.7503         0.0029         0.0184 
BAR-estimator:      0.70000        0.75000       -0.8639         1.9576        -0.8639         0.0029         0.0186 
BAR-estimator:      0.75000        0.80000       -0.9652         0.9925        -0.9652         0.0030         0.0188 
BAR-estimator:      0.80000        0.85000       -1.0308        -0.0384        -1.0308         0.0034         0.0191 
BAR-estimator:      0.85000        0.90000       -1.0874        -1.1257        -1.0874         0.0031         0.0194 
BAR-estimator:      0.90000        0.95000       -1.1344        -2.2602        -1.1344         0.0032         0.0197 
BAR-estimator:      0.95000        1.00000       -1.1743        -3.4345        -1.1743         0.0030         0.0199 
BAR-estimator: total free energy change is -3.4345214931882664 , total error is 0.019878780585924922
