#========================================================================================
#                     Free energy perturbation    
#----------------------------------------------------------------------------------------
#forward/backward          λ              ΔΔA                 ΔA                  δε   
#                                                 
#----------------------------------------------------------------------------------------
forward:               0.0000              0.0000              0.0000              0.0000  
forward:               0.0500              0.6232              0.6232              0.0058  
forward:               0.1000              0.3923              1.0156              0.0071  
forward:               0.1500              0.2790              1.2946              0.0083  
forward:               0.2000              0.2077              1.5023              0.0091  
forward:               0.2500              0.1721              1.6744              0.0097  
forward:               0.3000              0.1352              1.8096              0.0103  
forward:               0.3500              0.1155              1.9251              0.0107  
forward:               0.4000              0.0988              2.0239              0.0110  
forward:               0.4500              0.0895              2.1133              0.0113  
forward:               0.5000              0.0767              2.1901              0.0116  
forward:               0.5500              0.0758              2.2658              0.0118  
forward:               0.6000              0.0624              2.3282              0.0121  
forward:               0.6500              0.0522              2.3804              0.0123  
forward:               0.7000              0.0439              2.4243              0.0125  
forward:               0.7500              0.0357              2.4599              0.0126  
forward:               0.8000              0.0299              2.4899              0.0128  
forward:               0.8500              0.0272              2.5170              0.0130  
forward:               0.9000              0.0247              2.5417              0.0131  
forward:               0.9500              0.0238              2.5655              0.0133  
forward:               1.0000              0.0199              2.5854              0.0135  
backward:              1.0000              0.0000              2.5854              0.0000  
backward:              0.9500             -0.0169              2.5685              0.0025  
backward:              0.9000             -0.0184              2.5501              0.0035  
backward:              0.8500             -0.0227              2.5273              0.0043  
backward:              0.8000             -0.0289              2.4984              0.0051  
backward:              0.7500             -0.0294              2.4690              0.0057  
backward:              0.7000             -0.0372              2.4317              0.0063  
backward:              0.6500             -0.0464              2.3854              0.0069  
backward:              0.6000             -0.0537              2.3316              0.0075  
backward:              0.5500             -0.0625              2.2691              0.0084  
backward:              0.5000             -0.0802              2.1889              0.0090  
backward:              0.4500             -0.0827              2.1062              0.0096  
backward:              0.4000             -0.0905              2.0157              0.0103  
backward:              0.3500             -0.0991              1.9166              0.0112  
backward:              0.3000             -0.1233              1.7933              0.0117  
backward:              0.2500             -0.1360              1.6573              0.0123  
backward:              0.2000             -0.1655              1.4918              0.0129  
backward:              0.1500             -0.2079              1.2839              0.0137  
backward:              0.1000             -0.2761              1.0078              0.0147  
backward:              0.0500             -0.4032              0.6046              0.0172  
backward:              0.0000             -0.6193             -0.0147              0.0197  
Inaccuracy estimation
======================================================================================================
                   i        i+δi          P0_overlap_P1   δε(forward)/ε   δε(backward)/ε
======================================================================================================
inaccuracy:  0.00000        0.05000           57.89           -0.01            0.48
inaccuracy:  0.05000        0.10000           66.75           -0.00            0.31
inaccuracy:  0.10000        0.15000           71.32           -0.01            0.20
inaccuracy:  0.15000        0.20000           74.90           -0.00            0.15
inaccuracy:  0.20000        0.25000           75.83           -0.01            0.12
inaccuracy:  0.25000        0.30000           77.91           -0.00            0.10
inaccuracy:  0.30000        0.35000           79.04           -0.01            0.09
inaccuracy:  0.35000        0.40000           78.90           -0.00            0.09
inaccuracy:  0.40000        0.45000           79.23           -0.00            0.08
inaccuracy:  0.45000        0.50000           80.03           -0.00            0.08
inaccuracy:  0.50000        0.55000           79.83           -0.01            0.08
inaccuracy:  0.55000        0.60000           79.79           -0.01            0.07
inaccuracy:  0.60000        0.65000           80.09           -0.01            0.07
inaccuracy:  0.65000        0.70000           80.11           -0.01            0.07
inaccuracy:  0.70000        0.75000           80.09           -0.01            0.06
inaccuracy:  0.75000        0.80000           80.28           -0.01            0.07
inaccuracy:  0.80000        0.85000           80.47           -0.01            0.07
inaccuracy:  0.85000        0.90000           80.20           -0.01            0.07
inaccuracy:  0.90000        0.95000           79.00           -0.01            0.07
inaccuracy:  0.95000        1.00000           79.73           -0.01            0.07
===================================================================================================================================
                BAR        
-----------------------------------------------------------------------------------------------------------------------------------
BAR-estimator:         λ             λ+δλ          ΔΔA             ΔA            C               Δδe            δe       
                          
-----------------------------------------------------------------------------------------------------------------------------------
BAR-estimator:      0.00000        0.05000        0.6194         0.6194         0.6194         0.0040         0.0040 
BAR-estimator:      0.05000        0.10000        0.3926         1.0120         0.3926         0.0028         0.0049 
BAR-estimator:      0.10000        0.15000        0.2777         1.2897         0.2777         0.0030         0.0058 
BAR-estimator:      0.15000        0.20000        0.2089         1.4987         0.2089         0.0026         0.0063 
BAR-estimator:      0.20000        0.25000        0.1702         1.6688         0.1702         0.0019         0.0066 
BAR-estimator:      0.25000        0.30000        0.1362         1.8050         0.1362         0.0023         0.0070 
BAR-estimator:      0.30000        0.35000        0.1181         1.9231         0.1181         0.0020         0.0073 
BAR-estimator:      0.35000        0.40000        0.0994         2.0225         0.0994         0.0020         0.0075 
BAR-estimator:      0.40000        0.45000        0.0887         2.1112         0.0887         0.0020         0.0078 
BAR-estimator:      0.45000        0.50000        0.0784         2.1896         0.0784         0.0019         0.0080 
BAR-estimator:      0.50000        0.55000        0.0778         2.2674         0.0778         0.0019         0.0082 
BAR-estimator:      0.55000        0.60000        0.0631         2.3305         0.0631         0.0018         0.0084 
BAR-estimator:      0.60000        0.65000        0.0527         2.3832         0.0527         0.0018         0.0086 
BAR-estimator:      0.65000        0.70000        0.0448         2.4281         0.0448         0.0017         0.0088 
BAR-estimator:      0.70000        0.75000        0.0355         2.4636         0.0355         0.0015         0.0089 
BAR-estimator:      0.75000        0.80000        0.0298         2.4934         0.0298         0.0017         0.0091 
BAR-estimator:      0.80000        0.85000        0.0273         2.5208         0.0273         0.0018         0.0093 
BAR-estimator:      0.85000        0.90000        0.0251         2.5459         0.0251         0.0017         0.0094 
BAR-estimator:      0.90000        0.95000        0.0210         2.5668         0.0210         0.0016         0.0096 
BAR-estimator:      0.95000        1.00000        0.0194         2.5862         0.0194         0.0019         0.0097 
BAR-estimator: total free energy change is 2.586208249218651 , total error is 0.00973139201776464
