#========================================================================================
#                     Free energy perturbation    
#----------------------------------------------------------------------------------------
#forward/backward          λ              ΔΔA                 ΔA                  δε   
#                                                 
#----------------------------------------------------------------------------------------
forward:               0.0000              0.0000              0.0000              0.0000  
forward:               0.0500              1.4951              1.4951              0.0135  
forward:               0.1000              0.9203              2.4154              0.0173  
forward:               0.1500              0.5729              2.9883              0.0193  
forward:               0.2000              0.3514              3.3397              0.0203  
forward:               0.2500              0.2139              3.5537              0.0211  
forward:               0.3000              0.1474              3.7011              0.0218  
forward:               0.3500              0.0871              3.7881              0.0222  
forward:               0.4000              0.0452              3.8334              0.0225  
forward:               0.4500              0.0183              3.8516              0.0229  
forward:               0.5000             -0.0057              3.8460              0.0231  
forward:               0.5500             -0.0497              3.7963              0.0235  
forward:               0.6000             -0.1508              3.6455              0.0238  
forward:               0.6500             -0.2497              3.3957              0.0241  
forward:               0.7000             -0.3547              3.0410              0.0245  
forward:               0.7500             -0.4169              2.6242              0.0248  
forward:               0.8000             -0.4563              2.1679              0.0251  
forward:               0.8500             -0.4687              1.6992              0.0253  
forward:               0.9000             -0.4701              1.2292              0.0255  
forward:               0.9500             -0.4692              0.7599              0.0257  
forward:               1.0000             -0.4553              0.3046              0.0258  
backward:              1.0000              0.0000              0.3046              0.0000  
backward:              0.9500              0.4608              0.7653              0.0041  
backward:              0.9000              0.4627              1.2280              0.0058  
backward:              0.8500              0.4671              1.6951              0.0073  
backward:              0.8000              0.4740              2.1691              0.0084  
backward:              0.7500              0.4540              2.6231              0.0096  
backward:              0.7000              0.4053              3.0284              0.0106  
backward:              0.6500              0.3368              3.3652              0.0118  
backward:              0.6000              0.2345              3.5996              0.0131  
backward:              0.5500              0.1478              3.7475              0.0138  
backward:              0.5000              0.0484              3.7958              0.0150  
backward:              0.4500             -0.0018              3.7940              0.0157  
backward:              0.4000             -0.0150              3.7790              0.0165  
backward:              0.3500             -0.0527              3.7263              0.0175  
backward:              0.3000             -0.0797              3.6466              0.0182  
backward:              0.2500             -0.1413              3.5052              0.0191  
backward:              0.2000             -0.2225              3.2827              0.0206  
backward:              0.1500             -0.3388              2.9439              0.0226  
backward:              0.1000             -0.5752              2.3686              0.0268  
backward:              0.0500             -1.0995              1.2692              0.1658  
backward:              0.0000             -1.4387             -0.1696              0.1671  
Inaccuracy estimation
======================================================================================================
                   i        i+δi          P0_overlap_P1   δε(forward)/ε   δε(backward)/ε
======================================================================================================
inaccuracy:  0.00000        0.05000           38.66           -0.03            1.54
inaccuracy:  0.05000        0.10000           48.01           -0.04            0.93
inaccuracy:  0.10000        0.15000           55.03           -0.03            0.55
inaccuracy:  0.15000        0.20000           61.17           -0.02            0.37
inaccuracy:  0.20000        0.25000           66.05           -0.02            0.24
inaccuracy:  0.25000        0.30000           67.18           -0.02            0.21
inaccuracy:  0.30000        0.35000           69.25           -0.02            0.16
inaccuracy:  0.35000        0.40000           71.68           -0.01            0.15
inaccuracy:  0.40000        0.45000           70.63           -0.02            0.14
inaccuracy:  0.45000        0.50000           73.07           -0.02            0.13
inaccuracy:  0.50000        0.55000           69.29           -0.05            0.14
inaccuracy:  0.55000        0.60000           69.99           -0.06            0.12
inaccuracy:  0.60000        0.65000           69.63           -0.06            0.11
inaccuracy:  0.65000        0.70000           70.14           -0.06            0.10
inaccuracy:  0.70000        0.75000           70.10           -0.05            0.09
inaccuracy:  0.75000        0.80000           69.77           -0.06            0.08
inaccuracy:  0.80000        0.85000           69.67           -0.06            0.09
inaccuracy:  0.85000        0.90000           69.83           -0.05            0.09
inaccuracy:  0.90000        0.95000           69.71           -0.06            0.09
inaccuracy:  0.95000        1.00000           68.71           -0.05            0.10
===================================================================================================================================
                BAR        
-----------------------------------------------------------------------------------------------------------------------------------
BAR-estimator:         λ             λ+δλ          ΔΔA             ΔA            C               Δδe            δe       
                          
-----------------------------------------------------------------------------------------------------------------------------------
BAR-estimator:      0.00000        0.05000        1.4877         1.4877         1.4877         0.0066         0.0066 
BAR-estimator:      0.05000        0.10000        0.9316         2.4193         0.9316         0.0061         0.0090 
BAR-estimator:      0.10000        0.15000        0.5685         2.9878         0.5685         0.0054         0.0105 
BAR-estimator:      0.15000        0.20000        0.3486         3.3364         0.3486         0.0044         0.0114 
BAR-estimator:      0.20000        0.25000        0.2157         3.5521         0.2157         0.0034         0.0118 
BAR-estimator:      0.25000        0.30000        0.1428         3.6949         0.1428         0.0037         0.0124 
BAR-estimator:      0.30000        0.35000        0.0850         3.7799         0.0850         0.0030         0.0128 
BAR-estimator:      0.35000        0.40000        0.0485         3.8284         0.0485         0.0029         0.0131 
BAR-estimator:      0.40000        0.45000        0.0167         3.8451         0.0167         0.0023         0.0133 
BAR-estimator:      0.45000        0.50000       -0.0019         3.8431        -0.0019         0.0025         0.0135 
BAR-estimator:      0.50000        0.55000       -0.0508         3.7923        -0.0508         0.0027         0.0138 
BAR-estimator:      0.55000        0.60000       -0.1509         3.6415        -0.1509         0.0027         0.0141 
BAR-estimator:      0.60000        0.65000       -0.2455         3.3959        -0.2455         0.0038         0.0146 
BAR-estimator:      0.65000        0.70000       -0.3463         3.0496        -0.3463         0.0029         0.0148 
BAR-estimator:      0.70000        0.75000       -0.4134         2.6362        -0.4134         0.0027         0.0151 
BAR-estimator:      0.75000        0.80000       -0.4574         2.1788        -0.4574         0.0027         0.0153 
BAR-estimator:      0.80000        0.85000       -0.4683         1.7104        -0.4683         0.0027         0.0156 
BAR-estimator:      0.85000        0.90000       -0.4692         1.2412        -0.4692         0.0027         0.0158 
BAR-estimator:      0.90000        0.95000       -0.4665         0.7747        -0.4665         0.0024         0.0160 
BAR-estimator:      0.95000        1.00000       -0.4580         0.3167        -0.4580         0.0026         0.0162 
BAR-estimator: total free energy change is 0.3167363902266764 , total error is 0.016194748998141693
