#========================================================================================
#                     Free energy perturbation    
#----------------------------------------------------------------------------------------
#forward/backward          λ              ΔΔA                 ΔA                  δε   
#                                                 
#----------------------------------------------------------------------------------------
forward:               0.0000              0.0000              0.0000              0.0000  
forward:               0.0500              0.8254              0.8254              0.0077  
forward:               0.1000              0.5292              1.3546              0.0100  
forward:               0.1500              0.3293              1.6839              0.0113  
forward:               0.2000              0.2192              1.9031              0.0119  
forward:               0.2500              0.1436              2.0467              0.0125  
forward:               0.3000              0.0978              2.1445              0.0130  
forward:               0.3500              0.0656              2.2101              0.0134  
forward:               0.4000              0.0376              2.2477              0.0137  
forward:               0.4500              0.0195              2.2672              0.0140  
forward:               0.5000             -0.0035              2.2637              0.0142  
forward:               0.5500             -0.1053              2.1584              0.0146  
forward:               0.6000             -0.2832              1.8752              0.0150  
forward:               0.6500             -0.4469              1.4283              0.0154  
forward:               0.7000             -0.5780              0.8502              0.0159  
forward:               0.7500             -0.6743              0.1759              0.0162  
forward:               0.8000             -0.7310             -0.5551              0.0166  
forward:               0.8500             -0.7658             -1.3209              0.0168  
forward:               0.9000             -0.7664             -2.0873              0.0171  
forward:               0.9500             -0.7731             -2.8604              0.0173  
forward:               1.0000             -0.7676             -3.6279              0.0176  
backward:              1.0000              0.0000             -3.6279              0.0000  
backward:              0.9500              0.7640             -2.8640              0.0039  
backward:              0.9000              0.7676             -2.0964              0.0055  
backward:              0.8500              0.7754             -1.3209              0.0068  
backward:              0.8000              0.7545             -0.5664              0.0078  
backward:              0.7500              0.7261              0.1597              0.0088  
backward:              0.7000              0.6709              0.8305              0.0097  
backward:              0.6500              0.5761              1.4066              0.0105  
backward:              0.6000              0.4408              1.8474              0.0111  
backward:              0.5500              0.2800              2.1274              0.0120  
backward:              0.5000              0.1023              2.2297              0.0127  
backward:              0.4500             -0.0055              2.2242              0.0132  
backward:              0.4000             -0.0247              2.1994              0.0139  
backward:              0.3500             -0.0410              2.1584              0.0144  
backward:              0.3000             -0.0648              2.0935              0.0147  
backward:              0.2500             -0.1026              1.9909              0.0154  
backward:              0.2000             -0.1532              1.8377              0.0162  
backward:              0.1500             -0.2148              1.6230              0.0172  
backward:              0.1000             -0.3481              1.2748              0.0189  
backward:              0.0500             -0.5474              0.7274              0.0219  
backward:              0.0000             -0.8122             -0.0848              0.0253  
Inaccuracy estimation
======================================================================================================
                   i        i+δi          P0_overlap_P1   δε(forward)/ε   δε(backward)/ε
======================================================================================================
inaccuracy:  0.00000        0.05000           51.77           -0.02            0.71
inaccuracy:  0.05000        0.10000           60.48           -0.02            0.46
inaccuracy:  0.10000        0.15000           66.44           -0.01            0.28
inaccuracy:  0.15000        0.20000           69.66           -0.01            0.21
inaccuracy:  0.20000        0.25000           73.61           -0.01            0.15
inaccuracy:  0.25000        0.30000           74.79           -0.01            0.13
inaccuracy:  0.30000        0.35000           75.13           -0.01            0.11
inaccuracy:  0.35000        0.40000           76.29           -0.01            0.10
inaccuracy:  0.40000        0.45000           76.60           -0.01            0.09
inaccuracy:  0.45000        0.50000           78.14           -0.01            0.09
inaccuracy:  0.50000        0.55000           69.91           -0.06            0.11
inaccuracy:  0.55000        0.60000           70.12           -0.08            0.09
inaccuracy:  0.60000        0.65000           70.11           -0.08            0.07
inaccuracy:  0.65000        0.70000           70.32           -0.07            0.06
inaccuracy:  0.70000        0.75000           70.90           -0.07            0.05
inaccuracy:  0.75000        0.80000           70.43           -0.08            0.05
inaccuracy:  0.80000        0.85000           70.92           -0.06            0.05
inaccuracy:  0.85000        0.90000           69.13           -0.08            0.06
inaccuracy:  0.90000        0.95000           69.94           -0.07            0.06
inaccuracy:  0.95000        1.00000           69.57           -0.07            0.06
===================================================================================================================================
                BAR        
-----------------------------------------------------------------------------------------------------------------------------------
BAR-estimator:         λ             λ+δλ          ΔΔA             ΔA            C               Δδe            δe       
                          
-----------------------------------------------------------------------------------------------------------------------------------
BAR-estimator:      0.00000        0.05000        0.8260         0.8260         0.8260         0.0048         0.0048 
BAR-estimator:      0.05000        0.10000        0.5371         1.3630         0.5371         0.0042         0.0063 
BAR-estimator:      0.10000        0.15000        0.3343         1.6973         0.3343         0.0037         0.0073 
BAR-estimator:      0.15000        0.20000        0.2184         1.9158         0.2184         0.0033         0.0080 
BAR-estimator:      0.20000        0.25000        0.1475         2.0633         0.1475         0.0026         0.0084 
BAR-estimator:      0.25000        0.30000        0.1003         2.1636         0.1003         0.0026         0.0088 
BAR-estimator:      0.30000        0.35000        0.0651         2.2287         0.0651         0.0022         0.0091 
BAR-estimator:      0.35000        0.40000        0.0379         2.2666         0.0379         0.0022         0.0094 
BAR-estimator:      0.40000        0.45000        0.0193         2.2859         0.0193         0.0019         0.0096 
BAR-estimator:      0.45000        0.50000       -0.0003         2.2856        -0.0003         0.0018         0.0097 
BAR-estimator:      0.50000        0.55000       -0.1031         2.1825        -0.1031         0.0022         0.0100 
BAR-estimator:      0.55000        0.60000       -0.2816         1.9009        -0.2816         0.0023         0.0103 
BAR-estimator:      0.60000        0.65000       -0.4437         1.4572        -0.4437         0.0025         0.0105 
BAR-estimator:      0.65000        0.70000       -0.5786         0.8786        -0.5786         0.0026         0.0109 
BAR-estimator:      0.70000        0.75000       -0.6724         0.2063        -0.6724         0.0025         0.0111 
BAR-estimator:      0.75000        0.80000       -0.7314        -0.5251        -0.7314         0.0024         0.0114 
BAR-estimator:      0.80000        0.85000       -0.7593        -1.2844        -0.7593         0.0024         0.0116 
BAR-estimator:      0.85000        0.90000       -0.7700        -2.0545        -0.7700         0.0025         0.0119 
BAR-estimator:      0.90000        0.95000       -0.7717        -2.8262        -0.7717         0.0025         0.0122 
BAR-estimator:      0.95000        1.00000       -0.7633        -3.5895        -0.7633         0.0024         0.0124 
BAR-estimator: total free energy change is -3.589537093791455 , total error is 0.01239712692388774
