#========================================================================================
#                     Free energy perturbation    
#----------------------------------------------------------------------------------------
#forward/backward          λ              ΔΔA                 ΔA                  δε   
#                                                 
#----------------------------------------------------------------------------------------
forward:               0.0000              0.0000              0.0000              0.0000  
forward:               0.0500              1.4330              1.4330              0.0127  
forward:               0.1000              0.8769              2.3100              0.0164  
forward:               0.1500              0.5208              2.8307              0.0183  
forward:               0.2000              0.3153              3.1461              0.0196  
forward:               0.2500              0.2081              3.3542              0.0203  
forward:               0.3000              0.1258              3.4800              0.0208  
forward:               0.3500              0.0794              3.5594              0.0212  
forward:               0.4000              0.0461              3.6056              0.0215  
forward:               0.4500              0.0161              3.6217              0.0218  
forward:               0.5000             -0.0016              3.6201              0.0220  
forward:               0.5500             -0.0132              3.6069              0.0223  
forward:               0.6000             -0.0292              3.5777              0.0225  
forward:               0.6500             -0.0482              3.5296              0.0226  
forward:               0.7000             -0.0516              3.4779              0.0228  
forward:               0.7500             -0.0615              3.4164              0.0230  
forward:               0.8000             -0.0721              3.3443              0.0232  
forward:               0.8500             -0.0724              3.2719              0.0233  
forward:               0.9000             -0.0814              3.1905              0.0235  
forward:               0.9500             -0.0903              3.1001              0.0236  
forward:               1.0000             -0.0891              3.0111              0.0237  
backward:              1.0000              0.0000              3.0111              0.0000  
backward:              0.9500              0.0936              3.1047              0.0035  
backward:              0.9000              0.0789              3.1836              0.0051  
backward:              0.8500              0.0797              3.2632              0.0060  
backward:              0.8000              0.0783              3.3415              0.0069  
backward:              0.7500              0.0749              3.4164              0.0076  
backward:              0.7000              0.0651              3.4815              0.0085  
backward:              0.6500              0.0471              3.5286              0.0092  
backward:              0.6000              0.0498              3.5783              0.0098  
backward:              0.5500              0.0261              3.6044              0.0106  
backward:              0.5000              0.0119              3.6163              0.0112  
backward:              0.4500              0.0013              3.6176              0.0118  
backward:              0.4000             -0.0163              3.6013              0.0125  
backward:              0.3500             -0.0540              3.5473              0.0136  
backward:              0.3000             -0.0812              3.4661              0.0145  
backward:              0.2500             -0.1374              3.3288              0.0160  
backward:              0.2000             -0.2090              3.1198              0.0177  
backward:              0.1500             -0.3205              2.7992              0.0197  
backward:              0.1000             -0.5637              2.2355              0.0267  
backward:              0.0500             -0.8780              1.3575              0.0311  
backward:              0.0000             -1.4097             -0.0522              0.0391  
Inaccuracy estimation
======================================================================================================
                   i        i+δi          P0_overlap_P1   δε(forward)/ε   δε(backward)/ε
======================================================================================================
inaccuracy:  0.00000        0.05000           40.39           -0.03            1.36
inaccuracy:  0.05000        0.10000           48.80           -0.03            0.87
inaccuracy:  0.10000        0.15000           57.42           -0.03            0.52
inaccuracy:  0.15000        0.20000           63.96           -0.02            0.32
inaccuracy:  0.20000        0.25000           66.92           -0.01            0.23
inaccuracy:  0.25000        0.30000           70.14           -0.01            0.18
inaccuracy:  0.30000        0.35000           71.11           -0.02            0.15
inaccuracy:  0.35000        0.40000           72.05           -0.02            0.14
inaccuracy:  0.40000        0.45000           73.03           -0.01            0.12
inaccuracy:  0.45000        0.50000           73.37           -0.02            0.11
inaccuracy:  0.50000        0.55000           74.06           -0.02            0.11
inaccuracy:  0.55000        0.60000           74.32           -0.02            0.11
inaccuracy:  0.60000        0.65000           74.23           -0.02            0.10
inaccuracy:  0.65000        0.70000           74.27           -0.02            0.09
inaccuracy:  0.70000        0.75000           74.44           -0.02            0.10
inaccuracy:  0.75000        0.80000           74.64           -0.02            0.10
inaccuracy:  0.80000        0.85000           73.96           -0.02            0.10
inaccuracy:  0.85000        0.90000           74.36           -0.02            0.09
inaccuracy:  0.90000        0.95000           74.99           -0.02            0.08
inaccuracy:  0.95000        1.00000           73.51           -0.02            0.09
===================================================================================================================================
                BAR        
-----------------------------------------------------------------------------------------------------------------------------------
BAR-estimator:         λ             λ+δλ          ΔΔA             ΔA            C               Δδe            δe       
                          
-----------------------------------------------------------------------------------------------------------------------------------
BAR-estimator:      0.00000        0.05000        1.4176         1.4176         1.4176         0.0066         0.0066 
BAR-estimator:      0.05000        0.10000        0.8816         2.2992         0.8816         0.0052         0.0084 
BAR-estimator:      0.10000        0.15000        0.5293         2.8285         0.5293         0.0049         0.0097 
BAR-estimator:      0.15000        0.20000        0.3188         3.1473         0.3188         0.0046         0.0108 
BAR-estimator:      0.20000        0.25000        0.2086         3.3558         0.2086         0.0035         0.0113 
BAR-estimator:      0.25000        0.30000        0.1287         3.4845         0.1287         0.0035         0.0118 
BAR-estimator:      0.30000        0.35000        0.0808         3.5653         0.0808         0.0020         0.0120 
BAR-estimator:      0.35000        0.40000        0.0454         3.6107         0.0454         0.0025         0.0123 
BAR-estimator:      0.40000        0.45000        0.0171         3.6278         0.0171         0.0023         0.0125 
BAR-estimator:      0.45000        0.50000       -0.0029         3.6249        -0.0029         0.0022         0.0127 
BAR-estimator:      0.50000        0.55000       -0.0126         3.6122        -0.0126         0.0024         0.0129 
BAR-estimator:      0.55000        0.60000       -0.0284         3.5838        -0.0284         0.0022         0.0131 
BAR-estimator:      0.60000        0.65000       -0.0472         3.5365        -0.0472         0.0021         0.0133 
BAR-estimator:      0.65000        0.70000       -0.0518         3.4848        -0.0518         0.0021         0.0134 
BAR-estimator:      0.70000        0.75000       -0.0625         3.4223        -0.0625         0.0025         0.0136 
BAR-estimator:      0.75000        0.80000       -0.0719         3.3504        -0.0719         0.0021         0.0138 
BAR-estimator:      0.80000        0.85000       -0.0735         3.2769        -0.0735         0.0022         0.0140 
BAR-estimator:      0.85000        0.90000       -0.0817         3.1952        -0.0817         0.0023         0.0142 
BAR-estimator:      0.90000        0.95000       -0.0873         3.1079        -0.0873         0.0022         0.0143 
BAR-estimator:      0.95000        1.00000       -0.0912         3.0167        -0.0912         0.0020         0.0145 
BAR-estimator: total free energy change is 3.0166875503815307 , total error is 0.01446656952899425
