#========================================================================================
#                     Free energy perturbation    
#----------------------------------------------------------------------------------------
#forward/backward          λ              ΔΔA                 ΔA                  δε   
#                                                 
#----------------------------------------------------------------------------------------
forward:               0.0000              0.0000              0.0000              0.0000  
forward:               0.0500              1.2116              1.2116              0.0124  
forward:               0.1000              0.7603              1.9719              0.0156  
forward:               0.1500              0.4675              2.4394              0.0175  
forward:               0.2000              0.2908              2.7302              0.0185  
forward:               0.2500              0.1938              2.9240              0.0191  
forward:               0.3000              0.1268              3.0508              0.0196  
forward:               0.3500              0.0726              3.1234              0.0201  
forward:               0.4000              0.0393              3.1627              0.0205  
forward:               0.4500              0.0159              3.1786              0.0208  
forward:               0.5000             -0.0043              3.1743              0.0210  
forward:               0.5500             -0.1051              3.0692              0.0214  
forward:               0.6000             -0.2709              2.7983              0.0217  
forward:               0.6500             -0.4321              2.3663              0.0220  
forward:               0.7000             -0.5676              1.7986              0.0224  
forward:               0.7500             -0.6718              1.1268              0.0227  
forward:               0.8000             -0.7369              0.3899              0.0229  
forward:               0.8500             -0.7776             -0.3877              0.0231  
forward:               0.9000             -0.8069             -1.1946              0.0233  
forward:               0.9500             -0.8171             -2.0117              0.0236  
forward:               1.0000             -0.8358             -2.8476              0.0238  
backward:              1.0000              0.0000             -2.8476              0.0000  
backward:              0.9500              0.8227             -2.0249              0.0045  
backward:              0.9000              0.8201             -1.2048              0.0063  
backward:              0.8500              0.7998             -0.4050              0.0076  
backward:              0.8000              0.7786              0.3735              0.0086  
backward:              0.7500              0.7302              1.1038              0.0096  
backward:              0.7000              0.6675              1.7712              0.0104  
backward:              0.6500              0.5605              2.3317              0.0117  
backward:              0.6000              0.4298              2.7615              0.0126  
backward:              0.5500              0.2675              3.0290              0.0133  
backward:              0.5000              0.1005              3.1295              0.0140  
backward:              0.4500              0.0005              3.1301              0.0148  
backward:              0.4000             -0.0202              3.1099              0.0155  
backward:              0.3500             -0.0422              3.0677              0.0160  
backward:              0.3000             -0.0642              3.0034              0.0168  
backward:              0.2500             -0.1101              2.8933              0.0175  
backward:              0.2000             -0.1940              2.6993              0.0186  
backward:              0.1500             -0.2898              2.4095              0.0206  
backward:              0.1000             -0.4668              1.9427              0.0239  
backward:              0.0500             -0.7865              1.1562              0.0281  
backward:              0.0000             -1.1972             -0.0410              0.0320  
Inaccuracy estimation
======================================================================================================
                   i        i+δi          P0_overlap_P1   δε(forward)/ε   δε(backward)/ε
======================================================================================================
inaccuracy:  0.00000        0.05000           43.76           -0.03            1.16
inaccuracy:  0.05000        0.10000           52.15           -0.02            0.75
inaccuracy:  0.10000        0.15000           58.96           -0.01            0.45
inaccuracy:  0.15000        0.20000           65.17           -0.01            0.28
inaccuracy:  0.20000        0.25000           68.34           -0.01            0.20
inaccuracy:  0.25000        0.30000           69.67           -0.02            0.17
inaccuracy:  0.30000        0.35000           71.88           -0.01            0.14
inaccuracy:  0.35000        0.40000           73.16           -0.01            0.13
inaccuracy:  0.40000        0.45000           74.41           -0.02            0.11
inaccuracy:  0.45000        0.50000           74.73           -0.02            0.10
inaccuracy:  0.50000        0.55000           68.71           -0.06            0.12
inaccuracy:  0.55000        0.60000           68.53           -0.07            0.10
inaccuracy:  0.60000        0.65000           68.24           -0.08            0.09
inaccuracy:  0.65000        0.70000           68.53           -0.08            0.08
inaccuracy:  0.70000        0.75000           69.48           -0.07            0.07
inaccuracy:  0.75000        0.80000           69.48           -0.08            0.06
inaccuracy:  0.80000        0.85000           69.12           -0.08            0.06
inaccuracy:  0.85000        0.90000           69.17           -0.07            0.06
inaccuracy:  0.90000        0.95000           68.00           -0.08            0.06
inaccuracy:  0.95000        1.00000           69.10           -0.08            0.06
===================================================================================================================================
                BAR        
-----------------------------------------------------------------------------------------------------------------------------------
BAR-estimator:         λ             λ+δλ          ΔΔA             ΔA            C               Δδe            δe       
                          
-----------------------------------------------------------------------------------------------------------------------------------
BAR-estimator:      0.00000        0.05000        1.2148         1.2148         1.2148         0.0072         0.0072 
BAR-estimator:      0.05000        0.10000        0.7701         1.9849         0.7701         0.0059         0.0093 
BAR-estimator:      0.10000        0.15000        0.4670         2.4519         0.4670         0.0050         0.0106 
BAR-estimator:      0.15000        0.20000        0.2925         2.7444         0.2925         0.0040         0.0113 
BAR-estimator:      0.20000        0.25000        0.1917         2.9361         0.1917         0.0031         0.0117 
BAR-estimator:      0.25000        0.30000        0.1207         3.0567         0.1207         0.0029         0.0121 
BAR-estimator:      0.30000        0.35000        0.0703         3.1271         0.0703         0.0030         0.0124 
BAR-estimator:      0.35000        0.40000        0.0401         3.1671         0.0401         0.0028         0.0127 
BAR-estimator:      0.40000        0.45000        0.0172         3.1843         0.0172         0.0023         0.0129 
BAR-estimator:      0.45000        0.50000       -0.0033         3.1810        -0.0033         0.0021         0.0131 
BAR-estimator:      0.50000        0.55000       -0.1020         3.0790        -0.1020         0.0026         0.0134 
BAR-estimator:      0.55000        0.60000       -0.2686         2.8104        -0.2686         0.0026         0.0136 
BAR-estimator:      0.60000        0.65000       -0.4320         2.3785        -0.4320         0.0024         0.0138 
BAR-estimator:      0.65000        0.70000       -0.5631         1.8154        -0.5631         0.0024         0.0140 
BAR-estimator:      0.70000        0.75000       -0.6683         1.1471        -0.6683         0.0026         0.0143 
BAR-estimator:      0.75000        0.80000       -0.7340         0.4131        -0.7340         0.0026         0.0145 
BAR-estimator:      0.80000        0.85000       -0.7773        -0.3641        -0.7773         0.0025         0.0147 
BAR-estimator:      0.85000        0.90000       -0.8043        -1.1684        -0.8043         0.0027         0.0150 
BAR-estimator:      0.90000        0.95000       -0.8193        -1.9877        -0.8193         0.0027         0.0152 
BAR-estimator:      0.95000        1.00000       -0.8290        -2.8167        -0.8290         0.0026         0.0154 
BAR-estimator: total free energy change is -2.8167073034644323 , total error is 0.015426249538850386
