#========================================================================================
#                     Free energy perturbation    
#----------------------------------------------------------------------------------------
#forward/backward          λ              ΔΔA                 ΔA                  δε   
#                                                 
#----------------------------------------------------------------------------------------
forward:               0.0000              0.0000              0.0000              0.0000  
forward:               0.0500              1.6864              1.6864              0.0141  
forward:               0.1000              0.9546              2.6410              0.0176  
forward:               0.1500              0.5172              3.1581              0.0194  
forward:               0.2000              0.2547              3.4129              0.0201  
forward:               0.2500              0.1343              3.5471              0.0207  
forward:               0.3000              0.0550              3.6021              0.0212  
forward:               0.3500             -0.0001              3.6020              0.0218  
forward:               0.4000             -0.0398              3.5622              0.0221  
forward:               0.4500             -0.0683              3.4939              0.0223  
forward:               0.5000             -0.0915              3.4024              0.0225  
forward:               0.5500             -0.2515              3.1509              0.0229  
forward:               0.6000             -0.5369              2.6140              0.0234  
forward:               0.6500             -0.7556              1.8583              0.0238  
forward:               0.7000             -0.9360              0.9223              0.0242  
forward:               0.7500             -1.0807             -0.1584              0.0246  
forward:               0.8000             -1.1666             -1.3250              0.0250  
forward:               0.8500             -1.2169             -2.5420              0.0253  
forward:               0.9000             -1.2393             -3.7813              0.0256  
forward:               0.9500             -1.2341             -5.0154              0.0258  
forward:               1.0000             -1.2398             -6.2552              0.0260  
backward:              1.0000              0.0000             -6.2552              0.0000  
backward:              0.9500              1.2381             -5.0171              0.0043  
backward:              0.9000              1.2388             -3.7783              0.0063  
backward:              0.8500              1.2333             -2.5449              0.0086  
backward:              0.8000              1.2112             -1.3337              0.0100  
backward:              0.7500              1.1756             -0.1581              0.0111  
backward:              0.7000              1.0748              0.9167              0.0124  
backward:              0.6500              0.9388              1.8555              0.0134  
backward:              0.6000              0.7616              2.6170              0.0144  
backward:              0.5500              0.5300              3.1471              0.0151  
backward:              0.5000              0.2589              3.4060              0.0159  
backward:              0.4500              0.0952              3.5011              0.0164  
backward:              0.4000              0.0743              3.5755              0.0170  
backward:              0.3500              0.0410              3.6165              0.0177  
backward:              0.3000             -0.0062              3.6103              0.0185  
backward:              0.2500             -0.0519              3.5585              0.0192  
backward:              0.2000             -0.1402              3.4183              0.0204  
backward:              0.1500             -0.2640              3.1542              0.0219  
backward:              0.1000             -0.4858              2.6685              0.0243  
backward:              0.0500             -0.8930              1.7754              0.0317  
backward:              0.0000             -1.6400              0.1354              0.0436  
Inaccuracy estimation
======================================================================================================
                   i        i+δi          P0_overlap_P1   δε(forward)/ε   δε(backward)/ε
======================================================================================================
inaccuracy:  0.00000        0.05000           34.78           -0.03            1.79
inaccuracy:  0.05000        0.10000           44.27           -0.05            1.13
inaccuracy:  0.10000        0.15000           54.59           -0.03            0.58
inaccuracy:  0.15000        0.20000           63.95           -0.02            0.30
inaccuracy:  0.20000        0.25000           67.57           -0.02            0.21
inaccuracy:  0.25000        0.30000           69.58           -0.01            0.17
inaccuracy:  0.30000        0.35000           71.47           -0.02            0.14
inaccuracy:  0.35000        0.40000           72.21           -0.02            0.12
inaccuracy:  0.40000        0.45000           72.82           -0.01            0.11
inaccuracy:  0.45000        0.50000           73.83           -0.02            0.10
inaccuracy:  0.50000        0.55000           63.16           -0.10            0.16
inaccuracy:  0.55000        0.60000           65.01           -0.12            0.10
inaccuracy:  0.60000        0.65000           64.45           -0.14            0.07
inaccuracy:  0.65000        0.70000           65.29           -0.15            0.05
inaccuracy:  0.70000        0.75000           65.34           -0.14            0.04
inaccuracy:  0.75000        0.80000           65.00           -0.13            0.04
inaccuracy:  0.80000        0.85000           65.48           -0.13            0.03
inaccuracy:  0.85000        0.90000           64.51           -0.14            0.04
inaccuracy:  0.90000        0.95000           64.28           -0.14            0.04
inaccuracy:  0.95000        1.00000           64.25           -0.13            0.05
===================================================================================================================================
                BAR        
-----------------------------------------------------------------------------------------------------------------------------------
BAR-estimator:         λ             λ+δλ          ΔΔA             ΔA            C               Δδe            δe       
                          
-----------------------------------------------------------------------------------------------------------------------------------
BAR-estimator:      0.00000        0.05000        1.6680         1.6680         1.6680         0.0069         0.0069 
BAR-estimator:      0.05000        0.10000        0.9349         2.6029         0.9349         0.0065         0.0095 
BAR-estimator:      0.10000        0.15000        0.5105         3.1134         0.5105         0.0051         0.0108 
BAR-estimator:      0.15000        0.20000        0.2597         3.3731         0.2597         0.0036         0.0114 
BAR-estimator:      0.20000        0.25000        0.1351         3.5082         0.1351         0.0033         0.0119 
BAR-estimator:      0.25000        0.30000        0.0534         3.5615         0.0534         0.0034         0.0124 
BAR-estimator:      0.30000        0.35000        0.0019         3.5635         0.0019         0.0027         0.0126 
BAR-estimator:      0.35000        0.40000       -0.0410         3.5225        -0.0410         0.0025         0.0129 
BAR-estimator:      0.40000        0.45000       -0.0704         3.4521        -0.0704         0.0022         0.0131 
BAR-estimator:      0.45000        0.50000       -0.0930         3.3591        -0.0930         0.0022         0.0133 
BAR-estimator:      0.50000        0.55000       -0.2497         3.1094        -0.2497         0.0028         0.0136 
BAR-estimator:      0.55000        0.60000       -0.5366         2.5727        -0.5366         0.0028         0.0138 
BAR-estimator:      0.60000        0.65000       -0.7602         1.8126        -0.7602         0.0029         0.0141 
BAR-estimator:      0.65000        0.70000       -0.9420         0.8706        -0.9420         0.0028         0.0144 
BAR-estimator:      0.70000        0.75000       -1.0781        -0.2075        -1.0781         0.0030         0.0147 
BAR-estimator:      0.75000        0.80000       -1.1675        -1.3750        -1.1675         0.0031         0.0150 
BAR-estimator:      0.80000        0.85000       -1.2139        -2.5889        -1.2139         0.0031         0.0153 
BAR-estimator:      0.85000        0.90000       -1.2395        -3.8284        -1.2395         0.0030         0.0156 
BAR-estimator:      0.90000        0.95000       -1.2331        -5.0615        -1.2331         0.0031         0.0160 
BAR-estimator:      0.95000        1.00000       -1.2372        -6.2987        -1.2372         0.0030         0.0162 
BAR-estimator: total free energy change is -6.298731484798283 , total error is 0.01622869641088087
