#========================================================================================
#                     Free energy perturbation    
#----------------------------------------------------------------------------------------
#forward/backward          λ              ΔΔA                 ΔA                  δε   
#                                                 
#----------------------------------------------------------------------------------------
forward:               0.0000              0.0000              0.0000              0.0000  
forward:               0.0500              1.7877              1.7877              0.0145  
forward:               0.1000              0.9547              2.7424              0.0186  
forward:               0.1500              0.5232              3.2656              0.0205  
forward:               0.2000              0.2875              3.5531              0.0213  
forward:               0.2500              0.1531              3.7062              0.0221  
forward:               0.3000              0.0786              3.7849              0.0224  
forward:               0.3500              0.0264              3.8113              0.0227  
forward:               0.4000             -0.0149              3.7963              0.0229  
forward:               0.4500             -0.0383              3.7580              0.0232  
forward:               0.5000             -0.0638              3.6942              0.0234  
forward:               0.5500             -0.1263              3.5680              0.0237  
forward:               0.6000             -0.2556              3.3124              0.0239  
forward:               0.6500             -0.3506              2.9618              0.0242  
forward:               0.7000             -0.4387              2.5231              0.0244  
forward:               0.7500             -0.4997              2.0234              0.0246  
forward:               0.8000             -0.5572              1.4663              0.0247  
forward:               0.8500             -0.6007              0.8655              0.0249  
forward:               0.9000             -0.6378              0.2278              0.0251  
forward:               0.9500             -0.6612             -0.4334              0.0253  
forward:               1.0000             -0.6780             -1.1114              0.0255  
backward:              1.0000              0.0000             -1.1114              0.0000  
backward:              0.9500              0.6789             -0.4324              0.0041  
backward:              0.9000              0.6713              0.2389              0.0054  
backward:              0.8500              0.6342              0.8731              0.0067  
backward:              0.8000              0.5950              1.4681              0.0077  
backward:              0.7500              0.5561              2.0242              0.0087  
backward:              0.7000              0.4927              2.5169              0.0098  
backward:              0.6500              0.4330              2.9499              0.0111  
backward:              0.6000              0.3540              3.3038              0.0121  
backward:              0.5500              0.2558              3.5596              0.0128  
backward:              0.5000              0.1293              3.6890              0.0137  
backward:              0.4500              0.0576              3.7466              0.0143  
backward:              0.4000              0.0404              3.7870              0.0149  
backward:              0.3500              0.0143              3.8014              0.0155  
backward:              0.3000             -0.0269              3.7745              0.0164  
backward:              0.2500             -0.0695              3.7049              0.0170  
backward:              0.2000             -0.1486              3.5563              0.0183  
backward:              0.1500             -0.2781              3.2782              0.0200  
backward:              0.1000             -0.4898              2.7885              0.0236  
backward:              0.0500             -0.9849              1.8035              0.0352  
backward:              0.0000             -1.7531              0.0504              0.0474  
Inaccuracy estimation
======================================================================================================
                   i        i+δi          P0_overlap_P1   δε(forward)/ε   δε(backward)/ε
======================================================================================================
inaccuracy:  0.00000        0.05000           33.60           -0.02            2.02
inaccuracy:  0.05000        0.10000           46.04           -0.04            1.06
inaccuracy:  0.10000        0.15000           55.67           -0.03            0.57
inaccuracy:  0.15000        0.20000           63.64           -0.02            0.30
inaccuracy:  0.20000        0.25000           68.17           -0.01            0.21
inaccuracy:  0.25000        0.30000           70.05           -0.02            0.17
inaccuracy:  0.30000        0.35000           72.26           -0.01            0.13
inaccuracy:  0.35000        0.40000           73.63           -0.02            0.12
inaccuracy:  0.40000        0.45000           74.14           -0.02            0.10
inaccuracy:  0.45000        0.50000           75.18           -0.01            0.09
inaccuracy:  0.50000        0.55000           69.66           -0.05            0.12
inaccuracy:  0.55000        0.60000           70.85           -0.05            0.09
inaccuracy:  0.60000        0.65000           71.12           -0.05            0.08
inaccuracy:  0.65000        0.70000           72.20           -0.05            0.07
inaccuracy:  0.70000        0.75000           71.90           -0.05            0.07
inaccuracy:  0.75000        0.80000           72.29           -0.06            0.06
inaccuracy:  0.80000        0.85000           71.81           -0.05            0.06
inaccuracy:  0.85000        0.90000           71.96           -0.05            0.06
inaccuracy:  0.90000        0.95000           71.27           -0.06            0.06
inaccuracy:  0.95000        1.00000           71.21           -0.06            0.06
===================================================================================================================================
                BAR        
-----------------------------------------------------------------------------------------------------------------------------------
BAR-estimator:         λ             λ+δλ          ΔΔA             ΔA            C               Δδe            δe       
                          
-----------------------------------------------------------------------------------------------------------------------------------
BAR-estimator:      0.00000        0.05000        1.7771         1.7771         1.7771         0.0079         0.0079 
BAR-estimator:      0.05000        0.10000        0.9556         2.7327         0.9556         0.0074         0.0108 
BAR-estimator:      0.10000        0.15000        0.5140         3.2467         0.5140         0.0057         0.0122 
BAR-estimator:      0.15000        0.20000        0.2824         3.5291         0.2824         0.0038         0.0128 
BAR-estimator:      0.20000        0.25000        0.1549         3.6840         0.1549         0.0039         0.0134 
BAR-estimator:      0.25000        0.30000        0.0768         3.7608         0.0768         0.0028         0.0137 
BAR-estimator:      0.30000        0.35000        0.0264         3.7872         0.0264         0.0026         0.0139 
BAR-estimator:      0.35000        0.40000       -0.0146         3.7725        -0.0146         0.0023         0.0141 
BAR-estimator:      0.40000        0.45000       -0.0403         3.7323        -0.0403         0.0023         0.0143 
BAR-estimator:      0.45000        0.50000       -0.0617         3.6706        -0.0617         0.0023         0.0145 
BAR-estimator:      0.50000        0.55000       -0.1259         3.5447        -0.1259         0.0025         0.0147 
BAR-estimator:      0.55000        0.60000       -0.2575         3.2871        -0.2575         0.0023         0.0149 
BAR-estimator:      0.60000        0.65000       -0.3535         2.9337        -0.3535         0.0025         0.0151 
BAR-estimator:      0.65000        0.70000       -0.4358         2.4978        -0.4358         0.0023         0.0153 
BAR-estimator:      0.70000        0.75000       -0.4979         1.9999        -0.4979         0.0024         0.0155 
BAR-estimator:      0.75000        0.80000       -0.5564         1.4435        -0.5564         0.0020         0.0156 
BAR-estimator:      0.80000        0.85000       -0.6000         0.8435        -0.6000         0.0024         0.0158 
BAR-estimator:      0.85000        0.90000       -0.6362         0.2072        -0.6362         0.0024         0.0160 
BAR-estimator:      0.90000        0.95000       -0.6630        -0.4558        -0.6630         0.0023         0.0161 
BAR-estimator:      0.95000        1.00000       -0.6790        -1.1347        -0.6790         0.0024         0.0163 
BAR-estimator: total free energy change is -1.1347385454587526 , total error is 0.01630156851439015
