#========================================================================================
#                     Free energy perturbation    
#----------------------------------------------------------------------------------------
#forward/backward          λ              ΔΔA                 ΔA                  δε   
#                                                 
#----------------------------------------------------------------------------------------
forward:               0.0000              0.0000              0.0000              0.0000  
forward:               0.0500              1.6306              1.6306              0.0157  
forward:               0.1000              0.9416              2.5722              0.0195  
forward:               0.1500              0.5171              3.0894              0.0212  
forward:               0.2000              0.3012              3.3906              0.0218  
forward:               0.2500              0.1739              3.5645              0.0223  
forward:               0.3000              0.1032              3.6677              0.0227  
forward:               0.3500              0.0530              3.7208              0.0230  
forward:               0.4000              0.0178              3.7386              0.0232  
forward:               0.4500             -0.0085              3.7301              0.0234  
forward:               0.5000             -0.0315              3.6986              0.0237  
forward:               0.5500             -0.0863              3.6123              0.0240  
forward:               0.6000             -0.1958              3.4164              0.0242  
forward:               0.6500             -0.3002              3.1162              0.0245  
forward:               0.7000             -0.3775              2.7386              0.0247  
forward:               0.7500             -0.4485              2.2901              0.0249  
forward:               0.8000             -0.5025              1.7877              0.0252  
forward:               0.8500             -0.5523              1.2353              0.0253  
forward:               0.9000             -0.5844              0.6509              0.0255  
forward:               0.9500             -0.6099              0.0410              0.0257  
forward:               1.0000             -0.6259             -0.5849              0.0259  
backward:              1.0000              0.0000             -0.5849              0.0000  
backward:              0.9500              0.6372              0.0523              0.0042  
backward:              0.9000              0.6117              0.6640              0.0057  
backward:              0.8500              0.5809              1.2449              0.0070  
backward:              0.8000              0.5493              1.7942              0.0080  
backward:              0.7500              0.5028              2.2970              0.0090  
backward:              0.7000              0.4383              2.7353              0.0100  
backward:              0.6500              0.3745              3.1099              0.0118  
backward:              0.6000              0.2908              3.4007              0.0126  
backward:              0.5500              0.1979              3.5986              0.0133  
backward:              0.5000              0.0714              3.6701              0.0141  
backward:              0.4500              0.0288              3.6989              0.0146  
backward:              0.4000              0.0091              3.7080              0.0148  
backward:              0.3500             -0.0264              3.6816              0.0154  
backward:              0.3000             -0.0583              3.6233              0.0163  
backward:              0.2500             -0.1022              3.5211              0.0170  
backward:              0.2000             -0.1847              3.3365              0.0190  
backward:              0.1500             -0.2967              3.0398              0.0209  
backward:              0.1000             -0.5162              2.5236              0.0256  
backward:              0.0500             -0.8984              1.6252              0.0338  
backward:              0.0000             -1.6043              0.0208              0.0496  
Inaccuracy estimation
======================================================================================================
                   i        i+δi          P0_overlap_P1   δε(forward)/ε   δε(backward)/ε
======================================================================================================
inaccuracy:  0.00000        0.05000           36.25           -0.02            1.60
inaccuracy:  0.05000        0.10000           46.39           -0.03            1.04
inaccuracy:  0.10000        0.15000           57.27           -0.02            0.53
inaccuracy:  0.15000        0.20000           64.04           -0.02            0.31
inaccuracy:  0.20000        0.25000           69.00           -0.01            0.20
inaccuracy:  0.25000        0.30000           70.77           -0.01            0.16
inaccuracy:  0.30000        0.35000           72.68           -0.01            0.13
inaccuracy:  0.35000        0.40000           73.47           -0.02            0.11
inaccuracy:  0.40000        0.45000           73.97           -0.01            0.11
inaccuracy:  0.45000        0.50000           74.48           -0.01            0.10
inaccuracy:  0.50000        0.55000           70.57           -0.04            0.12
inaccuracy:  0.55000        0.60000           70.63           -0.04            0.10
inaccuracy:  0.60000        0.65000           71.99           -0.05            0.09
inaccuracy:  0.65000        0.70000           71.62           -0.05            0.08
inaccuracy:  0.70000        0.75000           73.03           -0.05            0.07
inaccuracy:  0.75000        0.80000           71.65           -0.05            0.07
inaccuracy:  0.80000        0.85000           72.23           -0.05            0.06
inaccuracy:  0.85000        0.90000           71.90           -0.05            0.06
inaccuracy:  0.90000        0.95000           71.76           -0.06            0.06
inaccuracy:  0.95000        1.00000           70.59           -0.05            0.06
===================================================================================================================================
                BAR        
-----------------------------------------------------------------------------------------------------------------------------------
BAR-estimator:         λ             λ+δλ          ΔΔA             ΔA            C               Δδe            δe       
                          
-----------------------------------------------------------------------------------------------------------------------------------
BAR-estimator:      0.00000        0.05000        1.6047         1.6047         1.6047         0.0082         0.0082 
BAR-estimator:      0.05000        0.10000        0.9332         2.5379         0.9332         0.0069         0.0107 
BAR-estimator:      0.10000        0.15000        0.5161         3.0540         0.5161         0.0053         0.0120 
BAR-estimator:      0.15000        0.20000        0.3001         3.3541         0.3001         0.0034         0.0124 
BAR-estimator:      0.20000        0.25000        0.1779         3.5321         0.1779         0.0033         0.0129 
BAR-estimator:      0.25000        0.30000        0.1042         3.6363         0.1042         0.0029         0.0132 
BAR-estimator:      0.30000        0.35000        0.0533         3.6896         0.0533         0.0025         0.0134 
BAR-estimator:      0.35000        0.40000        0.0180         3.7075         0.0180         0.0024         0.0136 
BAR-estimator:      0.40000        0.45000       -0.0087         3.6988        -0.0087         0.0018         0.0138 
BAR-estimator:      0.45000        0.50000       -0.0331         3.6657        -0.0331         0.0024         0.0140 
BAR-estimator:      0.50000        0.55000       -0.0808         3.5850        -0.0808         0.0025         0.0142 
BAR-estimator:      0.55000        0.60000       -0.1979         3.3871        -0.1979         0.0023         0.0144 
BAR-estimator:      0.60000        0.65000       -0.2977         3.0894        -0.2977         0.0025         0.0146 
BAR-estimator:      0.65000        0.70000       -0.3779         2.7114        -0.3779         0.0024         0.0148 
BAR-estimator:      0.70000        0.75000       -0.4436         2.2678        -0.4436         0.0023         0.0150 
BAR-estimator:      0.75000        0.80000       -0.5033         1.7645        -0.5033         0.0023         0.0151 
BAR-estimator:      0.80000        0.85000       -0.5508         1.2137        -0.5508         0.0024         0.0153 
BAR-estimator:      0.85000        0.90000       -0.5833         0.6304        -0.5833         0.0026         0.0155 
BAR-estimator:      0.90000        0.95000       -0.6113         0.0192        -0.6113         0.0026         0.0158 
BAR-estimator:      0.95000        1.00000       -0.6305        -0.6113        -0.6305         0.0024         0.0159 
BAR-estimator: total free energy change is -0.6113079539605635 , total error is 0.01593882670654464
