#========================================================================================
#                     Free energy perturbation    
#----------------------------------------------------------------------------------------
#forward/backward          λ              ΔΔA                 ΔA                  δε   
#                                                 
#----------------------------------------------------------------------------------------
forward:               0.0000              0.0000              0.0000              0.0000  
forward:               0.0500              1.3982              1.3982              0.0135  
forward:               0.1000              0.7827              2.1809              0.0163  
forward:               0.1500              0.4562              2.6371              0.0178  
forward:               0.2000              0.2634              2.9005              0.0206  
forward:               0.2500              0.1582              3.0587              0.0212  
forward:               0.3000              0.0976              3.1562              0.0216  
forward:               0.3500              0.0476              3.2038              0.0220  
forward:               0.4000              0.0141              3.2179              0.0222  
forward:               0.4500             -0.0124              3.2054              0.0225  
forward:               0.5000             -0.0317              3.1737              0.0227  
forward:               0.5500             -0.0647              3.1090              0.0229  
forward:               0.6000             -0.1142              2.9948              0.0231  
forward:               0.6500             -0.1515              2.8434              0.0233  
forward:               0.7000             -0.1851              2.6583              0.0234  
forward:               0.7500             -0.2065              2.4518              0.0236  
forward:               0.8000             -0.2345              2.2172              0.0237  
forward:               0.8500             -0.2570              1.9603              0.0239  
forward:               0.9000             -0.2778              1.6824              0.0240  
forward:               0.9500             -0.2848              1.3976              0.0241  
forward:               1.0000             -0.2997              1.0980              0.0243  
backward:              1.0000              0.0000              1.0980              0.0000  
backward:              0.9500              0.3052              1.4032              0.0029  
backward:              0.9000              0.2856              1.6887              0.0043  
backward:              0.8500              0.2634              1.9521              0.0054  
backward:              0.8000              0.2587              2.2108              0.0062  
backward:              0.7500              0.2317              2.4425              0.0069  
backward:              0.7000              0.2124              2.6549              0.0077  
backward:              0.6500              0.1809              2.8359              0.0084  
backward:              0.6000              0.1526              2.9885              0.0092  
backward:              0.5500              0.1122              3.1007              0.0100  
backward:              0.5000              0.0682              3.1689              0.0106  
backward:              0.4500              0.0253              3.1942              0.0114  
backward:              0.4000              0.0074              3.2016              0.0120  
backward:              0.3500             -0.0156              3.1860              0.0128  
backward:              0.3000             -0.0490              3.1370              0.0137  
backward:              0.2500             -0.0976              3.0394              0.0145  
backward:              0.2000             -0.1538              2.8856              0.0156  
backward:              0.1500             -0.2688              2.6168              0.0176  
backward:              0.1000             -0.4347              2.1820              0.0197  
backward:              0.0500             -0.7798              1.4022              0.0342  
backward:              0.0000             -1.3749              0.0273              0.0407  
Inaccuracy estimation
======================================================================================================
                   i        i+δi          P0_overlap_P1   δε(forward)/ε   δε(backward)/ε
======================================================================================================
inaccuracy:  0.00000        0.05000           39.14           -0.03            1.85
inaccuracy:  0.05000        0.10000           51.19           -0.03            0.80
inaccuracy:  0.10000        0.15000           59.23           -0.02            0.44
inaccuracy:  0.15000        0.20000           66.36           -0.02            0.26
inaccuracy:  0.20000        0.25000           69.41           -0.02            0.19
inaccuracy:  0.25000        0.30000           71.84           -0.01            0.16
inaccuracy:  0.30000        0.35000           73.65           -0.01            0.13
inaccuracy:  0.35000        0.40000           74.12           -0.01            0.11
inaccuracy:  0.40000        0.45000           75.52           -0.01            0.10
inaccuracy:  0.45000        0.50000           75.46           -0.01            0.09
inaccuracy:  0.50000        0.55000           74.49           -0.02            0.11
inaccuracy:  0.55000        0.60000           74.69           -0.02            0.09
inaccuracy:  0.60000        0.65000           74.83           -0.02            0.08
inaccuracy:  0.65000        0.70000           75.67           -0.02            0.08
inaccuracy:  0.70000        0.75000           74.76           -0.02            0.08
inaccuracy:  0.75000        0.80000           75.40           -0.03            0.07
inaccuracy:  0.80000        0.85000           75.38           -0.03            0.07
inaccuracy:  0.85000        0.90000           76.69           -0.02            0.07
inaccuracy:  0.90000        0.95000           75.17           -0.02            0.07
inaccuracy:  0.95000        1.00000           74.75           -0.02            0.07
===================================================================================================================================
                BAR        
-----------------------------------------------------------------------------------------------------------------------------------
BAR-estimator:         λ             λ+δλ          ΔΔA             ΔA            C               Δδe            δe       
                          
-----------------------------------------------------------------------------------------------------------------------------------
BAR-estimator:      0.00000        0.05000        1.4019         1.4019         1.4019         0.0074         0.0074 
BAR-estimator:      0.05000        0.10000        0.7809         2.1828         0.7809         0.0061         0.0096 
BAR-estimator:      0.10000        0.15000        0.4499         2.6327         0.4499         0.0046         0.0106 
BAR-estimator:      0.15000        0.20000        0.2654         2.8982         0.2654         0.0038         0.0112 
BAR-estimator:      0.20000        0.25000        0.1574         3.0556         0.1574         0.0035         0.0118 
BAR-estimator:      0.25000        0.30000        0.0986         3.1542         0.0986         0.0028         0.0121 
BAR-estimator:      0.30000        0.35000        0.0489         3.2031         0.0489         0.0025         0.0124 
BAR-estimator:      0.35000        0.40000        0.0137         3.2168         0.0137         0.0023         0.0126 
BAR-estimator:      0.40000        0.45000       -0.0100         3.2068        -0.0100         0.0028         0.0129 
BAR-estimator:      0.45000        0.50000       -0.0305         3.1764        -0.0305         0.0022         0.0131 
BAR-estimator:      0.50000        0.55000       -0.0635         3.1128        -0.0635         0.0022         0.0132 
BAR-estimator:      0.55000        0.60000       -0.1137         2.9991        -0.1137         0.0022         0.0134 
BAR-estimator:      0.60000        0.65000       -0.1518         2.8473        -0.1518         0.0020         0.0136 
BAR-estimator:      0.65000        0.70000       -0.1841         2.6632        -0.1841         0.0020         0.0137 
BAR-estimator:      0.70000        0.75000       -0.2090         2.4543        -0.2090         0.0020         0.0139 
BAR-estimator:      0.75000        0.80000       -0.2338         2.2205        -0.2338         0.0021         0.0140 
BAR-estimator:      0.80000        0.85000       -0.2565         1.9640        -0.2565         0.0021         0.0142 
BAR-estimator:      0.85000        0.90000       -0.2722         1.6918        -0.2722         0.0021         0.0144 
BAR-estimator:      0.90000        0.95000       -0.2849         1.4069        -0.2849         0.0022         0.0145 
BAR-estimator:      0.95000        1.00000       -0.3000         1.1069        -0.3000         0.0020         0.0147 
BAR-estimator: total free energy change is 1.1069459509783772 , total error is 0.014667914344216193
