#========================================================================================
#                     Free energy perturbation    
#----------------------------------------------------------------------------------------
#forward/backward          λ              ΔΔA                 ΔA                  δε   
#                                                 
#----------------------------------------------------------------------------------------
forward:               0.0000              0.0000              0.0000              0.0000  
forward:               0.0500              1.5745              1.5745              0.0154  
forward:               0.1000              0.8496              2.4241              0.0188  
forward:               0.1500              0.4235              2.8475              0.0205  
forward:               0.2000              0.2075              3.0551              0.0214  
forward:               0.2500              0.1012              3.1563              0.0222  
forward:               0.3000              0.0304              3.1867              0.0226  
forward:               0.3500             -0.0158              3.1708              0.0230  
forward:               0.4000             -0.0465              3.1244              0.0233  
forward:               0.4500             -0.0750              3.0493              0.0236  
forward:               0.5000             -0.0951              2.9543              0.0238  
forward:               0.5500             -0.2307              2.7236              0.0241  
forward:               0.6000             -0.4912              2.2324              0.0244  
forward:               0.6500             -0.7557              1.4767              0.0248  
forward:               0.7000             -0.9727              0.5039              0.0252  
forward:               0.7500             -1.1234             -0.6195              0.0256  
forward:               0.8000             -1.2157             -1.8352              0.0259  
forward:               0.8500             -1.2901             -3.1253              0.0262  
forward:               0.9000             -1.3293             -4.4546              0.0265  
forward:               0.9500             -1.3437             -5.7983              0.0267  
forward:               1.0000             -1.3663             -7.1646              0.0270  
backward:              1.0000              0.0000             -7.1646              0.0000  
backward:              0.9500              1.3558             -5.8088              0.0060  
backward:              0.9000              1.3450             -4.4638              0.0078  
backward:              0.8500              1.3212             -3.1426              0.0093  
backward:              0.8000              1.2719             -1.8707              0.0124  
backward:              0.7500              1.2193             -0.6513              0.0134  
backward:              0.7000              1.1188              0.4674              0.0144  
backward:              0.6500              0.9719              1.4393              0.0153  
backward:              0.6000              0.7483              2.1877              0.0163  
backward:              0.5500              0.4912              2.6789              0.0170  
backward:              0.5000              0.2271              2.9060              0.0180  
backward:              0.4500              0.0964              3.0024              0.0185  
backward:              0.4000              0.0833              3.0856              0.0188  
backward:              0.3500              0.0550              3.1406              0.0194  
backward:              0.3000              0.0112              3.1518              0.0201  
backward:              0.2500             -0.0314              3.1204              0.0210  
backward:              0.2000             -0.1040              3.0164              0.0218  
backward:              0.1500             -0.2088              2.8076              0.0230  
backward:              0.1000             -0.4068              2.4009              0.0262  
backward:              0.0500             -0.8124              1.5885              0.0325  
backward:              0.0000             -1.5485              0.0399              0.0454  
Inaccuracy estimation
======================================================================================================
                   i        i+δi          P0_overlap_P1   δε(forward)/ε   δε(backward)/ε
======================================================================================================
inaccuracy:  0.00000        0.05000           34.88           -0.04            1.77
inaccuracy:  0.05000        0.10000           45.96           -0.05            1.05
inaccuracy:  0.10000        0.15000           55.42           -0.02            0.53
inaccuracy:  0.15000        0.20000           63.79           -0.02            0.30
inaccuracy:  0.20000        0.25000           67.54           -0.01            0.21
inaccuracy:  0.25000        0.30000           69.88           -0.02            0.16
inaccuracy:  0.30000        0.35000           71.29           -0.02            0.14
inaccuracy:  0.35000        0.40000           72.04           -0.02            0.13
inaccuracy:  0.40000        0.45000           72.61           -0.02            0.12
inaccuracy:  0.45000        0.50000           73.05           -0.02            0.11
inaccuracy:  0.50000        0.55000           64.62           -0.10            0.15
inaccuracy:  0.55000        0.60000           64.22           -0.13            0.11
inaccuracy:  0.60000        0.65000           63.88           -0.13            0.08
inaccuracy:  0.65000        0.70000           64.12           -0.13            0.06
inaccuracy:  0.70000        0.75000           65.04           -0.13            0.04
inaccuracy:  0.75000        0.80000           64.60           -0.14            0.03
inaccuracy:  0.80000        0.85000           65.40           -0.13            0.03
inaccuracy:  0.85000        0.90000           64.81           -0.15            0.03
inaccuracy:  0.90000        0.95000           64.12           -0.14            0.03
inaccuracy:  0.95000        1.00000           64.17           -0.14            0.03
===================================================================================================================================
                BAR        
-----------------------------------------------------------------------------------------------------------------------------------
BAR-estimator:         λ             λ+δλ          ΔΔA             ΔA            C               Δδe            δe       
                          
-----------------------------------------------------------------------------------------------------------------------------------
BAR-estimator:      0.00000        0.05000        1.5675         1.5675         1.5675         0.0076         0.0076 
BAR-estimator:      0.05000        0.10000        0.8370         2.4045         0.8370         0.0070         0.0104 
BAR-estimator:      0.10000        0.15000        0.4171         2.8217         0.4171         0.0055         0.0117 
BAR-estimator:      0.15000        0.20000        0.2090         3.0307         0.2090         0.0042         0.0125 
BAR-estimator:      0.20000        0.25000        0.1022         3.1329         0.1022         0.0040         0.0131 
BAR-estimator:      0.25000        0.30000        0.0314         3.1644         0.0314         0.0031         0.0135 
BAR-estimator:      0.30000        0.35000       -0.0149         3.1495        -0.0149         0.0029         0.0138 
BAR-estimator:      0.35000        0.40000       -0.0485         3.1010        -0.0485         0.0026         0.0140 
BAR-estimator:      0.40000        0.45000       -0.0774         3.0237        -0.0774         0.0024         0.0142 
BAR-estimator:      0.45000        0.50000       -0.0961         2.9276        -0.0961         0.0022         0.0144 
BAR-estimator:      0.50000        0.55000       -0.2300         2.6976        -0.2300         0.0030         0.0147 
BAR-estimator:      0.55000        0.60000       -0.4912         2.2063        -0.4912         0.0028         0.0149 
BAR-estimator:      0.60000        0.65000       -0.7536         1.4527        -0.7536         0.0032         0.0153 
BAR-estimator:      0.65000        0.70000       -0.9731         0.4796        -0.9731         0.0028         0.0155 
BAR-estimator:      0.70000        0.75000       -1.1212        -0.6415        -1.1212         0.0031         0.0158 
BAR-estimator:      0.75000        0.80000       -1.2181        -1.8596        -1.2181         0.0029         0.0161 
BAR-estimator:      0.80000        0.85000       -1.2864        -3.1460        -1.2864         0.0030         0.0164 
BAR-estimator:      0.85000        0.90000       -1.3272        -4.4731        -1.3272         0.0030         0.0167 
BAR-estimator:      0.90000        0.95000       -1.3456        -5.8188        -1.3456         0.0030         0.0169 
BAR-estimator:      0.95000        1.00000       -1.3634        -7.1821        -1.3634         0.0032         0.0172 
BAR-estimator: total free energy change is -7.1821442185780136 , total error is 0.017223777748038828
