#========================================================================================
#                     Free energy perturbation    
#----------------------------------------------------------------------------------------
#forward/backward          λ              ΔΔA                 ΔA                  δε   
#                                                 
#----------------------------------------------------------------------------------------
forward:               0.0000              0.0000              0.0000              0.0000  
forward:               0.0500              1.9858              1.9858              0.0189  
forward:               0.1000              1.2238              3.2096              0.0233  
forward:               0.1500              0.7121              3.9217              0.0252  
forward:               0.2000              0.4260              4.3477              0.0265  
forward:               0.2500              0.2361              4.5838              0.0275  
forward:               0.3000              0.1323              4.7161              0.0280  
forward:               0.3500              0.0544              4.7705              0.0285  
forward:               0.4000             -0.0090              4.7615              0.0288  
forward:               0.4500             -0.0339              4.7275              0.0292  
forward:               0.5000             -0.0662              4.6613              0.0294  
forward:               0.5500             -0.1637              4.4976              0.0298  
forward:               0.6000             -0.3338              4.1638              0.0301  
forward:               0.6500             -0.4833              3.6805              0.0304  
forward:               0.7000             -0.6021              3.0784              0.0307  
forward:               0.7500             -0.6913              2.3871              0.0309  
forward:               0.8000             -0.7448              1.6422              0.0312  
forward:               0.8500             -0.7779              0.8644              0.0314  
forward:               0.9000             -0.7843              0.0801              0.0316  
forward:               0.9500             -0.7851             -0.7050              0.0319  
forward:               1.0000             -0.7886             -1.4936              0.0321  
backward:              1.0000              0.0000             -1.4936              0.0000  
backward:              0.9500              0.7765             -0.7172              0.0057  
backward:              0.9000              0.7889              0.0717              0.0075  
backward:              0.8500              0.7858              0.8575              0.0090  
backward:              0.8000              0.7698              1.6273              0.0108  
backward:              0.7500              0.7476              2.3749              0.0113  
backward:              0.7000              0.6988              3.0737              0.0124  
backward:              0.6500              0.6120              3.6857              0.0137  
backward:              0.6000              0.4764              4.1621              0.0148  
backward:              0.5500              0.3400              4.5022              0.0157  
backward:              0.5000              0.1647              4.6669              0.0166  
backward:              0.4500              0.0560              4.7229              0.0174  
backward:              0.4000              0.0432              4.7661              0.0183  
backward:              0.3500             -0.0035              4.7626              0.0194  
backward:              0.3000             -0.0634              4.6992              0.0205  
backward:              0.2500             -0.1232              4.5760              0.0219  
backward:              0.2000             -0.2331              4.3429              0.0233  
backward:              0.1500             -0.3912              3.9518              0.0250  
backward:              0.1000             -0.7334              3.2183              0.0331  
backward:              0.0500             -1.2343              1.9841              0.0405  
backward:              0.0000             -1.9410              0.0431              0.0472  
Inaccuracy estimation
======================================================================================================
                   i        i+δi          P0_overlap_P1   δε(forward)/ε   δε(backward)/ε
======================================================================================================
inaccuracy:  0.00000        0.05000           31.95           -0.00            2.25
inaccuracy:  0.05000        0.10000           40.32           -0.05            1.43
inaccuracy:  0.10000        0.15000           49.49           -0.06            0.79
inaccuracy:  0.15000        0.20000           55.47           -0.04            0.51
inaccuracy:  0.20000        0.25000           61.31           -0.03            0.35
inaccuracy:  0.25000        0.30000           63.37           -0.03            0.26
inaccuracy:  0.30000        0.35000           66.15           -0.02            0.20
inaccuracy:  0.35000        0.40000           68.24           -0.02            0.17
inaccuracy:  0.40000        0.45000           67.69           -0.02            0.16
inaccuracy:  0.45000        0.50000           69.18           -0.03            0.15
inaccuracy:  0.50000        0.55000           63.95           -0.08            0.17
inaccuracy:  0.55000        0.60000           64.91           -0.09            0.14
inaccuracy:  0.60000        0.65000           64.63           -0.10            0.12
inaccuracy:  0.65000        0.70000           64.02           -0.10            0.10
inaccuracy:  0.70000        0.75000           64.94           -0.10            0.10
inaccuracy:  0.75000        0.80000           64.97           -0.10            0.09
inaccuracy:  0.80000        0.85000           64.70           -0.11            0.09
inaccuracy:  0.85000        0.90000           64.34           -0.11            0.09
inaccuracy:  0.90000        0.95000           64.38           -0.10            0.10
inaccuracy:  0.95000        1.00000           64.53           -0.09            0.09
===================================================================================================================================
                BAR        
-----------------------------------------------------------------------------------------------------------------------------------
BAR-estimator:         λ             λ+δλ          ΔΔA             ΔA            C               Δδe            δe       
                          
-----------------------------------------------------------------------------------------------------------------------------------
BAR-estimator:      0.00000        0.05000        1.9975         1.9975         1.9975         0.0087         0.0087 
BAR-estimator:      0.05000        0.10000        1.2348         3.2323         1.2348         0.0071         0.0113 
BAR-estimator:      0.10000        0.15000        0.7114         3.9437         0.7114         0.0056         0.0126 
BAR-estimator:      0.15000        0.20000        0.4184         4.3620         0.4184         0.0053         0.0136 
BAR-estimator:      0.20000        0.25000        0.2404         4.6025         0.2404         0.0045         0.0143 
BAR-estimator:      0.25000        0.30000        0.1298         4.7323         0.1298         0.0037         0.0148 
BAR-estimator:      0.30000        0.35000        0.0572         4.7895         0.0572         0.0033         0.0152 
BAR-estimator:      0.35000        0.40000       -0.0034         4.7861        -0.0034         0.0031         0.0155 
BAR-estimator:      0.40000        0.45000       -0.0363         4.7498        -0.0363         0.0029         0.0158 
BAR-estimator:      0.45000        0.50000       -0.0641         4.6857        -0.0641         0.0027         0.0160 
BAR-estimator:      0.50000        0.55000       -0.1637         4.5220        -0.1637         0.0031         0.0163 
BAR-estimator:      0.55000        0.60000       -0.3357         4.1864        -0.3357         0.0030         0.0166 
BAR-estimator:      0.60000        0.65000       -0.4832         3.7032        -0.4832         0.0029         0.0168 
BAR-estimator:      0.65000        0.70000       -0.6072         3.0960        -0.6072         0.0030         0.0171 
BAR-estimator:      0.70000        0.75000       -0.6942         2.4018        -0.6942         0.0030         0.0173 
BAR-estimator:      0.75000        0.80000       -0.7470         1.6548        -0.7470         0.0031         0.0176 
BAR-estimator:      0.80000        0.85000       -0.7782         0.8766        -0.7782         0.0029         0.0179 
BAR-estimator:      0.85000        0.90000       -0.7853         0.0913        -0.7853         0.0029         0.0181 
BAR-estimator:      0.90000        0.95000       -0.7832        -0.6919        -0.7832         0.0031         0.0184 
BAR-estimator:      0.95000        1.00000       -0.7848        -1.4767        -0.7848         0.0031         0.0186 
BAR-estimator: total free energy change is -1.476739813381764 , total error is 0.018620757692595444
