#========================================================================================
#                     Free energy perturbation    
#----------------------------------------------------------------------------------------
#forward/backward          λ              ΔΔA                 ΔA                  δε   
#                                                 
#----------------------------------------------------------------------------------------
forward:               0.0000              0.0000              0.0000              0.0000  
forward:               0.0500              1.5104              1.5104              0.0146  
forward:               0.1000              0.7851              2.2955              0.0166  
forward:               0.1500              0.3997              2.6952              0.0174  
forward:               0.2000              0.2027              2.8979              0.0181  
forward:               0.2500              0.1089              3.0068              0.0187  
forward:               0.3000              0.0474              3.0542              0.0192  
forward:               0.3500              0.0074              3.0616              0.0195  
forward:               0.4000             -0.0252              3.0364              0.0197  
forward:               0.4500             -0.0524              2.9840              0.0199  
forward:               0.5000             -0.0746              2.9094              0.0201  
forward:               0.5500             -0.1557              2.7536              0.0204  
forward:               0.6000             -0.3156              2.4380              0.0206  
forward:               0.6500             -0.4489              1.9891              0.0209  
forward:               0.7000             -0.5776              1.4115              0.0215  
forward:               0.7500             -0.6681              0.7434              0.0217  
forward:               0.8000             -0.7381              0.0053              0.0220  
forward:               0.8500             -0.7969             -0.7916              0.0222  
forward:               0.9000             -0.8219             -1.6136              0.0224  
forward:               0.9500             -0.8436             -2.4571              0.0226  
forward:               1.0000             -0.8608             -3.3179              0.0228  
backward:              1.0000              0.0000             -3.3179              0.0000  
backward:              0.9500              0.8645             -2.4535              0.0023  
backward:              0.9000              0.8364             -1.6171              0.0044  
backward:              0.8500              0.8221             -0.7951              0.0058  
backward:              0.8000              0.7854             -0.0096              0.0070  
backward:              0.7500              0.7397              0.7301              0.0079  
backward:              0.7000              0.6652              1.3953              0.0096  
backward:              0.6500              0.5748              1.9701              0.0103  
backward:              0.6000              0.4497              2.4198              0.0111  
backward:              0.5500              0.3117              2.7315              0.0117  
backward:              0.5000              0.1535              2.8849              0.0122  
backward:              0.4500              0.0705              2.9554              0.0127  
backward:              0.4000              0.0478              3.0032              0.0132  
backward:              0.3500              0.0277              3.0309              0.0136  
backward:              0.3000             -0.0161              3.0148              0.0143  
backward:              0.2500             -0.0543              2.9605              0.0154  
backward:              0.2000             -0.1157              2.8448              0.0164  
backward:              0.1500             -0.2119              2.6329              0.0179  
backward:              0.1000             -0.3951              2.2378              0.0204  
backward:              0.0500             -0.7883              1.4495              0.0261  
backward:              0.0000             -1.5453             -0.0958              0.0632  
Inaccuracy estimation
======================================================================================================
                   i        i+δi          P0_overlap_P1   δε(forward)/ε   δε(backward)/ε
======================================================================================================
inaccuracy:  0.00000        0.05000           36.13           -0.03            1.72
inaccuracy:  0.05000        0.10000           50.57           -0.03            0.90
inaccuracy:  0.10000        0.15000           60.96           -0.02            0.42
inaccuracy:  0.15000        0.20000           68.23           -0.01            0.23
inaccuracy:  0.20000        0.25000           71.81           -0.01            0.16
inaccuracy:  0.25000        0.30000           73.34           -0.01            0.12
inaccuracy:  0.30000        0.35000           75.46           -0.01            0.11
inaccuracy:  0.35000        0.40000           75.45           -0.01            0.10
inaccuracy:  0.40000        0.45000           77.05           -0.01            0.09
inaccuracy:  0.45000        0.50000           77.46           -0.01            0.08
inaccuracy:  0.50000        0.55000           70.01           -0.05            0.10
inaccuracy:  0.55000        0.60000           71.63           -0.06            0.08
inaccuracy:  0.60000        0.65000           70.99           -0.07            0.07
inaccuracy:  0.65000        0.70000           71.79           -0.06            0.06
inaccuracy:  0.70000        0.75000           72.02           -0.07            0.05
inaccuracy:  0.75000        0.80000           71.60           -0.08            0.04
inaccuracy:  0.80000        0.85000           72.50           -0.06            0.04
inaccuracy:  0.85000        0.90000           71.57           -0.07            0.04
inaccuracy:  0.90000        0.95000           71.12           -0.07            0.04
inaccuracy:  0.95000        1.00000           71.17           -0.07            0.04
===================================================================================================================================
                BAR        
-----------------------------------------------------------------------------------------------------------------------------------
BAR-estimator:         λ             λ+δλ          ΔΔA             ΔA            C               Δδe            δe       
                          
-----------------------------------------------------------------------------------------------------------------------------------
BAR-estimator:      0.00000        0.05000        1.5145         1.5145         1.5145         0.0061         0.0061 
BAR-estimator:      0.05000        0.10000        0.7906         2.3051         0.7906         0.0068         0.0091 
BAR-estimator:      0.10000        0.15000        0.4007         2.7057         0.4007         0.0038         0.0099 
BAR-estimator:      0.15000        0.20000        0.2064         2.9121         0.2064         0.0032         0.0104 
BAR-estimator:      0.20000        0.25000        0.1117         3.0239         0.1117         0.0032         0.0109 
BAR-estimator:      0.25000        0.30000        0.0486         3.0724         0.0486         0.0029         0.0113 
BAR-estimator:      0.30000        0.35000        0.0104         3.0829         0.0104         0.0023         0.0115 
BAR-estimator:      0.35000        0.40000       -0.0250         3.0579        -0.0250         0.0022         0.0117 
BAR-estimator:      0.40000        0.45000       -0.0510         3.0069        -0.0510         0.0020         0.0119 
BAR-estimator:      0.45000        0.50000       -0.0737         2.9332        -0.0737         0.0020         0.0120 
BAR-estimator:      0.50000        0.55000       -0.1551         2.7781        -0.1551         0.0022         0.0122 
BAR-estimator:      0.55000        0.60000       -0.3130         2.4651        -0.3130         0.0023         0.0125 
BAR-estimator:      0.60000        0.65000       -0.4499         2.0152        -0.4499         0.0025         0.0127 
BAR-estimator:      0.65000        0.70000       -0.5749         1.4403        -0.5749         0.0026         0.0130 
BAR-estimator:      0.70000        0.75000       -0.6672         0.7731        -0.6672         0.0023         0.0132 
BAR-estimator:      0.75000        0.80000       -0.7405         0.0326        -0.7405         0.0024         0.0134 
BAR-estimator:      0.80000        0.85000       -0.7917        -0.7590        -0.7917         0.0024         0.0136 
BAR-estimator:      0.85000        0.90000       -0.8218        -1.5809        -0.8218         0.0024         0.0138 
BAR-estimator:      0.90000        0.95000       -0.8432        -2.4241        -0.8432         0.0023         0.0140 
BAR-estimator:      0.95000        1.00000       -0.8623        -3.2863        -0.8623         0.0023         0.0142 
BAR-estimator: total free energy change is -3.2863369841294543 , total error is 0.014189201411834062
