#========================================================================================
#                     Free energy perturbation    
#----------------------------------------------------------------------------------------
#forward/backward          λ              ΔΔA                 ΔA                  δε   
#                                                 
#----------------------------------------------------------------------------------------
forward:               0.0000              0.0000              0.0000              0.0000  
forward:               0.0500              2.9458              2.9458              0.0291  
forward:               0.1000              1.6875              4.6333              0.0378  
forward:               0.1500              0.9149              5.5483              0.0404  
forward:               0.2000              0.4738              6.0221              0.0418  
forward:               0.2500              0.2313              6.2534              0.0424  
forward:               0.3000              0.1019              6.3552              0.0428  
forward:               0.3500             -0.0037              6.3516              0.0431  
forward:               0.4000             -0.0725              6.2790              0.0434  
forward:               0.4500             -0.1137              6.1653              0.0436  
forward:               0.5000             -0.1425              6.0228              0.0438  
forward:               0.5500             -0.2779              5.7449              0.0441  
forward:               0.6000             -0.5305              5.2144              0.0445  
forward:               0.6500             -0.7576              4.4568              0.0448  
forward:               0.7000             -0.9578              3.4990              0.0451  
forward:               0.7500             -1.0864              2.4126              0.0454  
forward:               0.8000             -1.1633              1.2493              0.0457  
forward:               0.8500             -1.1863              0.0629              0.0459  
forward:               0.9000             -1.2169             -1.1540              0.0461  
forward:               0.9500             -1.2254             -2.3793              0.0464  
forward:               1.0000             -1.2204             -3.5998              0.0465  
backward:              1.0000              0.0000             -3.5998              0.0000  
backward:              0.9500              1.2121             -2.3876              0.0060  
backward:              0.9000              1.2234             -1.1642              0.0082  
backward:              0.8500              1.2059              0.0417              0.0111  
backward:              0.8000              1.1801              1.2218              0.0136  
backward:              0.7500              1.1495              2.3713              0.0148  
backward:              0.7000              1.0890              3.4603              0.0162  
backward:              0.6500              0.9626              4.4229              0.0176  
backward:              0.6000              0.7592              5.1821              0.0194  
backward:              0.5500              0.5204              5.7025              0.0203  
backward:              0.5000              0.2918              5.9943              0.0215  
backward:              0.4500              0.1534              6.1477              0.0224  
backward:              0.4000              0.1145              6.2622              0.0232  
backward:              0.3500              0.0554              6.3175              0.0241  
backward:              0.3000             -0.0040              6.3135              0.0256  
backward:              0.2500             -0.0865              6.2270              0.0268  
backward:              0.2000             -0.2507              5.9763              0.0284  
backward:              0.1500             -0.4779              5.4984              0.0353  
backward:              0.1000             -0.9336              4.5649              0.0405  
backward:              0.0500             -1.6912              2.8737              0.0582  
backward:              0.0000             -2.8642              0.0094              0.0765  
Inaccuracy estimation
======================================================================================================
                   i        i+δi          P0_overlap_P1   δε(forward)/ε   δε(backward)/ε
======================================================================================================
inaccuracy:  0.00000        0.05000           22.39            0.21            4.07
inaccuracy:  0.05000        0.10000           32.62           -0.07            2.27
inaccuracy:  0.10000        0.15000           42.59           -0.07            1.15
inaccuracy:  0.15000        0.20000           51.05           -0.06            0.65
inaccuracy:  0.20000        0.25000           57.57           -0.05            0.40
inaccuracy:  0.25000        0.30000           59.72           -0.05            0.32
inaccuracy:  0.30000        0.35000           63.61           -0.04            0.24
inaccuracy:  0.35000        0.40000           65.29           -0.04            0.20
inaccuracy:  0.40000        0.45000           64.99           -0.04            0.19
inaccuracy:  0.45000        0.50000           65.58           -0.04            0.18
inaccuracy:  0.50000        0.55000           59.64           -0.14            0.20
inaccuracy:  0.55000        0.60000           59.99           -0.15            0.16
inaccuracy:  0.60000        0.65000           59.54           -0.18            0.12
inaccuracy:  0.65000        0.70000           59.27           -0.17            0.10
inaccuracy:  0.70000        0.75000           61.16           -0.15            0.08
inaccuracy:  0.75000        0.80000           61.75           -0.16            0.07
inaccuracy:  0.80000        0.85000           61.28           -0.16            0.07
inaccuracy:  0.85000        0.90000           60.59           -0.17            0.07
inaccuracy:  0.90000        0.95000           60.38           -0.15            0.07
inaccuracy:  0.95000        1.00000           60.42           -0.17            0.07
===================================================================================================================================
                BAR        
-----------------------------------------------------------------------------------------------------------------------------------
BAR-estimator:         λ             λ+δλ          ΔΔA             ΔA            C               Δδe            δe       
                          
-----------------------------------------------------------------------------------------------------------------------------------
BAR-estimator:      0.00000        0.05000        2.9350         2.9350         2.9350         0.0103         0.0103 
BAR-estimator:      0.05000        0.10000        1.7073         4.6423         1.7073         0.0093         0.0138 
BAR-estimator:      0.10000        0.15000        0.9271         5.5694         0.9271         0.0085         0.0162 
BAR-estimator:      0.15000        0.20000        0.4729         6.0423         0.4729         0.0065         0.0175 
BAR-estimator:      0.20000        0.25000        0.2351         6.2774         0.2351         0.0051         0.0182 
BAR-estimator:      0.25000        0.30000        0.0995         6.3769         0.0995         0.0041         0.0187 
BAR-estimator:      0.30000        0.35000        0.0019         6.3788         0.0019         0.0036         0.0190 
BAR-estimator:      0.35000        0.40000       -0.0651         6.3138        -0.0651         0.0035         0.0193 
BAR-estimator:      0.40000        0.45000       -0.1139         6.1999        -0.1139         0.0040         0.0198 
BAR-estimator:      0.45000        0.50000       -0.1465         6.0534        -0.1465         0.0029         0.0200 
BAR-estimator:      0.50000        0.55000       -0.2827         5.7707        -0.2827         0.0035         0.0203 
BAR-estimator:      0.55000        0.60000       -0.5256         5.2451        -0.5256         0.0034         0.0205 
BAR-estimator:      0.60000        0.65000       -0.7600         4.4851        -0.7600         0.0034         0.0208 
BAR-estimator:      0.65000        0.70000       -0.9597         3.5254        -0.9597         0.0038         0.0212 
BAR-estimator:      0.70000        0.75000       -1.0893         2.4362        -1.0893         0.0035         0.0215 
BAR-estimator:      0.75000        0.80000       -1.1562         1.2799        -1.1562         0.0035         0.0218 
BAR-estimator:      0.80000        0.85000       -1.1874         0.0926        -1.1874         0.0036         0.0220 
BAR-estimator:      0.85000        0.90000       -1.2149        -1.1223        -1.2149         0.0036         0.0223 
BAR-estimator:      0.90000        0.95000       -1.2216        -2.3440        -1.2216         0.0036         0.0226 
BAR-estimator:      0.95000        1.00000       -1.2162        -3.5602        -1.2162         0.0032         0.0229 
BAR-estimator: total free energy change is -3.560169157093567 , total error is 0.022851931862148206
