#========================================================================================
#                     Free energy perturbation    
#----------------------------------------------------------------------------------------
#forward/backward          λ              ΔΔA                 ΔA                  δε   
#                                                 
#----------------------------------------------------------------------------------------
forward:               0.0000              0.0000              0.0000              0.0000  
forward:               0.0500              3.1712              3.1712              0.0344  
forward:               0.1000              1.7666              4.9378              0.0410  
forward:               0.1500              0.8674              5.8052              0.0429  
forward:               0.2000              0.3814              6.1866              0.0440  
forward:               0.2500              0.1259              6.3125              0.0446  
forward:               0.3000             -0.0081              6.3045              0.0450  
forward:               0.3500             -0.1148              6.1897              0.0452  
forward:               0.4000             -0.1776              6.0120              0.0458  
forward:               0.4500             -0.2188              5.7933              0.0460  
forward:               0.5000             -0.2660              5.5273              0.0462  
forward:               0.5500             -0.4903              5.0370              0.0465  
forward:               0.6000             -0.9280              4.1090              0.0471  
forward:               0.6500             -1.3539              2.7551              0.0477  
forward:               0.7000             -1.7022              1.0529              0.0483  
forward:               0.7500             -1.9736             -0.9208              0.0487  
forward:               0.8000             -2.1651             -3.0858              0.0492  
forward:               0.8500             -2.2640             -5.3498              0.0494  
forward:               0.9000             -2.3290             -7.6788              0.0497  
forward:               0.9500             -2.3752            -10.0540              0.0501  
forward:               1.0000             -2.4038            -12.4578              0.0504  
backward:              1.0000              0.0000            -12.4578              0.0000  
backward:              0.9500              2.4106            -10.0472              0.0076  
backward:              0.9000              2.3749             -7.6723              0.0114  
backward:              0.8500              2.3371             -5.3352              0.0138  
backward:              0.8000              2.2537             -3.0815              0.0159  
backward:              0.7500              2.1597             -0.9218              0.0175  
backward:              0.7000              1.9726              1.0507              0.0196  
backward:              0.6500              1.7020              2.7527              0.0211  
backward:              0.6000              1.3371              4.0899              0.0225  
backward:              0.5500              0.9345              5.0244              0.0236  
backward:              0.5000              0.4907              5.5150              0.0251  
backward:              0.4500              0.2558              5.7709              0.0257  
backward:              0.4000              0.2244              5.9953              0.0262  
backward:              0.3500              0.1718              6.1671              0.0269  
backward:              0.3000              0.1038              6.2708              0.0281  
backward:              0.2500              0.0152              6.2860              0.0298  
backward:              0.2000             -0.1367              6.1493              0.0329  
backward:              0.1500             -0.3481              5.8012              0.0350  
backward:              0.1000             -0.8885              4.9127              0.0532  
backward:              0.0500             -1.7554              3.1572              0.0628  
backward:              0.0000             -3.3263             -0.1690              0.1111  
Inaccuracy estimation
======================================================================================================
                   i        i+δi          P0_overlap_P1   δε(forward)/ε   δε(backward)/ε
======================================================================================================
inaccuracy:  0.00000        0.05000           20.03            0.30            4.46
inaccuracy:  0.05000        0.10000           29.03           -0.09            2.62
inaccuracy:  0.10000        0.15000           41.17           -0.11            1.27
inaccuracy:  0.15000        0.20000           49.75           -0.07            0.69
inaccuracy:  0.20000        0.25000           56.94           -0.06            0.40
inaccuracy:  0.25000        0.30000           60.08           -0.05            0.31
inaccuracy:  0.30000        0.35000           62.91           -0.05            0.24
inaccuracy:  0.35000        0.40000           64.13           -0.05            0.20
inaccuracy:  0.40000        0.45000           63.83           -0.05            0.18
inaccuracy:  0.45000        0.50000           65.98           -0.04            0.16
inaccuracy:  0.50000        0.55000           54.23           -0.22            0.24
inaccuracy:  0.55000        0.60000           54.08           -0.31            0.15
inaccuracy:  0.60000        0.65000           54.55           -0.35            0.07
inaccuracy:  0.65000        0.70000           54.48           -0.40            0.01
inaccuracy:  0.70000        0.75000           54.77           -0.38           -0.03
inaccuracy:  0.75000        0.80000           55.57           -0.36           -0.05
inaccuracy:  0.80000        0.85000           55.10           -0.39           -0.08
inaccuracy:  0.85000        0.90000           54.13           -0.41           -0.09
inaccuracy:  0.90000        0.95000           53.34           -0.39           -0.09
inaccuracy:  0.95000        1.00000           52.77           -0.42           -0.10
===================================================================================================================================
                BAR        
-----------------------------------------------------------------------------------------------------------------------------------
BAR-estimator:         λ             λ+δλ          ΔΔA             ΔA            C               Δδe            δe       
                          
-----------------------------------------------------------------------------------------------------------------------------------
BAR-estimator:      0.00000        0.05000        3.2127         3.2127         3.2127         0.0110         0.0110 
BAR-estimator:      0.05000        0.10000        1.7777         4.9904         1.7777         0.0103         0.0151 
BAR-estimator:      0.10000        0.15000        0.8734         5.8638         0.8734         0.0086         0.0174 
BAR-estimator:      0.15000        0.20000        0.3781         6.2419         0.3781         0.0061         0.0184 
BAR-estimator:      0.20000        0.25000        0.1263         6.3682         0.1263         0.0048         0.0190 
BAR-estimator:      0.25000        0.30000       -0.0084         6.3598        -0.0084         0.0042         0.0195 
BAR-estimator:      0.30000        0.35000       -0.1103         6.2495        -0.1103         0.0037         0.0198 
BAR-estimator:      0.35000        0.40000       -0.1742         6.0753        -0.1742         0.0048         0.0204 
BAR-estimator:      0.40000        0.45000       -0.2230         5.8523        -0.2230         0.0032         0.0206 
BAR-estimator:      0.45000        0.50000       -0.2620         5.5903        -0.2620         0.0028         0.0208 
BAR-estimator:      0.50000        0.55000       -0.4899         5.1003        -0.4899         0.0036         0.0211 
BAR-estimator:      0.55000        0.60000       -0.9280         4.1724        -0.9280         0.0041         0.0215 
BAR-estimator:      0.60000        0.65000       -1.3463         2.8260        -1.3463         0.0041         0.0219 
BAR-estimator:      0.65000        0.70000       -1.7042         1.1219        -1.7042         0.0040         0.0223 
BAR-estimator:      0.70000        0.75000       -1.9746        -0.8528        -1.9746         0.0042         0.0227 
BAR-estimator:      0.75000        0.80000       -2.1581        -3.0109        -2.1581         0.0043         0.0231 
BAR-estimator:      0.80000        0.85000       -2.2618        -5.2727        -2.2618         0.0043         0.0235 
BAR-estimator:      0.85000        0.90000       -2.3293        -7.6020        -2.3293         0.0044         0.0239 
BAR-estimator:      0.90000        0.95000       -2.3781        -9.9801        -2.3781         0.0042         0.0242 
BAR-estimator:      0.95000        1.00000       -2.4041       -12.3842        -2.4041         0.0038         0.0245 
BAR-estimator: total free energy change is -12.384166507243924 , total error is 0.024528266765123447
