#========================================================================================
#                     Free energy perturbation    
#----------------------------------------------------------------------------------------
#forward/backward          λ              ΔΔA                 ΔA                  δε   
#                                                 
#----------------------------------------------------------------------------------------
forward:               0.0000              0.0000              0.0000              0.0000  
forward:               0.0500              1.2882              1.2882              0.0094  
forward:               0.1000              0.6545              1.9427              0.0124  
forward:               0.1500              0.3679              2.3106              0.0144  
forward:               0.2000              0.2146              2.5252              0.0151  
forward:               0.2500              0.1342              2.6594              0.0156  
forward:               0.3000              0.0767              2.7361              0.0160  
forward:               0.3500              0.0408              2.7769              0.0162  
forward:               0.4000              0.0136              2.7905              0.0165  
forward:               0.4500             -0.0182              2.7722              0.0167  
forward:               0.5000             -0.0341              2.7381              0.0170  
forward:               0.5500             -0.0846              2.6535              0.0173  
forward:               0.6000             -0.1336              2.5199              0.0174  
forward:               0.6500             -0.1798              2.3401              0.0176  
forward:               0.7000             -0.2062              2.1339              0.0177  
forward:               0.7500             -0.2311              1.9028              0.0178  
forward:               0.8000             -0.2496              1.6532              0.0179  
forward:               0.8500             -0.2631              1.3901              0.0181  
forward:               0.9000             -0.2773              1.1128              0.0181  
forward:               0.9500             -0.2853              0.8275              0.0182  
forward:               1.0000             -0.2916              0.5358              0.0183  
backward:              1.0000              0.0000              0.5358              0.0000  
backward:              0.9500              0.2955              0.8313              0.0024  
backward:              0.9000              0.2837              1.1150              0.0035  
backward:              0.8500              0.2746              1.3896              0.0042  
backward:              0.8000              0.2634              1.6530              0.0048  
backward:              0.7500              0.2462              1.8992              0.0055  
backward:              0.7000              0.2284              2.1276              0.0060  
backward:              0.6500              0.2068              2.3344              0.0070  
backward:              0.6000              0.1747              2.5090              0.0075  
backward:              0.5500              0.1369              2.6459              0.0080  
backward:              0.5000              0.0871              2.7330              0.0081  
backward:              0.4500              0.0266              2.7596              0.0084  
backward:              0.4000              0.0093              2.7690              0.0089  
backward:              0.3500             -0.0066              2.7624              0.0094  
backward:              0.3000             -0.0419              2.7204              0.0101  
backward:              0.2500             -0.0859              2.6345              0.0113  
backward:              0.2000             -0.1313              2.5032              0.0123  
backward:              0.1500             -0.2306              2.2726              0.0149  
backward:              0.1000             -0.3617              1.9109              0.0170  
backward:              0.0500             -0.7361              1.1748              0.0657  
backward:              0.0000             -1.2519             -0.0770              0.0732  
Inaccuracy estimation
======================================================================================================
                   i        i+δi          P0_overlap_P1   δε(forward)/ε   δε(backward)/ε
======================================================================================================
inaccuracy:  0.00000        0.05000           40.29           -0.03            1.64
inaccuracy:  0.05000        0.10000           55.99           -0.02            0.60
inaccuracy:  0.10000        0.15000           65.11           -0.01            0.33
inaccuracy:  0.15000        0.20000           71.69           -0.01            0.19
inaccuracy:  0.20000        0.25000           74.01           -0.01            0.14
inaccuracy:  0.25000        0.30000           77.19           -0.01            0.10
inaccuracy:  0.30000        0.35000           77.66           -0.01            0.08
inaccuracy:  0.35000        0.40000           78.56           -0.01            0.08
inaccuracy:  0.40000        0.45000           80.59           -0.01            0.06
inaccuracy:  0.45000        0.50000           80.77           -0.01            0.06
inaccuracy:  0.50000        0.55000           76.97           -0.02            0.07
inaccuracy:  0.55000        0.60000           77.88           -0.02            0.06
inaccuracy:  0.60000        0.65000           79.61           -0.02            0.05
inaccuracy:  0.65000        0.70000           79.53           -0.02            0.05
inaccuracy:  0.70000        0.75000           80.07           -0.02            0.04
inaccuracy:  0.75000        0.80000           79.82           -0.02            0.04
inaccuracy:  0.80000        0.85000           79.73           -0.02            0.04
inaccuracy:  0.85000        0.90000           79.46           -0.02            0.04
inaccuracy:  0.90000        0.95000           79.60           -0.02            0.04
inaccuracy:  0.95000        1.00000           78.32           -0.02            0.04
===================================================================================================================================
                BAR        
-----------------------------------------------------------------------------------------------------------------------------------
BAR-estimator:         λ             λ+δλ          ΔΔA             ΔA            C               Δδe            δe       
                          
-----------------------------------------------------------------------------------------------------------------------------------
BAR-estimator:      0.00000        0.05000        1.2651         1.2651         1.2651         0.0062         0.0062 
BAR-estimator:      0.05000        0.10000        0.6570         1.9221         0.6570         0.0052         0.0081 
BAR-estimator:      0.10000        0.15000        0.3668         2.2889         0.3668         0.0039         0.0090 
BAR-estimator:      0.15000        0.20000        0.2177         2.5065         0.2177         0.0031         0.0095 
BAR-estimator:      0.20000        0.25000        0.1335         2.6400         0.1335         0.0027         0.0098 
BAR-estimator:      0.25000        0.30000        0.0773         2.7173         0.0773         0.0023         0.0101 
BAR-estimator:      0.30000        0.35000        0.0409         2.7582         0.0409         0.0021         0.0103 
BAR-estimator:      0.35000        0.40000        0.0118         2.7700         0.0118         0.0019         0.0105 
BAR-estimator:      0.40000        0.45000       -0.0144         2.7556        -0.0144         0.0019         0.0107 
BAR-estimator:      0.45000        0.50000       -0.0311         2.7246        -0.0311         0.0020         0.0108 
BAR-estimator:      0.50000        0.55000       -0.0852         2.6394        -0.0852         0.0021         0.0110 
BAR-estimator:      0.55000        0.60000       -0.1353         2.5041        -0.1353         0.0018         0.0112 
BAR-estimator:      0.60000        0.65000       -0.1777         2.3264        -0.1777         0.0017         0.0113 
BAR-estimator:      0.65000        0.70000       -0.2056         2.1208        -0.2056         0.0017         0.0114 
BAR-estimator:      0.70000        0.75000       -0.2298         1.8910        -0.2298         0.0019         0.0116 
BAR-estimator:      0.75000        0.80000       -0.2481         1.6430        -0.2481         0.0017         0.0117 
BAR-estimator:      0.80000        0.85000       -0.2633         1.3797        -0.2633         0.0018         0.0118 
BAR-estimator:      0.85000        0.90000       -0.2763         1.1034        -0.2763         0.0017         0.0120 
BAR-estimator:      0.90000        0.95000       -0.2852         0.8182        -0.2852         0.0017         0.0121 
BAR-estimator:      0.95000        1.00000       -0.2943         0.5239        -0.2943         0.0017         0.0122 
BAR-estimator: total free energy change is 0.5238918750163388 , total error is 0.012199281457317213
