#========================================================================================
#                     Free energy perturbation    
#----------------------------------------------------------------------------------------
#forward/backward          λ              ΔΔA                 ΔA                  δε   
#                                                 
#----------------------------------------------------------------------------------------
forward:               0.0000              0.0000              0.0000              0.0000  
forward:               0.0500              4.1101              4.1101              0.0506  
forward:               0.1000              2.4779              6.5880              0.0599  
forward:               0.1500              1.1540              7.7420              0.0631  
forward:               0.2000              0.4798              8.2218              0.0645  
forward:               0.2500              0.1597              8.3815              0.0651  
forward:               0.3000             -0.0339              8.3476              0.0655  
forward:               0.3500             -0.1340              8.2136              0.0657  
forward:               0.4000             -0.2202              7.9934              0.0659  
forward:               0.4500             -0.2700              7.7234              0.0661  
forward:               0.5000             -0.3214              7.4019              0.0662  
forward:               0.5500             -0.4570              6.9449              0.0664  
forward:               0.6000             -0.6078              6.3371              0.0666  
forward:               0.6500             -0.7127              5.6243              0.0667  
forward:               0.7000             -0.7838              4.8406              0.0668  
forward:               0.7500             -0.8296              4.0110              0.0669  
forward:               0.8000             -0.8655              3.1455              0.0671  
forward:               0.8500             -0.8786              2.2669              0.0671  
forward:               0.9000             -0.9063              1.3607              0.0672  
forward:               0.9500             -0.9151              0.4456              0.0672  
forward:               1.0000             -0.9178             -0.4722              0.0674  
backward:              1.0000              0.0000             -0.4722              0.0000  
backward:              0.9500              0.9105              0.4383              0.0049  
backward:              0.9000              0.9048              1.3431              0.0073  
backward:              0.8500              0.8941              2.2372              0.0092  
backward:              0.8000              0.8888              3.1260              0.0104  
backward:              0.7500              0.8525              3.9785              0.0118  
backward:              0.7000              0.8217              4.8002              0.0131  
backward:              0.6500              0.7859              5.5861              0.0141  
backward:              0.6000              0.7042              6.2903              0.0165  
backward:              0.5500              0.6064              6.8967              0.0176  
backward:              0.5000              0.4626              7.3593              0.0186  
backward:              0.4500              0.3314              7.6906              0.0192  
backward:              0.4000              0.2834              7.9740              0.0203  
backward:              0.3500              0.2161              8.1901              0.0218  
backward:              0.3000              0.1343              8.3244              0.0232  
backward:              0.2500              0.0360              8.3605              0.0250  
backward:              0.2000             -0.1393              8.2211              0.0277  
backward:              0.1500             -0.4941              7.7270              0.0343  
backward:              0.1000             -1.1993              6.5277              0.0812  
backward:              0.0500             -2.2621              4.2656              0.0884  
backward:              0.0000             -3.9438              0.3218              0.1028  
Inaccuracy estimation
======================================================================================================
                   i        i+δi          P0_overlap_P1   δε(forward)/ε   δε(backward)/ε
======================================================================================================
inaccuracy:  0.00000        0.05000           15.68            0.76            5.97
inaccuracy:  0.05000        0.10000           22.25            0.02            3.73
inaccuracy:  0.10000        0.15000           34.16           -0.14            1.92
inaccuracy:  0.15000        0.20000           45.53           -0.09            0.92
inaccuracy:  0.20000        0.25000           52.46           -0.08            0.52
inaccuracy:  0.25000        0.30000           57.75           -0.07            0.35
inaccuracy:  0.30000        0.35000           60.26           -0.06            0.27
inaccuracy:  0.35000        0.40000           62.39           -0.06            0.22
inaccuracy:  0.40000        0.45000           62.54           -0.07            0.20
inaccuracy:  0.45000        0.50000           63.95           -0.06            0.18
inaccuracy:  0.50000        0.55000           60.20           -0.12            0.19
inaccuracy:  0.55000        0.60000           61.36           -0.11            0.14
inaccuracy:  0.60000        0.65000           62.94           -0.12            0.12
inaccuracy:  0.65000        0.70000           63.25           -0.10            0.11
inaccuracy:  0.70000        0.75000           63.20           -0.11            0.10
inaccuracy:  0.75000        0.80000           63.25           -0.11            0.09
inaccuracy:  0.80000        0.85000           62.66           -0.12            0.09
inaccuracy:  0.85000        0.90000           63.40           -0.12            0.09
inaccuracy:  0.90000        0.95000           62.95           -0.12            0.10
inaccuracy:  0.95000        1.00000           62.51           -0.11            0.10
===================================================================================================================================
                BAR        
-----------------------------------------------------------------------------------------------------------------------------------
BAR-estimator:         λ             λ+δλ          ΔΔA             ΔA            C               Δδe            δe       
                          
-----------------------------------------------------------------------------------------------------------------------------------
BAR-estimator:      0.00000        0.05000        4.0829         4.0829         4.0829         0.0133         0.0133 
BAR-estimator:      0.05000        0.10000        2.4384         6.5212         2.4384         0.0124         0.0182 
BAR-estimator:      0.10000        0.15000        1.1701         7.6913         1.1701         0.0106         0.0210 
BAR-estimator:      0.15000        0.20000        0.4864         8.1777         0.4864         0.0062         0.0220 
BAR-estimator:      0.20000        0.25000        0.1543         8.3320         0.1543         0.0032         0.0222 
BAR-estimator:      0.25000        0.30000       -0.0288         8.3032        -0.0288         0.0046         0.0227 
BAR-estimator:      0.30000        0.35000       -0.1367         8.1665        -0.1367         0.0041         0.0230 
BAR-estimator:      0.35000        0.40000       -0.2170         7.9495        -0.2170         0.0033         0.0233 
BAR-estimator:      0.40000        0.45000       -0.2751         7.6744        -0.2751         0.0031         0.0235 
BAR-estimator:      0.45000        0.50000       -0.3220         7.3524        -0.3220         0.0029         0.0236 
BAR-estimator:      0.50000        0.55000       -0.4565         6.8959        -0.4565         0.0031         0.0239 
BAR-estimator:      0.55000        0.60000       -0.6086         6.2873        -0.6086         0.0029         0.0240 
BAR-estimator:      0.60000        0.65000       -0.7099         5.5775        -0.7099         0.0031         0.0242 
BAR-estimator:      0.65000        0.70000       -0.7825         4.7950        -0.7825         0.0029         0.0244 
BAR-estimator:      0.70000        0.75000       -0.8255         3.9694        -0.8255         0.0027         0.0246 
BAR-estimator:      0.75000        0.80000       -0.8630         3.1064        -0.8630         0.0032         0.0248 
BAR-estimator:      0.80000        0.85000       -0.8833         2.2231        -0.8833         0.0032         0.0250 
BAR-estimator:      0.85000        0.90000       -0.9024         1.3207        -0.9024         0.0034         0.0252 
BAR-estimator:      0.90000        0.95000       -0.9104         0.4103        -0.9104         0.0036         0.0255 
BAR-estimator:      0.95000        1.00000       -0.9140        -0.5037        -0.9140         0.0031         0.0256 
BAR-estimator: total free energy change is -0.5036908026576455 , total error is 0.025638538774930924
