#========================================================================================
#                     Free energy perturbation    
#----------------------------------------------------------------------------------------
#forward/backward          λ              ΔΔA                 ΔA                  δε   
#                                                 
#----------------------------------------------------------------------------------------
forward:               0.0000              0.0000              0.0000              0.0000  
forward:               0.0500              1.7636              1.7636              0.0158  
forward:               0.1000              0.9992              2.7628              0.0201  
forward:               0.1500              0.5062              3.2689              0.0217  
forward:               0.2000              0.2765              3.5455              0.0227  
forward:               0.2500              0.1468              3.6923              0.0232  
forward:               0.3000              0.0792              3.7715              0.0237  
forward:               0.3500              0.0243              3.7958              0.0240  
forward:               0.4000             -0.0202              3.7756              0.0242  
forward:               0.4500             -0.0489              3.7267              0.0244  
forward:               0.5000             -0.0675              3.6592              0.0246  
forward:               0.5500             -0.1057              3.5535              0.0249  
forward:               0.6000             -0.1965              3.3570              0.0251  
forward:               0.6500             -0.2714              3.0857              0.0253  
forward:               0.7000             -0.3289              2.7568              0.0254  
forward:               0.7500             -0.3724              2.3844              0.0256  
forward:               0.8000             -0.4099              1.9745              0.0258  
forward:               0.8500             -0.4482              1.5263              0.0260  
forward:               0.9000             -0.4782              1.0480              0.0261  
forward:               0.9500             -0.4973              0.5507              0.0262  
forward:               1.0000             -0.5120              0.0387              0.0264  
backward:              1.0000              0.0000              0.0387              0.0000  
backward:              0.9500              0.5105              0.5491              0.0036  
backward:              0.9000              0.4922              1.0414              0.0050  
backward:              0.8500              0.4682              1.5096              0.0063  
backward:              0.8000              0.4431              1.9527              0.0073  
backward:              0.7500              0.4123              2.3650              0.0081  
backward:              0.7000              0.3729              2.7379              0.0087  
backward:              0.6500              0.3276              3.0655              0.0095  
backward:              0.6000              0.2688              3.3343              0.0104  
backward:              0.5500              0.1976              3.5319              0.0112  
backward:              0.5000              0.1138              3.6457              0.0118  
backward:              0.4500              0.0637              3.7093              0.0124  
backward:              0.4000              0.0471              3.7564              0.0135  
backward:              0.3500              0.0222              3.7786              0.0140  
backward:              0.3000             -0.0189              3.7598              0.0147  
backward:              0.2500             -0.0698              3.6900              0.0156  
backward:              0.2000             -0.1444              3.5456              0.0173  
backward:              0.1500             -0.2807              3.2649              0.0195  
backward:              0.1000             -0.5014              2.7635              0.0225  
backward:              0.0500             -0.9710              1.7925              0.0349  
backward:              0.0000             -1.7482              0.0443              0.0455  
Inaccuracy estimation
======================================================================================================
                   i        i+δi          P0_overlap_P1   δε(forward)/ε   δε(backward)/ε
======================================================================================================
inaccuracy:  0.00000        0.05000           34.48           -0.02            2.00
inaccuracy:  0.05000        0.10000           44.32           -0.04            1.16
inaccuracy:  0.10000        0.15000           56.98           -0.02            0.56
inaccuracy:  0.15000        0.20000           63.74           -0.02            0.31
inaccuracy:  0.20000        0.25000           68.17           -0.02            0.21
inaccuracy:  0.25000        0.30000           70.13           -0.01            0.16
inaccuracy:  0.30000        0.35000           72.15           -0.01            0.14
inaccuracy:  0.35000        0.40000           73.88           -0.01            0.11
inaccuracy:  0.40000        0.45000           74.78           -0.01            0.10
inaccuracy:  0.45000        0.50000           74.81           -0.02            0.09
inaccuracy:  0.50000        0.55000           70.97           -0.04            0.11
inaccuracy:  0.55000        0.60000           72.43           -0.03            0.09
inaccuracy:  0.60000        0.65000           73.15           -0.03            0.08
inaccuracy:  0.65000        0.70000           73.54           -0.04            0.07
inaccuracy:  0.70000        0.75000           73.66           -0.05            0.07
inaccuracy:  0.75000        0.80000           73.37           -0.04            0.07
inaccuracy:  0.80000        0.85000           73.62           -0.04            0.06
inaccuracy:  0.85000        0.90000           73.84           -0.04            0.06
inaccuracy:  0.90000        0.95000           73.58           -0.04            0.06
inaccuracy:  0.95000        1.00000           73.13           -0.05            0.06
===================================================================================================================================
                BAR        
-----------------------------------------------------------------------------------------------------------------------------------
BAR-estimator:         λ             λ+δλ          ΔΔA             ΔA            C               Δδe            δe       
                          
-----------------------------------------------------------------------------------------------------------------------------------
BAR-estimator:      0.00000        0.05000        1.7822         1.7822         1.7822         0.0061         0.0061 
BAR-estimator:      0.05000        0.10000        0.9902         2.7724         0.9902         0.0073         0.0095 
BAR-estimator:      0.10000        0.15000        0.5116         3.2840         0.5116         0.0053         0.0109 
BAR-estimator:      0.15000        0.20000        0.2750         3.5590         0.2750         0.0042         0.0117 
BAR-estimator:      0.20000        0.25000        0.1475         3.7065         0.1475         0.0033         0.0121 
BAR-estimator:      0.25000        0.30000        0.0756         3.7822         0.0756         0.0030         0.0125 
BAR-estimator:      0.30000        0.35000        0.0214         3.8036         0.0214         0.0027         0.0128 
BAR-estimator:      0.35000        0.40000       -0.0199         3.7837        -0.0199         0.0026         0.0130 
BAR-estimator:      0.40000        0.45000       -0.0481         3.7356        -0.0481         0.0022         0.0132 
BAR-estimator:      0.45000        0.50000       -0.0667         3.6689        -0.0667         0.0021         0.0134 
BAR-estimator:      0.50000        0.55000       -0.1094         3.5594        -0.1094         0.0025         0.0136 
BAR-estimator:      0.55000        0.60000       -0.1975         3.3620        -0.1975         0.0023         0.0138 
BAR-estimator:      0.60000        0.65000       -0.2713         3.0907        -0.2713         0.0022         0.0140 
BAR-estimator:      0.65000        0.70000       -0.3287         2.7620        -0.3287         0.0021         0.0141 
BAR-estimator:      0.70000        0.75000       -0.3733         2.3886        -0.3733         0.0022         0.0143 
BAR-estimator:      0.75000        0.80000       -0.4099         1.9787        -0.4099         0.0025         0.0145 
BAR-estimator:      0.80000        0.85000       -0.4467         1.5320        -0.4467         0.0024         0.0147 
BAR-estimator:      0.85000        0.90000       -0.4754         1.0566        -0.4754         0.0023         0.0149 
BAR-estimator:      0.90000        0.95000       -0.4948         0.5618        -0.4948         0.0025         0.0151 
BAR-estimator:      0.95000        1.00000       -0.5107         0.0511        -0.5107         0.0022         0.0153 
BAR-estimator: total free energy change is 0.05106805399759873 , total error is 0.015267960175336904
