#========================================================================================
#                     Free energy perturbation    
#----------------------------------------------------------------------------------------
#forward/backward          λ              ΔΔA                 ΔA                  δε   
#                                                 
#----------------------------------------------------------------------------------------
forward:               0.0000              0.0000              0.0000              0.0000  
forward:               0.0500              1.9271              1.9271              0.0172  
forward:               0.1000              1.2013              3.1284              0.0208  
forward:               0.1500              0.7124              3.8408              0.0230  
forward:               0.2000              0.4344              4.2752              0.0241  
forward:               0.2500              0.2494              4.5246              0.0249  
forward:               0.3000              0.1412              4.6659              0.0255  
forward:               0.3500              0.0792              4.7450              0.0259  
forward:               0.4000              0.0246              4.7697              0.0262  
forward:               0.4500             -0.0066              4.7631              0.0265  
forward:               0.5000             -0.0360              4.7271              0.0268  
forward:               0.5500             -0.0907              4.6364              0.0271  
forward:               0.6000             -0.1912              4.4452              0.0275  
forward:               0.6500             -0.2804              4.1649              0.0279  
forward:               0.7000             -0.3715              3.7933              0.0281  
forward:               0.7500             -0.4285              3.3649              0.0283  
forward:               0.8000             -0.4727              2.8922              0.0286  
forward:               0.8500             -0.5009              2.3913              0.0289  
forward:               0.9000             -0.5065              1.8847              0.0291  
forward:               0.9500             -0.5020              1.3827              0.0293  
forward:               1.0000             -0.5061              0.8766              0.0295  
backward:              1.0000              0.0000              0.8766              0.0000  
backward:              0.9500              0.5050              1.3816              0.0045  
backward:              0.9000              0.5000              1.8816              0.0066  
backward:              0.8500              0.5049              2.3865              0.0080  
backward:              0.8000              0.4996              2.8861              0.0093  
backward:              0.7500              0.4711              3.3572              0.0107  
backward:              0.7000              0.4318              3.7890              0.0123  
backward:              0.6500              0.3692              4.1582              0.0136  
backward:              0.6000              0.2929              4.4510              0.0147  
backward:              0.5500              0.1843              4.6353              0.0158  
backward:              0.5000              0.0998              4.7351              0.0166  
backward:              0.4500              0.0457              4.7808              0.0172  
backward:              0.4000              0.0143              4.7950              0.0179  
backward:              0.3500             -0.0251              4.7700              0.0187  
backward:              0.3000             -0.0673              4.7027              0.0196  
backward:              0.2500             -0.1500              4.5527              0.0208  
backward:              0.2000             -0.2611              4.2917              0.0231  
backward:              0.1500             -0.4200              3.8717              0.0277  
backward:              0.1000             -0.6909              3.1808              0.0309  
backward:              0.0500             -1.1331              2.0476              0.0387  
backward:              0.0000             -1.8984              0.1492              0.0479  
Inaccuracy estimation
======================================================================================================
                   i        i+δi          P0_overlap_P1   δε(forward)/ε   δε(backward)/ε
======================================================================================================
inaccuracy:  0.00000        0.05000           32.48           -0.01            2.17
inaccuracy:  0.05000        0.10000           41.30           -0.06            1.39
inaccuracy:  0.10000        0.15000           49.59           -0.04            0.76
inaccuracy:  0.15000        0.20000           56.36           -0.04            0.49
inaccuracy:  0.20000        0.25000           62.21           -0.04            0.31
inaccuracy:  0.25000        0.30000           64.57           -0.02            0.25
inaccuracy:  0.30000        0.35000           65.84           -0.02            0.21
inaccuracy:  0.35000        0.40000           67.92           -0.02            0.18
inaccuracy:  0.40000        0.45000           67.87           -0.03            0.16
inaccuracy:  0.45000        0.50000           68.10           -0.03            0.15
inaccuracy:  0.50000        0.55000           66.09           -0.06            0.16
inaccuracy:  0.55000        0.60000           66.82           -0.07            0.14
inaccuracy:  0.60000        0.65000           65.73           -0.07            0.13
inaccuracy:  0.65000        0.70000           66.53           -0.07            0.12
inaccuracy:  0.70000        0.75000           66.65           -0.07            0.12
inaccuracy:  0.75000        0.80000           66.79           -0.07            0.11
inaccuracy:  0.80000        0.85000           67.07           -0.06            0.11
inaccuracy:  0.85000        0.90000           67.00           -0.07            0.11
inaccuracy:  0.90000        0.95000           66.28           -0.07            0.11
inaccuracy:  0.95000        1.00000           66.22           -0.06            0.11
===================================================================================================================================
                BAR        
-----------------------------------------------------------------------------------------------------------------------------------
BAR-estimator:         λ             λ+δλ          ΔΔA             ΔA            C               Δδe            δe       
                          
-----------------------------------------------------------------------------------------------------------------------------------
BAR-estimator:      0.00000        0.05000        1.9219         1.9219         1.9219         0.0079         0.0079 
BAR-estimator:      0.05000        0.10000        1.1803         3.1021         1.1803         0.0067         0.0104 
BAR-estimator:      0.10000        0.15000        0.7110         3.8132         0.7110         0.0060         0.0120 
BAR-estimator:      0.15000        0.20000        0.4293         4.2424         0.4293         0.0048         0.0129 
BAR-estimator:      0.20000        0.25000        0.2529         4.4953         0.2529         0.0042         0.0136 
BAR-estimator:      0.25000        0.30000        0.1434         4.6387         0.1434         0.0037         0.0141 
BAR-estimator:      0.30000        0.35000        0.0776         4.7163         0.0776         0.0032         0.0144 
BAR-estimator:      0.35000        0.40000        0.0263         4.7426         0.0263         0.0027         0.0147 
BAR-estimator:      0.40000        0.45000       -0.0087         4.7338        -0.0087         0.0035         0.0151 
BAR-estimator:      0.45000        0.50000       -0.0411         4.6927        -0.0411         0.0028         0.0154 
BAR-estimator:      0.50000        0.55000       -0.0919         4.6008        -0.0919         0.0028         0.0156 
BAR-estimator:      0.55000        0.60000       -0.1926         4.4082        -0.1926         0.0030         0.0159 
BAR-estimator:      0.60000        0.65000       -0.2890         4.1192        -0.2890         0.0030         0.0162 
BAR-estimator:      0.65000        0.70000       -0.3715         3.7477        -0.3715         0.0030         0.0165 
BAR-estimator:      0.70000        0.75000       -0.4330         3.3147        -0.4330         0.0031         0.0168 
BAR-estimator:      0.75000        0.80000       -0.4751         2.8396        -0.4751         0.0028         0.0170 
BAR-estimator:      0.80000        0.85000       -0.4988         2.3408        -0.4988         0.0030         0.0172 
BAR-estimator:      0.85000        0.90000       -0.5052         1.8356        -0.5052         0.0031         0.0175 
BAR-estimator:      0.90000        0.95000       -0.5038         1.3318        -0.5038         0.0028         0.0177 
BAR-estimator:      0.95000        1.00000       -0.5048         0.8271        -0.5048         0.0027         0.0179 
BAR-estimator: total free energy change is 0.8270524522404724 , total error is 0.0179499251936605
