#========================================================================================
#                     Free energy perturbation    
#----------------------------------------------------------------------------------------
#forward/backward          λ              ΔΔA                 ΔA                  δε   
#                                                 
#----------------------------------------------------------------------------------------
forward:               0.0000              0.0000              0.0000              0.0000  
forward:               0.0500              1.6098              1.6098              0.0148  
forward:               0.1000              0.8919              2.5017              0.0185  
forward:               0.1500              0.4676              2.9693              0.0198  
forward:               0.2000              0.2438              3.2131              0.0206  
forward:               0.2500              0.1126              3.3257              0.0212  
forward:               0.3000              0.0346              3.3603              0.0216  
forward:               0.3500             -0.0088              3.3515              0.0219  
forward:               0.4000             -0.0494              3.3021              0.0221  
forward:               0.4500             -0.0783              3.2238              0.0223  
forward:               0.5000             -0.1039              3.1199              0.0225  
forward:               0.5500             -0.3080              2.8119              0.0227  
forward:               0.6000             -0.6376              2.1744              0.0233  
forward:               0.6500             -0.9337              1.2407              0.0239  
forward:               0.7000             -1.1833              0.0574              0.0246  
forward:               0.7500             -1.3468             -1.2894              0.0251  
forward:               0.8000             -1.4044             -2.6938              0.0255  
forward:               0.8500             -1.4103             -4.1040              0.0258  
forward:               0.9000             -1.3853             -5.4893              0.0260  
forward:               0.9500             -1.3616             -6.8509              0.0266  
forward:               1.0000             -1.3295             -8.1805              0.0269  
backward:              1.0000              0.0000             -8.1805              0.0000  
backward:              0.9500              1.3170             -6.8635              0.0051  
backward:              0.9000              1.3420             -5.5215              0.0078  
backward:              0.8500              1.3904             -4.1311              0.0089  
backward:              0.8000              1.4050             -2.7261              0.0102  
backward:              0.7500              1.3994             -1.3267              0.0116  
backward:              0.7000              1.3452              0.0185              0.0130  
backward:              0.6500              1.1883              1.2068              0.0141  
backward:              0.6000              0.9459              2.1527              0.0152  
backward:              0.5500              0.6290              2.7818              0.0162  
backward:              0.5000              0.3105              3.0922              0.0169  
backward:              0.4500              0.1022              3.1944              0.0173  
backward:              0.4000              0.0813              3.2757              0.0177  
backward:              0.3500              0.0510              3.3267              0.0183  
backward:              0.3000              0.0100              3.3366              0.0189  
backward:              0.2500             -0.0331              3.3035              0.0199  
backward:              0.2000             -0.1109              3.1926              0.0210  
backward:              0.1500             -0.2363              2.9563              0.0216  
backward:              0.1000             -0.4534              2.5029              0.0252  
backward:              0.0500             -0.8784              1.6245              0.0327  
backward:              0.0000             -1.5826              0.0419              0.0389  
Inaccuracy estimation
======================================================================================================
                   i        i+δi          P0_overlap_P1   δε(forward)/ε   δε(backward)/ε
======================================================================================================
inaccuracy:  0.00000        0.05000           37.06           -0.03            1.62
inaccuracy:  0.05000        0.10000           46.58           -0.04            1.01
inaccuracy:  0.10000        0.15000           56.30           -0.02            0.54
inaccuracy:  0.15000        0.20000           63.96           -0.01            0.29
inaccuracy:  0.20000        0.25000           68.49           -0.02            0.20
inaccuracy:  0.25000        0.30000           70.68           -0.01            0.16
inaccuracy:  0.30000        0.35000           71.98           -0.02            0.13
inaccuracy:  0.35000        0.40000           73.69           -0.02            0.11
inaccuracy:  0.40000        0.45000           74.63           -0.02            0.10
inaccuracy:  0.45000        0.50000           75.41           -0.01            0.09
inaccuracy:  0.50000        0.55000           62.59           -0.12            0.15
inaccuracy:  0.55000        0.60000           63.33           -0.16            0.09
inaccuracy:  0.60000        0.65000           62.32           -0.21            0.06
inaccuracy:  0.65000        0.70000           62.59           -0.22            0.03
inaccuracy:  0.70000        0.75000           63.55           -0.17            0.02
inaccuracy:  0.75000        0.80000           63.95           -0.19            0.02
inaccuracy:  0.80000        0.85000           64.08           -0.15            0.02
inaccuracy:  0.85000        0.90000           63.04           -0.16            0.03
inaccuracy:  0.90000        0.95000           62.65           -0.14            0.04
inaccuracy:  0.95000        1.00000           61.97           -0.16            0.04
===================================================================================================================================
                BAR        
-----------------------------------------------------------------------------------------------------------------------------------
BAR-estimator:         λ             λ+δλ          ΔΔA             ΔA            C               Δδe            δe       
                          
-----------------------------------------------------------------------------------------------------------------------------------
BAR-estimator:      0.00000        0.05000        1.6019         1.6019         1.6019         0.0073         0.0073 
BAR-estimator:      0.05000        0.10000        0.8879         2.4899         0.8879         0.0066         0.0098 
BAR-estimator:      0.10000        0.15000        0.4631         2.9530         0.4631         0.0053         0.0112 
BAR-estimator:      0.15000        0.20000        0.2408         3.1938         0.2408         0.0039         0.0118 
BAR-estimator:      0.20000        0.25000        0.1128         3.3065         0.1128         0.0035         0.0123 
BAR-estimator:      0.25000        0.30000        0.0332         3.3397         0.0332         0.0028         0.0126 
BAR-estimator:      0.30000        0.35000       -0.0114         3.3283        -0.0114         0.0026         0.0129 
BAR-estimator:      0.35000        0.40000       -0.0502         3.2781        -0.0502         0.0024         0.0131 
BAR-estimator:      0.40000        0.45000       -0.0784         3.1997        -0.0784         0.0021         0.0133 
BAR-estimator:      0.45000        0.50000       -0.1031         3.0965        -0.1031         0.0022         0.0135 
BAR-estimator:      0.50000        0.55000       -0.3063         2.7902        -0.3063         0.0029         0.0138 
BAR-estimator:      0.55000        0.60000       -0.6362         2.1540        -0.6362         0.0030         0.0141 
BAR-estimator:      0.60000        0.65000       -0.9399         1.2141        -0.9399         0.0032         0.0145 
BAR-estimator:      0.65000        0.70000       -1.1862         0.0279        -1.1862         0.0032         0.0148 
BAR-estimator:      0.70000        0.75000       -1.3454        -1.3175        -1.3454         0.0032         0.0152 
BAR-estimator:      0.75000        0.80000       -1.4039        -2.7214        -1.4039         0.0041         0.0157 
BAR-estimator:      0.80000        0.85000       -1.4074        -4.1288        -1.4074         0.0027         0.0159 
BAR-estimator:      0.85000        0.90000       -1.3834        -5.5121        -1.3834         0.0034         0.0163 
BAR-estimator:      0.90000        0.95000       -1.3553        -6.8674        -1.3553         0.0033         0.0166 
BAR-estimator:      0.95000        1.00000       -1.3257        -8.1931        -1.3257         0.0030         0.0169 
BAR-estimator: total free energy change is -8.193099501186001 , total error is 0.016908943548441586
