#========================================================================================
#                     Free energy perturbation    
#----------------------------------------------------------------------------------------
#forward/backward          λ              ΔΔA                 ΔA                  δε   
#                                                 
#----------------------------------------------------------------------------------------
forward:               0.0000              0.0000              0.0000              0.0000  
forward:               0.0500              0.9942              0.9942              0.0089  
forward:               0.1000              0.6359              1.6301              0.0117  
forward:               0.1500              0.3977              2.0278              0.0131  
forward:               0.2000              0.2712              2.2989              0.0142  
forward:               0.2500              0.1860              2.4849              0.0149  
forward:               0.3000              0.1242              2.6092              0.0155  
forward:               0.3500              0.0858              2.6949              0.0160  
forward:               0.4000              0.0554              2.7503              0.0163  
forward:               0.4500              0.0348              2.7851              0.0166  
forward:               0.5000              0.0232              2.8084              0.0169  
forward:               0.5500             -0.0267              2.7817              0.0172  
forward:               0.6000             -0.1227              2.6590              0.0176  
forward:               0.6500             -0.2076              2.4514              0.0180  
forward:               0.7000             -0.2876              2.1638              0.0183  
forward:               0.7500             -0.3524              1.8114              0.0185  
forward:               0.8000             -0.3954              1.4160              0.0191  
forward:               0.8500             -0.4144              1.0017              0.0193  
forward:               0.9000             -0.4308              0.5708              0.0195  
forward:               0.9500             -0.4362              0.1346              0.0198  
forward:               1.0000             -0.4327             -0.2981              0.0200  
backward:              1.0000              0.0000             -0.2981              0.0000  
backward:              0.9500              0.4259              0.1278              0.0037  
backward:              0.9000              0.4341              0.5619              0.0049  
backward:              0.8500              0.4344              0.9963              0.0069  
backward:              0.8000              0.4190              1.4153              0.0077  
backward:              0.7500              0.3976              1.8129              0.0081  
backward:              0.7000              0.3549              2.1678              0.0091  
backward:              0.6500              0.2917              2.4595              0.0100  
backward:              0.6000              0.2064              2.6659              0.0106  
backward:              0.5500              0.1160              2.7819              0.0113  
backward:              0.5000              0.0290              2.8109              0.0121  
backward:              0.4500             -0.0194              2.7916              0.0126  
backward:              0.4000             -0.0368              2.7547              0.0131  
backward:              0.3500             -0.0562              2.6985              0.0139  
backward:              0.3000             -0.0866              2.6119              0.0145  
backward:              0.2500             -0.1216              2.4904              0.0151  
backward:              0.2000             -0.1779              2.3125              0.0160  
backward:              0.1500             -0.2746              2.0379              0.0174  
backward:              0.1000             -0.4228              1.6151              0.0196  
backward:              0.0500             -0.6151              1.0001              0.0221  
backward:              0.0000             -1.0012             -0.0012              0.0268  
Inaccuracy estimation
======================================================================================================
                   i        i+δi          P0_overlap_P1   δε(forward)/ε   δε(backward)/ε
======================================================================================================
inaccuracy:  0.00000        0.05000           48.69           -0.02            0.90
inaccuracy:  0.05000        0.10000           55.43           -0.02            0.59
inaccuracy:  0.10000        0.15000           63.98           -0.02            0.34
inaccuracy:  0.15000        0.20000           66.57           -0.02            0.24
inaccuracy:  0.20000        0.25000           69.64           -0.02            0.19
inaccuracy:  0.25000        0.30000           71.87           -0.01            0.15
inaccuracy:  0.30000        0.35000           73.97           -0.01            0.13
inaccuracy:  0.35000        0.40000           74.61           -0.01            0.12
inaccuracy:  0.40000        0.45000           75.11           -0.01            0.11
inaccuracy:  0.45000        0.50000           75.07           -0.01            0.11
inaccuracy:  0.50000        0.55000           71.92           -0.04            0.11
inaccuracy:  0.55000        0.60000           72.57           -0.04            0.10
inaccuracy:  0.60000        0.65000           71.94           -0.05            0.09
inaccuracy:  0.65000        0.70000           71.78           -0.05            0.08
inaccuracy:  0.70000        0.75000           71.44           -0.05            0.08
inaccuracy:  0.75000        0.80000           72.12           -0.04            0.08
inaccuracy:  0.80000        0.85000           71.73           -0.04            0.08
inaccuracy:  0.85000        0.90000           71.60           -0.05            0.07
inaccuracy:  0.90000        0.95000           71.73           -0.04            0.08
inaccuracy:  0.95000        1.00000           71.95           -0.04            0.08
===================================================================================================================================
                BAR        
-----------------------------------------------------------------------------------------------------------------------------------
BAR-estimator:         λ             λ+δλ          ΔΔA             ΔA            C               Δδe            δe       
                          
-----------------------------------------------------------------------------------------------------------------------------------
BAR-estimator:      0.00000        0.05000        0.9982         0.9982         0.9982         0.0052         0.0052 
BAR-estimator:      0.05000        0.10000        0.6306         1.6288         0.6306         0.0049         0.0071 
BAR-estimator:      0.10000        0.15000        0.4038         2.0326         0.4038         0.0040         0.0082 
BAR-estimator:      0.15000        0.20000        0.2690         2.3016         0.2690         0.0035         0.0089 
BAR-estimator:      0.20000        0.25000        0.1842         2.4858         0.1842         0.0030         0.0094 
BAR-estimator:      0.25000        0.30000        0.1240         2.6098         0.1240         0.0028         0.0098 
BAR-estimator:      0.30000        0.35000        0.0875         2.6973         0.0875         0.0029         0.0102 
BAR-estimator:      0.35000        0.40000        0.0554         2.7527         0.0554         0.0022         0.0105 
BAR-estimator:      0.40000        0.45000        0.0352         2.7879         0.0352         0.0023         0.0107 
BAR-estimator:      0.45000        0.50000        0.0222         2.8101         0.0222         0.0021         0.0109 
BAR-estimator:      0.50000        0.55000       -0.0278         2.7822        -0.0278         0.0023         0.0112 
BAR-estimator:      0.55000        0.60000       -0.1193         2.6629        -0.1193         0.0025         0.0114 
BAR-estimator:      0.60000        0.65000       -0.2078         2.4551        -0.2078         0.0023         0.0117 
BAR-estimator:      0.65000        0.70000       -0.2906         2.1645        -0.2906         0.0025         0.0119 
BAR-estimator:      0.70000        0.75000       -0.3540         1.8105        -0.3540         0.0023         0.0121 
BAR-estimator:      0.75000        0.80000       -0.3952         1.4153        -0.3952         0.0030         0.0125 
BAR-estimator:      0.80000        0.85000       -0.4142         1.0011        -0.4142         0.0023         0.0127 
BAR-estimator:      0.85000        0.90000       -0.4342         0.5669        -0.4342         0.0023         0.0129 
BAR-estimator:      0.90000        0.95000       -0.4344         0.1325        -0.4344         0.0024         0.0131 
BAR-estimator:      0.95000        1.00000       -0.4298        -0.2973        -0.4298         0.0018         0.0133 
BAR-estimator: total free energy change is -0.2973060363883704 , total error is 0.013257617599676221
