#========================================================================================
#                     Free energy perturbation    
#----------------------------------------------------------------------------------------
#forward/backward          λ              ΔΔA                 ΔA                  δε   
#                                                 
#----------------------------------------------------------------------------------------
forward:               0.0000              0.0000              0.0000              0.0000  
forward:               0.0500              2.0877              2.0877              0.0173  
forward:               0.1000              1.3089              3.3966              0.0220  
forward:               0.1500              0.7454              4.1420              0.0243  
forward:               0.2000              0.4656              4.6076              0.0256  
forward:               0.2500              0.2528              4.8604              0.0266  
forward:               0.3000              0.1486              5.0089              0.0272  
forward:               0.3500              0.0786              5.0876              0.0277  
forward:               0.4000              0.0281              5.1156              0.0281  
forward:               0.4500             -0.0132              5.1024              0.0284  
forward:               0.5000             -0.0358              5.0665              0.0287  
forward:               0.5500             -0.0518              5.0148              0.0289  
forward:               0.6000             -0.0814              4.9333              0.0292  
forward:               0.6500             -0.1003              4.8330              0.0294  
forward:               0.7000             -0.1089              4.7241              0.0296  
forward:               0.7500             -0.1321              4.5921              0.0298  
forward:               0.8000             -0.1408              4.4512              0.0300  
forward:               0.8500             -0.1566              4.2947              0.0301  
forward:               0.9000             -0.1526              4.1421              0.0303  
forward:               0.9500             -0.1596              3.9825              0.0305  
forward:               1.0000             -0.1743              3.8082              0.0306  
backward:              1.0000              0.0000              3.8082              0.0000  
backward:              0.9500              0.1674              3.9756              0.0060  
backward:              0.9000              0.1660              4.1417              0.0072  
backward:              0.8500              0.1603              4.3020              0.0083  
backward:              0.8000              0.1476              4.4496              0.0093  
backward:              0.7500              0.1427              4.5922              0.0103  
backward:              0.7000              0.1234              4.7156              0.0112  
backward:              0.6500              0.1123              4.8279              0.0121  
backward:              0.6000              0.1035              4.9314              0.0130  
backward:              0.5500              0.0845              5.0158              0.0137  
backward:              0.5000              0.0470              5.0629              0.0147  
backward:              0.4500              0.0400              5.1029              0.0154  
backward:              0.4000              0.0139              5.1168              0.0163  
backward:              0.3500             -0.0222              5.0945              0.0172  
backward:              0.3000             -0.0914              5.0032              0.0204  
backward:              0.2500             -0.1550              4.8482              0.0221  
backward:              0.2000             -0.2553              4.5929              0.0265  
backward:              0.1500             -0.4791              4.1138              0.0451  
backward:              0.1000             -0.7626              3.3512              0.0511  
backward:              0.0500             -1.2780              2.0733              0.0595  
backward:              0.0000             -2.0649              0.0084              0.0653  
Inaccuracy estimation
======================================================================================================
                   i        i+δi          P0_overlap_P1   δε(forward)/ε   δε(backward)/ε
======================================================================================================
inaccuracy:  0.00000        0.05000           30.98            0.00            2.39
inaccuracy:  0.05000        0.10000           39.56           -0.06            1.48
inaccuracy:  0.10000        0.15000           49.12           -0.05            0.81
inaccuracy:  0.15000        0.20000           55.40           -0.04            0.53
inaccuracy:  0.20000        0.25000           61.20           -0.03            0.35
inaccuracy:  0.25000        0.30000           63.66           -0.03            0.26
inaccuracy:  0.30000        0.35000           65.52           -0.03            0.21
inaccuracy:  0.35000        0.40000           66.84           -0.02            0.19
inaccuracy:  0.40000        0.45000           67.90           -0.03            0.16
inaccuracy:  0.45000        0.50000           68.17           -0.03            0.16
inaccuracy:  0.50000        0.55000           68.79           -0.03            0.15
inaccuracy:  0.55000        0.60000           69.07           -0.03            0.14
inaccuracy:  0.60000        0.65000           69.69           -0.04            0.14
inaccuracy:  0.65000        0.70000           68.96           -0.03            0.14
inaccuracy:  0.70000        0.75000           70.17           -0.03            0.13
inaccuracy:  0.75000        0.80000           69.92           -0.03            0.13
inaccuracy:  0.80000        0.85000           70.30           -0.03            0.12
inaccuracy:  0.85000        0.90000           69.14           -0.04            0.13
inaccuracy:  0.90000        0.95000           68.94           -0.03            0.13
inaccuracy:  0.95000        1.00000           69.77           -0.03            0.12
===================================================================================================================================
                BAR        
-----------------------------------------------------------------------------------------------------------------------------------
BAR-estimator:         λ             λ+δλ          ΔΔA             ΔA            C               Δδe            δe       
                          
-----------------------------------------------------------------------------------------------------------------------------------
BAR-estimator:      0.00000        0.05000        2.0986         2.0986         2.0986         0.0081         0.0081 
BAR-estimator:      0.05000        0.10000        1.2927         3.3914         1.2927         0.0072         0.0108 
BAR-estimator:      0.10000        0.15000        0.7419         4.1333         0.7419         0.0063         0.0125 
BAR-estimator:      0.15000        0.20000        0.4601         4.5934         0.4601         0.0062         0.0140 
BAR-estimator:      0.20000        0.25000        0.2580         4.8514         0.2580         0.0064         0.0154 
BAR-estimator:      0.25000        0.30000        0.1509         5.0023         0.1509         0.0038         0.0159 
BAR-estimator:      0.30000        0.35000        0.0791         5.0814         0.0791         0.0034         0.0162 
BAR-estimator:      0.35000        0.40000        0.0290         5.1104         0.0290         0.0032         0.0165 
BAR-estimator:      0.40000        0.45000       -0.0132         5.0972        -0.0132         0.0028         0.0168 
BAR-estimator:      0.45000        0.50000       -0.0359         5.0613        -0.0359         0.0028         0.0170 
BAR-estimator:      0.50000        0.55000       -0.0525         5.0088        -0.0525         0.0027         0.0172 
BAR-estimator:      0.55000        0.60000       -0.0826         4.9261        -0.0826         0.0025         0.0174 
BAR-estimator:      0.60000        0.65000       -0.1005         4.8257        -0.1005         0.0025         0.0176 
BAR-estimator:      0.65000        0.70000       -0.1102         4.7155        -0.1102         0.0027         0.0178 
BAR-estimator:      0.70000        0.75000       -0.1288         4.5866        -0.1288         0.0025         0.0180 
BAR-estimator:      0.75000        0.80000       -0.1405         4.4462        -0.1405         0.0025         0.0181 
BAR-estimator:      0.80000        0.85000       -0.1545         4.2917        -0.1545         0.0025         0.0183 
BAR-estimator:      0.85000        0.90000       -0.1562         4.1355        -0.1562         0.0022         0.0184 
BAR-estimator:      0.90000        0.95000       -0.1628         3.9727        -0.1628         0.0026         0.0186 
BAR-estimator:      0.95000        1.00000       -0.1747         3.7980        -0.1747         0.0025         0.0188 
BAR-estimator: total free energy change is 3.798027344633666 , total error is 0.018783507670024163
