#========================================================================================
#                     Free energy perturbation    
#----------------------------------------------------------------------------------------
#forward/backward          λ              ΔΔA                 ΔA                  δε   
#                                                 
#----------------------------------------------------------------------------------------
forward:               0.0000              0.0000              0.0000              0.0000  
forward:               0.0500              1.7825              1.7825              0.0150  
forward:               0.1000              0.9892              2.7717              0.0195  
forward:               0.1500              0.5245              3.2962              0.0207  
forward:               0.2000              0.2850              3.5812              0.0216  
forward:               0.2500              0.1430              3.7242              0.0224  
forward:               0.3000              0.0643              3.7885              0.0229  
forward:               0.3500              0.0099              3.7983              0.0233  
forward:               0.4000             -0.0235              3.7748              0.0235  
forward:               0.4500             -0.0492              3.7256              0.0238  
forward:               0.5000             -0.0761              3.6495              0.0240  
forward:               0.5500             -0.2080              3.4415              0.0244  
forward:               0.6000             -0.4260              3.0154              0.0248  
forward:               0.6500             -0.6397              2.3757              0.0253  
forward:               0.7000             -0.8140              1.5618              0.0258  
forward:               0.7500             -0.9649              0.5969              0.0263  
forward:               0.8000             -1.0326             -0.4357              0.0268  
forward:               0.8500             -1.0679             -1.5036              0.0272  
forward:               0.9000             -1.0917             -2.5954              0.0277  
forward:               0.9500             -1.0852             -3.6806              0.0285  
forward:               1.0000             -1.0834             -4.7640              0.0291  
backward:              1.0000              0.0000             -4.7640              0.0000  
backward:              0.9500              1.0829             -3.6811              0.0070  
backward:              0.9000              1.0777             -2.6034              0.0086  
backward:              0.8500              1.0777             -1.5257              0.0096  
backward:              0.8000              1.0705             -0.4552              0.0116  
backward:              0.7500              1.0311              0.5759              0.0134  
backward:              0.7000              0.9493              1.5252              0.0149  
backward:              0.6500              0.8320              2.3572              0.0164  
backward:              0.6000              0.6343              2.9916              0.0172  
backward:              0.5500              0.4262              3.4177              0.0179  
backward:              0.5000              0.1995              3.6172              0.0189  
backward:              0.4500              0.0708              3.6881              0.0194  
backward:              0.4000              0.0505              3.7386              0.0198  
backward:              0.3500              0.0251              3.7637              0.0203  
backward:              0.3000             -0.0068              3.7569              0.0209  
backward:              0.2500             -0.0732              3.6837              0.0216  
backward:              0.2000             -0.1541              3.5296              0.0229  
backward:              0.1500             -0.2737              3.2559              0.0242  
backward:              0.1000             -0.5005              2.7554              0.0262  
backward:              0.0500             -0.9617              1.7938              0.0318  
backward:              0.0000             -1.7856              0.0082              0.0519  
Inaccuracy estimation
======================================================================================================
                   i        i+δi          P0_overlap_P1   δε(forward)/ε   δε(backward)/ε
======================================================================================================
inaccuracy:  0.00000        0.05000           34.57           -0.02            1.89
inaccuracy:  0.05000        0.10000           44.66           -0.04            1.13
inaccuracy:  0.10000        0.15000           54.95           -0.03            0.59
inaccuracy:  0.15000        0.20000           62.17           -0.02            0.34
inaccuracy:  0.20000        0.25000           67.34           -0.01            0.22
inaccuracy:  0.25000        0.30000           70.22           -0.02            0.17
inaccuracy:  0.30000        0.35000           71.04           -0.01            0.14
inaccuracy:  0.35000        0.40000           72.27           -0.01            0.13
inaccuracy:  0.40000        0.45000           72.75           -0.02            0.12
inaccuracy:  0.45000        0.50000           73.23           -0.01            0.10
inaccuracy:  0.50000        0.55000           65.45           -0.09            0.15
inaccuracy:  0.55000        0.60000           65.61           -0.12            0.10
inaccuracy:  0.60000        0.65000           65.67           -0.15            0.08
inaccuracy:  0.65000        0.70000           63.56           -0.15            0.07
inaccuracy:  0.70000        0.75000           65.99           -0.13            0.05
inaccuracy:  0.75000        0.80000           65.20           -0.13            0.05
inaccuracy:  0.80000        0.85000           64.49           -0.12            0.05
inaccuracy:  0.85000        0.90000           64.61           -0.12            0.06
inaccuracy:  0.90000        0.95000           64.12           -0.12            0.06
inaccuracy:  0.95000        1.00000           63.24           -0.14            0.07
===================================================================================================================================
                BAR        
-----------------------------------------------------------------------------------------------------------------------------------
BAR-estimator:         λ             λ+δλ          ΔΔA             ΔA            C               Δδe            δe       
                          
-----------------------------------------------------------------------------------------------------------------------------------
BAR-estimator:      0.00000        0.05000        1.7648         1.7648         1.7648         0.0085         0.0085 
BAR-estimator:      0.05000        0.10000        0.9936         2.7584         0.9936         0.0079         0.0116 
BAR-estimator:      0.10000        0.15000        0.5190         3.2775         0.5190         0.0050         0.0126 
BAR-estimator:      0.15000        0.20000        0.2835         3.5609         0.2835         0.0045         0.0134 
BAR-estimator:      0.20000        0.25000        0.1479         3.7089         0.1479         0.0040         0.0140 
BAR-estimator:      0.25000        0.30000        0.0674         3.7762         0.0674         0.0033         0.0144 
BAR-estimator:      0.30000        0.35000        0.0093         3.7855         0.0093         0.0026         0.0146 
BAR-estimator:      0.35000        0.40000       -0.0232         3.7624        -0.0232         0.0026         0.0148 
BAR-estimator:      0.40000        0.45000       -0.0498         3.7125        -0.0498         0.0027         0.0151 
BAR-estimator:      0.45000        0.50000       -0.0755         3.6370        -0.0755         0.0021         0.0152 
BAR-estimator:      0.50000        0.55000       -0.2036         3.4334        -0.2036         0.0028         0.0155 
BAR-estimator:      0.55000        0.60000       -0.4279         3.0055        -0.4279         0.0028         0.0157 
BAR-estimator:      0.60000        0.65000       -0.6397         2.3658        -0.6397         0.0032         0.0161 
BAR-estimator:      0.65000        0.70000       -0.8266         1.5392        -0.8266         0.0033         0.0164 
BAR-estimator:      0.70000        0.75000       -0.9594         0.5798        -0.9594         0.0028         0.0166 
BAR-estimator:      0.75000        0.80000       -1.0322        -0.4524        -1.0322         0.0033         0.0170 
BAR-estimator:      0.80000        0.85000       -1.0687        -1.5212        -1.0687         0.0033         0.0173 
BAR-estimator:      0.85000        0.90000       -1.0850        -2.6062        -1.0850         0.0038         0.0177 
BAR-estimator:      0.90000        0.95000       -1.0806        -3.6867        -1.0806         0.0042         0.0182 
BAR-estimator:      0.95000        1.00000       -1.0813        -4.7680        -1.0813         0.0038         0.0185 
BAR-estimator: total free energy change is -4.768029719249268 , total error is 0.018549559115217194
