#========================================================================================
#                     Free energy perturbation    
#----------------------------------------------------------------------------------------
#forward/backward          λ              ΔΔA                 ΔA                  δε   
#                                                 
#----------------------------------------------------------------------------------------
forward:               0.0000              0.0000              0.0000              0.0000  
forward:               0.0500              0.3879              0.3879              0.0041  
forward:               0.1000              0.2283              0.6162              0.0044  
forward:               0.1500              0.1692              0.7854              0.0049  
forward:               0.2000              0.1397              0.9251              0.0052  
forward:               0.2500              0.1142              1.0393              0.0056  
forward:               0.3000              0.1021              1.1414              0.0059  
forward:               0.3500              0.0939              1.2353              0.0061  
forward:               0.4000              0.0820              1.3173              0.0064  
forward:               0.4500              0.0767              1.3940              0.0066  
forward:               0.5000              0.0709              1.4649              0.0068  
forward:               0.5500             -0.0177              1.4473              0.0071  
forward:               0.6000             -0.1330              1.3143              0.0073  
forward:               0.6500             -0.2123              1.1019              0.0076  
forward:               0.7000             -0.2743              0.8277              0.0078  
forward:               0.7500             -0.3036              0.5241              0.0080  
forward:               0.8000             -0.3312              0.1929              0.0082  
forward:               0.8500             -0.3423             -0.1494              0.0085  
forward:               0.9000             -0.3501             -0.4996              0.0086  
forward:               0.9500             -0.3556             -0.8551              0.0088  
forward:               1.0000             -0.3539             -1.2090              0.0090  
backward:              1.0000              0.0000             -1.2090              0.0000  
backward:              0.9500              0.3533             -0.8557              0.0026  
backward:              0.9000              0.3511             -0.5046              0.0036  
backward:              0.8500              0.3467             -0.1578              0.0042  
backward:              0.8000              0.3443              0.1865              0.0049  
backward:              0.7500              0.3292              0.5157              0.0053  
backward:              0.7000              0.3098              0.8255              0.0057  
backward:              0.6500              0.2700              1.0955              0.0060  
backward:              0.6000              0.2127              1.3083              0.0064  
backward:              0.5500              0.1342              1.4424              0.0067  
backward:              0.5000              0.0265              1.4689              0.0071  
backward:              0.4500             -0.0696              1.3992              0.0074  
backward:              0.4000             -0.0783              1.3209              0.0077  
backward:              0.3500             -0.0849              1.2361              0.0080  
backward:              0.3000             -0.0890              1.1471              0.0083  
backward:              0.2500             -0.1049              1.0422              0.0087  
backward:              0.2000             -0.1171              0.9251              0.0089  
backward:              0.1500             -0.1440              0.7811              0.0093  
backward:              0.1000             -0.1748              0.6063              0.0099  
backward:              0.0500             -0.2400              0.3663              0.0132  
backward:              0.0000             -0.3775             -0.0111              0.0194  
Inaccuracy estimation
======================================================================================================
                   i        i+δi          P0_overlap_P1   δε(forward)/ε   δε(backward)/ε
======================================================================================================
inaccuracy:  0.00000        0.05000           67.58           -0.00            0.52
inaccuracy:  0.05000        0.10000           78.25           -0.00            0.16
inaccuracy:  0.10000        0.15000           82.36           -0.00            0.10
inaccuracy:  0.15000        0.20000           83.65           -0.00            0.07
inaccuracy:  0.20000        0.25000           85.08           -0.00            0.06
inaccuracy:  0.25000        0.30000           85.52           -0.00            0.05
inaccuracy:  0.30000        0.35000           84.43           -0.00            0.05
inaccuracy:  0.35000        0.40000           85.99           -0.00            0.04
inaccuracy:  0.40000        0.45000           86.27           -0.00            0.04
inaccuracy:  0.45000        0.50000           85.66           -0.00            0.04
inaccuracy:  0.50000        0.55000           77.30           -0.03            0.06
inaccuracy:  0.55000        0.60000           79.31           -0.03            0.04
inaccuracy:  0.60000        0.65000           80.27           -0.03            0.03
inaccuracy:  0.65000        0.70000           81.20           -0.03            0.03
inaccuracy:  0.70000        0.75000           79.89           -0.03            0.03
inaccuracy:  0.75000        0.80000           80.55           -0.03            0.03
inaccuracy:  0.80000        0.85000           79.80           -0.03            0.04
inaccuracy:  0.85000        0.90000           80.03           -0.03            0.04
inaccuracy:  0.90000        0.95000           79.62           -0.03            0.05
inaccuracy:  0.95000        1.00000           79.01           -0.02            0.06
===================================================================================================================================
                BAR        
-----------------------------------------------------------------------------------------------------------------------------------
BAR-estimator:         λ             λ+δλ          ΔΔA             ΔA            C               Δδe            δe       
                          
-----------------------------------------------------------------------------------------------------------------------------------
BAR-estimator:      0.00000        0.05000        0.3859         0.3859         0.3859         0.0031         0.0031 
BAR-estimator:      0.05000        0.10000        0.2307         0.6166         0.2307         0.0019         0.0036 
BAR-estimator:      0.10000        0.15000        0.1723         0.7889         0.1723         0.0011         0.0038 
BAR-estimator:      0.15000        0.20000        0.1410         0.9299         0.1410         0.0012         0.0040 
BAR-estimator:      0.20000        0.25000        0.1158         1.0457         0.1158         0.0014         0.0042 
BAR-estimator:      0.25000        0.30000        0.1033         1.1490         0.1033         0.0013         0.0044 
BAR-estimator:      0.30000        0.35000        0.0923         1.2412         0.0923         0.0012         0.0046 
BAR-estimator:      0.35000        0.40000        0.0829         1.3242         0.0829         0.0012         0.0047 
BAR-estimator:      0.40000        0.45000        0.0772         1.4014         0.0772         0.0012         0.0049 
BAR-estimator:      0.45000        0.50000        0.0697         1.4711         0.0697         0.0011         0.0050 
BAR-estimator:      0.50000        0.55000       -0.0213         1.4498        -0.0213         0.0017         0.0053 
BAR-estimator:      0.55000        0.60000       -0.1338         1.3160        -0.1338         0.0015         0.0055 
BAR-estimator:      0.60000        0.65000       -0.2125         1.1035        -0.2125         0.0016         0.0057 
BAR-estimator:      0.65000        0.70000       -0.2717         0.8318        -0.2717         0.0016         0.0059 
BAR-estimator:      0.70000        0.75000       -0.3066         0.5252        -0.3066         0.0012         0.0060 
BAR-estimator:      0.75000        0.80000       -0.3302         0.1950        -0.3302         0.0014         0.0062 
BAR-estimator:      0.80000        0.85000       -0.3432        -0.1483        -0.3432         0.0014         0.0064 
BAR-estimator:      0.85000        0.90000       -0.3495        -0.4978        -0.3495         0.0014         0.0065 
BAR-estimator:      0.90000        0.95000       -0.3539        -0.8517        -0.3539         0.0014         0.0067 
BAR-estimator:      0.95000        1.00000       -0.3535        -1.2052        -0.3535         0.0014         0.0068 
BAR-estimator: total free energy change is -1.2051961489157839 , total error is 0.006840014755045156
