#========================================================================================
#                     Free energy perturbation    
#----------------------------------------------------------------------------------------
#forward/backward          λ              ΔΔA                 ΔA                  δε   
#                                                 
#----------------------------------------------------------------------------------------
forward:               0.0000              0.0000              0.0000              0.0000  
forward:               0.0500              0.5185              0.5185              0.0053  
forward:               0.1000              0.3279              0.8464              0.0068  
forward:               0.1500              0.2390              1.0854              0.0079  
forward:               0.2000              0.1748              1.2602              0.0085  
forward:               0.2500              0.1413              1.4015              0.0090  
forward:               0.3000              0.1116              1.5130              0.0095  
forward:               0.3500              0.0901              1.6032              0.0098  
forward:               0.4000              0.0749              1.6780              0.0101  
forward:               0.4500              0.0604              1.7384              0.0104  
forward:               0.5000              0.0528              1.7912              0.0108  
forward:               0.5500             -0.0460              1.7452              0.0111  
forward:               0.6000             -0.2073              1.5379              0.0116  
forward:               0.6500             -0.3494              1.1885              0.0119  
forward:               0.7000             -0.4745              0.7140              0.0123  
forward:               0.7500             -0.5680              0.1460              0.0127  
forward:               0.8000             -0.6297             -0.4837              0.0130  
forward:               0.8500             -0.6635             -1.1472              0.0135  
forward:               0.9000             -0.6887             -1.8359              0.0137  
forward:               0.9500             -0.7008             -2.5367              0.0140  
forward:               1.0000             -0.7102             -3.2470              0.0142  
backward:              1.0000              0.0000             -3.2470              0.0000  
backward:              0.9500              0.7122             -2.5348              0.0035  
backward:              0.9000              0.7009             -1.8339              0.0050  
backward:              0.8500              0.6877             -1.1462              0.0060  
backward:              0.8000              0.6694             -0.4768              0.0067  
backward:              0.7500              0.6229              0.1461              0.0077  
backward:              0.7000              0.5626              0.7086              0.0084  
backward:              0.6500              0.4738              1.1825              0.0091  
backward:              0.6000              0.3482              1.5307              0.0097  
backward:              0.5500              0.2074              1.7381              0.0103  
backward:              0.5000              0.0540              1.7920              0.0108  
backward:              0.4500             -0.0553              1.7367              0.0112  
backward:              0.4000             -0.0614              1.6753              0.0115  
backward:              0.3500             -0.0705              1.6048              0.0119  
backward:              0.3000             -0.0886              1.5162              0.0122  
backward:              0.2500             -0.1095              1.4067              0.0127  
backward:              0.2000             -0.1417              1.2650              0.0132  
backward:              0.1500             -0.1794              1.0855              0.0139  
backward:              0.1000             -0.2433              0.8422              0.0148  
backward:              0.0500             -0.3798              0.4624              0.0483  
backward:              0.0000             -0.5131             -0.0506              0.0490  
Inaccuracy estimation
======================================================================================================
                   i        i+δi          P0_overlap_P1   δε(forward)/ε   δε(backward)/ε
======================================================================================================
inaccuracy:  0.00000        0.05000           61.78           -0.01            0.41
inaccuracy:  0.05000        0.10000           69.26           -0.01            0.27
inaccuracy:  0.10000        0.15000           73.43           -0.01            0.18
inaccuracy:  0.15000        0.20000           76.87           -0.00            0.14
inaccuracy:  0.20000        0.25000           77.53           -0.01            0.12
inaccuracy:  0.25000        0.30000           78.09           -0.00            0.09
inaccuracy:  0.30000        0.35000           79.38           -0.00            0.09
inaccuracy:  0.35000        0.40000           79.78           -0.01            0.08
inaccuracy:  0.40000        0.45000           80.20           -0.00            0.07
inaccuracy:  0.45000        0.50000           80.34           -0.00            0.07
inaccuracy:  0.50000        0.55000           72.27           -0.05            0.10
inaccuracy:  0.55000        0.60000           73.06           -0.05            0.08
inaccuracy:  0.60000        0.65000           72.78           -0.06            0.06
inaccuracy:  0.65000        0.70000           73.35           -0.06            0.05
inaccuracy:  0.70000        0.75000           74.04           -0.06            0.04
inaccuracy:  0.75000        0.80000           73.74           -0.05            0.04
inaccuracy:  0.80000        0.85000           73.00           -0.05            0.04
inaccuracy:  0.85000        0.90000           73.56           -0.06            0.04
inaccuracy:  0.90000        0.95000           72.12           -0.06            0.04
inaccuracy:  0.95000        1.00000           72.37           -0.06            0.05
===================================================================================================================================
                BAR        
-----------------------------------------------------------------------------------------------------------------------------------
BAR-estimator:         λ             λ+δλ          ΔΔA             ΔA            C               Δδe            δe       
                          
-----------------------------------------------------------------------------------------------------------------------------------
BAR-estimator:      0.00000        0.05000        0.5176         0.5176         0.5176         0.0036         0.0036 
BAR-estimator:      0.05000        0.10000        0.3302         0.8478         0.3302         0.0031         0.0047 
BAR-estimator:      0.10000        0.15000        0.2416         1.0894         0.2416         0.0026         0.0054 
BAR-estimator:      0.15000        0.20000        0.1796         1.2689         0.1796         0.0022         0.0059 
BAR-estimator:      0.20000        0.25000        0.1426         1.4115         0.1426         0.0021         0.0062 
BAR-estimator:      0.25000        0.30000        0.1111         1.5226         0.1111         0.0020         0.0065 
BAR-estimator:      0.30000        0.35000        0.0904         1.6130         0.0904         0.0018         0.0068 
BAR-estimator:      0.35000        0.40000        0.0741         1.6870         0.0741         0.0010         0.0069 
BAR-estimator:      0.40000        0.45000        0.0612         1.7482         0.0612         0.0017         0.0071 
BAR-estimator:      0.45000        0.50000        0.0532         1.8014         0.0532         0.0016         0.0073 
BAR-estimator:      0.50000        0.55000       -0.0501         1.7513        -0.0501         0.0022         0.0076 
BAR-estimator:      0.55000        0.60000       -0.2069         1.5444        -0.2069         0.0014         0.0077 
BAR-estimator:      0.60000        0.65000       -0.3496         1.1948        -0.3496         0.0021         0.0080 
BAR-estimator:      0.65000        0.70000       -0.4740         0.7208        -0.4740         0.0021         0.0083 
BAR-estimator:      0.70000        0.75000       -0.5658         0.1550        -0.5658         0.0021         0.0085 
BAR-estimator:      0.75000        0.80000       -0.6277        -0.4728        -0.6277         0.0021         0.0088 
BAR-estimator:      0.80000        0.85000       -0.6667        -1.1394        -0.6667         0.0024         0.0091 
BAR-estimator:      0.85000        0.90000       -0.6882        -1.8276        -0.6882         0.0021         0.0094 
BAR-estimator:      0.90000        0.95000       -0.7037        -2.5313        -0.7037         0.0021         0.0096 
BAR-estimator:      0.95000        1.00000       -0.7113        -3.2427        -0.7113         0.0020         0.0098 
BAR-estimator: total free energy change is -3.2426670242295375 , total error is 0.009806921758586589
