#========================================================================================
#                     Free energy perturbation    
#----------------------------------------------------------------------------------------
#forward/backward          λ              ΔΔA                 ΔA                  δε   
#                                                 
#----------------------------------------------------------------------------------------
forward:               0.0000              0.0000              0.0000              0.0000  
forward:               0.0500              1.0444              1.0444              0.0094  
forward:               0.1000              0.6468              1.6912              0.0122  
forward:               0.1500              0.4163              2.1075              0.0141  
forward:               0.2000              0.2495              2.3570              0.0150  
forward:               0.2500              0.1654              2.5224              0.0157  
forward:               0.3000              0.1091              2.6316              0.0161  
forward:               0.3500              0.0663              2.6979              0.0166  
forward:               0.4000              0.0378              2.7357              0.0168  
forward:               0.4500              0.0172              2.7529              0.0171  
forward:               0.5000              0.0040              2.7569              0.0174  
forward:               0.5500             -0.1072              2.6497              0.0177  
forward:               0.6000             -0.2821              2.3677              0.0181  
forward:               0.6500             -0.4527              1.9149              0.0184  
forward:               0.7000             -0.6001              1.3148              0.0188  
forward:               0.7500             -0.6980              0.6167              0.0192  
forward:               0.8000             -0.7294             -0.1127              0.0196  
forward:               0.8500             -0.7293             -0.8420              0.0199  
forward:               0.9000             -0.7055             -1.5475              0.0201  
forward:               0.9500             -0.6766             -2.2240              0.0203  
forward:               1.0000             -0.6484             -2.8725              0.0206  
backward:              1.0000              0.0000             -2.8725              0.0000  
backward:              0.9500              0.6419             -2.2306              0.0041  
backward:              0.9000              0.6710             -1.5595              0.0063  
backward:              0.8500              0.6994             -0.8601              0.0080  
backward:              0.8000              0.7222             -0.1380              0.0091  
backward:              0.7500              0.7295              0.5915              0.0104  
backward:              0.7000              0.7022              1.2937              0.0113  
backward:              0.6500              0.5981              1.8919              0.0122  
backward:              0.6000              0.4552              2.3471              0.0129  
backward:              0.5500              0.2855              2.6325              0.0135  
backward:              0.5000              0.1079              2.7405              0.0141  
backward:              0.4500             -0.0015              2.7389              0.0146  
backward:              0.4000             -0.0250              2.7139              0.0153  
backward:              0.3500             -0.0383              2.6756              0.0158  
backward:              0.3000             -0.0714              2.6043              0.0164  
backward:              0.2500             -0.0986              2.5056              0.0171  
backward:              0.2000             -0.1602              2.3455              0.0180  
backward:              0.1500             -0.2520              2.0934              0.0207  
backward:              0.1000             -0.3956              1.6979              0.0233  
backward:              0.0500             -0.6353              1.0626              0.0272  
backward:              0.0000             -1.0080              0.0546              0.0308  
Inaccuracy estimation
======================================================================================================
                   i        i+δi          P0_overlap_P1   δε(forward)/ε   δε(backward)/ε
======================================================================================================
inaccuracy:  0.00000        0.05000           47.06           -0.03            0.92
inaccuracy:  0.05000        0.10000           54.50           -0.02            0.63
inaccuracy:  0.10000        0.15000           61.18           -0.01            0.39
inaccuracy:  0.15000        0.20000           67.97           -0.01            0.25
inaccuracy:  0.20000        0.25000           70.26           -0.01            0.18
inaccuracy:  0.25000        0.30000           72.00           -0.01            0.15
inaccuracy:  0.30000        0.35000           74.77           -0.01            0.12
inaccuracy:  0.35000        0.40000           75.32           -0.01            0.10
inaccuracy:  0.40000        0.45000           75.88           -0.01            0.10
inaccuracy:  0.45000        0.50000           75.89           -0.01            0.10
inaccuracy:  0.50000        0.55000           68.69           -0.07            0.12
inaccuracy:  0.55000        0.60000           68.83           -0.09            0.10
inaccuracy:  0.60000        0.65000           67.99           -0.10            0.08
inaccuracy:  0.65000        0.70000           67.80           -0.10            0.07
inaccuracy:  0.70000        0.75000           68.16           -0.09            0.06
inaccuracy:  0.75000        0.80000           68.19           -0.07            0.06
inaccuracy:  0.80000        0.85000           69.47           -0.08            0.07
inaccuracy:  0.85000        0.90000           68.34           -0.07            0.08
inaccuracy:  0.90000        0.95000           67.60           -0.08            0.08
inaccuracy:  0.95000        1.00000           67.24           -0.07            0.09
===================================================================================================================================
                BAR        
-----------------------------------------------------------------------------------------------------------------------------------
BAR-estimator:         λ             λ+δλ          ΔΔA             ΔA            C               Δδe            δe       
                          
-----------------------------------------------------------------------------------------------------------------------------------
BAR-estimator:      0.00000        0.05000        1.0326         1.0326         1.0326         0.0057         0.0057 
BAR-estimator:      0.05000        0.10000        0.6457         1.6784         0.6457         0.0049         0.0075 
BAR-estimator:      0.10000        0.15000        0.4089         2.0872         0.4089         0.0042         0.0086 
BAR-estimator:      0.15000        0.20000        0.2512         2.3385         0.2512         0.0033         0.0092 
BAR-estimator:      0.20000        0.25000        0.1636         2.5021         0.1636         0.0030         0.0097 
BAR-estimator:      0.25000        0.30000        0.1073         2.6094         0.1073         0.0025         0.0100 
BAR-estimator:      0.30000        0.35000        0.0688         2.6782         0.0688         0.0027         0.0104 
BAR-estimator:      0.35000        0.40000        0.0389         2.7171         0.0389         0.0023         0.0106 
BAR-estimator:      0.40000        0.45000        0.0185         2.7356         0.0185         0.0021         0.0108 
BAR-estimator:      0.45000        0.50000        0.0044         2.7400         0.0044         0.0020         0.0110 
BAR-estimator:      0.50000        0.55000       -0.1074         2.6326        -0.1074         0.0025         0.0113 
BAR-estimator:      0.55000        0.60000       -0.2832         2.3494        -0.2832         0.0025         0.0116 
BAR-estimator:      0.60000        0.65000       -0.4536         1.8958        -0.4536         0.0025         0.0118 
BAR-estimator:      0.65000        0.70000       -0.5974         1.2984        -0.5974         0.0025         0.0121 
BAR-estimator:      0.70000        0.75000       -0.7007         0.5977        -0.7007         0.0028         0.0124 
BAR-estimator:      0.75000        0.80000       -0.7294        -0.1318        -0.7294         0.0026         0.0127 
BAR-estimator:      0.80000        0.85000       -0.7250        -0.8568        -0.7250         0.0028         0.0130 
BAR-estimator:      0.85000        0.90000       -0.7036        -1.5604        -0.7036         0.0030         0.0133 
BAR-estimator:      0.90000        0.95000       -0.6772        -2.2375        -0.6772         0.0028         0.0136 
BAR-estimator:      0.95000        1.00000       -0.6465        -2.8840        -0.6465         0.0025         0.0138 
BAR-estimator: total free energy change is -2.8840406220477726 , total error is 0.013825991827737492
