#========================================================================================
#                     Free energy perturbation    
#----------------------------------------------------------------------------------------
#forward/backward          λ              ΔΔA                 ΔA                  δε   
#                                                 
#----------------------------------------------------------------------------------------
forward:               0.0000              0.0000              0.0000              0.0000  
forward:               0.0500              0.9200              0.9200              0.0090  
forward:               0.1000              0.4901              1.4101              0.0113  
forward:               0.1500              0.2648              1.6749              0.0121  
forward:               0.2000              0.1702              1.8451              0.0127  
forward:               0.2500              0.0993              1.9444              0.0132  
forward:               0.3000              0.0669              2.0114              0.0136  
forward:               0.3500              0.0346              2.0460              0.0138  
forward:               0.4000              0.0171              2.0630              0.0141  
forward:               0.4500             -0.0006              2.0624              0.0143  
forward:               0.5000             -0.0184              2.0440              0.0145  
forward:               0.5500             -0.0960              1.9480              0.0149  
forward:               0.6000             -0.2643              1.6837              0.0152  
forward:               0.6500             -0.4110              1.2728              0.0157  
forward:               0.7000             -0.5295              0.7433              0.0161  
forward:               0.7500             -0.6308              0.1125              0.0165  
forward:               0.8000             -0.7100             -0.5975              0.0168  
forward:               0.8500             -0.7534             -1.3508              0.0172  
forward:               0.9000             -0.7796             -2.1304              0.0175  
forward:               0.9500             -0.7862             -2.9166              0.0178  
forward:               1.0000             -0.7831             -3.6997              0.0180  
backward:              1.0000              0.0000             -3.6997              0.0000  
backward:              0.9500              0.7904             -2.9093              0.0035  
backward:              0.9000              0.7803             -2.1289              0.0053  
backward:              0.8500              0.7819             -1.3471              0.0065  
backward:              0.8000              0.7467             -0.6003              0.0077  
backward:              0.7500              0.7071              0.1067              0.0086  
backward:              0.7000              0.6342              0.7410              0.0095  
backward:              0.6500              0.5285              1.2695              0.0103  
backward:              0.6000              0.4034              1.6729              0.0110  
backward:              0.5500              0.2671              1.9400              0.0117  
backward:              0.5000              0.0971              2.0371              0.0122  
backward:              0.4500              0.0175              2.0546              0.0126  
backward:              0.4000              0.0045              2.0591              0.0129  
backward:              0.3500             -0.0185              2.0407              0.0133  
backward:              0.3000             -0.0330              2.0076              0.0137  
backward:              0.2500             -0.0601              1.9476              0.0143  
backward:              0.2000             -0.1076              1.8400              0.0149  
backward:              0.1500             -0.1686              1.6714              0.0158  
backward:              0.1000             -0.3144              1.3570              0.0440  
backward:              0.0500             -0.4848              0.8722              0.0451  
backward:              0.0000             -0.9205             -0.0483              0.0473  
Inaccuracy estimation
======================================================================================================
                   i        i+δi          P0_overlap_P1   δε(forward)/ε   δε(backward)/ε
======================================================================================================
inaccuracy:  0.00000        0.05000           47.57           -0.02            0.87
inaccuracy:  0.05000        0.10000           60.23           -0.01            0.50
inaccuracy:  0.10000        0.15000           68.27           -0.01            0.26
inaccuracy:  0.15000        0.20000           72.13           -0.00            0.16
inaccuracy:  0.20000        0.25000           76.04           -0.01            0.12
inaccuracy:  0.25000        0.30000           76.39           -0.01            0.10
inaccuracy:  0.30000        0.35000           77.39           -0.01            0.09
inaccuracy:  0.35000        0.40000           78.27           -0.00            0.09
inaccuracy:  0.40000        0.45000           78.14           -0.01            0.07
inaccuracy:  0.45000        0.50000           79.06           -0.01            0.07
inaccuracy:  0.50000        0.55000           70.79           -0.05            0.11
inaccuracy:  0.55000        0.60000           72.06           -0.06            0.08
inaccuracy:  0.60000        0.65000           72.72           -0.06            0.06
inaccuracy:  0.65000        0.70000           72.25           -0.08            0.05
inaccuracy:  0.70000        0.75000           71.99           -0.07            0.05
inaccuracy:  0.75000        0.80000           72.30           -0.07            0.04
inaccuracy:  0.80000        0.85000           72.36           -0.07            0.04
inaccuracy:  0.85000        0.90000           71.75           -0.07            0.04
inaccuracy:  0.90000        0.95000           72.05           -0.06            0.04
inaccuracy:  0.95000        1.00000           71.04           -0.06            0.05
===================================================================================================================================
                BAR        
-----------------------------------------------------------------------------------------------------------------------------------
BAR-estimator:         λ             λ+δλ          ΔΔA             ΔA            C               Δδe            δe       
                          
-----------------------------------------------------------------------------------------------------------------------------------
BAR-estimator:      0.00000        0.05000        0.9257         0.9257         0.9257         0.0056         0.0056 
BAR-estimator:      0.05000        0.10000        0.4882         1.4139         0.4882         0.0046         0.0073 
BAR-estimator:      0.10000        0.15000        0.2663         1.6803         0.2663         0.0033         0.0079 
BAR-estimator:      0.15000        0.20000        0.1702         1.8505         0.1702         0.0029         0.0085 
BAR-estimator:      0.20000        0.25000        0.1030         1.9534         0.1030         0.0016         0.0086 
BAR-estimator:      0.25000        0.30000        0.0653         2.0188         0.0653         0.0023         0.0089 
BAR-estimator:      0.30000        0.35000        0.0340         2.0528         0.0340         0.0017         0.0091 
BAR-estimator:      0.35000        0.40000        0.0178         2.0706         0.0178         0.0020         0.0093 
BAR-estimator:      0.40000        0.45000       -0.0026         2.0680        -0.0026         0.0019         0.0095 
BAR-estimator:      0.45000        0.50000       -0.0182         2.0498        -0.0182         0.0018         0.0096 
BAR-estimator:      0.50000        0.55000       -0.0960         1.9538        -0.0960         0.0022         0.0099 
BAR-estimator:      0.55000        0.60000       -0.2673         1.6865        -0.2673         0.0021         0.0101 
BAR-estimator:      0.60000        0.65000       -0.4094         1.2771        -0.4094         0.0024         0.0104 
BAR-estimator:      0.65000        0.70000       -0.5316         0.7455        -0.5316         0.0024         0.0107 
BAR-estimator:      0.70000        0.75000       -0.6310         0.1145        -0.6310         0.0025         0.0110 
BAR-estimator:      0.75000        0.80000       -0.7078        -0.5933        -0.7078         0.0024         0.0112 
BAR-estimator:      0.80000        0.85000       -0.7505        -1.3438        -0.7505         0.0024         0.0115 
BAR-estimator:      0.85000        0.90000       -0.7802        -2.1241        -0.7802         0.0026         0.0118 
BAR-estimator:      0.90000        0.95000       -0.7840        -2.9080        -0.7840         0.0027         0.0121 
BAR-estimator:      0.95000        1.00000       -0.7866        -3.6946        -0.7866         0.0021         0.0123 
BAR-estimator: total free energy change is -3.6945957629737234 , total error is 0.012250324045432238
