#========================================================================================
#                     Free energy perturbation    
#----------------------------------------------------------------------------------------
#forward/backward          λ              ΔΔA                 ΔA                  δε   
#                                                 
#----------------------------------------------------------------------------------------
forward:               0.0000              0.0000              0.0000              0.0000  
forward:               0.0500              1.6813              1.6813              0.0139  
forward:               0.1000              1.0467              2.7281              0.0176  
forward:               0.1500              0.6302              3.3583              0.0199  
forward:               0.2000              0.3509              3.7092              0.0209  
forward:               0.2500              0.2167              3.9259              0.0216  
forward:               0.3000              0.1225              4.0485              0.0223  
forward:               0.3500              0.0645              4.1130              0.0227  
forward:               0.4000              0.0281              4.1411              0.0231  
forward:               0.4500             -0.0086              4.1325              0.0235  
forward:               0.5000             -0.0366              4.0959              0.0237  
forward:               0.5500             -0.1391              3.9568              0.0240  
forward:               0.6000             -0.3021              3.6547              0.0244  
forward:               0.6500             -0.4588              3.1959              0.0248  
forward:               0.7000             -0.5969              2.5989              0.0251  
forward:               0.7500             -0.7025              1.8964              0.0255  
forward:               0.8000             -0.7708              1.1257              0.0258  
forward:               0.8500             -0.8035              0.3222              0.0260  
forward:               0.9000             -0.8334             -0.5112              0.0263  
forward:               0.9500             -0.8503             -1.3616              0.0265  
forward:               1.0000             -0.8635             -2.2251              0.0268  
backward:              1.0000              0.0000             -2.2251              0.0000  
backward:              0.9500              0.8504             -1.3747              0.0048  
backward:              0.9000              0.8477             -0.5269              0.0068  
backward:              0.8500              0.8221              0.2952              0.0090  
backward:              0.8000              0.8057              1.1010              0.0100  
backward:              0.7500              0.7679              1.8688              0.0109  
backward:              0.7000              0.7022              2.5710              0.0116  
backward:              0.6500              0.6108              3.1818              0.0126  
backward:              0.6000              0.4631              3.6449              0.0137  
backward:              0.5500              0.2932              3.9381              0.0147  
backward:              0.5000              0.1307              4.0688              0.0157  
backward:              0.4500              0.0327              4.1015              0.0165  
backward:              0.4000              0.0042              4.1057              0.0181  
backward:              0.3500             -0.0246              4.0811              0.0189  
backward:              0.3000             -0.0713              4.0098              0.0197  
backward:              0.2500             -0.1313              3.8786              0.0208  
backward:              0.2000             -0.2444              3.6342              0.0225  
backward:              0.1500             -0.3766              3.2576              0.0253  
backward:              0.1000             -0.6220              2.6356              0.0282  
backward:              0.0500             -1.0122              1.6233              0.0338  
backward:              0.0000             -1.6737             -0.0503              0.0416  
Inaccuracy estimation
======================================================================================================
                   i        i+δi          P0_overlap_P1   δε(forward)/ε   δε(backward)/ε
======================================================================================================
inaccuracy:  0.00000        0.05000           36.32           -0.02            1.77
inaccuracy:  0.05000        0.10000           44.49           -0.05            1.12
inaccuracy:  0.10000        0.15000           52.92           -0.03            0.64
inaccuracy:  0.15000        0.20000           60.88           -0.03            0.38
inaccuracy:  0.20000        0.25000           65.12           -0.02            0.27
inaccuracy:  0.25000        0.30000           67.20           -0.02            0.22
inaccuracy:  0.30000        0.35000           68.93           -0.02            0.17
inaccuracy:  0.35000        0.40000           69.70           -0.02            0.16
inaccuracy:  0.40000        0.45000           71.30           -0.02            0.14
inaccuracy:  0.45000        0.50000           71.47           -0.02            0.13
inaccuracy:  0.50000        0.55000           66.35           -0.07            0.15
inaccuracy:  0.55000        0.60000           66.47           -0.08            0.12
inaccuracy:  0.60000        0.65000           65.61           -0.09            0.11
inaccuracy:  0.65000        0.70000           65.44           -0.10            0.10
inaccuracy:  0.70000        0.75000           66.55           -0.10            0.08
inaccuracy:  0.75000        0.80000           67.48           -0.09            0.07
inaccuracy:  0.80000        0.85000           66.64           -0.09            0.07
inaccuracy:  0.85000        0.90000           66.35           -0.09            0.07
inaccuracy:  0.90000        0.95000           66.42           -0.09            0.07
inaccuracy:  0.95000        1.00000           66.89           -0.09            0.07
===================================================================================================================================
                BAR        
-----------------------------------------------------------------------------------------------------------------------------------
BAR-estimator:         λ             λ+δλ          ΔΔA             ΔA            C               Δδe            δe       
                          
-----------------------------------------------------------------------------------------------------------------------------------
BAR-estimator:      0.00000        0.05000        1.6856         1.6856         1.6856         0.0070         0.0070 
BAR-estimator:      0.05000        0.10000        1.0379         2.7235         1.0379         0.0065         0.0095 
BAR-estimator:      0.10000        0.15000        0.6295         3.3530         0.6295         0.0056         0.0110 
BAR-estimator:      0.15000        0.20000        0.3586         3.7116         0.3586         0.0042         0.0118 
BAR-estimator:      0.20000        0.25000        0.2235         3.9352         0.2235         0.0036         0.0124 
BAR-estimator:      0.25000        0.30000        0.1268         4.0619         0.1268         0.0036         0.0129 
BAR-estimator:      0.30000        0.35000        0.0654         4.1273         0.0654         0.0031         0.0132 
BAR-estimator:      0.35000        0.40000        0.0263         4.1536         0.0263         0.0030         0.0136 
BAR-estimator:      0.40000        0.45000       -0.0066         4.1470        -0.0066         0.0029         0.0139 
BAR-estimator:      0.45000        0.50000       -0.0354         4.1116        -0.0354         0.0023         0.0141 
BAR-estimator:      0.50000        0.55000       -0.1351         3.9765        -0.1351         0.0027         0.0143 
BAR-estimator:      0.55000        0.60000       -0.2965         3.6800        -0.2965         0.0031         0.0146 
BAR-estimator:      0.60000        0.65000       -0.4616         3.2184        -0.4616         0.0029         0.0149 
BAR-estimator:      0.65000        0.70000       -0.6033         2.6151        -0.6033         0.0029         0.0152 
BAR-estimator:      0.70000        0.75000       -0.7047         1.9105        -0.7047         0.0034         0.0156 
BAR-estimator:      0.75000        0.80000       -0.7675         1.1430        -0.7675         0.0029         0.0158 
BAR-estimator:      0.80000        0.85000       -0.8051         0.3379        -0.8051         0.0031         0.0161 
BAR-estimator:      0.85000        0.90000       -0.8336        -0.4957        -0.8336         0.0030         0.0164 
BAR-estimator:      0.90000        0.95000       -0.8503        -1.3461        -0.8503         0.0030         0.0167 
BAR-estimator:      0.95000        1.00000       -0.8582        -2.2043        -0.8582         0.0028         0.0169 
BAR-estimator: total free energy change is -2.2042641290552183 , total error is 0.01692533080438499
