#========================================================================================
#                     Free energy perturbation    
#----------------------------------------------------------------------------------------
#forward/backward          λ              ΔΔA                 ΔA                  δε   
#                                                 
#----------------------------------------------------------------------------------------
forward:               0.0000              0.0000              0.0000              0.0000  
forward:               0.0500              1.1609              1.1609              0.0094  
forward:               0.1000              0.7341              1.8951              0.0129  
forward:               0.1500              0.4382              2.3333              0.0147  
forward:               0.2000              0.2798              2.6131              0.0160  
forward:               0.2500              0.1926              2.8057              0.0168  
forward:               0.3000              0.1264              2.9321              0.0174  
forward:               0.3500              0.0932              3.0253              0.0178  
forward:               0.4000              0.0624              3.0877              0.0181  
forward:               0.4500              0.0390              3.1266              0.0185  
forward:               0.5000              0.0173              3.1439              0.0187  
forward:               0.5500              0.0122              3.1562              0.0190  
forward:               0.6000             -0.0104              3.1458              0.0193  
forward:               0.6500             -0.0123              3.1335              0.0195  
forward:               0.7000             -0.0259              3.1075              0.0197  
forward:               0.7500             -0.0338              3.0738              0.0199  
forward:               0.8000             -0.0434              3.0304              0.0199  
forward:               0.8500             -0.0482              2.9821              0.0201  
forward:               0.9000             -0.0499              2.9322              0.0203  
forward:               0.9500             -0.0589              2.8733              0.0204  
forward:               1.0000             -0.0538              2.8195              0.0205  
backward:              1.0000              0.0000              2.8195              0.0000  
backward:              0.9500              0.0508              2.8704              0.0041  
backward:              0.9000              0.0564              2.9267              0.0051  
backward:              0.8500              0.0441              2.9708              0.0060  
backward:              0.8000              0.0429              3.0137              0.0068  
backward:              0.7500              0.0442              3.0579              0.0075  
backward:              0.7000              0.0300              3.0879              0.0082  
backward:              0.6500              0.0149              3.1028              0.0089  
backward:              0.6000              0.0176              3.1204              0.0095  
backward:              0.5500              0.0008              3.1212              0.0102  
backward:              0.5000             -0.0108              3.1104              0.0109  
backward:              0.4500             -0.0195              3.0909              0.0115  
backward:              0.4000             -0.0356              3.0553              0.0122  
backward:              0.3500             -0.0582              2.9970              0.0129  
backward:              0.3000             -0.0927              2.9043              0.0138  
backward:              0.2500             -0.1368              2.7676              0.0149  
backward:              0.2000             -0.1921              2.5755              0.0162  
backward:              0.1500             -0.2879              2.2875              0.0190  
backward:              0.1000             -0.4663              1.8212              0.0217  
backward:              0.0500             -0.7315              1.0897              0.0295  
backward:              0.0000             -1.1596             -0.0699              0.0338  
Inaccuracy estimation
======================================================================================================
                   i        i+δi          P0_overlap_P1   δε(forward)/ε   δε(backward)/ε
======================================================================================================
inaccuracy:  0.00000        0.05000           44.76           -0.03            1.08
inaccuracy:  0.05000        0.10000           53.10           -0.02            0.70
inaccuracy:  0.10000        0.15000           61.69           -0.01            0.39
inaccuracy:  0.15000        0.20000           66.64           -0.01            0.27
inaccuracy:  0.20000        0.25000           68.62           -0.01            0.20
inaccuracy:  0.25000        0.30000           72.32           -0.02            0.15
inaccuracy:  0.30000        0.35000           72.48           -0.01            0.13
inaccuracy:  0.35000        0.40000           72.98           -0.01            0.12
inaccuracy:  0.40000        0.45000           74.32           -0.01            0.11
inaccuracy:  0.45000        0.50000           75.14           -0.01            0.10
inaccuracy:  0.50000        0.55000           74.62           -0.01            0.10
inaccuracy:  0.55000        0.60000           76.11           -0.01            0.09
inaccuracy:  0.60000        0.65000           75.21           -0.01            0.10
inaccuracy:  0.65000        0.70000           76.81           -0.01            0.09
inaccuracy:  0.70000        0.75000           76.10           -0.01            0.09
inaccuracy:  0.75000        0.80000           75.75           -0.01            0.09
inaccuracy:  0.80000        0.85000           76.10           -0.01            0.09
inaccuracy:  0.85000        0.90000           76.47           -0.01            0.08
inaccuracy:  0.90000        0.95000           76.12           -0.02            0.09
inaccuracy:  0.95000        1.00000           75.40           -0.01            0.09
===================================================================================================================================
                BAR        
-----------------------------------------------------------------------------------------------------------------------------------
BAR-estimator:         λ             λ+δλ          ΔΔA             ΔA            C               Δδe            δe       
                          
-----------------------------------------------------------------------------------------------------------------------------------
BAR-estimator:      0.00000        0.05000        1.1736         1.1736         1.1736         0.0058         0.0058 
BAR-estimator:      0.05000        0.10000        0.7342         1.9077         0.7342         0.0052         0.0078 
BAR-estimator:      0.10000        0.15000        0.4475         2.3552         0.4475         0.0044         0.0090 
BAR-estimator:      0.15000        0.20000        0.2820         2.6372         0.2820         0.0040         0.0098 
BAR-estimator:      0.20000        0.25000        0.1913         2.8285         0.1913         0.0033         0.0104 
BAR-estimator:      0.25000        0.30000        0.1301         2.9586         0.1301         0.0031         0.0108 
BAR-estimator:      0.30000        0.35000        0.0923         3.0510         0.0923         0.0026         0.0111 
BAR-estimator:      0.35000        0.40000        0.0596         3.1106         0.0596         0.0023         0.0113 
BAR-estimator:      0.40000        0.45000        0.0383         3.1489         0.0383         0.0026         0.0116 
BAR-estimator:      0.45000        0.50000        0.0175         3.1663         0.0175         0.0022         0.0118 
BAR-estimator:      0.50000        0.55000        0.0111         3.1775         0.0111         0.0022         0.0120 
BAR-estimator:      0.55000        0.60000       -0.0069         3.1706        -0.0069         0.0026         0.0123 
BAR-estimator:      0.60000        0.65000       -0.0137         3.1569        -0.0137         0.0018         0.0125 
BAR-estimator:      0.65000        0.70000       -0.0218         3.1351        -0.0218         0.0018         0.0126 
BAR-estimator:      0.70000        0.75000       -0.0325         3.1026        -0.0325         0.0021         0.0127 
BAR-estimator:      0.75000        0.80000       -0.0434         3.0592        -0.0434         0.0020         0.0129 
BAR-estimator:      0.80000        0.85000       -0.0464         3.0128        -0.0464         0.0021         0.0131 
BAR-estimator:      0.85000        0.90000       -0.0493         2.9635        -0.0493         0.0022         0.0133 
BAR-estimator:      0.90000        0.95000       -0.0577         2.9059        -0.0577         0.0021         0.0134 
BAR-estimator:      0.95000        1.00000       -0.0540         2.8519        -0.0540         0.0019         0.0136 
BAR-estimator: total free energy change is 2.8519006163768266 , total error is 0.013555429383935965
