#========================================================================================
#                     Free energy perturbation    
#----------------------------------------------------------------------------------------
#forward/backward          λ              ΔΔA                 ΔA                  δε   
#                                                 
#----------------------------------------------------------------------------------------
forward:               0.0000              0.0000              0.0000              0.0000  
forward:               0.0500              2.4037              2.4037              0.0203  
forward:               0.1000              1.3057              3.7094              0.0262  
forward:               0.1500              0.6357              4.3451              0.0283  
forward:               0.2000              0.3198              4.6650              0.0290  
forward:               0.2500              0.1562              4.8211              0.0295  
forward:               0.3000              0.0583              4.8794              0.0299  
forward:               0.3500             -0.0163              4.8631              0.0302  
forward:               0.4000             -0.0572              4.8059              0.0305  
forward:               0.4500             -0.1026              4.7033              0.0307  
forward:               0.5000             -0.1242              4.5791              0.0309  
forward:               0.5500             -0.1956              4.3836              0.0312  
forward:               0.6000             -0.3666              4.0169              0.0314  
forward:               0.6500             -0.5176              3.4993              0.0317  
forward:               0.7000             -0.6306              2.8687              0.0319  
forward:               0.7500             -0.7257              2.1430              0.0322  
forward:               0.8000             -0.8043              1.3387              0.0324  
forward:               0.8500             -0.8767              0.4620              0.0327  
forward:               0.9000             -0.9270             -0.4650              0.0329  
forward:               0.9500             -0.9718             -1.4368              0.0332  
forward:               1.0000             -1.0013             -2.4381              0.0334  
backward:              1.0000              0.0000             -2.4381              0.0000  
backward:              0.9500              0.9913             -1.4468              0.0046  
backward:              0.9000              0.9717             -0.4751              0.0065  
backward:              0.8500              0.9298              0.4547              0.0082  
backward:              0.8000              0.8775              1.3322              0.0096  
backward:              0.7500              0.8091              2.1413              0.0107  
backward:              0.7000              0.7259              2.8672              0.0119  
backward:              0.6500              0.6325              3.4997              0.0128  
backward:              0.6000              0.5182              4.0179              0.0139  
backward:              0.5500              0.3712              4.3891              0.0148  
backward:              0.5000              0.2005              4.5895              0.0158  
backward:              0.4500              0.1334              4.7230              0.0164  
backward:              0.4000              0.0990              4.8220              0.0171  
backward:              0.3500              0.0568              4.8788              0.0178  
backward:              0.3000              0.0201              4.8989              0.0186  
backward:              0.2500             -0.0640              4.8349              0.0198  
backward:              0.2000             -0.1412              4.6937              0.0208  
backward:              0.1500             -0.3507              4.3430              0.0339  
backward:              0.1000             -0.6734              3.6696              0.0379  
backward:              0.0500             -1.2998              2.3698              0.0492  
backward:              0.0000             -2.3485              0.0214              0.0620  
Inaccuracy estimation
======================================================================================================
                   i        i+δi          P0_overlap_P1   δε(forward)/ε   δε(backward)/ε
======================================================================================================
inaccuracy:  0.00000        0.05000           27.06            0.07            2.84
inaccuracy:  0.05000        0.10000           37.65           -0.06            1.67
inaccuracy:  0.10000        0.15000           51.11           -0.04            0.76
inaccuracy:  0.15000        0.20000           58.59           -0.03            0.41
inaccuracy:  0.20000        0.25000           63.70           -0.03            0.28
inaccuracy:  0.25000        0.30000           66.85           -0.02            0.19
inaccuracy:  0.30000        0.35000           68.66           -0.02            0.16
inaccuracy:  0.35000        0.40000           70.33           -0.02            0.15
inaccuracy:  0.40000        0.45000           71.68           -0.03            0.13
inaccuracy:  0.45000        0.50000           70.87           -0.02            0.12
inaccuracy:  0.50000        0.55000           65.16           -0.07            0.15
inaccuracy:  0.55000        0.60000           66.35           -0.08            0.12
inaccuracy:  0.60000        0.65000           67.57           -0.08            0.10
inaccuracy:  0.65000        0.70000           67.62           -0.09            0.08
inaccuracy:  0.70000        0.75000           67.55           -0.09            0.07
inaccuracy:  0.75000        0.80000           67.87           -0.10            0.06
inaccuracy:  0.80000        0.85000           67.73           -0.09            0.05
inaccuracy:  0.85000        0.90000           67.71           -0.09            0.05
inaccuracy:  0.90000        0.95000           67.42           -0.10            0.05
inaccuracy:  0.95000        1.00000           67.80           -0.11            0.05
===================================================================================================================================
                BAR        
-----------------------------------------------------------------------------------------------------------------------------------
BAR-estimator:         λ             λ+δλ          ΔΔA             ΔA            C               Δδe            δe       
                          
-----------------------------------------------------------------------------------------------------------------------------------
BAR-estimator:      0.00000        0.05000        2.3779         2.3779         2.3779         0.0092         0.0092 
BAR-estimator:      0.05000        0.10000        1.3230         3.7009         1.3230         0.0086         0.0126 
BAR-estimator:      0.10000        0.15000        0.6495         4.3504         0.6495         0.0067         0.0143 
BAR-estimator:      0.15000        0.20000        0.3165         4.6669         0.3165         0.0044         0.0150 
BAR-estimator:      0.20000        0.25000        0.1558         4.8226         0.1558         0.0035         0.0154 
BAR-estimator:      0.25000        0.30000        0.0583         4.8809         0.0583         0.0035         0.0157 
BAR-estimator:      0.30000        0.35000       -0.0176         4.8633        -0.0176         0.0028         0.0160 
BAR-estimator:      0.35000        0.40000       -0.0573         4.8060        -0.0573         0.0030         0.0163 
BAR-estimator:      0.40000        0.45000       -0.1008         4.7052        -0.1008         0.0026         0.0165 
BAR-estimator:      0.45000        0.50000       -0.1277         4.5775        -0.1277         0.0024         0.0167 
BAR-estimator:      0.50000        0.55000       -0.1982         4.3793        -0.1982         0.0030         0.0169 
BAR-estimator:      0.55000        0.60000       -0.3700         4.0093        -0.3700         0.0027         0.0171 
BAR-estimator:      0.60000        0.65000       -0.5171         3.4922        -0.5171         0.0026         0.0173 
BAR-estimator:      0.65000        0.70000       -0.6317         2.8605        -0.6317         0.0027         0.0175 
BAR-estimator:      0.70000        0.75000       -0.7271         2.1334        -0.7271         0.0028         0.0178 
BAR-estimator:      0.75000        0.80000       -0.8070         1.3264        -0.8070         0.0025         0.0179 
BAR-estimator:      0.80000        0.85000       -0.8762         0.4502        -0.8762         0.0030         0.0182 
BAR-estimator:      0.85000        0.90000       -0.9287        -0.4786        -0.9287         0.0032         0.0185 
BAR-estimator:      0.90000        0.95000       -0.9722        -1.4508        -0.9722         0.0029         0.0187 
BAR-estimator:      0.95000        1.00000       -0.9989        -2.4497        -0.9989         0.0030         0.0190 
BAR-estimator: total free energy change is -2.4497195461909635 , total error is 0.018952734301956594
