#========================================================================================
#                     Free energy perturbation    
#----------------------------------------------------------------------------------------
#forward/backward          λ              ΔΔA                 ΔA                  δε   
#                                                 
#----------------------------------------------------------------------------------------
forward:               0.0000              0.0000              0.0000              0.0000  
forward:               0.0500              3.7759              3.7759              0.0334  
forward:               0.1000              1.9688              5.7447              0.0452  
forward:               0.1500              0.8861              6.6308              0.0479  
forward:               0.2000              0.3342              6.9650              0.0489  
forward:               0.2500              0.0495              7.0144              0.0494  
forward:               0.3000             -0.1221              6.8923              0.0497  
forward:               0.3500             -0.2015              6.6908              0.0500  
forward:               0.4000             -0.2841              6.4067              0.0502  
forward:               0.4500             -0.3211              6.0856              0.0504  
forward:               0.5000             -0.3713              5.7143              0.0505  
forward:               0.5500             -0.6225              5.0918              0.0509  
forward:               0.6000             -1.0492              4.0426              0.0515  
forward:               0.6500             -1.4192              2.6234              0.0520  
forward:               0.7000             -1.7434              0.8800              0.0525  
forward:               0.7500             -1.9762             -1.0962              0.0532  
forward:               0.8000             -2.1179             -3.2142              0.0536  
forward:               0.8500             -2.1915             -5.4057              0.0542  
forward:               0.9000             -2.2489             -7.6546              0.0550  
forward:               0.9500             -2.3030             -9.9576              0.0559  
forward:               1.0000             -2.3453            -12.3029              0.0561  
backward:              1.0000              0.0000            -12.3029              0.0000  
backward:              0.9500              2.3095             -9.9934              0.0255  
backward:              0.9000              2.2703             -7.7231              0.0395  
backward:              0.8500              2.2602             -5.4630              0.0404  
backward:              0.8000              2.1822             -3.2808              0.0419  
backward:              0.7500              2.1183             -1.1624              0.0429  
backward:              0.7000              1.9632              0.8008              0.0437  
backward:              0.6500              1.7479              2.5486              0.0446  
backward:              0.6000              1.4248              3.9734              0.0456  
backward:              0.5500              1.0570              5.0304              0.0462  
backward:              0.5000              0.6267              5.6571              0.0468  
backward:              0.4500              0.3705              6.0276              0.0471  
backward:              0.4000              0.3233              6.3509              0.0474  
backward:              0.3500              0.2815              6.6324              0.0478  
backward:              0.3000              0.2167              6.8491              0.0481  
backward:              0.2500              0.1028              6.9519              0.0484  
backward:              0.2000             -0.0506              6.9014              0.0494  
backward:              0.1500             -0.3321              6.5693              0.0544  
backward:              0.1000             -0.8874              5.6819              0.0612  
backward:              0.0500             -2.0703              3.6116              0.0966  
backward:              0.0000             -3.6271             -0.0155              0.1213  
Inaccuracy estimation
======================================================================================================
                   i        i+δi          P0_overlap_P1   δε(forward)/ε   δε(backward)/ε
======================================================================================================
inaccuracy:  0.00000        0.05000           16.77            0.58            5.29
inaccuracy:  0.05000        0.10000           26.13           -0.08            3.11
inaccuracy:  0.10000        0.15000           38.62           -0.11            1.43
inaccuracy:  0.15000        0.20000           49.91           -0.07            0.65
inaccuracy:  0.20000        0.25000           57.07           -0.07            0.37
inaccuracy:  0.25000        0.30000           62.48           -0.04            0.24
inaccuracy:  0.30000        0.35000           62.90           -0.06            0.20
inaccuracy:  0.35000        0.40000           65.98           -0.04            0.16
inaccuracy:  0.40000        0.45000           66.10           -0.04            0.14
inaccuracy:  0.45000        0.50000           67.54           -0.05            0.13
inaccuracy:  0.50000        0.55000           54.54           -0.25            0.21
inaccuracy:  0.55000        0.60000           55.80           -0.29            0.11
inaccuracy:  0.60000        0.65000           55.48           -0.35            0.04
inaccuracy:  0.65000        0.70000           55.55           -0.37           -0.00
inaccuracy:  0.70000        0.75000           55.78           -0.34           -0.04
inaccuracy:  0.75000        0.80000           55.51           -0.42           -0.05
inaccuracy:  0.80000        0.85000           54.28           -0.42           -0.07
inaccuracy:  0.85000        0.90000           53.02           -0.44           -0.07
inaccuracy:  0.90000        0.95000           51.83           -0.43           -0.07
inaccuracy:  0.95000        1.00000           52.78           -0.41           -0.08
===================================================================================================================================
                BAR        
-----------------------------------------------------------------------------------------------------------------------------------
BAR-estimator:         λ             λ+δλ          ΔΔA             ΔA            C               Δδe            δe       
                          
-----------------------------------------------------------------------------------------------------------------------------------
BAR-estimator:      0.00000        0.05000        3.6952         3.6952         3.6952         0.0111         0.0111 
BAR-estimator:      0.05000        0.10000        1.9965         5.6917         1.9965         0.0114         0.0159 
BAR-estimator:      0.10000        0.15000        0.8789         6.5706         0.8789         0.0103         0.0189 
BAR-estimator:      0.15000        0.20000        0.3284         6.8991         0.3284         0.0069         0.0201 
BAR-estimator:      0.20000        0.25000        0.0483         6.9474         0.0483         0.0050         0.0207 
BAR-estimator:      0.25000        0.30000       -0.1154         6.8320        -0.1154         0.0041         0.0211 
BAR-estimator:      0.30000        0.35000       -0.2051         6.6269        -0.2051         0.0037         0.0214 
BAR-estimator:      0.35000        0.40000       -0.2814         6.3455        -0.2814         0.0032         0.0217 
BAR-estimator:      0.40000        0.45000       -0.3228         6.0227        -0.3228         0.0028         0.0219 
BAR-estimator:      0.45000        0.50000       -0.3692         5.6535        -0.3692         0.0026         0.0220 
BAR-estimator:      0.50000        0.55000       -0.6267         5.0268        -0.6267         0.0035         0.0223 
BAR-estimator:      0.55000        0.60000       -1.0563         3.9705        -1.0563         0.0035         0.0226 
BAR-estimator:      0.60000        0.65000       -1.4290         2.5415        -1.4290         0.0042         0.0230 
BAR-estimator:      0.65000        0.70000       -1.7494         0.7921        -1.7494         0.0040         0.0233 
BAR-estimator:      0.70000        0.75000       -1.9685        -1.1763        -1.9685         0.0039         0.0236 
BAR-estimator:      0.75000        0.80000       -2.1175        -3.2939        -2.1175         0.0042         0.0240 
BAR-estimator:      0.80000        0.85000       -2.1904        -5.4843        -2.1904         0.0045         0.0244 
BAR-estimator:      0.85000        0.90000       -2.2511        -7.7354        -2.2511         0.0057         0.0251 
BAR-estimator:      0.90000        0.95000       -2.2963       -10.0317        -2.2963         0.0061         0.0258 
BAR-estimator:      0.95000        1.00000       -2.3308       -12.3625        -2.3308         0.0045         0.0262 
BAR-estimator: total free energy change is -12.362454869829726 , total error is 0.02619521121691691
