#========================================================================================
#                     Free energy perturbation    
#----------------------------------------------------------------------------------------
#forward/backward          λ              ΔΔA                 ΔA                  δε   
#                                                 
#----------------------------------------------------------------------------------------
forward:               0.0000              0.0000              0.0000              0.0000  
forward:               0.0500              1.1674              1.1674              0.0112  
forward:               0.1000              0.6314              1.7987              0.0133  
forward:               0.1500              0.3529              2.1516              0.0146  
forward:               0.2000              0.2195              2.3711              0.0154  
forward:               0.2500              0.1240              2.4951              0.0163  
forward:               0.3000              0.0754              2.5704              0.0168  
forward:               0.3500              0.0314              2.6019              0.0171  
forward:               0.4000              0.0014              2.6033              0.0174  
forward:               0.4500             -0.0213              2.5820              0.0177  
forward:               0.5000             -0.0366              2.5453              0.0179  
forward:               0.5500             -0.0603              2.4851              0.0182  
forward:               0.6000             -0.1086              2.3765              0.0184  
forward:               0.6500             -0.1367              2.2398              0.0186  
forward:               0.7000             -0.1678              2.0720              0.0188  
forward:               0.7500             -0.1825              1.8895              0.0190  
forward:               0.8000             -0.1999              1.6897              0.0191  
forward:               0.8500             -0.2126              1.4771              0.0193  
forward:               0.9000             -0.2212              1.2559              0.0194  
forward:               0.9500             -0.2293              1.0266              0.0196  
forward:               1.0000             -0.2389              0.7878              0.0197  
backward:              1.0000              0.0000              0.7878              0.0000  
backward:              0.9500              0.2332              1.0210              0.0032  
backward:              0.9000              0.2265              1.2475              0.0045  
backward:              0.8500              0.2179              1.4654              0.0057  
backward:              0.8000              0.2096              1.6750              0.0067  
backward:              0.7500              0.2048              1.8798              0.0074  
backward:              0.7000              0.1831              2.0629              0.0082  
backward:              0.6500              0.1628              2.2257              0.0089  
backward:              0.6000              0.1418              2.3676              0.0093  
backward:              0.5500              0.1068              2.4744              0.0100  
backward:              0.5000              0.0646              2.5390              0.0108  
backward:              0.4500              0.0363              2.5752              0.0113  
backward:              0.4000              0.0192              2.5944              0.0121  
backward:              0.3500              0.0063              2.6007              0.0122  
backward:              0.3000             -0.0316              2.5691              0.0131  
backward:              0.2500             -0.0707              2.4984              0.0140  
backward:              0.2000             -0.1247              2.3737              0.0150  
backward:              0.1500             -0.2178              2.1559              0.0163  
backward:              0.1000             -0.3651              1.7907              0.0188  
backward:              0.0500             -0.6195              1.1712              0.0220  
backward:              0.0000             -1.1384              0.0328              0.0299  
Inaccuracy estimation
======================================================================================================
                   i        i+δi          P0_overlap_P1   δε(forward)/ε   δε(backward)/ε
======================================================================================================
inaccuracy:  0.00000        0.05000           42.21           -0.03            1.46
inaccuracy:  0.05000        0.10000           53.97           -0.02            0.67
inaccuracy:  0.10000        0.15000           63.39           -0.01            0.35
inaccuracy:  0.15000        0.20000           67.52           -0.02            0.24
inaccuracy:  0.20000        0.25000           71.26           -0.01            0.17
inaccuracy:  0.25000        0.30000           72.42           -0.02            0.14
inaccuracy:  0.30000        0.35000           74.28           -0.01            0.12
inaccuracy:  0.35000        0.40000           74.54           -0.01            0.11
inaccuracy:  0.40000        0.45000           75.98           -0.01            0.10
inaccuracy:  0.45000        0.50000           76.36           -0.01            0.09
inaccuracy:  0.50000        0.55000           74.35           -0.02            0.10
inaccuracy:  0.55000        0.60000           75.05           -0.02            0.08
inaccuracy:  0.60000        0.65000           74.75           -0.02            0.08
inaccuracy:  0.65000        0.70000           76.29           -0.02            0.07
inaccuracy:  0.70000        0.75000           75.43           -0.02            0.07
inaccuracy:  0.75000        0.80000           75.54           -0.02            0.07
inaccuracy:  0.80000        0.85000           75.71           -0.02            0.07
inaccuracy:  0.85000        0.90000           75.29           -0.02            0.07
inaccuracy:  0.90000        0.95000           74.95           -0.03            0.07
inaccuracy:  0.95000        1.00000           75.97           -0.03            0.07
===================================================================================================================================
                BAR        
-----------------------------------------------------------------------------------------------------------------------------------
BAR-estimator:         λ             λ+δλ          ΔΔA             ΔA            C               Δδe            δe       
                          
-----------------------------------------------------------------------------------------------------------------------------------
BAR-estimator:      0.00000        0.05000        1.1766         1.1766         1.1766         0.0064         0.0064 
BAR-estimator:      0.05000        0.10000        0.6353         1.8119         0.6353         0.0045         0.0078 
BAR-estimator:      0.10000        0.15000        0.3578         2.1697         0.3578         0.0044         0.0090 
BAR-estimator:      0.15000        0.20000        0.2193         2.3890         0.2193         0.0032         0.0096 
BAR-estimator:      0.20000        0.25000        0.1246         2.5136         0.1246         0.0027         0.0099 
BAR-estimator:      0.25000        0.30000        0.0726         2.5862         0.0726         0.0031         0.0104 
BAR-estimator:      0.30000        0.35000        0.0321         2.6183         0.0321         0.0024         0.0107 
BAR-estimator:      0.35000        0.40000       -0.0009         2.6174        -0.0009         0.0024         0.0109 
BAR-estimator:      0.40000        0.45000       -0.0203         2.5971        -0.0203         0.0021         0.0111 
BAR-estimator:      0.45000        0.50000       -0.0361         2.5610        -0.0361         0.0021         0.0113 
BAR-estimator:      0.50000        0.55000       -0.0616         2.4994        -0.0616         0.0022         0.0116 
BAR-estimator:      0.55000        0.60000       -0.1083         2.3911        -0.1083         0.0021         0.0117 
BAR-estimator:      0.60000        0.65000       -0.1397         2.2514        -0.1397         0.0020         0.0119 
BAR-estimator:      0.65000        0.70000       -0.1661         2.0853        -0.1661         0.0021         0.0121 
BAR-estimator:      0.70000        0.75000       -0.1830         1.9024        -0.1830         0.0020         0.0123 
BAR-estimator:      0.75000        0.80000       -0.2014         1.7010        -0.2014         0.0021         0.0124 
BAR-estimator:      0.80000        0.85000       -0.2125         1.4885        -0.2125         0.0019         0.0126 
BAR-estimator:      0.85000        0.90000       -0.2209         1.2677        -0.2209         0.0020         0.0127 
BAR-estimator:      0.90000        0.95000       -0.2298         1.0379        -0.2298         0.0020         0.0129 
BAR-estimator:      0.95000        1.00000       -0.2374         0.8005        -0.2374         0.0020         0.0130 
BAR-estimator: total free energy change is 0.8004590167678574 , total error is 0.013029220105140455
