#========================================================================================
#                     Free energy perturbation    
#----------------------------------------------------------------------------------------
#forward/backward          λ              ΔΔA                 ΔA                  δε   
#                                                 
#----------------------------------------------------------------------------------------
forward:               0.0000              0.0000              0.0000              0.0000  
forward:               0.0500              1.3701              1.3701              0.0119  
forward:               0.1000              0.7599              2.1299              0.0154  
forward:               0.1500              0.3834              2.5133              0.0170  
forward:               0.2000              0.2013              2.7146              0.0177  
forward:               0.2500              0.0917              2.8064              0.0183  
forward:               0.3000              0.0309              2.8372              0.0186  
forward:               0.3500             -0.0033              2.8340              0.0189  
forward:               0.4000             -0.0426              2.7914              0.0192  
forward:               0.4500             -0.0620              2.7294              0.0195  
forward:               0.5000             -0.0854              2.6440              0.0197  
forward:               0.5500             -0.2563              2.3877              0.0200  
forward:               0.6000             -0.5019              1.8858              0.0204  
forward:               0.6500             -0.7157              1.1702              0.0207  
forward:               0.7000             -0.8951              0.2751              0.0211  
forward:               0.7500             -1.0261             -0.7511              0.0214  
forward:               0.8000             -1.1092             -1.8602              0.0217  
forward:               0.8500             -1.1590             -3.0192              0.0219  
forward:               0.9000             -1.1846             -4.2039              0.0222  
forward:               0.9500             -1.1887             -5.3925              0.0224  
forward:               1.0000             -1.1864             -6.5789              0.0226  
backward:              1.0000              0.0000             -6.5789              0.0000  
backward:              0.9500              1.1853             -5.3936              0.0039  
backward:              0.9000              1.1876             -4.2060              0.0063  
backward:              0.8500              1.1777             -3.0282              0.0075  
backward:              0.8000              1.1491             -1.8791              0.0087  
backward:              0.7500              1.1121             -0.7670              0.0098  
backward:              0.7000              1.0283              0.2613              0.0106  
backward:              0.6500              0.8984              1.1597              0.0116  
backward:              0.6000              0.7158              1.8755              0.0125  
backward:              0.5500              0.5005              2.3759              0.0132  
backward:              0.5000              0.2513              2.6273              0.0140  
backward:              0.4500              0.0857              2.7130              0.0144  
backward:              0.4000              0.0629              2.7759              0.0145  
backward:              0.3500              0.0463              2.8222              0.0149  
backward:              0.3000              0.0017              2.8239              0.0156  
backward:              0.2500             -0.0365              2.7874              0.0168  
backward:              0.2000             -0.1022              2.6852              0.0175  
backward:              0.1500             -0.2082              2.4770              0.0193  
backward:              0.1000             -0.3702              2.1068              0.0215  
backward:              0.0500             -0.7898              1.3170              0.0313  
backward:              0.0000             -1.3539             -0.0369              0.0364  
Inaccuracy estimation
======================================================================================================
                   i        i+δi          P0_overlap_P1   δε(forward)/ε   δε(backward)/ε
======================================================================================================
inaccuracy:  0.00000        0.05000           40.65           -0.03            1.31
inaccuracy:  0.05000        0.10000           50.62           -0.03            0.85
inaccuracy:  0.10000        0.15000           60.19           -0.01            0.45
inaccuracy:  0.15000        0.20000           66.64           -0.02            0.23
inaccuracy:  0.20000        0.25000           71.59           -0.01            0.17
inaccuracy:  0.25000        0.30000           73.08           -0.01            0.13
inaccuracy:  0.30000        0.35000           73.91           -0.02            0.12
inaccuracy:  0.35000        0.40000           75.17           -0.01            0.10
inaccuracy:  0.40000        0.45000           75.40           -0.01            0.09
inaccuracy:  0.45000        0.50000           76.36           -0.01            0.09
inaccuracy:  0.50000        0.55000           66.06           -0.09            0.13
inaccuracy:  0.55000        0.60000           67.09           -0.10            0.08
inaccuracy:  0.60000        0.65000           66.93           -0.12            0.06
inaccuracy:  0.65000        0.70000           66.43           -0.13            0.04
inaccuracy:  0.70000        0.75000           67.71           -0.11            0.03
inaccuracy:  0.75000        0.80000           67.95           -0.12            0.03
inaccuracy:  0.80000        0.85000           68.01           -0.12            0.02
inaccuracy:  0.85000        0.90000           67.61           -0.11            0.02
inaccuracy:  0.90000        0.95000           66.81           -0.13            0.03
inaccuracy:  0.95000        1.00000           66.19           -0.12            0.03
===================================================================================================================================
                BAR        
-----------------------------------------------------------------------------------------------------------------------------------
BAR-estimator:         λ             λ+δλ          ΔΔA             ΔA            C               Δδe            δe       
                          
-----------------------------------------------------------------------------------------------------------------------------------
BAR-estimator:      0.00000        0.05000        1.3753         1.3753         1.3753         0.0062         0.0062 
BAR-estimator:      0.05000        0.10000        0.7640         2.1393         0.7640         0.0061         0.0087 
BAR-estimator:      0.10000        0.15000        0.3874         2.5268         0.3874         0.0046         0.0099 
BAR-estimator:      0.15000        0.20000        0.1985         2.7252         0.1985         0.0033         0.0104 
BAR-estimator:      0.20000        0.25000        0.0972         2.8224         0.0972         0.0032         0.0109 
BAR-estimator:      0.25000        0.30000        0.0321         2.8546         0.0321         0.0026         0.0112 
BAR-estimator:      0.30000        0.35000       -0.0035         2.8511        -0.0035         0.0023         0.0115 
BAR-estimator:      0.35000        0.40000       -0.0431         2.8079        -0.0431         0.0021         0.0116 
BAR-estimator:      0.40000        0.45000       -0.0619         2.7460        -0.0619         0.0022         0.0118 
BAR-estimator:      0.45000        0.50000       -0.0858         2.6602        -0.0858         0.0017         0.0120 
BAR-estimator:      0.50000        0.55000       -0.2538         2.4064        -0.2538         0.0025         0.0122 
BAR-estimator:      0.55000        0.60000       -0.5029         1.9035        -0.5029         0.0025         0.0125 
BAR-estimator:      0.60000        0.65000       -0.7186         1.1849        -0.7186         0.0027         0.0128 
BAR-estimator:      0.65000        0.70000       -0.8997         0.2852        -0.8997         0.0026         0.0130 
BAR-estimator:      0.70000        0.75000       -1.0260        -0.7408        -1.0260         0.0026         0.0133 
BAR-estimator:      0.75000        0.80000       -1.1113        -1.8521        -1.1113         0.0025         0.0135 
BAR-estimator:      0.80000        0.85000       -1.1589        -3.0110        -1.1589         0.0032         0.0139 
BAR-estimator:      0.85000        0.90000       -1.1809        -4.1919        -1.1809         0.0027         0.0142 
BAR-estimator:      0.90000        0.95000       -1.1904        -5.3823        -1.1904         0.0028         0.0144 
BAR-estimator:      0.95000        1.00000       -1.1871        -6.5695        -1.1871         0.0025         0.0147 
BAR-estimator: total free energy change is -6.569481318149663 , total error is 0.01465363545638768
