#========================================================================================
#                     Free energy perturbation    
#----------------------------------------------------------------------------------------
#forward/backward          λ              ΔΔA                 ΔA                  δε   
#                                                 
#----------------------------------------------------------------------------------------
forward:               0.0000              0.0000              0.0000              0.0000  
forward:               0.0500              1.3005              1.3005              0.0139  
forward:               0.1000              0.7195              2.0200              0.0167  
forward:               0.1500              0.3812              2.4012              0.0178  
forward:               0.2000              0.2121              2.6133              0.0185  
forward:               0.2500              0.1182              2.7315              0.0190  
forward:               0.3000              0.0676              2.7991              0.0193  
forward:               0.3500              0.0236              2.8227              0.0197  
forward:               0.4000             -0.0067              2.8161              0.0199  
forward:               0.4500             -0.0279              2.7882              0.0200  
forward:               0.5000             -0.0474              2.7408              0.0203  
forward:               0.5500             -0.1799              2.5609              0.0206  
forward:               0.6000             -0.4173              2.1436              0.0210  
forward:               0.6500             -0.6475              1.4961              0.0215  
forward:               0.7000             -0.8348              0.6614              0.0218  
forward:               0.7500             -0.9603             -0.2989              0.0223  
forward:               0.8000             -1.0056             -1.3045              0.0226  
forward:               0.8500             -1.0075             -2.3120              0.0228  
forward:               0.9000             -0.9908             -3.3028              0.0231  
forward:               0.9500             -0.9757             -4.2785              0.0233  
forward:               1.0000             -0.9505             -5.2290              0.0235  
backward:              1.0000              0.0000             -5.2290              0.0000  
backward:              0.9500              0.9516             -4.2775              0.0039  
backward:              0.9000              0.9744             -3.3031              0.0058  
backward:              0.8500              0.9996             -2.3035              0.0072  
backward:              0.8000              1.0135             -1.2900              0.0086  
backward:              0.7500              0.9985             -0.2914              0.0098  
backward:              0.7000              0.9456              0.6542              0.0113  
backward:              0.6500              0.8415              1.4957              0.0123  
backward:              0.6000              0.6462              2.1419              0.0133  
backward:              0.5500              0.4266              2.5685              0.0140  
backward:              0.5000              0.1784              2.7469              0.0150  
backward:              0.4500              0.0444              2.7913              0.0155  
backward:              0.4000              0.0275              2.8188              0.0159  
backward:              0.3500              0.0074              2.8262              0.0163  
backward:              0.3000             -0.0193              2.8069              0.0169  
backward:              0.2500             -0.0740              2.7329              0.0178  
backward:              0.2000             -0.1259              2.6070              0.0185  
backward:              0.1500             -0.2126              2.3943              0.0204  
backward:              0.1000             -0.3783              2.0160              0.0230  
backward:              0.0500             -0.7526              1.2634              0.0320  
backward:              0.0000             -1.3196             -0.0562              0.0374  
Inaccuracy estimation
======================================================================================================
                   i        i+δi          P0_overlap_P1   δε(forward)/ε   δε(backward)/ε
======================================================================================================
inaccuracy:  0.00000        0.05000           41.99           -0.03            1.18
inaccuracy:  0.05000        0.10000           51.86           -0.02            0.77
inaccuracy:  0.10000        0.15000           61.40           -0.02            0.40
inaccuracy:  0.15000        0.20000           67.56           -0.01            0.25
inaccuracy:  0.20000        0.25000           72.29           -0.01            0.16
inaccuracy:  0.25000        0.30000           73.44           -0.01            0.13
inaccuracy:  0.30000        0.35000           74.50           -0.01            0.11
inaccuracy:  0.35000        0.40000           75.91           -0.01            0.10
inaccuracy:  0.40000        0.45000           76.31           -0.01            0.09
inaccuracy:  0.45000        0.50000           76.59           -0.01            0.08
inaccuracy:  0.50000        0.55000           66.37           -0.09            0.13
inaccuracy:  0.55000        0.60000           67.52           -0.12            0.09
inaccuracy:  0.60000        0.65000           66.59           -0.12            0.06
inaccuracy:  0.65000        0.70000           66.08           -0.12            0.05
inaccuracy:  0.70000        0.75000           67.83           -0.11            0.04
inaccuracy:  0.75000        0.80000           68.17           -0.12            0.04
inaccuracy:  0.80000        0.85000           67.03           -0.11            0.05
inaccuracy:  0.85000        0.90000           66.39           -0.10            0.05
inaccuracy:  0.90000        0.95000           66.85           -0.10            0.06
inaccuracy:  0.95000        1.00000           66.08           -0.09            0.07
===================================================================================================================================
                BAR        
-----------------------------------------------------------------------------------------------------------------------------------
BAR-estimator:         λ             λ+δλ          ΔΔA             ΔA            C               Δδe            δe       
                          
-----------------------------------------------------------------------------------------------------------------------------------
BAR-estimator:      0.00000        0.05000        1.3076         1.3076         1.3076         0.0068         0.0068 
BAR-estimator:      0.05000        0.10000        0.7246         2.0322         0.7246         0.0058         0.0089 
BAR-estimator:      0.10000        0.15000        0.3790         2.4112         0.3790         0.0043         0.0099 
BAR-estimator:      0.15000        0.20000        0.2115         2.6227         0.2115         0.0034         0.0104 
BAR-estimator:      0.20000        0.25000        0.1212         2.7439         0.1212         0.0032         0.0109 
BAR-estimator:      0.25000        0.30000        0.0682         2.8121         0.0682         0.0025         0.0112 
BAR-estimator:      0.30000        0.35000        0.0225         2.8345         0.0225         0.0027         0.0115 
BAR-estimator:      0.35000        0.40000       -0.0059         2.8286        -0.0059         0.0027         0.0119 
BAR-estimator:      0.40000        0.45000       -0.0278         2.8008        -0.0278         0.0021         0.0120 
BAR-estimator:      0.45000        0.50000       -0.0473         2.7534        -0.0473         0.0021         0.0122 
BAR-estimator:      0.50000        0.55000       -0.1810         2.5724        -0.1810         0.0028         0.0125 
BAR-estimator:      0.55000        0.60000       -0.4222         2.1502        -0.4222         0.0027         0.0128 
BAR-estimator:      0.60000        0.65000       -0.6465         1.5037        -0.6465         0.0027         0.0131 
BAR-estimator:      0.65000        0.70000       -0.8385         0.6652        -0.8385         0.0032         0.0135 
BAR-estimator:      0.70000        0.75000       -0.9543        -0.2891        -0.9543         0.0029         0.0138 
BAR-estimator:      0.75000        0.80000       -1.0033        -1.2923        -1.0033         0.0028         0.0141 
BAR-estimator:      0.80000        0.85000       -1.0096        -2.3019        -1.0096         0.0027         0.0143 
BAR-estimator:      0.85000        0.90000       -0.9937        -3.2956        -0.9937         0.0027         0.0146 
BAR-estimator:      0.90000        0.95000       -0.9748        -4.2704        -0.9748         0.0026         0.0148 
BAR-estimator:      0.95000        1.00000       -0.9495        -5.2199        -0.9495         0.0026         0.0150 
BAR-estimator: total free energy change is -5.219909850954798 , total error is 0.015047930997876938
