#========================================================================================
#                     Free energy perturbation    
#----------------------------------------------------------------------------------------
#forward/backward          λ              ΔΔA                 ΔA                  δε   
#                                                 
#----------------------------------------------------------------------------------------
forward:               0.0000              0.0000              0.0000              0.0000  
forward:               0.0500              1.4929              1.4929              0.0135  
forward:               0.1000              0.9007              2.3935              0.0163  
forward:               0.1500              0.5235              2.9170              0.0177  
forward:               0.2000              0.3169              3.2339              0.0186  
forward:               0.2500              0.1955              3.4294              0.0194  
forward:               0.3000              0.1226              3.5520              0.0199  
forward:               0.3500              0.0693              3.6213              0.0203  
forward:               0.4000              0.0359              3.6572              0.0206  
forward:               0.4500              0.0080              3.6652              0.0209  
forward:               0.5000             -0.0194              3.6459              0.0212  
forward:               0.5500             -0.0623              3.5836              0.0215  
forward:               0.6000             -0.1094              3.4742              0.0218  
forward:               0.6500             -0.1495              3.3247              0.0220  
forward:               0.7000             -0.1862              3.1385              0.0223  
forward:               0.7500             -0.2174              2.9212              0.0225  
forward:               0.8000             -0.2390              2.6822              0.0226  
forward:               0.8500             -0.2630              2.4192              0.0228  
forward:               0.9000             -0.2711              2.1481              0.0229  
forward:               0.9500             -0.2904              1.8576              0.0231  
forward:               1.0000             -0.3076              1.5501              0.0232  
backward:              1.0000              0.0000              1.5501              0.0000  
backward:              0.9500              0.3040              1.8541              0.0032  
backward:              0.9000              0.2981              2.1521              0.0045  
backward:              0.8500              0.2775              2.4296              0.0055  
backward:              0.8000              0.2551              2.6847              0.0066  
backward:              0.7500              0.2362              2.9209              0.0076  
backward:              0.7000              0.2203              3.1411              0.0083  
backward:              0.6500              0.1897              3.3308              0.0091  
backward:              0.6000              0.1505              3.4813              0.0097  
backward:              0.5500              0.1094              3.5907              0.0104  
backward:              0.5000              0.0505              3.6412              0.0113  
backward:              0.4500              0.0184              3.6596              0.0116  
backward:              0.4000             -0.0021              3.6575              0.0123  
backward:              0.3500             -0.0298              3.6276              0.0131  
backward:              0.3000             -0.0649              3.5627              0.0139  
backward:              0.2500             -0.1172              3.4456              0.0150  
backward:              0.2000             -0.2019              3.2436              0.0165  
backward:              0.1500             -0.3233              2.9203              0.0184  
backward:              0.1000             -0.5099              2.4104              0.0213  
backward:              0.0500             -0.9354              1.4750              0.0366  
backward:              0.0000             -1.4557              0.0193              0.0447  
Inaccuracy estimation
======================================================================================================
                   i        i+δi          P0_overlap_P1   δε(forward)/ε   δε(backward)/ε
======================================================================================================
inaccuracy:  0.00000        0.05000           37.75           -0.03            1.72
inaccuracy:  0.05000        0.10000           48.82           -0.03            0.87
inaccuracy:  0.10000        0.15000           56.84           -0.03            0.50
inaccuracy:  0.15000        0.20000           64.03           -0.01            0.31
inaccuracy:  0.20000        0.25000           67.97           -0.02            0.21
inaccuracy:  0.25000        0.30000           69.40           -0.02            0.18
inaccuracy:  0.30000        0.35000           71.21           -0.01            0.15
inaccuracy:  0.35000        0.40000           72.21           -0.01            0.13
inaccuracy:  0.40000        0.45000           72.62           -0.02            0.12
inaccuracy:  0.45000        0.50000           73.85           -0.01            0.11
inaccuracy:  0.50000        0.55000           73.54           -0.02            0.11
inaccuracy:  0.55000        0.60000           73.27           -0.03            0.10
inaccuracy:  0.60000        0.65000           73.27           -0.03            0.09
inaccuracy:  0.65000        0.70000           73.43           -0.03            0.09
inaccuracy:  0.70000        0.75000           73.20           -0.03            0.08
inaccuracy:  0.75000        0.80000           73.61           -0.03            0.08
inaccuracy:  0.80000        0.85000           74.25           -0.03            0.08
inaccuracy:  0.85000        0.90000           72.90           -0.03            0.08
inaccuracy:  0.90000        0.95000           73.33           -0.03            0.08
inaccuracy:  0.95000        1.00000           73.93           -0.03            0.08
===================================================================================================================================
                BAR        
-----------------------------------------------------------------------------------------------------------------------------------
BAR-estimator:         λ             λ+δλ          ΔΔA             ΔA            C               Δδe            δe       
                          
-----------------------------------------------------------------------------------------------------------------------------------
BAR-estimator:      0.00000        0.05000        1.4921         1.4921         1.4921         0.0081         0.0081 
BAR-estimator:      0.05000        0.10000        0.8983         2.3904         0.8983         0.0058         0.0100 
BAR-estimator:      0.10000        0.15000        0.5207         2.9111         0.5207         0.0039         0.0107 
BAR-estimator:      0.15000        0.20000        0.3192         3.2303         0.3192         0.0037         0.0113 
BAR-estimator:      0.20000        0.25000        0.1972         3.4275         0.1972         0.0035         0.0119 
BAR-estimator:      0.25000        0.30000        0.1218         3.5493         0.1218         0.0029         0.0122 
BAR-estimator:      0.30000        0.35000        0.0701         3.6194         0.0701         0.0035         0.0127 
BAR-estimator:      0.35000        0.40000        0.0339         3.6533         0.0339         0.0024         0.0129 
BAR-estimator:      0.40000        0.45000        0.0057         3.6590         0.0057         0.0025         0.0132 
BAR-estimator:      0.45000        0.50000       -0.0207         3.6382        -0.0207         0.0024         0.0134 
BAR-estimator:      0.50000        0.55000       -0.0572         3.5810        -0.0572         0.0025         0.0136 
BAR-estimator:      0.55000        0.60000       -0.1084         3.4726        -0.1084         0.0025         0.0138 
BAR-estimator:      0.60000        0.65000       -0.1496         3.3230        -0.1496         0.0024         0.0140 
BAR-estimator:      0.65000        0.70000       -0.1862         3.1369        -0.1862         0.0023         0.0142 
BAR-estimator:      0.70000        0.75000       -0.2189         2.9179        -0.2189         0.0024         0.0144 
BAR-estimator:      0.75000        0.80000       -0.2397         2.6782        -0.2397         0.0022         0.0146 
BAR-estimator:      0.80000        0.85000       -0.2605         2.4176        -0.2605         0.0022         0.0148 
BAR-estimator:      0.85000        0.90000       -0.2722         2.1455        -0.2722         0.0023         0.0149 
BAR-estimator:      0.90000        0.95000       -0.2925         1.8529        -0.2925         0.0023         0.0151 
BAR-estimator:      0.95000        1.00000       -0.3066         1.5463        -0.3066         0.0021         0.0153 
BAR-estimator: total free energy change is 1.546330462464858 , total error is 0.015250748383008553
