#========================================================================================
#                     Free energy perturbation    
#----------------------------------------------------------------------------------------
#forward/backward          λ              ΔΔA                 ΔA                  δε   
#                                                 
#----------------------------------------------------------------------------------------
forward:               0.0000              0.0000              0.0000              0.0000  
forward:               0.0500              1.9229              1.9229              0.0163  
forward:               0.1000              1.0455              2.9683              0.0208  
forward:               0.1500              0.5341              3.5024              0.0228  
forward:               0.2000              0.2781              3.7805              0.0236  
forward:               0.2500              0.1323              3.9129              0.0241  
forward:               0.3000              0.0502              3.9631              0.0246  
forward:               0.3500             -0.0083              3.9548              0.0248  
forward:               0.4000             -0.0521              3.9027              0.0251  
forward:               0.4500             -0.0847              3.8180              0.0253  
forward:               0.5000             -0.0995              3.7185              0.0255  
forward:               0.5500             -0.2453              3.4732              0.0258  
forward:               0.6000             -0.4765              2.9967              0.0262  
forward:               0.6500             -0.6930              2.3036              0.0267  
forward:               0.7000             -0.8686              1.4350              0.0272  
forward:               0.7500             -0.9721              0.4629              0.0277  
forward:               0.8000             -1.0116             -0.5487              0.0283  
forward:               0.8500             -1.0075             -1.5562              0.0284  
forward:               0.9000             -0.9941             -2.5503              0.0290  
forward:               0.9500             -0.9767             -3.5270              0.0291  
forward:               1.0000             -0.9632             -4.4902              0.0292  
backward:              1.0000              0.0000             -4.4902              0.0000  
backward:              0.9500              0.9457             -3.5445              0.0050  
backward:              0.9000              0.9703             -2.5742              0.0095  
backward:              0.8500              0.9955             -1.5787              0.0121  
backward:              0.8000              1.0170             -0.5617              0.0127  
backward:              0.7500              1.0124              0.4508              0.0138  
backward:              0.7000              0.9631              1.4138              0.0148  
backward:              0.6500              0.8652              2.2790              0.0159  
backward:              0.6000              0.6870              2.9660              0.0167  
backward:              0.5500              0.4813              3.4472              0.0174  
backward:              0.5000              0.2535              3.7007              0.0181  
backward:              0.4500              0.1000              3.8008              0.0186  
backward:              0.4000              0.0777              3.8785              0.0190  
backward:              0.3500              0.0439              3.9223              0.0194  
backward:              0.3000              0.0091              3.9314              0.0200  
backward:              0.2500             -0.0548              3.8767              0.0207  
backward:              0.2000             -0.1333              3.7433              0.0217  
backward:              0.1500             -0.2644              3.4789              0.0232  
backward:              0.1000             -0.5312              2.9477              0.0273  
backward:              0.0500             -1.0037              1.9440              0.0317  
backward:              0.0000             -1.8580              0.0860              0.0441  
Inaccuracy estimation
======================================================================================================
                   i        i+δi          P0_overlap_P1   δε(forward)/ε   δε(backward)/ε
======================================================================================================
inaccuracy:  0.00000        0.05000           32.17           -0.01            2.20
inaccuracy:  0.05000        0.10000           43.37           -0.05            1.23
inaccuracy:  0.10000        0.15000           54.10           -0.03            0.62
inaccuracy:  0.15000        0.20000           62.63           -0.03            0.33
inaccuracy:  0.20000        0.25000           67.29           -0.02            0.21
inaccuracy:  0.25000        0.30000           70.01           -0.02            0.17
inaccuracy:  0.30000        0.35000           71.51           -0.02            0.13
inaccuracy:  0.35000        0.40000           73.59           -0.02            0.11
inaccuracy:  0.40000        0.45000           74.03           -0.02            0.10
inaccuracy:  0.45000        0.50000           74.05           -0.02            0.09
inaccuracy:  0.50000        0.55000           65.28           -0.09            0.15
inaccuracy:  0.55000        0.60000           65.97           -0.12            0.09
inaccuracy:  0.60000        0.65000           66.44           -0.14            0.07
inaccuracy:  0.65000        0.70000           65.91           -0.13            0.05
inaccuracy:  0.70000        0.75000           66.93           -0.11            0.04
inaccuracy:  0.75000        0.80000           66.35           -0.10            0.05
inaccuracy:  0.80000        0.85000           66.01           -0.13            0.05
inaccuracy:  0.85000        0.90000           66.30           -0.11            0.06
inaccuracy:  0.90000        0.95000           65.89           -0.11            0.07
inaccuracy:  0.95000        1.00000           65.73           -0.09            0.07
===================================================================================================================================
                BAR        
-----------------------------------------------------------------------------------------------------------------------------------
BAR-estimator:         λ             λ+δλ          ΔΔA             ΔA            C               Δδe            δe       
                          
-----------------------------------------------------------------------------------------------------------------------------------
BAR-estimator:      0.00000        0.05000        1.8960         1.8960         1.8960         0.0076         0.0076 
BAR-estimator:      0.05000        0.10000        1.0407         2.9367         1.0407         0.0088         0.0117 
BAR-estimator:      0.10000        0.15000        0.5375         3.4742         0.5375         0.0059         0.0131 
BAR-estimator:      0.15000        0.20000        0.2772         3.7514         0.2772         0.0048         0.0139 
BAR-estimator:      0.20000        0.25000        0.1306         3.8819         0.1306         0.0034         0.0143 
BAR-estimator:      0.25000        0.30000        0.0525         3.9344         0.0525         0.0032         0.0147 
BAR-estimator:      0.30000        0.35000       -0.0078         3.9266        -0.0078         0.0029         0.0150 
BAR-estimator:      0.35000        0.40000       -0.0488         3.8778        -0.0488         0.0026         0.0152 
BAR-estimator:      0.40000        0.45000       -0.0823         3.7955        -0.0823         0.0026         0.0154 
BAR-estimator:      0.45000        0.50000       -0.1019         3.6936        -0.1019         0.0022         0.0156 
BAR-estimator:      0.50000        0.55000       -0.2458         3.4478        -0.2458         0.0027         0.0158 
BAR-estimator:      0.55000        0.60000       -0.4798         2.9680        -0.4798         0.0029         0.0161 
BAR-estimator:      0.60000        0.65000       -0.6905         2.2775        -0.6905         0.0039         0.0165 
BAR-estimator:      0.65000        0.70000       -0.8663         1.4112        -0.8663         0.0031         0.0168 
BAR-estimator:      0.70000        0.75000       -0.9683         0.4429        -0.9683         0.0030         0.0171 
BAR-estimator:      0.75000        0.80000       -1.0124        -0.5695        -1.0124         0.0034         0.0174 
BAR-estimator:      0.80000        0.85000       -1.0149        -1.5844        -1.0149         0.0031         0.0177 
BAR-estimator:      0.85000        0.90000       -0.9947        -2.5791        -0.9947         0.0037         0.0181 
BAR-estimator:      0.90000        0.95000       -0.9753        -3.5544        -0.9753         0.0029         0.0183 
BAR-estimator:      0.95000        1.00000       -0.9552        -4.5096        -0.9552         0.0026         0.0185 
BAR-estimator: total free energy change is -4.5095816994892495 , total error is 0.018491697006704742
