#========================================================================================
#                     Free energy perturbation    
#----------------------------------------------------------------------------------------
#forward/backward          λ              ΔΔA                 ΔA                  δε   
#                                                 
#----------------------------------------------------------------------------------------
forward:               0.0000              0.0000              0.0000              0.0000  
forward:               0.0500              1.4417              1.4417              0.0151  
forward:               0.1000              0.7260              2.1677              0.0195  
forward:               0.1500              0.3283              2.4960              0.0207  
forward:               0.2000              0.1562              2.6522              0.0214  
forward:               0.2500              0.0541              2.7063              0.0219  
forward:               0.3000              0.0034              2.7098              0.0222  
forward:               0.3500             -0.0380              2.6718              0.0225  
forward:               0.4000             -0.0630              2.6087              0.0227  
forward:               0.4500             -0.0858              2.5230              0.0228  
forward:               0.5000             -0.1011              2.4219              0.0231  
forward:               0.5500             -0.2207              2.2011              0.0234  
forward:               0.6000             -0.4883              1.7128              0.0240  
forward:               0.6500             -0.8324              0.8804              0.0251  
forward:               0.7000             -1.1829             -0.3024              0.0265  
forward:               0.7500             -1.3712             -1.6737              0.0272  
forward:               0.8000             -1.4173             -3.0910              0.0276  
forward:               0.8500             -1.3831             -4.4741              0.0278  
forward:               0.9000             -1.3018             -5.7759              0.0280  
forward:               0.9500             -1.2184             -6.9943              0.0282  
forward:               1.0000             -1.1500             -8.1444              0.0283  
backward:              1.0000              0.0000             -8.1444              0.0000  
backward:              0.9500              0.9999             -7.1445              0.0054  
backward:              0.9000              1.0973             -6.0472              0.0078  
backward:              0.8500              1.1935             -4.8537              0.0095  
backward:              0.8000              1.2916             -3.5621              0.0105  
backward:              0.7500              1.3551             -2.2070              0.0122  
backward:              0.7000              1.3409             -0.8661              0.0141  
backward:              0.6500              1.1414              0.2753              0.0164  
backward:              0.6000              0.8014              1.0768              0.0180  
backward:              0.5500              0.4771              1.5539              0.0196  
backward:              0.5000              0.2129              1.7667              0.0203  
backward:              0.4500              0.1088              1.8755              0.0206  
backward:              0.4000              0.0935              1.9690              0.0210  
backward:              0.3500              0.0719              2.0409              0.0213  
backward:              0.3000              0.0408              2.0817              0.0218  
backward:              0.2500             -0.0098              2.0719              0.0224  
backward:              0.2000             -0.0543              2.0176              0.0231  
backward:              0.1500             -0.1613              1.8563              0.0240  
backward:              0.1000             -0.3586              1.4977              0.0291  
backward:              0.0500             -0.7416              0.7561              0.0339  
backward:              0.0000             -1.4166             -0.6605              0.0415  
Inaccuracy estimation
======================================================================================================
                   i        i+δi          P0_overlap_P1   δε(forward)/ε   δε(backward)/ε
======================================================================================================
inaccuracy:  0.00000        0.05000           38.13           -0.05            1.51
inaccuracy:  0.05000        0.10000           48.07           -0.03            0.91
inaccuracy:  0.10000        0.15000           60.00           -0.03            0.42
inaccuracy:  0.15000        0.20000           66.37           -0.02            0.25
inaccuracy:  0.20000        0.25000           69.78           -0.01            0.17
inaccuracy:  0.25000        0.30000           71.73           -0.02            0.14
inaccuracy:  0.30000        0.35000           72.31           -0.02            0.13
inaccuracy:  0.35000        0.40000           72.85           -0.01            0.11
inaccuracy:  0.40000        0.45000           73.49           -0.02            0.10
inaccuracy:  0.45000        0.50000           73.70           -0.01            0.10
inaccuracy:  0.50000        0.55000           66.13           -0.10            0.13
inaccuracy:  0.55000        0.60000           64.84           -0.17            0.10
inaccuracy:  0.60000        0.65000           62.45           -0.19            0.08
inaccuracy:  0.65000        0.70000           61.74           -0.16            0.05
inaccuracy:  0.70000        0.75000           64.40           -0.11            0.02
inaccuracy:  0.75000        0.80000           68.42           -0.06            0.02
inaccuracy:  0.80000        0.85000           70.72           -0.04            0.02
inaccuracy:  0.85000        0.90000           70.84           -0.03            0.04
inaccuracy:  0.90000        0.95000           70.76           -0.04            0.05
inaccuracy:  0.95000        1.00000           71.40           -0.03            0.07
===================================================================================================================================
                BAR        
-----------------------------------------------------------------------------------------------------------------------------------
BAR-estimator:         λ             λ+δλ          ΔΔA             ΔA            C               Δδe            δe       
                          
-----------------------------------------------------------------------------------------------------------------------------------
BAR-estimator:      0.00000        0.05000        1.4382         1.4382         1.4382         0.0036         0.0036 
BAR-estimator:      0.05000        0.10000        0.7316         2.1699         0.7316         0.0074         0.0082 
BAR-estimator:      0.10000        0.15000        0.3322         2.5021         0.3322         0.0049         0.0096 
BAR-estimator:      0.15000        0.20000        0.1571         2.6591         0.1571         0.0056         0.0111 
BAR-estimator:      0.20000        0.25000        0.0546         2.7137         0.0546         0.0033         0.0115 
BAR-estimator:      0.25000        0.30000        0.0040         2.7178         0.0040         0.0029         0.0119 
BAR-estimator:      0.30000        0.35000       -0.0392         2.6785        -0.0392         0.0026         0.0122 
BAR-estimator:      0.35000        0.40000       -0.0666         2.6119        -0.0666         0.0027         0.0125 
BAR-estimator:      0.40000        0.45000       -0.0891         2.5228        -0.0891         0.0021         0.0127 
BAR-estimator:      0.45000        0.50000       -0.1040         2.4188        -0.1040         0.0022         0.0129 
BAR-estimator:      0.50000        0.55000       -0.2180         2.2009        -0.2180         0.0028         0.0132 
BAR-estimator:      0.55000        0.60000       -0.4841         1.7167        -0.4841         0.0030         0.0135 
BAR-estimator:      0.60000        0.65000       -0.8111         0.9056        -0.8111         0.0036         0.0140 
BAR-estimator:      0.65000        0.70000       -1.1565        -0.2509        -1.1565         0.0043         0.0146 
BAR-estimator:      0.70000        0.75000       -1.3491        -1.6000        -1.3491         0.0037         0.0151 
BAR-estimator:      0.75000        0.80000       -1.3814        -2.9814        -1.3814         0.0029         0.0154 
BAR-estimator:      0.80000        0.85000       -1.3293        -4.3108        -1.3293         0.0027         0.0156 
BAR-estimator:      0.85000        0.90000       -1.2427        -5.5535        -1.2427         0.0027         0.0158 
BAR-estimator:      0.90000        0.95000       -1.1496        -6.7031        -1.1496         0.0028         0.0161 
BAR-estimator:      0.95000        1.00000       -1.0680        -7.7711        -1.0680         0.0029         0.0163 
BAR-estimator: total free energy change is -7.771091767878852 , total error is 0.016326036706244954
