#========================================================================================
#                     Free energy perturbation    
#----------------------------------------------------------------------------------------
#forward/backward          λ              ΔΔA                 ΔA                  δε   
#                                                 
#----------------------------------------------------------------------------------------
forward:               0.0000              0.0000              0.0000              0.0000  
forward:               0.0500              2.0219              2.0219              0.0192  
forward:               0.1000              1.1371              3.1590              0.0240  
forward:               0.1500              0.5768              3.7358              0.0260  
forward:               0.2000              0.2904              4.0262              0.0277  
forward:               0.2500              0.1246              4.1507              0.0283  
forward:               0.3000              0.0401              4.1908              0.0288  
forward:               0.3500             -0.0121              4.1787              0.0291  
forward:               0.4000             -0.0623              4.1163              0.0294  
forward:               0.4500             -0.0973              4.0190              0.0295  
forward:               0.5000             -0.1177              3.9013              0.0297  
forward:               0.5500             -0.2455              3.6558              0.0300  
forward:               0.6000             -0.4641              3.1917              0.0304  
forward:               0.6500             -0.6791              2.5125              0.0308  
forward:               0.7000             -0.8666              1.6459              0.0311  
forward:               0.7500             -1.0050              0.6409              0.0314  
forward:               0.8000             -1.0821             -0.4413              0.0317  
forward:               0.8500             -1.1233             -1.5646              0.0319  
forward:               0.9000             -1.1202             -2.6847              0.0322  
forward:               0.9500             -1.1044             -3.7891              0.0324  
forward:               1.0000             -1.0805             -4.8696              0.0326  
backward:              1.0000              0.0000             -4.8696              0.0000  
backward:              0.9500              1.0834             -3.7862              0.0048  
backward:              0.9000              1.0942             -2.6920              0.0071  
backward:              0.8500              1.1158             -1.5762              0.0090  
backward:              0.8000              1.1126             -0.4636              0.0096  
backward:              0.7500              1.0758              0.6122              0.0112  
backward:              0.7000              0.9963              1.6084              0.0128  
backward:              0.6500              0.8538              2.4622              0.0141  
backward:              0.6000              0.6778              3.1400              0.0150  
backward:              0.5500              0.4705              3.6105              0.0160  
backward:              0.5000              0.2603              3.8708              0.0168  
backward:              0.4500              0.1199              3.9907              0.0173  
backward:              0.4000              0.0912              4.0819              0.0178  
backward:              0.3500              0.0536              4.1355              0.0186  
backward:              0.3000              0.0129              4.1484              0.0194  
backward:              0.2500             -0.0553              4.0931              0.0204  
backward:              0.2000             -0.1373              3.9559              0.0224  
backward:              0.1500             -0.2879              3.6679              0.0263  
backward:              0.1000             -0.6003              3.0676              0.0355  
backward:              0.0500             -1.1154              1.9522              0.0411  
backward:              0.0000             -2.0652             -0.1130              0.0643  
Inaccuracy estimation
======================================================================================================
                   i        i+δi          P0_overlap_P1   δε(forward)/ε   δε(backward)/ε
======================================================================================================
inaccuracy:  0.00000        0.05000           30.50           -0.01            2.45
inaccuracy:  0.05000        0.10000           40.67           -0.06            1.42
inaccuracy:  0.10000        0.15000           52.33           -0.05            0.68
inaccuracy:  0.15000        0.20000           59.23           -0.03            0.39
inaccuracy:  0.20000        0.25000           65.24           -0.02            0.25
inaccuracy:  0.25000        0.30000           68.15           -0.02            0.19
inaccuracy:  0.30000        0.35000           68.73           -0.02            0.17
inaccuracy:  0.35000        0.40000           71.11           -0.03            0.14
inaccuracy:  0.40000        0.45000           71.60           -0.02            0.12
inaccuracy:  0.45000        0.50000           72.08           -0.02            0.12
inaccuracy:  0.50000        0.55000           63.70           -0.10            0.16
inaccuracy:  0.55000        0.60000           64.40           -0.12            0.11
inaccuracy:  0.60000        0.65000           64.54           -0.13            0.09
inaccuracy:  0.65000        0.70000           65.47           -0.13            0.07
inaccuracy:  0.70000        0.75000           65.15           -0.13            0.05
inaccuracy:  0.75000        0.80000           65.65           -0.12            0.04
inaccuracy:  0.80000        0.85000           65.79           -0.11            0.04
inaccuracy:  0.85000        0.90000           65.51           -0.11            0.05
inaccuracy:  0.90000        0.95000           65.18           -0.11            0.05
inaccuracy:  0.95000        1.00000           64.22           -0.12            0.06
===================================================================================================================================
                BAR        
-----------------------------------------------------------------------------------------------------------------------------------
BAR-estimator:         λ             λ+δλ          ΔΔA             ΔA            C               Δδe            δe       
                          
-----------------------------------------------------------------------------------------------------------------------------------
BAR-estimator:      0.00000        0.05000        2.0455         2.0455         2.0455         0.0083         0.0083 
BAR-estimator:      0.05000        0.10000        1.1428         3.1883         1.1428         0.0076         0.0112 
BAR-estimator:      0.10000        0.15000        0.5788         3.7671         0.5788         0.0063         0.0129 
BAR-estimator:      0.15000        0.20000        0.2881         4.0552         0.2881         0.0062         0.0143 
BAR-estimator:      0.20000        0.25000        0.1250         4.1802         0.1250         0.0038         0.0148 
BAR-estimator:      0.25000        0.30000        0.0464         4.2265         0.0464         0.0037         0.0153 
BAR-estimator:      0.30000        0.35000       -0.0127         4.2139        -0.0127         0.0029         0.0155 
BAR-estimator:      0.35000        0.40000       -0.0592         4.1547        -0.0592         0.0029         0.0158 
BAR-estimator:      0.40000        0.45000       -0.0963         4.0584        -0.0963         0.0025         0.0160 
BAR-estimator:      0.45000        0.50000       -0.1160         3.9424        -0.1160         0.0023         0.0162 
BAR-estimator:      0.50000        0.55000       -0.2489         3.6935        -0.2489         0.0028         0.0164 
BAR-estimator:      0.55000        0.60000       -0.4691         3.2244        -0.4691         0.0029         0.0167 
BAR-estimator:      0.60000        0.65000       -0.6774         2.5470        -0.6774         0.0030         0.0169 
BAR-estimator:      0.65000        0.70000       -0.8622         1.6848        -0.8622         0.0031         0.0172 
BAR-estimator:      0.70000        0.75000       -1.0022         0.6826        -1.0022         0.0030         0.0175 
BAR-estimator:      0.75000        0.80000       -1.0795        -0.3969        -1.0795         0.0033         0.0178 
BAR-estimator:      0.80000        0.85000       -1.1198        -1.5167        -1.1198         0.0030         0.0180 
BAR-estimator:      0.85000        0.90000       -1.1192        -2.6359        -1.1192         0.0029         0.0182 
BAR-estimator:      0.90000        0.95000       -1.1001        -3.7359        -1.1001         0.0031         0.0185 
BAR-estimator:      0.95000        1.00000       -1.0807        -4.8167        -1.0807         0.0028         0.0187 
BAR-estimator: total free energy change is -4.81668656396855 , total error is 0.018723326000755783
