#========================================================================================
#                     Free energy perturbation    
#----------------------------------------------------------------------------------------
#forward/backward          λ              ΔΔA                 ΔA                  δε   
#                                                 
#----------------------------------------------------------------------------------------
forward:               0.0000              0.0000              0.0000              0.0000  
forward:               0.0500              1.1936              1.1936              0.0112  
forward:               0.1000              0.6616              1.8552              0.0143  
forward:               0.1500              0.3613              2.2165              0.0155  
forward:               0.2000              0.2249              2.4414              0.0163  
forward:               0.2500              0.1370              2.5783              0.0168  
forward:               0.3000              0.0859              2.6642              0.0171  
forward:               0.3500              0.0529              2.7171              0.0174  
forward:               0.4000              0.0288              2.7460              0.0176  
forward:               0.4500              0.0097              2.7557              0.0179  
forward:               0.5000             -0.0085              2.7471              0.0181  
forward:               0.5500             -0.0402              2.7070              0.0183  
forward:               0.6000             -0.1387              2.5683              0.0186  
forward:               0.6500             -0.2123              2.3560              0.0189  
forward:               0.7000             -0.2810              2.0750              0.0191  
forward:               0.7500             -0.3381              1.7369              0.0194  
forward:               0.8000             -0.3878              1.3491              0.0197  
forward:               0.8500             -0.4293              0.9199              0.0200  
forward:               0.9000             -0.4566              0.4633              0.0203  
forward:               0.9500             -0.4737             -0.0103              0.0204  
forward:               1.0000             -0.4930             -0.5034              0.0206  
backward:              1.0000              0.0000             -0.5034              0.0000  
backward:              0.9500              0.4853             -0.0181              0.0034  
backward:              0.9000              0.4804              0.4623              0.0050  
backward:              0.8500              0.4540              0.9163              0.0060  
backward:              0.8000              0.4262              1.3425              0.0070  
backward:              0.7500              0.3929              1.7354              0.0081  
backward:              0.7000              0.3391              2.0745              0.0090  
backward:              0.6500              0.2813              2.3558              0.0097  
backward:              0.6000              0.2123              2.5681              0.0103  
backward:              0.5500              0.1382              2.7063              0.0109  
backward:              0.5000              0.0386              2.7449              0.0116  
backward:              0.4500              0.0059              2.7507              0.0121  
backward:              0.4000             -0.0102              2.7405              0.0126  
backward:              0.3500             -0.0346              2.7059              0.0132  
backward:              0.3000             -0.0549              2.6511              0.0137  
backward:              0.2500             -0.0947              2.5563              0.0143  
backward:              0.2000             -0.1453              2.4111              0.0152  
backward:              0.1500             -0.2262              2.1849              0.0165  
backward:              0.1000             -0.3638              1.8211              0.0190  
backward:              0.0500             -0.6536              1.1676              0.0224  
backward:              0.0000             -1.2147             -0.0471              0.0360  
Inaccuracy estimation
======================================================================================================
                   i        i+δi          P0_overlap_P1   δε(forward)/ε   δε(backward)/ε
======================================================================================================
inaccuracy:  0.00000        0.05000           43.42           -0.03            1.08
inaccuracy:  0.05000        0.10000           54.23           -0.02            0.67
inaccuracy:  0.10000        0.15000           64.28           -0.01            0.35
inaccuracy:  0.15000        0.20000           69.18           -0.01            0.22
inaccuracy:  0.20000        0.25000           73.57           -0.01            0.15
inaccuracy:  0.25000        0.30000           75.58           -0.01            0.12
inaccuracy:  0.30000        0.35000           75.55           -0.01            0.10
inaccuracy:  0.35000        0.40000           77.02           -0.01            0.10
inaccuracy:  0.40000        0.45000           76.62           -0.01            0.09
inaccuracy:  0.45000        0.50000           77.29           -0.01            0.08
inaccuracy:  0.50000        0.55000           72.77           -0.03            0.10
inaccuracy:  0.55000        0.60000           74.02           -0.03            0.09
inaccuracy:  0.60000        0.65000           74.37           -0.04            0.07
inaccuracy:  0.65000        0.70000           74.31           -0.04            0.07
inaccuracy:  0.70000        0.75000           74.14           -0.05            0.06
inaccuracy:  0.75000        0.80000           73.61           -0.04            0.06
inaccuracy:  0.80000        0.85000           74.22           -0.05            0.06
inaccuracy:  0.85000        0.90000           74.76           -0.04            0.06
inaccuracy:  0.90000        0.95000           73.35           -0.04            0.06
inaccuracy:  0.95000        1.00000           74.53           -0.04            0.05
===================================================================================================================================
                BAR        
-----------------------------------------------------------------------------------------------------------------------------------
BAR-estimator:         λ             λ+δλ          ΔΔA             ΔA            C               Δδe            δe       
                          
-----------------------------------------------------------------------------------------------------------------------------------
BAR-estimator:      0.00000        0.05000        1.1987         1.1987         1.1987         0.0064         0.0064 
BAR-estimator:      0.05000        0.10000        0.6625         1.8612         0.6625         0.0062         0.0089 
BAR-estimator:      0.10000        0.15000        0.3632         2.2244         0.3632         0.0042         0.0098 
BAR-estimator:      0.15000        0.20000        0.2229         2.4473         0.2229         0.0035         0.0104 
BAR-estimator:      0.20000        0.25000        0.1408         2.5881         0.1408         0.0028         0.0108 
BAR-estimator:      0.25000        0.30000        0.0893         2.6774         0.0893         0.0024         0.0110 
BAR-estimator:      0.30000        0.35000        0.0537         2.7311         0.0537         0.0024         0.0113 
BAR-estimator:      0.35000        0.40000        0.0311         2.7622         0.0311         0.0020         0.0115 
BAR-estimator:      0.40000        0.45000        0.0087         2.7708         0.0087         0.0021         0.0117 
BAR-estimator:      0.45000        0.50000       -0.0079         2.7629        -0.0079         0.0019         0.0118 
BAR-estimator:      0.50000        0.55000       -0.0388         2.7241        -0.0388         0.0022         0.0120 
BAR-estimator:      0.55000        0.60000       -0.1360         2.5881        -0.1360         0.0022         0.0122 
BAR-estimator:      0.60000        0.65000       -0.2125         2.3757        -0.2125         0.0019         0.0124 
BAR-estimator:      0.65000        0.70000       -0.2819         2.0938        -0.2819         0.0021         0.0125 
BAR-estimator:      0.70000        0.75000       -0.3398         1.7539        -0.3398         0.0023         0.0127 
BAR-estimator:      0.75000        0.80000       -0.3906         1.3633        -0.3906         0.0022         0.0129 
BAR-estimator:      0.80000        0.85000       -0.4290         0.9342        -0.4290         0.0025         0.0132 
BAR-estimator:      0.85000        0.90000       -0.4545         0.4798        -0.4545         0.0023         0.0134 
BAR-estimator:      0.90000        0.95000       -0.4746         0.0052        -0.4746         0.0020         0.0135 
BAR-estimator:      0.95000        1.00000       -0.4901        -0.4849        -0.4901         0.0022         0.0137 
BAR-estimator: total free energy change is -0.4849204518381822 , total error is 0.01370122451676062
