#========================================================================================
#                     Free energy perturbation    
#----------------------------------------------------------------------------------------
#forward/backward          λ              ΔΔA                 ΔA                  δε   
#                                                 
#----------------------------------------------------------------------------------------
forward:               0.0000              0.0000              0.0000              0.0000  
forward:               0.0500              1.8062              1.8062              0.0159  
forward:               0.1000              1.0321              2.8384              0.0202  
forward:               0.1500              0.5464              3.3847              0.0220  
forward:               0.2000              0.2889              3.6737              0.0228  
forward:               0.2500              0.1425              3.8162              0.0234  
forward:               0.3000              0.0633              3.8795              0.0239  
forward:               0.3500             -0.0121              3.8675              0.0242  
forward:               0.4000             -0.0405              3.8269              0.0245  
forward:               0.4500             -0.0774              3.7496              0.0247  
forward:               0.5000             -0.1062              3.6434              0.0251  
forward:               0.5500             -0.2150              3.4284              0.0254  
forward:               0.6000             -0.4426              2.9858              0.0257  
forward:               0.6500             -0.6225              2.3633              0.0261  
forward:               0.7000             -0.7897              1.5736              0.0264  
forward:               0.7500             -0.8943              0.6794              0.0267  
forward:               0.8000             -0.9620             -0.2826              0.0270  
forward:               0.8500             -0.9909             -1.2735              0.0272  
forward:               0.9000             -1.0143             -2.2878              0.0273  
forward:               0.9500             -1.0290             -3.3168              0.0275  
forward:               1.0000             -1.0266             -4.3435              0.0278  
backward:              1.0000              0.0000             -4.3435              0.0000  
backward:              0.9500              1.0230             -3.3205              0.0048  
backward:              0.9000              1.0294             -2.2911              0.0065  
backward:              0.8500              1.0195             -1.2716              0.0079  
backward:              0.8000              0.9891             -0.2825              0.0093  
backward:              0.7500              0.9532              0.6707              0.0104  
backward:              0.7000              0.8828              1.5535              0.0115  
backward:              0.6500              0.7814              2.3350              0.0125  
backward:              0.6000              0.6218              2.9568              0.0135  
backward:              0.5500              0.4400              3.3968              0.0142  
backward:              0.5000              0.2169              3.6137              0.0150  
backward:              0.4500              0.1063              3.7200              0.0156  
backward:              0.4000              0.0810              3.8010              0.0161  
backward:              0.3500              0.0364              3.8375              0.0175  
backward:              0.3000             -0.0000              3.8375              0.0183  
backward:              0.2500             -0.0584              3.7791              0.0194  
backward:              0.2000             -0.1475              3.6316              0.0208  
backward:              0.1500             -0.2785              3.3530              0.0224  
backward:              0.1000             -0.5279              2.8251              0.0262  
backward:              0.0500             -1.0247              1.8004              0.0378  
backward:              0.0000             -1.7404              0.0600              0.0433  
Inaccuracy estimation
======================================================================================================
                   i        i+δi          P0_overlap_P1   δε(forward)/ε   δε(backward)/ε
======================================================================================================
inaccuracy:  0.00000        0.05000           34.47           -0.02            1.87
inaccuracy:  0.05000        0.10000           43.57           -0.04            1.18
inaccuracy:  0.10000        0.15000           54.08           -0.04            0.62
inaccuracy:  0.15000        0.20000           61.64           -0.02            0.37
inaccuracy:  0.20000        0.25000           66.33           -0.02            0.23
inaccuracy:  0.25000        0.30000           68.08           -0.02            0.18
inaccuracy:  0.30000        0.35000           71.45           -0.02            0.14
inaccuracy:  0.35000        0.40000           71.27           -0.02            0.13
inaccuracy:  0.40000        0.45000           72.36           -0.02            0.12
inaccuracy:  0.45000        0.50000           72.88           -0.02            0.11
inaccuracy:  0.50000        0.55000           65.25           -0.09            0.15
inaccuracy:  0.55000        0.60000           66.19           -0.10            0.11
inaccuracy:  0.60000        0.65000           65.72           -0.11            0.08
inaccuracy:  0.65000        0.70000           66.98           -0.09            0.06
inaccuracy:  0.70000        0.75000           67.52           -0.11            0.05
inaccuracy:  0.75000        0.80000           67.15           -0.10            0.05
inaccuracy:  0.80000        0.85000           66.56           -0.11            0.05
inaccuracy:  0.85000        0.90000           66.00           -0.10            0.05
inaccuracy:  0.90000        0.95000           65.61           -0.11            0.05
inaccuracy:  0.95000        1.00000           65.33           -0.12            0.06
===================================================================================================================================
                BAR        
-----------------------------------------------------------------------------------------------------------------------------------
BAR-estimator:         λ             λ+δλ          ΔΔA             ΔA            C               Δδe            δe       
                          
-----------------------------------------------------------------------------------------------------------------------------------
BAR-estimator:      0.00000        0.05000        1.8001         1.8001         1.8001         0.0076         0.0076 
BAR-estimator:      0.05000        0.10000        1.0293         2.8294         1.0293         0.0070         0.0104 
BAR-estimator:      0.10000        0.15000        0.5418         3.3712         0.5418         0.0055         0.0117 
BAR-estimator:      0.15000        0.20000        0.2900         3.6612         0.2900         0.0039         0.0124 
BAR-estimator:      0.20000        0.25000        0.1445         3.8057         0.1445         0.0036         0.0129 
BAR-estimator:      0.25000        0.30000        0.0611         3.8667         0.0611         0.0030         0.0132 
BAR-estimator:      0.30000        0.35000       -0.0072         3.8595        -0.0072         0.0027         0.0135 
BAR-estimator:      0.35000        0.40000       -0.0427         3.8169        -0.0427         0.0026         0.0137 
BAR-estimator:      0.40000        0.45000       -0.0764         3.7405        -0.0764         0.0023         0.0139 
BAR-estimator:      0.45000        0.50000       -0.1061         3.6343        -0.1061         0.0023         0.0141 
BAR-estimator:      0.50000        0.55000       -0.2159         3.4184        -0.2159         0.0026         0.0144 
BAR-estimator:      0.55000        0.60000       -0.4411         2.9773        -0.4411         0.0028         0.0146 
BAR-estimator:      0.60000        0.65000       -0.6245         2.3527        -0.6245         0.0030         0.0149 
BAR-estimator:      0.65000        0.70000       -0.7854         1.5674        -0.7854         0.0029         0.0152 
BAR-estimator:      0.70000        0.75000       -0.8903         0.6770        -0.8903         0.0027         0.0154 
BAR-estimator:      0.75000        0.80000       -0.9584        -0.2814        -0.9584         0.0028         0.0157 
BAR-estimator:      0.80000        0.85000       -0.9909        -1.2723        -0.9909         0.0028         0.0160 
BAR-estimator:      0.85000        0.90000       -1.0166        -2.2890        -1.0166         0.0028         0.0162 
BAR-estimator:      0.90000        0.95000       -1.0306        -3.3196        -1.0306         0.0031         0.0165 
BAR-estimator:      0.95000        1.00000       -1.0256        -4.3452        -1.0256         0.0029         0.0168 
BAR-estimator: total free energy change is -4.345178375440905 , total error is 0.016760131290830562
