#========================================================================================
#                     Free energy perturbation    
#----------------------------------------------------------------------------------------
#forward/backward          λ              ΔΔA                 ΔA                  δε   
#                                                 
#----------------------------------------------------------------------------------------
forward:               0.0000              0.0000              0.0000              0.0000  
forward:               0.0500              0.8965              0.8965              0.0090  
forward:               0.1000              0.4946              1.3911              0.0107  
forward:               0.1500              0.3053              1.6964              0.0117  
forward:               0.2000              0.1948              1.8913              0.0122  
forward:               0.2500              0.1383              2.0296              0.0127  
forward:               0.3000              0.0947              2.1243              0.0131  
forward:               0.3500              0.0625              2.1868              0.0133  
forward:               0.4000              0.0390              2.2258              0.0136  
forward:               0.4500              0.0176              2.2434              0.0138  
forward:               0.5000              0.0073              2.2507              0.0140  
forward:               0.5500             -0.0403              2.2104              0.0142  
forward:               0.6000             -0.0992              2.1112              0.0144  
forward:               0.6500             -0.1492              1.9620              0.0145  
forward:               0.7000             -0.1805              1.7815              0.0147  
forward:               0.7500             -0.2128              1.5687              0.0148  
forward:               0.8000             -0.2368              1.3319              0.0149  
forward:               0.8500             -0.2569              1.0750              0.0150  
forward:               0.9000             -0.2676              0.8074              0.0151  
forward:               0.9500             -0.2866              0.5208              0.0152  
forward:               1.0000             -0.2983              0.2226              0.0153  
backward:              1.0000              0.0000              0.2226              0.0000  
backward:              0.9500              0.2980              0.5205              0.0022  
backward:              0.9000              0.2839              0.8044              0.0033  
backward:              0.8500              0.2695              1.0740              0.0040  
backward:              0.8000              0.2574              1.3314              0.0046  
backward:              0.7500              0.2346              1.5660              0.0052  
backward:              0.7000              0.2117              1.7777              0.0057  
backward:              0.6500              0.1895              1.9672              0.0062  
backward:              0.6000              0.1500              2.1172              0.0068  
backward:              0.5500              0.1060              2.2233              0.0073  
backward:              0.5000              0.0353              2.2586              0.0079  
backward:              0.4500             -0.0161              2.2425              0.0084  
backward:              0.4000             -0.0246              2.2179              0.0093  
backward:              0.3500             -0.0398              2.1781              0.0097  
backward:              0.3000             -0.0638              2.1143              0.0102  
backward:              0.2500             -0.0872              2.0271              0.0108  
backward:              0.2000             -0.1376              1.8895              0.0115  
backward:              0.1500             -0.1938              1.6957              0.0126  
backward:              0.1000             -0.2960              1.3997              0.0146  
backward:              0.0500             -0.4945              0.9052              0.0204  
backward:              0.0000             -0.8573              0.0478              0.0248  
Inaccuracy estimation
======================================================================================================
                   i        i+δi          P0_overlap_P1   δε(forward)/ε   δε(backward)/ε
======================================================================================================
inaccuracy:  0.00000        0.05000           49.12           -0.01            1.09
inaccuracy:  0.05000        0.10000           61.25           -0.01            0.43
inaccuracy:  0.10000        0.15000           68.33           -0.00            0.23
inaccuracy:  0.15000        0.20000           73.94           -0.01            0.16
inaccuracy:  0.20000        0.25000           76.46           -0.01            0.11
inaccuracy:  0.25000        0.30000           77.44           -0.00            0.09
inaccuracy:  0.30000        0.35000           79.73           -0.00            0.08
inaccuracy:  0.35000        0.40000           80.34           -0.01            0.07
inaccuracy:  0.40000        0.45000           81.25           -0.00            0.06
inaccuracy:  0.45000        0.50000           81.39           -0.01            0.06
inaccuracy:  0.50000        0.55000           77.94           -0.02            0.06
inaccuracy:  0.55000        0.60000           78.09           -0.02            0.06
inaccuracy:  0.60000        0.65000           79.49           -0.02            0.05
inaccuracy:  0.65000        0.70000           78.75           -0.02            0.05
inaccuracy:  0.70000        0.75000           79.72           -0.02            0.04
inaccuracy:  0.75000        0.80000           79.60           -0.02            0.04
inaccuracy:  0.80000        0.85000           80.15           -0.02            0.04
inaccuracy:  0.85000        0.90000           78.98           -0.02            0.04
inaccuracy:  0.90000        0.95000           79.91           -0.02            0.04
inaccuracy:  0.95000        1.00000           79.62           -0.02            0.04
===================================================================================================================================
                BAR        
-----------------------------------------------------------------------------------------------------------------------------------
BAR-estimator:         λ             λ+δλ          ΔΔA             ΔA            C               Δδe            δe       
                          
-----------------------------------------------------------------------------------------------------------------------------------
BAR-estimator:      0.00000        0.05000        0.8970         0.8970         0.8970         0.0055         0.0055 
BAR-estimator:      0.05000        0.10000        0.4896         1.3866         0.4896         0.0039         0.0067 
BAR-estimator:      0.10000        0.15000        0.3010         1.6876         0.3010         0.0031         0.0074 
BAR-estimator:      0.15000        0.20000        0.1962         1.8838         0.1962         0.0026         0.0079 
BAR-estimator:      0.20000        0.25000        0.1369         2.0207         0.1369         0.0023         0.0082 
BAR-estimator:      0.25000        0.30000        0.0923         2.1131         0.0923         0.0019         0.0084 
BAR-estimator:      0.30000        0.35000        0.0637         2.1768         0.0637         0.0019         0.0086 
BAR-estimator:      0.35000        0.40000        0.0395         2.2163         0.0395         0.0018         0.0088 
BAR-estimator:      0.40000        0.45000        0.0199         2.2362         0.0199         0.0017         0.0090 
BAR-estimator:      0.45000        0.50000        0.0091         2.2453         0.0091         0.0017         0.0091 
BAR-estimator:      0.50000        0.55000       -0.0390         2.2064        -0.0390         0.0018         0.0093 
BAR-estimator:      0.55000        0.60000       -0.1021         2.1042        -0.1021         0.0018         0.0095 
BAR-estimator:      0.60000        0.65000       -0.1492         1.9551        -0.1492         0.0016         0.0096 
BAR-estimator:      0.65000        0.70000       -0.1834         1.7717        -0.1834         0.0018         0.0098 
BAR-estimator:      0.70000        0.75000       -0.2130         1.5587        -0.2130         0.0017         0.0099 
BAR-estimator:      0.75000        0.80000       -0.2366         1.3221        -0.2366         0.0016         0.0100 
BAR-estimator:      0.80000        0.85000       -0.2563         1.0658        -0.2563         0.0013         0.0101 
BAR-estimator:      0.85000        0.90000       -0.2691         0.7967        -0.2691         0.0019         0.0103 
BAR-estimator:      0.90000        0.95000       -0.2861         0.5106        -0.2861         0.0019         0.0105 
BAR-estimator:      0.95000        1.00000       -0.2981         0.2125        -0.2981         0.0016         0.0106 
BAR-estimator: total free energy change is 0.21249911421832796 , total error is 0.010601049395097518
