#========================================================================================
#                     Free energy perturbation    
#----------------------------------------------------------------------------------------
#forward/backward          λ              ΔΔA                 ΔA                  δε   
#                                                 
#----------------------------------------------------------------------------------------
forward:               0.0000              0.0000              0.0000              0.0000  
forward:               0.0500              1.9476              1.9476              0.0169  
forward:               0.1000              1.0672              3.0148              0.0216  
forward:               0.1500              0.5567              3.5716              0.0233  
forward:               0.2000              0.2825              3.8541              0.0242  
forward:               0.2500              0.1292              3.9832              0.0248  
forward:               0.3000              0.0342              4.0174              0.0253  
forward:               0.3500             -0.0286              3.9888              0.0256  
forward:               0.4000             -0.0710              3.9178              0.0259  
forward:               0.4500             -0.1052              3.8126              0.0262  
forward:               0.5000             -0.1393              3.6733              0.0264  
forward:               0.5500             -0.3592              3.3141              0.0268  
forward:               0.6000             -0.7291              2.5851              0.0278  
forward:               0.6500             -1.0743              1.5108              0.0284  
forward:               0.7000             -1.3636              0.1472              0.0291  
forward:               0.7500             -1.5283             -1.3812              0.0296  
forward:               0.8000             -1.5892             -2.9703              0.0303  
forward:               0.8500             -1.5979             -4.5682              0.0307  
forward:               0.9000             -1.5663             -6.1345              0.0310  
forward:               0.9500             -1.5254             -7.6600              0.0312  
forward:               1.0000             -1.4915             -9.1515              0.0314  
backward:              1.0000              0.0000             -9.1515              0.0000  
backward:              0.9500              1.4759             -7.6756              0.0054  
backward:              0.9000              1.5241             -6.1515              0.0079  
backward:              0.8500              1.5504             -4.6012              0.0099  
backward:              0.8000              1.5883             -3.0128              0.0116  
backward:              0.7500              1.5764             -1.4365              0.0128  
backward:              0.7000              1.5245              0.0881              0.0142  
backward:              0.6500              1.3537              1.4418              0.0156  
backward:              0.6000              1.0721              2.5139              0.0168  
backward:              0.5500              0.7298              3.2436              0.0177  
backward:              0.5000              0.3571              3.6007              0.0187  
backward:              0.4500              0.1403              3.7411              0.0192  
backward:              0.4000              0.1155              3.8566              0.0196  
backward:              0.3500              0.0803              3.9369              0.0203  
backward:              0.3000              0.0363              3.9732              0.0208  
backward:              0.2500             -0.0350              3.9382              0.0216  
backward:              0.2000             -0.1297              3.8085              0.0230  
backward:              0.1500             -0.3004              3.5082              0.0249  
backward:              0.1000             -0.5814              2.9268              0.0287  
backward:              0.0500             -1.0424              1.8844              0.0388  
backward:              0.0000             -1.8779              0.0064              0.0472  
Inaccuracy estimation
======================================================================================================
                   i        i+δi          P0_overlap_P1   δε(forward)/ε   δε(backward)/ε
======================================================================================================
inaccuracy:  0.00000        0.05000           31.45           -0.01            2.06
inaccuracy:  0.05000        0.10000           42.05           -0.06            1.32
inaccuracy:  0.10000        0.15000           53.53           -0.03            0.63
inaccuracy:  0.15000        0.20000           61.08           -0.03            0.35
inaccuracy:  0.20000        0.25000           65.73           -0.02            0.25
inaccuracy:  0.25000        0.30000           67.87           -0.02            0.18
inaccuracy:  0.30000        0.35000           69.74           -0.02            0.16
inaccuracy:  0.35000        0.40000           70.23           -0.02            0.14
inaccuracy:  0.40000        0.45000           70.63           -0.02            0.12
inaccuracy:  0.45000        0.50000           72.60           -0.03            0.11
inaccuracy:  0.50000        0.55000           59.86           -0.15            0.18
inaccuracy:  0.55000        0.60000           60.80           -0.21            0.10
inaccuracy:  0.60000        0.65000           59.54           -0.24            0.06
inaccuracy:  0.65000        0.70000           60.19           -0.25            0.03
inaccuracy:  0.70000        0.75000           61.12           -0.22            0.01
inaccuracy:  0.75000        0.80000           62.07           -0.21            0.01
inaccuracy:  0.80000        0.85000           61.68           -0.19            0.01
inaccuracy:  0.85000        0.90000           61.26           -0.18            0.02
inaccuracy:  0.90000        0.95000           59.99           -0.18            0.03
inaccuracy:  0.95000        1.00000           60.43           -0.17            0.04
===================================================================================================================================
                BAR        
-----------------------------------------------------------------------------------------------------------------------------------
BAR-estimator:         λ             λ+δλ          ΔΔA             ΔA            C               Δδe            δe       
                          
-----------------------------------------------------------------------------------------------------------------------------------
BAR-estimator:      0.00000        0.05000        1.9160         1.9160         1.9160         0.0079         0.0079 
BAR-estimator:      0.05000        0.10000        1.0651         2.9811         1.0651         0.0076         0.0109 
BAR-estimator:      0.10000        0.15000        0.5646         3.5457         0.5646         0.0055         0.0123 
BAR-estimator:      0.15000        0.20000        0.2871         3.8328         0.2871         0.0044         0.0130 
BAR-estimator:      0.20000        0.25000        0.1319         3.9647         0.1319         0.0037         0.0135 
BAR-estimator:      0.25000        0.30000        0.0338         3.9985         0.0338         0.0033         0.0139 
BAR-estimator:      0.30000        0.35000       -0.0285         3.9699        -0.0285         0.0033         0.0143 
BAR-estimator:      0.35000        0.40000       -0.0742         3.8958        -0.0742         0.0029         0.0146 
BAR-estimator:      0.40000        0.45000       -0.1093         3.7864        -0.1093         0.0025         0.0148 
BAR-estimator:      0.45000        0.50000       -0.1394         3.6471        -0.1394         0.0022         0.0150 
BAR-estimator:      0.50000        0.55000       -0.3603         3.2868        -0.3603         0.0032         0.0153 
BAR-estimator:      0.55000        0.60000       -0.7304         2.5563        -0.7304         0.0029         0.0156 
BAR-estimator:      0.60000        0.65000       -1.0721         1.4842        -1.0721         0.0033         0.0159 
BAR-estimator:      0.65000        0.70000       -1.3565         0.1278        -1.3565         0.0035         0.0163 
BAR-estimator:      0.70000        0.75000       -1.5254        -1.3976        -1.5254         0.0034         0.0166 
BAR-estimator:      0.75000        0.80000       -1.5852        -2.9828        -1.5852         0.0035         0.0170 
BAR-estimator:      0.80000        0.85000       -1.5914        -4.5743        -1.5914         0.0034         0.0173 
BAR-estimator:      0.85000        0.90000       -1.5599        -6.1342        -1.5599         0.0033         0.0176 
BAR-estimator:      0.90000        0.95000       -1.5231        -7.6573        -1.5231         0.0040         0.0181 
BAR-estimator:      0.95000        1.00000       -1.4833        -9.1406        -1.4833         0.0034         0.0184 
BAR-estimator: total free energy change is -9.140565907147922 , total error is 0.018396285238431873
