#========================================================================================
#                     Free energy perturbation    
#----------------------------------------------------------------------------------------
#forward/backward          λ              ΔΔA                 ΔA                  δε   
#                                                 
#----------------------------------------------------------------------------------------
forward:               0.0000              0.0000              0.0000              0.0000  
forward:               0.0500              1.1862              1.1862              0.0114  
forward:               0.1000              0.6470              1.8333              0.0141  
forward:               0.1500              0.3268              2.1601              0.0156  
forward:               0.2000              0.1800              2.3401              0.0166  
forward:               0.2500              0.0930              2.4331              0.0171  
forward:               0.3000              0.0512              2.4843              0.0175  
forward:               0.3500              0.0174              2.5017              0.0179  
forward:               0.4000             -0.0063              2.4954              0.0182  
forward:               0.4500             -0.0286              2.4668              0.0184  
forward:               0.5000             -0.0431              2.4237              0.0186  
forward:               0.5500             -0.1384              2.2853              0.0189  
forward:               0.6000             -0.2862              1.9991              0.0192  
forward:               0.6500             -0.4340              1.5651              0.0195  
forward:               0.7000             -0.5517              1.0134              0.0198  
forward:               0.7500             -0.6449              0.3685              0.0201  
forward:               0.8000             -0.7058             -0.3374              0.0203  
forward:               0.8500             -0.7454             -1.0828              0.0205  
forward:               0.9000             -0.7697             -1.8525              0.0207  
forward:               0.9500             -0.7910             -2.6435              0.0209  
forward:               1.0000             -0.7936             -3.4371              0.0211  
backward:              1.0000              0.0000             -3.4371              0.0000  
backward:              0.9500              0.7898             -2.6473              0.0035  
backward:              0.9000              0.7841             -1.8632              0.0053  
backward:              0.8500              0.7638             -1.0994              0.0065  
backward:              0.8000              0.7351             -0.3643              0.0077  
backward:              0.7500              0.7085              0.3442              0.0087  
backward:              0.7000              0.6411              0.9852              0.0095  
backward:              0.6500              0.5461              1.5313              0.0103  
backward:              0.6000              0.4265              1.9578              0.0111  
backward:              0.5500              0.2963              2.2541              0.0118  
backward:              0.5000              0.1358              2.3900              0.0126  
backward:              0.4500              0.0479              2.4379              0.0136  
backward:              0.4000              0.0286              2.4665              0.0140  
backward:              0.3500              0.0069              2.4735              0.0145  
backward:              0.3000             -0.0164              2.4571              0.0151  
backward:              0.2500             -0.0481              2.4090              0.0155  
backward:              0.2000             -0.1097              2.2993              0.0170  
backward:              0.1500             -0.1971              2.1022              0.0184  
backward:              0.1000             -0.3143              1.7878              0.0199  
backward:              0.0500             -0.6292              1.1586              0.0262  
backward:              0.0000             -1.1813             -0.0227              0.0307  
Inaccuracy estimation
======================================================================================================
                   i        i+δi          P0_overlap_P1   δε(forward)/ε   δε(backward)/ε
======================================================================================================
inaccuracy:  0.00000        0.05000           42.71           -0.03            1.09
inaccuracy:  0.05000        0.10000           51.50           -0.03            0.77
inaccuracy:  0.10000        0.15000           62.29           -0.01            0.38
inaccuracy:  0.15000        0.20000           69.52           -0.01            0.22
inaccuracy:  0.20000        0.25000           72.20           -0.01            0.16
inaccuracy:  0.25000        0.30000           73.14           -0.01            0.13
inaccuracy:  0.30000        0.35000           74.79           -0.01            0.12
inaccuracy:  0.35000        0.40000           74.90           -0.01            0.10
inaccuracy:  0.40000        0.45000           75.18           -0.01            0.09
inaccuracy:  0.45000        0.50000           75.47           -0.01            0.10
inaccuracy:  0.50000        0.55000           70.54           -0.06            0.11
inaccuracy:  0.55000        0.60000           69.62           -0.07            0.09
inaccuracy:  0.60000        0.65000           70.31           -0.06            0.08
inaccuracy:  0.65000        0.70000           70.49           -0.07            0.07
inaccuracy:  0.70000        0.75000           70.62           -0.07            0.06
inaccuracy:  0.75000        0.80000           70.31           -0.08            0.06
inaccuracy:  0.80000        0.85000           70.94           -0.07            0.05
inaccuracy:  0.85000        0.90000           70.53           -0.06            0.05
inaccuracy:  0.90000        0.95000           70.35           -0.08            0.05
inaccuracy:  0.95000        1.00000           69.45           -0.06            0.06
===================================================================================================================================
                BAR        
-----------------------------------------------------------------------------------------------------------------------------------
BAR-estimator:         λ             λ+δλ          ΔΔA             ΔA            C               Δδe            δe       
                          
-----------------------------------------------------------------------------------------------------------------------------------
BAR-estimator:      0.00000        0.05000        1.1943         1.1943         1.1943         0.0067         0.0067 
BAR-estimator:      0.05000        0.10000        0.6429         1.8371         0.6429         0.0055         0.0086 
BAR-estimator:      0.10000        0.15000        0.3274         2.1645         0.3274         0.0045         0.0097 
BAR-estimator:      0.15000        0.20000        0.1849         2.3494         0.1849         0.0037         0.0104 
BAR-estimator:      0.20000        0.25000        0.0974         2.4468         0.0974         0.0029         0.0108 
BAR-estimator:      0.25000        0.30000        0.0513         2.4981         0.0513         0.0025         0.0111 
BAR-estimator:      0.30000        0.35000        0.0192         2.5173         0.0192         0.0024         0.0113 
BAR-estimator:      0.35000        0.40000       -0.0066         2.5107        -0.0066         0.0023         0.0116 
BAR-estimator:      0.40000        0.45000       -0.0295         2.4812        -0.0295         0.0022         0.0118 
BAR-estimator:      0.45000        0.50000       -0.0450         2.4362        -0.0450         0.0021         0.0120 
BAR-estimator:      0.50000        0.55000       -0.1375         2.2988        -0.1375         0.0025         0.0122 
BAR-estimator:      0.55000        0.60000       -0.2907         2.0081        -0.2907         0.0023         0.0124 
BAR-estimator:      0.60000        0.65000       -0.4313         1.5768        -0.4313         0.0024         0.0127 
BAR-estimator:      0.65000        0.70000       -0.5488         1.0280        -0.5488         0.0025         0.0129 
BAR-estimator:      0.70000        0.75000       -0.6434         0.3847        -0.6434         0.0024         0.0132 
BAR-estimator:      0.75000        0.80000       -0.7075        -0.3228        -0.7075         0.0024         0.0134 
BAR-estimator:      0.80000        0.85000       -0.7413        -1.0642        -0.7413         0.0023         0.0136 
BAR-estimator:      0.85000        0.90000       -0.7681        -1.8323        -0.7681         0.0024         0.0138 
BAR-estimator:      0.90000        0.95000       -0.7878        -2.6201        -0.7878         0.0024         0.0140 
BAR-estimator:      0.95000        1.00000       -0.7923        -3.4124        -0.7923         0.0025         0.0142 
BAR-estimator: total free energy change is -3.412402844841548 , total error is 0.014219048964887997
