#========================================================================================
#                     Free energy perturbation    
#----------------------------------------------------------------------------------------
#forward/backward          λ              ΔΔA                 ΔA                  δε   
#                                                 
#----------------------------------------------------------------------------------------
forward:               0.0000              0.0000              0.0000              0.0000  
forward:               0.0500              1.6206              1.6206              0.0145  
forward:               0.1000              0.9003              2.5209              0.0189  
forward:               0.1500              0.4644              2.9853              0.0204  
forward:               0.2000              0.2513              3.2366              0.0211  
forward:               0.2500              0.1205              3.3571              0.0216  
forward:               0.3000              0.0642              3.4213              0.0220  
forward:               0.3500              0.0166              3.4379              0.0224  
forward:               0.4000             -0.0265              3.4115              0.0226  
forward:               0.4500             -0.0416              3.3698              0.0229  
forward:               0.5000             -0.0656              3.3043              0.0231  
forward:               0.5500             -0.1978              3.1065              0.0234  
forward:               0.6000             -0.4414              2.6651              0.0238  
forward:               0.6500             -0.6262              2.0389              0.0242  
forward:               0.7000             -0.7923              1.2467              0.0246  
forward:               0.7500             -0.9069              0.3397              0.0250  
forward:               0.8000             -0.9797             -0.6400              0.0253  
forward:               0.8500             -1.0221             -1.6620              0.0256  
forward:               0.9000             -1.0364             -2.6985              0.0259  
forward:               0.9500             -1.0304             -3.7289              0.0262  
forward:               1.0000             -1.0291             -4.7580              0.0264  
backward:              1.0000              0.0000             -4.7580              0.0000  
backward:              0.9500              1.0196             -3.7385              0.0051  
backward:              0.9000              1.0373             -2.7012              0.0073  
backward:              0.8500              1.0331             -1.6682              0.0089  
backward:              0.8000              1.0116             -0.6566              0.0101  
backward:              0.7500              0.9816              0.3251              0.0112  
backward:              0.7000              0.9037              1.2288              0.0123  
backward:              0.6500              0.7870              2.0158              0.0131  
backward:              0.6000              0.6176              2.6334              0.0140  
backward:              0.5500              0.4367              3.0701              0.0149  
backward:              0.5000              0.1978              3.2679              0.0158  
backward:              0.4500              0.0590              3.3269              0.0163  
backward:              0.4000              0.0391              3.3659              0.0174  
backward:              0.3500              0.0177              3.3836              0.0179  
backward:              0.3000             -0.0157              3.3680              0.0184  
backward:              0.2500             -0.0652              3.3028              0.0191  
backward:              0.2000             -0.1353              3.1674              0.0200  
backward:              0.1500             -0.2591              2.9083              0.0244  
backward:              0.1000             -0.4663              2.4419              0.0276  
backward:              0.0500             -0.8879              1.5540              0.0330  
backward:              0.0000             -1.5957             -0.0417              0.0498  
Inaccuracy estimation
======================================================================================================
                   i        i+δi          P0_overlap_P1   δε(forward)/ε   δε(backward)/ε
======================================================================================================
inaccuracy:  0.00000        0.05000           36.44           -0.03            1.64
inaccuracy:  0.05000        0.10000           45.96           -0.03            1.02
inaccuracy:  0.10000        0.15000           57.96           -0.03            0.51
inaccuracy:  0.15000        0.20000           65.30           -0.02            0.28
inaccuracy:  0.20000        0.25000           69.84           -0.02            0.19
inaccuracy:  0.25000        0.30000           71.88           -0.01            0.16
inaccuracy:  0.30000        0.35000           72.84           -0.01            0.13
inaccuracy:  0.35000        0.40000           74.47           -0.01            0.11
inaccuracy:  0.40000        0.45000           74.19           -0.02            0.11
inaccuracy:  0.45000        0.50000           75.40           -0.02            0.09
inaccuracy:  0.50000        0.55000           65.70           -0.08            0.15
inaccuracy:  0.55000        0.60000           67.33           -0.10            0.10
inaccuracy:  0.60000        0.65000           67.69           -0.10            0.07
inaccuracy:  0.65000        0.70000           67.33           -0.12            0.05
inaccuracy:  0.70000        0.75000           67.65           -0.11            0.05
inaccuracy:  0.75000        0.80000           66.76           -0.11            0.04
inaccuracy:  0.80000        0.85000           67.58           -0.10            0.05
inaccuracy:  0.85000        0.90000           66.76           -0.10            0.05
inaccuracy:  0.90000        0.95000           65.86           -0.12            0.06
inaccuracy:  0.95000        1.00000           65.87           -0.11            0.06
===================================================================================================================================
                BAR        
-----------------------------------------------------------------------------------------------------------------------------------
BAR-estimator:         λ             λ+δλ          ΔΔA             ΔA            C               Δδe            δe       
                          
-----------------------------------------------------------------------------------------------------------------------------------
BAR-estimator:      0.00000        0.05000        1.6003         1.6003         1.6003         0.0074         0.0074 
BAR-estimator:      0.05000        0.10000        0.8955         2.4958         0.8955         0.0071         0.0102 
BAR-estimator:      0.10000        0.15000        0.4655         2.9614         0.4655         0.0050         0.0114 
BAR-estimator:      0.15000        0.20000        0.2526         3.2140         0.2526         0.0041         0.0121 
BAR-estimator:      0.20000        0.25000        0.1262         3.3401         0.1262         0.0033         0.0126 
BAR-estimator:      0.25000        0.30000        0.0659         3.4061         0.0659         0.0030         0.0129 
BAR-estimator:      0.30000        0.35000        0.0172         3.4233         0.0172         0.0030         0.0132 
BAR-estimator:      0.35000        0.40000       -0.0236         3.3997        -0.0236         0.0023         0.0135 
BAR-estimator:      0.40000        0.45000       -0.0422         3.3575        -0.0422         0.0024         0.0137 
BAR-estimator:      0.45000        0.50000       -0.0654         3.2920        -0.0654         0.0020         0.0138 
BAR-estimator:      0.50000        0.55000       -0.1966         3.0954        -0.1966         0.0027         0.0141 
BAR-estimator:      0.55000        0.60000       -0.4387         2.6567        -0.4387         0.0030         0.0144 
BAR-estimator:      0.60000        0.65000       -0.6232         2.0335        -0.6232         0.0027         0.0146 
BAR-estimator:      0.65000        0.70000       -0.7908         1.2427        -0.7908         0.0029         0.0149 
BAR-estimator:      0.70000        0.75000       -0.9047         0.3380        -0.9047         0.0031         0.0152 
BAR-estimator:      0.75000        0.80000       -0.9810        -0.6430        -0.9810         0.0030         0.0155 
BAR-estimator:      0.80000        0.85000       -1.0163        -1.6592        -1.0163         0.0028         0.0158 
BAR-estimator:      0.85000        0.90000       -1.0354        -2.6946        -1.0354         0.0027         0.0160 
BAR-estimator:      0.90000        0.95000       -1.0335        -3.7281        -1.0335         0.0030         0.0163 
BAR-estimator:      0.95000        1.00000       -1.0271        -4.7552        -1.0271         0.0027         0.0165 
BAR-estimator: total free energy change is -4.755247351193757 , total error is 0.01651047050929968
