#========================================================================================
#                     Free energy perturbation    
#----------------------------------------------------------------------------------------
#forward/backward          λ              ΔΔA                 ΔA                  δε   
#                                                 
#----------------------------------------------------------------------------------------
forward:               0.0000              0.0000              0.0000              0.0000  
forward:               0.0500              1.6124              1.6124              0.0173  
forward:               0.1000              0.9104              2.5228              0.0203  
forward:               0.1500              0.4858              3.0085              0.0215  
forward:               0.2000              0.2655              3.2740              0.0222  
forward:               0.2500              0.1469              3.4209              0.0227  
forward:               0.3000              0.0743              3.4952              0.0233  
forward:               0.3500              0.0302              3.5254              0.0236  
forward:               0.4000             -0.0086              3.5168              0.0239  
forward:               0.4500             -0.0348              3.4819              0.0241  
forward:               0.5000             -0.0645              3.4174              0.0243  
forward:               0.5500             -0.1398              3.2776              0.0246  
forward:               0.6000             -0.2882              2.9894              0.0249  
forward:               0.6500             -0.4099              2.5795              0.0252  
forward:               0.7000             -0.5400              2.0395              0.0255  
forward:               0.7500             -0.6348              1.4047              0.0257  
forward:               0.8000             -0.6968              0.7079              0.0259  
forward:               0.8500             -0.7417             -0.0338              0.0262  
forward:               0.9000             -0.7601             -0.7939              0.0264  
forward:               0.9500             -0.7749             -1.5688              0.0265  
forward:               1.0000             -0.7801             -2.3489              0.0267  
backward:              1.0000              0.0000             -2.3489              0.0000  
backward:              0.9500              0.7782             -1.5707              0.0041  
backward:              0.9000              0.7786             -0.7920              0.0059  
backward:              0.8500              0.7617             -0.0303              0.0076  
backward:              0.8000              0.7358              0.7055              0.0086  
backward:              0.7500              0.6940              1.3995              0.0095  
backward:              0.7000              0.6324              2.0318              0.0104  
backward:              0.6500              0.5349              2.5667              0.0113  
backward:              0.6000              0.4100              2.9767              0.0121  
backward:              0.5500              0.2774              3.2540              0.0128  
backward:              0.5000              0.1416              3.3956              0.0135  
backward:              0.4500              0.0528              3.4485              0.0141  
backward:              0.4000              0.0328              3.4812              0.0147  
backward:              0.3500              0.0074              3.4886              0.0155  
backward:              0.3000             -0.0200              3.4686              0.0161  
backward:              0.2500             -0.0835              3.3851              0.0172  
backward:              0.2000             -0.1569              3.2282              0.0185  
backward:              0.1500             -0.2721              2.9561              0.0207  
backward:              0.1000             -0.5027              2.4534              0.0279  
backward:              0.0500             -0.8833              1.5702              0.0342  
backward:              0.0000             -1.6134             -0.0432              0.0410  
Inaccuracy estimation
======================================================================================================
                   i        i+δi          P0_overlap_P1   δε(forward)/ε   δε(backward)/ε
======================================================================================================
inaccuracy:  0.00000        0.05000           36.26           -0.03            1.64
inaccuracy:  0.05000        0.10000           46.30           -0.04            1.07
inaccuracy:  0.10000        0.15000           57.22           -0.03            0.53
inaccuracy:  0.15000        0.20000           63.58           -0.02            0.30
inaccuracy:  0.20000        0.25000           68.34           -0.01            0.21
inaccuracy:  0.25000        0.30000           70.50           -0.01            0.16
inaccuracy:  0.30000        0.35000           70.87           -0.01            0.14
inaccuracy:  0.35000        0.40000           72.66           -0.01            0.12
inaccuracy:  0.40000        0.45000           73.50           -0.02            0.11
inaccuracy:  0.45000        0.50000           74.72           -0.01            0.10
inaccuracy:  0.50000        0.55000           69.25           -0.06            0.13
inaccuracy:  0.55000        0.60000           69.95           -0.06            0.10
inaccuracy:  0.60000        0.65000           68.95           -0.07            0.09
inaccuracy:  0.65000        0.70000           69.60           -0.08            0.07
inaccuracy:  0.70000        0.75000           69.44           -0.07            0.07
inaccuracy:  0.75000        0.80000           69.73           -0.08            0.06
inaccuracy:  0.80000        0.85000           69.51           -0.08            0.06
inaccuracy:  0.85000        0.90000           68.78           -0.07            0.06
inaccuracy:  0.90000        0.95000           68.63           -0.07            0.06
inaccuracy:  0.95000        1.00000           68.67           -0.08            0.06
===================================================================================================================================
                BAR        
-----------------------------------------------------------------------------------------------------------------------------------
BAR-estimator:         λ             λ+δλ          ΔΔA             ΔA            C               Δδe            δe       
                          
-----------------------------------------------------------------------------------------------------------------------------------
BAR-estimator:      0.00000        0.05000        1.6134         1.6134         1.6134         0.0072         0.0072 
BAR-estimator:      0.05000        0.10000        0.9099         2.5233         0.9099         0.0064         0.0097 
BAR-estimator:      0.10000        0.15000        0.4850         3.0083         0.4850         0.0035         0.0103 
BAR-estimator:      0.15000        0.20000        0.2646         3.2729         0.2646         0.0035         0.0109 
BAR-estimator:      0.20000        0.25000        0.1511         3.4240         0.1511         0.0032         0.0114 
BAR-estimator:      0.25000        0.30000        0.0769         3.5010         0.0769         0.0029         0.0117 
BAR-estimator:      0.30000        0.35000        0.0268         3.5278         0.0268         0.0026         0.0120 
BAR-estimator:      0.35000        0.40000       -0.0088         3.5190        -0.0088         0.0026         0.0123 
BAR-estimator:      0.40000        0.45000       -0.0346         3.4845        -0.0346         0.0023         0.0125 
BAR-estimator:      0.45000        0.50000       -0.0608         3.4237        -0.0608         0.0022         0.0127 
BAR-estimator:      0.50000        0.55000       -0.1389         3.2848        -0.1389         0.0027         0.0130 
BAR-estimator:      0.55000        0.60000       -0.2820         3.0027        -0.2820         0.0028         0.0133 
BAR-estimator:      0.60000        0.65000       -0.4111         2.5917        -0.4111         0.0026         0.0135 
BAR-estimator:      0.65000        0.70000       -0.5384         2.0533        -0.5384         0.0026         0.0138 
BAR-estimator:      0.70000        0.75000       -0.6330         1.4203        -0.6330         0.0026         0.0140 
BAR-estimator:      0.75000        0.80000       -0.6955         0.7248        -0.6955         0.0025         0.0142 
BAR-estimator:      0.80000        0.85000       -0.7410        -0.0162        -0.7410         0.0026         0.0145 
BAR-estimator:      0.85000        0.90000       -0.7622        -0.7784        -0.7622         0.0025         0.0147 
BAR-estimator:      0.90000        0.95000       -0.7759        -1.5542        -0.7759         0.0026         0.0149 
BAR-estimator:      0.95000        1.00000       -0.7807        -2.3350        -0.7807         0.0026         0.0151 
BAR-estimator: total free energy change is -2.3349574967961084 , total error is 0.015138977946148243
