#========================================================================================
#                     Free energy perturbation    
#----------------------------------------------------------------------------------------
#forward/backward          λ              ΔΔA                 ΔA                  δε   
#                                                 
#----------------------------------------------------------------------------------------
forward:               0.0000              0.0000              0.0000              0.0000  
forward:               0.0500              1.6580              1.6580              0.0171  
forward:               0.1000              0.9337              2.5917              0.0203  
forward:               0.1500              0.5085              3.1001              0.0226  
forward:               0.2000              0.3039              3.4040              0.0234  
forward:               0.2500              0.1867              3.5907              0.0237  
forward:               0.3000              0.0949              3.6856              0.0241  
forward:               0.3500              0.0518              3.7374              0.0244  
forward:               0.4000              0.0131              3.7506              0.0246  
forward:               0.4500             -0.0148              3.7358              0.0249  
forward:               0.5000             -0.0364              3.6994              0.0251  
forward:               0.5500             -0.0771              3.6223              0.0254  
forward:               0.6000             -0.1790              3.4433              0.0257  
forward:               0.6500             -0.2661              3.1772              0.0259  
forward:               0.7000             -0.3460              2.8313              0.0262  
forward:               0.7500             -0.4064              2.4249              0.0263  
forward:               0.8000             -0.4642              1.9607              0.0266  
forward:               0.8500             -0.5130              1.4477              0.0268  
forward:               0.9000             -0.5453              0.9023              0.0271  
forward:               0.9500             -0.5678              0.3345              0.0272  
forward:               1.0000             -0.5839             -0.2494              0.0275  
backward:              1.0000              0.0000             -0.2494              0.0000  
backward:              0.9500              0.5819              0.3325              0.0045  
backward:              0.9000              0.5625              0.8949              0.0064  
backward:              0.8500              0.5382              1.4331              0.0076  
backward:              0.8000              0.5159              1.9490              0.0087  
backward:              0.7500              0.4654              2.4144              0.0097  
backward:              0.7000              0.4040              2.8184              0.0105  
backward:              0.6500              0.3473              3.1657              0.0114  
backward:              0.6000              0.2723              3.4380              0.0122  
backward:              0.5500              0.1819              3.6199              0.0128  
backward:              0.5000              0.0791              3.6989              0.0135  
backward:              0.4500              0.0299              3.7289              0.0142  
backward:              0.4000              0.0154              3.7443              0.0148  
backward:              0.3500             -0.0182              3.7260              0.0155  
backward:              0.3000             -0.0499              3.6762              0.0162  
backward:              0.2500             -0.1045              3.5717              0.0173  
backward:              0.2000             -0.1781              3.3936              0.0185  
backward:              0.1500             -0.2817              3.1119              0.0199  
backward:              0.1000             -0.5199              2.5920              0.0230  
backward:              0.0500             -0.9570              1.6349              0.0405  
backward:              0.0000             -1.6419             -0.0070              0.0465  
Inaccuracy estimation
======================================================================================================
                   i        i+δi          P0_overlap_P1   δε(forward)/ε   δε(backward)/ε
======================================================================================================
inaccuracy:  0.00000        0.05000           36.14           -0.03            1.68
inaccuracy:  0.05000        0.10000           46.28           -0.04            1.04
inaccuracy:  0.10000        0.15000           56.91           -0.02            0.53
inaccuracy:  0.15000        0.20000           62.47           -0.02            0.32
inaccuracy:  0.20000        0.25000           66.18           -0.02            0.22
inaccuracy:  0.25000        0.30000           70.41           -0.01            0.16
inaccuracy:  0.30000        0.35000           71.51           -0.02            0.15
inaccuracy:  0.35000        0.40000           72.99           -0.01            0.13
inaccuracy:  0.40000        0.45000           73.09           -0.02            0.12
inaccuracy:  0.45000        0.50000           74.18           -0.02            0.11
inaccuracy:  0.50000        0.55000           69.64           -0.04            0.13
inaccuracy:  0.55000        0.60000           70.78           -0.04            0.11
inaccuracy:  0.60000        0.65000           70.35           -0.05            0.10
inaccuracy:  0.65000        0.70000           71.12           -0.05            0.09
inaccuracy:  0.70000        0.75000           71.38           -0.05            0.08
inaccuracy:  0.75000        0.80000           71.11           -0.06            0.08
inaccuracy:  0.80000        0.85000           70.98           -0.06            0.07
inaccuracy:  0.85000        0.90000           71.69           -0.06            0.07
inaccuracy:  0.90000        0.95000           70.85           -0.06            0.06
inaccuracy:  0.95000        1.00000           71.07           -0.06            0.07
===================================================================================================================================
                BAR        
-----------------------------------------------------------------------------------------------------------------------------------
BAR-estimator:         λ             λ+δλ          ΔΔA             ΔA            C               Δδe            δe       
                          
-----------------------------------------------------------------------------------------------------------------------------------
BAR-estimator:      0.00000        0.05000        1.6585         1.6585         1.6585         0.0079         0.0079 
BAR-estimator:      0.05000        0.10000        0.9388         2.5973         0.9388         0.0067         0.0104 
BAR-estimator:      0.10000        0.15000        0.5163         3.1136         0.5163         0.0065         0.0123 
BAR-estimator:      0.15000        0.20000        0.2975         3.4111         0.2975         0.0041         0.0129 
BAR-estimator:      0.20000        0.25000        0.1814         3.5925         0.1814         0.0031         0.0133 
BAR-estimator:      0.25000        0.30000        0.0967         3.6892         0.0967         0.0032         0.0137 
BAR-estimator:      0.30000        0.35000        0.0529         3.7421         0.0529         0.0028         0.0139 
BAR-estimator:      0.35000        0.40000        0.0168         3.7589         0.0168         0.0026         0.0142 
BAR-estimator:      0.40000        0.45000       -0.0146         3.7443        -0.0146         0.0023         0.0144 
BAR-estimator:      0.45000        0.50000       -0.0344         3.7099        -0.0344         0.0024         0.0146 
BAR-estimator:      0.50000        0.55000       -0.0763         3.6336        -0.0763         0.0022         0.0147 
BAR-estimator:      0.55000        0.60000       -0.1794         3.4542        -0.1794         0.0028         0.0150 
BAR-estimator:      0.60000        0.65000       -0.2705         3.1837        -0.2705         0.0025         0.0152 
BAR-estimator:      0.65000        0.70000       -0.3463         2.8374        -0.3463         0.0025         0.0154 
BAR-estimator:      0.70000        0.75000       -0.4054         2.4320        -0.4054         0.0026         0.0156 
BAR-estimator:      0.75000        0.80000       -0.4655         1.9665        -0.4655         0.0026         0.0158 
BAR-estimator:      0.80000        0.85000       -0.5139         1.4526        -0.5139         0.0027         0.0160 
BAR-estimator:      0.85000        0.90000       -0.5434         0.9091        -0.5434         0.0026         0.0162 
BAR-estimator:      0.90000        0.95000       -0.5689         0.3402        -0.5689         0.0026         0.0165 
BAR-estimator:      0.95000        1.00000       -0.5842        -0.2440        -0.5842         0.0027         0.0167 
BAR-estimator: total free energy change is -0.24396507961026914 , total error is 0.016674120038246365
