#========================================================================================
#                     Free energy perturbation    
#----------------------------------------------------------------------------------------
#forward/backward          λ              ΔΔA                 ΔA                  δε   
#                                                 
#----------------------------------------------------------------------------------------
forward:               0.0000              0.0000              0.0000              0.0000  
forward:               0.0500              0.9301              0.9301              0.0103  
forward:               0.1000              0.4248              1.3550              0.0119  
forward:               0.1500              0.2529              1.6079              0.0126  
forward:               0.2000              0.1603              1.7682              0.0131  
forward:               0.2500              0.1094              1.8776              0.0135  
forward:               0.3000              0.0768              1.9544              0.0138  
forward:               0.3500              0.0509              2.0054              0.0141  
forward:               0.4000              0.0308              2.0362              0.0143  
forward:               0.4500              0.0133              2.0495              0.0145  
forward:               0.5000              0.0024              2.0519              0.0147  
forward:               0.5500             -0.0448              2.0071              0.0149  
forward:               0.6000             -0.1119              1.8952              0.0151  
forward:               0.6500             -0.1726              1.7226              0.0152  
forward:               0.7000             -0.2196              1.5030              0.0154  
forward:               0.7500             -0.2614              1.2416              0.0156  
forward:               0.8000             -0.2940              0.9477              0.0157  
forward:               0.8500             -0.3192              0.6284              0.0158  
forward:               0.9000             -0.3440              0.2844              0.0159  
forward:               0.9500             -0.3703             -0.0859              0.0160  
forward:               1.0000             -0.3910             -0.4769              0.0162  
backward:              1.0000              0.0000             -0.4769              0.0000  
backward:              0.9500              0.3872             -0.0897              0.0025  
backward:              0.9000              0.3683              0.2785              0.0037  
backward:              0.8500              0.3477              0.6263              0.0043  
backward:              0.8000              0.3211              0.9474              0.0049  
backward:              0.7500              0.2904              1.2378              0.0055  
backward:              0.7000              0.2580              1.4958              0.0060  
backward:              0.6500              0.2169              1.7127              0.0063  
backward:              0.6000              0.1751              1.8878              0.0068  
backward:              0.5500              0.1115              1.9993              0.0074  
backward:              0.5000              0.0404              2.0397              0.0079  
backward:              0.4500             -0.0006              2.0391              0.0083  
backward:              0.4000             -0.0151              2.0240              0.0088  
backward:              0.3500             -0.0332              1.9907              0.0093  
backward:              0.3000             -0.0525              1.9382              0.0098  
backward:              0.2500             -0.0734              1.8649              0.0112  
backward:              0.2000             -0.1081              1.7567              0.0119  
backward:              0.1500             -0.1591              1.5977              0.0128  
backward:              0.1000             -0.2478              1.3498              0.0140  
backward:              0.0500             -0.4164              0.9335              0.0171  
backward:              0.0000             -0.8621              0.0713              0.0285  
Inaccuracy estimation
======================================================================================================
                   i        i+δi          P0_overlap_P1   δε(forward)/ε   δε(backward)/ε
======================================================================================================
inaccuracy:  0.00000        0.05000           44.21           -0.01            1.94
inaccuracy:  0.05000        0.10000           64.17           -0.00            0.38
inaccuracy:  0.10000        0.15000           71.29           -0.00            0.19
inaccuracy:  0.15000        0.20000           75.88           -0.01            0.13
inaccuracy:  0.20000        0.25000           77.90           -0.01            0.10
inaccuracy:  0.25000        0.30000           78.94           -0.00            0.08
inaccuracy:  0.30000        0.35000           80.08           -0.01            0.07
inaccuracy:  0.35000        0.40000           81.39           -0.00            0.06
inaccuracy:  0.40000        0.45000           81.75           -0.00            0.06
inaccuracy:  0.45000        0.50000           81.19           -0.01            0.06
inaccuracy:  0.50000        0.55000           78.06           -0.02            0.07
inaccuracy:  0.55000        0.60000           78.54           -0.02            0.06
inaccuracy:  0.60000        0.65000           78.95           -0.02            0.05
inaccuracy:  0.65000        0.70000           80.10           -0.02            0.05
inaccuracy:  0.70000        0.75000           79.93           -0.02            0.04
inaccuracy:  0.75000        0.80000           80.11           -0.02            0.04
inaccuracy:  0.80000        0.85000           79.13           -0.02            0.04
inaccuracy:  0.85000        0.90000           79.43           -0.03            0.04
inaccuracy:  0.90000        0.95000           79.74           -0.02            0.04
inaccuracy:  0.95000        1.00000           79.69           -0.02            0.04
===================================================================================================================================
                BAR        
-----------------------------------------------------------------------------------------------------------------------------------
BAR-estimator:         λ             λ+δλ          ΔΔA             ΔA            C               Δδe            δe       
                          
-----------------------------------------------------------------------------------------------------------------------------------
BAR-estimator:      0.00000        0.05000        0.9317         0.9317         0.9317         0.0069         0.0069 
BAR-estimator:      0.05000        0.10000        0.4217         1.3534         0.4217         0.0041         0.0080 
BAR-estimator:      0.10000        0.15000        0.2515         1.6049         0.2515         0.0028         0.0085 
BAR-estimator:      0.15000        0.20000        0.1595         1.7644         0.1595         0.0025         0.0088 
BAR-estimator:      0.20000        0.25000        0.1092         1.8736         0.1092         0.0021         0.0091 
BAR-estimator:      0.25000        0.30000        0.0758         1.9494         0.0758         0.0021         0.0093 
BAR-estimator:      0.30000        0.35000        0.0513         2.0007         0.0513         0.0019         0.0095 
BAR-estimator:      0.35000        0.40000        0.0321         2.0328         0.0321         0.0016         0.0096 
BAR-estimator:      0.40000        0.45000        0.0142         2.0470         0.0142         0.0016         0.0098 
BAR-estimator:      0.45000        0.50000        0.0009         2.0479         0.0009         0.0016         0.0099 
BAR-estimator:      0.50000        0.55000       -0.0419         2.0060        -0.0419         0.0020         0.0101 
BAR-estimator:      0.55000        0.60000       -0.1117         1.8943        -0.1117         0.0018         0.0102 
BAR-estimator:      0.60000        0.65000       -0.1736         1.7207        -0.1736         0.0019         0.0104 
BAR-estimator:      0.65000        0.70000       -0.2181         1.5026        -0.2181         0.0018         0.0106 
BAR-estimator:      0.70000        0.75000       -0.2595         1.2431        -0.2595         0.0017         0.0107 
BAR-estimator:      0.75000        0.80000       -0.2926         0.9505        -0.2926         0.0017         0.0108 
BAR-estimator:      0.80000        0.85000       -0.3202         0.6303        -0.3202         0.0016         0.0110 
BAR-estimator:      0.85000        0.90000       -0.3454         0.2849        -0.3454         0.0016         0.0111 
BAR-estimator:      0.90000        0.95000       -0.3696        -0.0846        -0.3696         0.0017         0.0112 
BAR-estimator:      0.95000        1.00000       -0.3895        -0.4742        -0.3895         0.0016         0.0113 
BAR-estimator: total free energy change is -0.47418561756016114 , total error is 0.011314234048568052
