#========================================================================================
#                     Free energy perturbation    
#----------------------------------------------------------------------------------------
#forward/backward          λ              ΔΔA                 ΔA                  δε   
#                                                 
#----------------------------------------------------------------------------------------
forward:               0.0000              0.0000              0.0000              0.0000  
forward:               0.0500              0.7999              0.7999              0.0075  
forward:               0.1000              0.4728              1.2728              0.0094  
forward:               0.1500              0.3142              1.5869              0.0104  
forward:               0.2000              0.2130              1.7999              0.0111  
forward:               0.2500              0.1570              1.9569              0.0116  
forward:               0.3000              0.1150              2.0719              0.0120  
forward:               0.3500              0.0838              2.1558              0.0123  
forward:               0.4000              0.0651              2.2209              0.0127  
forward:               0.4500              0.0537              2.2746              0.0129  
forward:               0.5000              0.0364              2.3110              0.0131  
forward:               0.5500              0.0060              2.3170              0.0134  
forward:               0.6000             -0.0425              2.2745              0.0136  
forward:               0.6500             -0.0858              2.1887              0.0138  
forward:               0.7000             -0.1155              2.0733              0.0140  
forward:               0.7500             -0.1384              1.9349              0.0142  
forward:               0.8000             -0.1626              1.7722              0.0143  
forward:               0.8500             -0.1826              1.5897              0.0146  
forward:               0.9000             -0.1990              1.3907              0.0147  
forward:               0.9500             -0.2128              1.1779              0.0149  
forward:               1.0000             -0.2254              0.9525              0.0150  
backward:              1.0000              0.0000              0.9525              0.0000  
backward:              0.9500              0.2209              1.1733              0.0031  
backward:              0.9000              0.2100              1.3833              0.0043  
backward:              0.8500              0.1910              1.5743              0.0051  
backward:              0.8000              0.1810              1.7553              0.0058  
backward:              0.7500              0.1624              1.9177              0.0064  
backward:              0.7000              0.1401              2.0578              0.0070  
backward:              0.6500              0.1122              2.1699              0.0075  
backward:              0.6000              0.0812              2.2511              0.0081  
backward:              0.5500              0.0425              2.2936              0.0084  
backward:              0.5000             -0.0066              2.2871              0.0092  
backward:              0.4500             -0.0390              2.2481              0.0098  
backward:              0.4000             -0.0504              2.1976              0.0101  
backward:              0.3500             -0.0655              2.1321              0.0107  
backward:              0.3000             -0.0956              2.0366              0.0112  
backward:              0.2500             -0.1079              1.9286              0.0118  
backward:              0.2000             -0.1544              1.7742              0.0127  
backward:              0.1500             -0.2115              1.5627              0.0137  
backward:              0.1000             -0.3019              1.2608              0.0152  
backward:              0.0500             -0.4892              0.7715              0.0184  
backward:              0.0000             -0.7910             -0.0195              0.0240  
Inaccuracy estimation
======================================================================================================
                   i        i+δi          P0_overlap_P1   δε(forward)/ε   δε(backward)/ε
======================================================================================================
inaccuracy:  0.00000        0.05000           52.44           -0.01            0.81
inaccuracy:  0.05000        0.10000           63.57           -0.01            0.39
inaccuracy:  0.10000        0.15000           68.32           -0.00            0.24
inaccuracy:  0.15000        0.20000           73.01           -0.01            0.17
inaccuracy:  0.20000        0.25000           74.69           -0.01            0.12
inaccuracy:  0.25000        0.30000           76.36           -0.01            0.11
inaccuracy:  0.30000        0.35000           79.20           -0.01            0.09
inaccuracy:  0.35000        0.40000           79.23           -0.01            0.08
inaccuracy:  0.40000        0.45000           78.84           -0.01            0.08
inaccuracy:  0.45000        0.50000           79.88           -0.01            0.07
inaccuracy:  0.50000        0.55000           77.25           -0.02            0.08
inaccuracy:  0.55000        0.60000           77.95           -0.02            0.07
inaccuracy:  0.60000        0.65000           78.96           -0.01            0.06
inaccuracy:  0.65000        0.70000           78.40           -0.01            0.06
inaccuracy:  0.70000        0.75000           78.80           -0.02            0.06
inaccuracy:  0.75000        0.80000           78.90           -0.02            0.06
inaccuracy:  0.80000        0.85000           78.54           -0.02            0.06
inaccuracy:  0.85000        0.90000           79.42           -0.02            0.05
inaccuracy:  0.90000        0.95000           78.77           -0.02            0.05
inaccuracy:  0.95000        1.00000           78.47           -0.02            0.05
===================================================================================================================================
                BAR        
-----------------------------------------------------------------------------------------------------------------------------------
BAR-estimator:         λ             λ+δλ          ΔΔA             ΔA            C               Δδe            δe       
                          
-----------------------------------------------------------------------------------------------------------------------------------
BAR-estimator:      0.00000        0.05000        0.7985         0.7985         0.7985         0.0048         0.0048 
BAR-estimator:      0.05000        0.10000        0.4756         1.2741         0.4756         0.0039         0.0061 
BAR-estimator:      0.10000        0.15000        0.3091         1.5833         0.3091         0.0031         0.0069 
BAR-estimator:      0.15000        0.20000        0.2125         1.7958         0.2125         0.0026         0.0074 
BAR-estimator:      0.20000        0.25000        0.1553         1.9510         0.1553         0.0024         0.0077 
BAR-estimator:      0.25000        0.30000        0.1129         2.0639         0.1129         0.0019         0.0080 
BAR-estimator:      0.30000        0.35000        0.0889         2.1529         0.0889         0.0020         0.0082 
BAR-estimator:      0.35000        0.40000        0.0661         2.2189         0.0661         0.0020         0.0084 
BAR-estimator:      0.40000        0.45000        0.0526         2.2716         0.0526         0.0017         0.0086 
BAR-estimator:      0.45000        0.50000        0.0376         2.3091         0.0376         0.0017         0.0088 
BAR-estimator:      0.50000        0.55000        0.0060         2.3151         0.0060         0.0020         0.0090 
BAR-estimator:      0.55000        0.60000       -0.0424         2.2727        -0.0424         0.0017         0.0092 
BAR-estimator:      0.60000        0.65000       -0.0840         2.1888        -0.0840         0.0018         0.0093 
BAR-estimator:      0.65000        0.70000       -0.1144         2.0743        -0.1144         0.0018         0.0095 
BAR-estimator:      0.70000        0.75000       -0.1387         1.9356        -0.1387         0.0015         0.0096 
BAR-estimator:      0.75000        0.80000       -0.1631         1.7725        -0.1631         0.0018         0.0098 
BAR-estimator:      0.80000        0.85000       -0.1825         1.5900        -0.1825         0.0017         0.0099 
BAR-estimator:      0.85000        0.90000       -0.1965         1.3935        -0.1965         0.0016         0.0101 
BAR-estimator:      0.90000        0.95000       -0.2116         1.1819        -0.2116         0.0018         0.0102 
BAR-estimator:      0.95000        1.00000       -0.2247         0.9572        -0.2247         0.0017         0.0103 
BAR-estimator: total free energy change is 0.9572334991689216 , total error is 0.010349198430942598
