#========================================================================================
#                     Free energy perturbation    
#----------------------------------------------------------------------------------------
#forward/backward          λ              ΔΔA                 ΔA                  δε   
#                                                 
#----------------------------------------------------------------------------------------
forward:               0.0000              0.0000              0.0000              0.0000  
forward:               0.0500              2.1553              2.1553              0.0204  
forward:               0.1000              1.3064              3.4617              0.0261  
forward:               0.1500              0.7388              4.2005              0.0281  
forward:               0.2000              0.4371              4.6377              0.0293  
forward:               0.2500              0.2411              4.8788              0.0301  
forward:               0.3000              0.1380              5.0168              0.0307  
forward:               0.3500              0.0600              5.0768              0.0311  
forward:               0.4000              0.0070              5.0837              0.0314  
forward:               0.4500             -0.0391              5.0447              0.0318  
forward:               0.5000             -0.0709              4.9738              0.0321  
forward:               0.5500             -0.1735              4.8003              0.0324  
forward:               0.6000             -0.3509              4.4494              0.0327  
forward:               0.6500             -0.5118              3.9376              0.0330  
forward:               0.7000             -0.6501              3.2875              0.0333  
forward:               0.7500             -0.7658              2.5217              0.0336  
forward:               0.8000             -0.8277              1.6940              0.0339  
forward:               0.8500             -0.8690              0.8250              0.0341  
forward:               0.9000             -0.8957             -0.0706              0.0343  
forward:               0.9500             -0.9209             -0.9915              0.0345  
forward:               1.0000             -0.9296             -1.9211              0.0347  
backward:              1.0000              0.0000             -1.9211              0.0000  
backward:              0.9500              0.9295             -0.9916              0.0048  
backward:              0.9000              0.9216             -0.0700              0.0069  
backward:              0.8500              0.8928              0.8228              0.0091  
backward:              0.8000              0.8635              1.6863              0.0105  
backward:              0.7500              0.8228              2.5091              0.0119  
backward:              0.7000              0.7541              3.2632              0.0131  
backward:              0.6500              0.6537              3.9170              0.0144  
backward:              0.6000              0.5127              4.4297              0.0150  
backward:              0.5500              0.3488              4.7785              0.0160  
backward:              0.5000              0.1672              4.9457              0.0173  
backward:              0.4500              0.0786              5.0243              0.0181  
backward:              0.4000              0.0422              5.0665              0.0188  
backward:              0.3500              0.0018              5.0683              0.0196  
backward:              0.3000             -0.0587              5.0096              0.0212  
backward:              0.2500             -0.1425              4.8671              0.0228  
backward:              0.2000             -0.2669              4.6002              0.0246  
backward:              0.1500             -0.4484              4.1517              0.0282  
backward:              0.1000             -0.7490              3.4028              0.0336  
backward:              0.0500             -1.3016              2.1011              0.0434  
backward:              0.0000             -2.1592             -0.0581              0.0566  
Inaccuracy estimation
======================================================================================================
                   i        i+δi          P0_overlap_P1   δε(forward)/ε   δε(backward)/ε
======================================================================================================
inaccuracy:  0.00000        0.05000           30.76            0.02            2.48
inaccuracy:  0.05000        0.10000           38.90           -0.06            1.52
inaccuracy:  0.10000        0.15000           48.32           -0.05            0.86
inaccuracy:  0.15000        0.20000           55.73           -0.03            0.52
inaccuracy:  0.20000        0.25000           61.55           -0.04            0.33
inaccuracy:  0.25000        0.30000           63.18           -0.04            0.26
inaccuracy:  0.30000        0.35000           65.44           -0.03            0.22
inaccuracy:  0.35000        0.40000           66.58           -0.03            0.19
inaccuracy:  0.40000        0.45000           67.69           -0.04            0.17
inaccuracy:  0.45000        0.50000           67.81           -0.04            0.16
inaccuracy:  0.50000        0.55000           63.60           -0.09            0.18
inaccuracy:  0.55000        0.60000           63.96           -0.09            0.14
inaccuracy:  0.60000        0.65000           63.75           -0.11            0.12
inaccuracy:  0.65000        0.70000           63.84           -0.11            0.11
inaccuracy:  0.70000        0.75000           65.19           -0.10            0.09
inaccuracy:  0.75000        0.80000           65.15           -0.11            0.08
inaccuracy:  0.80000        0.85000           64.76           -0.12            0.08
inaccuracy:  0.85000        0.90000           64.54           -0.13            0.08
inaccuracy:  0.90000        0.95000           64.32           -0.11            0.08
inaccuracy:  0.95000        1.00000           63.81           -0.11            0.08
===================================================================================================================================
                BAR        
-----------------------------------------------------------------------------------------------------------------------------------
BAR-estimator:         λ             λ+δλ          ΔΔA             ΔA            C               Δδe            δe       
                          
-----------------------------------------------------------------------------------------------------------------------------------
BAR-estimator:      0.00000        0.05000        2.1435         2.1435         2.1435         0.0080         0.0080 
BAR-estimator:      0.05000        0.10000        1.3049         3.4484         1.3049         0.0078         0.0111 
BAR-estimator:      0.10000        0.15000        0.7471         4.1955         0.7471         0.0062         0.0127 
BAR-estimator:      0.15000        0.20000        0.4444         4.6399         0.4444         0.0051         0.0137 
BAR-estimator:      0.20000        0.25000        0.2470         4.8868         0.2470         0.0043         0.0144 
BAR-estimator:      0.25000        0.30000        0.1361         5.0229         0.1361         0.0037         0.0148 
BAR-estimator:      0.30000        0.35000        0.0603         5.0833         0.0603         0.0032         0.0152 
BAR-estimator:      0.35000        0.40000        0.0046         5.0878         0.0046         0.0033         0.0155 
BAR-estimator:      0.40000        0.45000       -0.0408         5.0470        -0.0408         0.0031         0.0158 
BAR-estimator:      0.45000        0.50000       -0.0736         4.9735        -0.0736         0.0030         0.0161 
BAR-estimator:      0.50000        0.55000       -0.1725         4.8009        -0.1725         0.0032         0.0164 
BAR-estimator:      0.55000        0.60000       -0.3499         4.4511        -0.3499         0.0029         0.0167 
BAR-estimator:      0.60000        0.65000       -0.5142         3.9368        -0.5142         0.0035         0.0170 
BAR-estimator:      0.65000        0.70000       -0.6532         3.2836        -0.6532         0.0030         0.0173 
BAR-estimator:      0.70000        0.75000       -0.7631         2.5206        -0.7631         0.0031         0.0176 
BAR-estimator:      0.75000        0.80000       -0.8246         1.6960        -0.8246         0.0032         0.0179 
BAR-estimator:      0.80000        0.85000       -0.8678         0.8282        -0.8678         0.0031         0.0181 
BAR-estimator:      0.85000        0.90000       -0.8980        -0.0698        -0.8980         0.0030         0.0184 
BAR-estimator:      0.90000        0.95000       -0.9198        -0.9896        -0.9198         0.0032         0.0186 
BAR-estimator:      0.95000        1.00000       -0.9281        -1.9177        -0.9281         0.0031         0.0189 
BAR-estimator: total free energy change is -1.917661207670497 , total error is 0.018898558885730762
