#========================================================================================
#                     Free energy perturbation    
#----------------------------------------------------------------------------------------
#forward/backward          λ              ΔΔA                 ΔA                  δε   
#                                                 
#----------------------------------------------------------------------------------------
forward:               0.0000              0.0000              0.0000              0.0000  
forward:               0.0500              1.8015              1.8015              0.0156  
forward:               0.1000              1.0376              2.8391              0.0202  
forward:               0.1500              0.5520              3.3911              0.0228  
forward:               0.2000              0.2857              3.6768              0.0235  
forward:               0.2500              0.1511              3.8279              0.0240  
forward:               0.3000              0.0711              3.8990              0.0245  
forward:               0.3500              0.0154              3.9144              0.0249  
forward:               0.4000             -0.0298              3.8846              0.0251  
forward:               0.4500             -0.0565              3.8280              0.0253  
forward:               0.5000             -0.0795              3.7485              0.0255  
forward:               0.5500             -0.1901              3.5585              0.0257  
forward:               0.6000             -0.3881              3.1704              0.0260  
forward:               0.6500             -0.5664              2.6040              0.0264  
forward:               0.7000             -0.7137              1.8903              0.0268  
forward:               0.7500             -0.8265              1.0638              0.0272  
forward:               0.8000             -0.9041              0.1597              0.0274  
forward:               0.8500             -0.9421             -0.7824              0.0277  
forward:               0.9000             -0.9616             -1.7439              0.0280  
forward:               0.9500             -0.9634             -2.7073              0.0282  
forward:               1.0000             -0.9585             -3.6658              0.0284  
backward:              1.0000              0.0000             -3.6658              0.0000  
backward:              0.9500              0.9625             -2.7033              0.0045  
backward:              0.9000              0.9560             -1.7473              0.0078  
backward:              0.8500              0.9481             -0.7992              0.0093  
backward:              0.8000              0.9349              0.1356              0.0105  
backward:              0.7500              0.8967              1.0324              0.0116  
backward:              0.7000              0.8288              1.8612              0.0126  
backward:              0.6500              0.7089              2.5701              0.0135  
backward:              0.6000              0.5571              3.1272              0.0147  
backward:              0.5500              0.3973              3.5245              0.0154  
backward:              0.5000              0.1950              3.7195              0.0166  
backward:              0.4500              0.0697              3.7892              0.0170  
backward:              0.4000              0.0515              3.8407              0.0174  
backward:              0.3500              0.0287              3.8694              0.0180  
backward:              0.3000             -0.0294              3.8400              0.0187  
backward:              0.2500             -0.0753              3.7647              0.0197  
backward:              0.2000             -0.1462              3.6185              0.0207  
backward:              0.1500             -0.2795              3.3390              0.0222  
backward:              0.1000             -0.5415              2.7975              0.0255  
backward:              0.0500             -1.0606              1.7369              0.0514  
backward:              0.0000             -1.7708             -0.0338              0.0610  
Inaccuracy estimation
======================================================================================================
                   i        i+δi          P0_overlap_P1   δε(forward)/ε   δε(backward)/ε
======================================================================================================
inaccuracy:  0.00000        0.05000           34.36           -0.02            1.91
inaccuracy:  0.05000        0.10000           43.68           -0.04            1.19
inaccuracy:  0.10000        0.15000           54.07           -0.03            0.62
inaccuracy:  0.15000        0.20000           61.88           -0.02            0.33
inaccuracy:  0.20000        0.25000           66.66           -0.02            0.24
inaccuracy:  0.25000        0.30000           69.17           -0.02            0.17
inaccuracy:  0.30000        0.35000           71.89           -0.02            0.14
inaccuracy:  0.35000        0.40000           72.64           -0.02            0.12
inaccuracy:  0.40000        0.45000           73.00           -0.02            0.11
inaccuracy:  0.45000        0.50000           74.41           -0.02            0.11
inaccuracy:  0.50000        0.55000           65.10           -0.08            0.15
inaccuracy:  0.55000        0.60000           66.39           -0.09            0.10
inaccuracy:  0.60000        0.65000           67.69           -0.10            0.08
inaccuracy:  0.65000        0.70000           67.25           -0.12            0.07
inaccuracy:  0.70000        0.75000           67.02           -0.11            0.06
inaccuracy:  0.75000        0.80000           66.97           -0.11            0.06
inaccuracy:  0.80000        0.85000           66.88           -0.11            0.06
inaccuracy:  0.85000        0.90000           66.45           -0.10            0.06
inaccuracy:  0.90000        0.95000           66.17           -0.11            0.06
inaccuracy:  0.95000        1.00000           65.57           -0.11            0.07
===================================================================================================================================
                BAR        
-----------------------------------------------------------------------------------------------------------------------------------
BAR-estimator:         λ             λ+δλ          ΔΔA             ΔA            C               Δδe            δe       
                          
-----------------------------------------------------------------------------------------------------------------------------------
BAR-estimator:      0.00000        0.05000        1.7910         1.7910         1.7910         0.0078         0.0078 
BAR-estimator:      0.05000        0.10000        1.0382         2.8293         1.0382         0.0081         0.0112 
BAR-estimator:      0.10000        0.15000        0.5472         3.3764         0.5472         0.0063         0.0129 
BAR-estimator:      0.15000        0.20000        0.2833         3.6597         0.2833         0.0040         0.0135 
BAR-estimator:      0.20000        0.25000        0.1508         3.8105         0.1508         0.0036         0.0139 
BAR-estimator:      0.25000        0.30000        0.0720         3.8825         0.0720         0.0034         0.0143 
BAR-estimator:      0.30000        0.35000        0.0199         3.9024         0.0199         0.0030         0.0147 
BAR-estimator:      0.35000        0.40000       -0.0283         3.8740        -0.0283         0.0027         0.0149 
BAR-estimator:      0.40000        0.45000       -0.0542         3.8198        -0.0542         0.0023         0.0151 
BAR-estimator:      0.45000        0.50000       -0.0746         3.7452        -0.0746         0.0022         0.0152 
BAR-estimator:      0.50000        0.55000       -0.1968         3.5484        -0.1968         0.0029         0.0155 
BAR-estimator:      0.55000        0.60000       -0.3926         3.1558        -0.3926         0.0026         0.0157 
BAR-estimator:      0.60000        0.65000       -0.5605         2.5952        -0.5605         0.0026         0.0159 
BAR-estimator:      0.65000        0.70000       -0.7133         1.8819        -0.7133         0.0029         0.0162 
BAR-estimator:      0.70000        0.75000       -0.8265         1.0555        -0.8265         0.0028         0.0164 
BAR-estimator:      0.75000        0.80000       -0.9002         0.1553        -0.9002         0.0029         0.0167 
BAR-estimator:      0.80000        0.85000       -0.9411        -0.7858        -0.9411         0.0029         0.0169 
BAR-estimator:      0.85000        0.90000       -0.9576        -1.7434        -0.9576         0.0029         0.0172 
BAR-estimator:      0.90000        0.95000       -0.9618        -2.7052        -0.9618         0.0034         0.0175 
BAR-estimator:      0.95000        1.00000       -0.9588        -3.6640        -0.9588         0.0029         0.0178 
BAR-estimator: total free energy change is -3.6639550948749076 , total error is 0.017768910181429814
