#========================================================================================
#                     Free energy perturbation    
#----------------------------------------------------------------------------------------
#forward/backward          λ              ΔΔA                 ΔA                  δε   
#                                                 
#----------------------------------------------------------------------------------------
forward:               0.0000              0.0000              0.0000              0.0000  
forward:               0.0500              2.1465              2.1465              0.0175  
forward:               0.1000              1.2747              3.4213              0.0223  
forward:               0.1500              0.7545              4.1758              0.0248  
forward:               0.2000              0.4299              4.6057              0.0264  
forward:               0.2500              0.2371              4.8429              0.0273  
forward:               0.3000              0.1200              4.9628              0.0280  
forward:               0.3500              0.0585              5.0213              0.0285  
forward:               0.4000              0.0020              5.0233              0.0288  
forward:               0.4500             -0.0379              4.9854              0.0292  
forward:               0.5000             -0.0729              4.9125              0.0294  
forward:               0.5500             -0.1765              4.7360              0.0300  
forward:               0.6000             -0.3608              4.3752              0.0303  
forward:               0.6500             -0.5019              3.8732              0.0307  
forward:               0.7000             -0.6396              3.2336              0.0310  
forward:               0.7500             -0.7282              2.5054              0.0312  
forward:               0.8000             -0.7977              1.7077              0.0316  
forward:               0.8500             -0.8369              0.8708              0.0318  
forward:               0.9000             -0.8576              0.0132              0.0320  
forward:               0.9500             -0.8748             -0.8615              0.0322  
forward:               1.0000             -0.8932             -1.7547              0.0324  
backward:              1.0000              0.0000             -1.7547              0.0000  
backward:              0.9500              0.8849             -0.8698              0.0052  
backward:              0.9000              0.8805              0.0107              0.0071  
backward:              0.8500              0.8645              0.8752              0.0085  
backward:              0.8000              0.8407              1.7160              0.0097  
backward:              0.7500              0.7907              2.5067              0.0111  
backward:              0.7000              0.7304              3.2371              0.0121  
backward:              0.6500              0.6276              3.8647              0.0132  
backward:              0.6000              0.5087              4.3734              0.0141  
backward:              0.5500              0.3491              4.7225              0.0151  
backward:              0.5000              0.1762              4.8988              0.0164  
backward:              0.4500              0.0730              4.9718              0.0171  
backward:              0.4000              0.0482              5.0200              0.0179  
backward:              0.3500              0.0031              5.0231              0.0188  
backward:              0.3000             -0.0397              4.9834              0.0198  
backward:              0.2500             -0.1292              4.8542              0.0209  
backward:              0.2000             -0.2542              4.6001              0.0230  
backward:              0.1500             -0.4429              4.1571              0.0258  
backward:              0.1000             -0.7380              3.4191              0.0309  
backward:              0.0500             -1.4488              1.9703              0.1325  
backward:              0.0000             -2.0451             -0.0748              0.1354  
Inaccuracy estimation
======================================================================================================
                   i        i+δi          P0_overlap_P1   δε(forward)/ε   δε(backward)/ε
======================================================================================================
inaccuracy:  0.00000        0.05000           29.63            0.01            2.55
inaccuracy:  0.05000        0.10000           40.02           -0.06            1.50
inaccuracy:  0.10000        0.15000           47.92           -0.05            0.87
inaccuracy:  0.15000        0.20000           55.40           -0.03            0.52
inaccuracy:  0.20000        0.25000           60.58           -0.04            0.33
inaccuracy:  0.25000        0.30000           64.22           -0.03            0.24
inaccuracy:  0.30000        0.35000           64.31           -0.04            0.23
inaccuracy:  0.35000        0.40000           65.82           -0.03            0.18
inaccuracy:  0.40000        0.45000           67.03           -0.03            0.17
inaccuracy:  0.45000        0.50000           68.50           -0.03            0.15
inaccuracy:  0.50000        0.55000           63.48           -0.09            0.18
inaccuracy:  0.55000        0.60000           64.86           -0.09            0.13
inaccuracy:  0.60000        0.65000           64.07           -0.10            0.12
inaccuracy:  0.65000        0.70000           64.94           -0.09            0.10
inaccuracy:  0.70000        0.75000           64.89           -0.11            0.09
inaccuracy:  0.75000        0.80000           65.49           -0.11            0.08
inaccuracy:  0.80000        0.85000           64.44           -0.10            0.08
inaccuracy:  0.85000        0.90000           64.61           -0.11            0.08
inaccuracy:  0.90000        0.95000           63.98           -0.12            0.08
inaccuracy:  0.95000        1.00000           64.44           -0.11            0.08
===================================================================================================================================
                BAR        
-----------------------------------------------------------------------------------------------------------------------------------
BAR-estimator:         λ             λ+δλ          ΔΔA             ΔA            C               Δδe            δe       
                          
-----------------------------------------------------------------------------------------------------------------------------------
BAR-estimator:      0.00000        0.05000        2.1313         2.1313         2.1313         0.0084         0.0084 
BAR-estimator:      0.05000        0.10000        1.2960         3.4272         1.2960         0.0074         0.0112 
BAR-estimator:      0.10000        0.15000        0.7506         4.1778         0.7506         0.0065         0.0130 
BAR-estimator:      0.15000        0.20000        0.4359         4.6137         0.4359         0.0055         0.0141 
BAR-estimator:      0.20000        0.25000        0.2401         4.8539         0.2401         0.0045         0.0148 
BAR-estimator:      0.25000        0.30000        0.1243         4.9781         0.1243         0.0038         0.0153 
BAR-estimator:      0.30000        0.35000        0.0527         5.0308         0.0527         0.0036         0.0157 
BAR-estimator:      0.35000        0.40000        0.0005         5.0314         0.0005         0.0032         0.0160 
BAR-estimator:      0.40000        0.45000       -0.0405         4.9908        -0.0405         0.0029         0.0163 
BAR-estimator:      0.45000        0.50000       -0.0729         4.9180        -0.0729         0.0028         0.0165 
BAR-estimator:      0.50000        0.55000       -0.1771         4.7409        -0.1771         0.0038         0.0170 
BAR-estimator:      0.55000        0.60000       -0.3595         4.3815        -0.3595         0.0030         0.0172 
BAR-estimator:      0.60000        0.65000       -0.5024         3.8791        -0.5024         0.0028         0.0175 
BAR-estimator:      0.65000        0.70000       -0.6343         3.2447        -0.6343         0.0031         0.0177 
BAR-estimator:      0.70000        0.75000       -0.7329         2.5119        -0.7329         0.0029         0.0180 
BAR-estimator:      0.75000        0.80000       -0.7948         1.7170        -0.7948         0.0030         0.0182 
BAR-estimator:      0.80000        0.85000       -0.8387         0.8783        -0.8387         0.0027         0.0184 
BAR-estimator:      0.85000        0.90000       -0.8588         0.0196        -0.8588         0.0031         0.0187 
BAR-estimator:      0.90000        0.95000       -0.8790        -0.8594        -0.8790         0.0028         0.0189 
BAR-estimator:      0.95000        1.00000       -0.8902        -1.7496        -0.8902         0.0020         0.0190 
BAR-estimator: total free energy change is -1.7496149182601024 , total error is 0.018976630029992444
