#========================================================================================
#                     Free energy perturbation    
#----------------------------------------------------------------------------------------
#forward/backward          λ              ΔΔA                 ΔA                  δε   
#                                                 
#----------------------------------------------------------------------------------------
forward:               0.0000              0.0000              0.0000              0.0000  
forward:               0.0500              1.3208              1.3208              0.0131  
forward:               0.1000              0.8316              2.1524              0.0170  
forward:               0.1500              0.4635              2.6159              0.0186  
forward:               0.2000              0.2764              2.8923              0.0199  
forward:               0.2500              0.1618              3.0541              0.0206  
forward:               0.3000              0.0896              3.1437              0.0211  
forward:               0.3500              0.0332              3.1770              0.0215  
forward:               0.4000             -0.0047              3.1722              0.0217  
forward:               0.4500             -0.0296              3.1426              0.0220  
forward:               0.5000             -0.0549              3.0877              0.0222  
forward:               0.5500             -0.2650              2.8227              0.0226  
forward:               0.6000             -0.5482              2.2745              0.0232  
forward:               0.6500             -0.8423              1.4321              0.0239  
forward:               0.7000             -1.1270              0.3052              0.0246  
forward:               0.7500             -1.3129             -1.0077              0.0251  
forward:               0.8000             -1.4277             -2.4354              0.0254  
forward:               0.8500             -1.4766             -3.9120              0.0258  
forward:               0.9000             -1.4909             -5.4029              0.0261  
forward:               0.9500             -1.4913             -6.8941              0.0263  
forward:               1.0000             -1.4833             -8.3775              0.0265  
backward:              1.0000              0.0000             -8.3775              0.0000  
backward:              0.9500              1.4762             -6.9013              0.0054  
backward:              0.9000              1.4846             -5.4167              0.0074  
backward:              0.8500              1.4927             -3.9240              0.0092  
backward:              0.8000              1.4627             -2.4613              0.0109  
backward:              0.7500              1.4195             -1.0418              0.0122  
backward:              0.7000              1.3166              0.2748              0.0136  
backward:              0.6500              1.1253              1.4001              0.0150  
backward:              0.6000              0.8408              2.2409              0.0163  
backward:              0.5500              0.5617              2.8027              0.0170  
backward:              0.5000              0.2487              3.0514              0.0179  
backward:              0.4500              0.0502              3.1016              0.0183  
backward:              0.4000              0.0270              3.1285              0.0187  
backward:              0.3500             -0.0062              3.1224              0.0194  
backward:              0.3000             -0.0380              3.0844              0.0204  
backward:              0.2500             -0.0864              2.9980              0.0215  
backward:              0.2000             -0.1583              2.8397              0.0224  
backward:              0.1500             -0.2564              2.5833              0.0240  
backward:              0.1000             -0.4751              2.1082              0.0264  
backward:              0.0500             -0.8434              1.2649              0.0332  
backward:              0.0000             -1.3190             -0.0541              0.0389  
Inaccuracy estimation
======================================================================================================
                   i        i+δi          P0_overlap_P1   δε(forward)/ε   δε(backward)/ε
======================================================================================================
inaccuracy:  0.00000        0.05000           41.69           -0.03            1.28
inaccuracy:  0.05000        0.10000           49.03           -0.03            0.84
inaccuracy:  0.10000        0.15000           58.78           -0.02            0.47
inaccuracy:  0.15000        0.20000           63.68           -0.02            0.32
inaccuracy:  0.20000        0.25000           67.88           -0.02            0.22
inaccuracy:  0.25000        0.30000           69.96           -0.01            0.17
inaccuracy:  0.30000        0.35000           72.16           -0.02            0.13
inaccuracy:  0.35000        0.40000           73.96           -0.01            0.11
inaccuracy:  0.40000        0.45000           74.11           -0.01            0.11
inaccuracy:  0.45000        0.50000           75.07           -0.01            0.10
inaccuracy:  0.50000        0.55000           64.74           -0.11            0.16
inaccuracy:  0.55000        0.60000           63.34           -0.16            0.10
inaccuracy:  0.60000        0.65000           62.29           -0.19            0.07
inaccuracy:  0.65000        0.70000           62.46           -0.19            0.04
inaccuracy:  0.70000        0.75000           62.17           -0.20            0.03
inaccuracy:  0.75000        0.80000           63.71           -0.18            0.01
inaccuracy:  0.80000        0.85000           63.23           -0.17            0.01
inaccuracy:  0.85000        0.90000           62.80           -0.17            0.01
inaccuracy:  0.90000        0.95000           62.60           -0.18            0.02
inaccuracy:  0.95000        1.00000           61.55           -0.17            0.03
===================================================================================================================================
                BAR        
-----------------------------------------------------------------------------------------------------------------------------------
BAR-estimator:         λ             λ+δλ          ΔΔA             ΔA            C               Δδe            δe       
                          
-----------------------------------------------------------------------------------------------------------------------------------
BAR-estimator:      0.00000        0.05000        1.3339         1.3339         1.3339         0.0066         0.0066 
BAR-estimator:      0.05000        0.10000        0.8300         2.1638         0.8300         0.0110         0.0128 
BAR-estimator:      0.10000        0.15000        0.4677         2.6316         0.4677         0.0050         0.0137 
BAR-estimator:      0.15000        0.20000        0.2737         2.9052         0.2737         0.0040         0.0143 
BAR-estimator:      0.20000        0.25000        0.1608         3.0661         0.1608         0.0036         0.0148 
BAR-estimator:      0.25000        0.30000        0.0884         3.1544         0.0884         0.0033         0.0151 
BAR-estimator:      0.30000        0.35000        0.0317         3.1862         0.0317         0.0029         0.0154 
BAR-estimator:      0.35000        0.40000       -0.0023         3.1839        -0.0023         0.0027         0.0156 
BAR-estimator:      0.40000        0.45000       -0.0294         3.1545        -0.0294         0.0024         0.0158 
BAR-estimator:      0.45000        0.50000       -0.0519         3.1026        -0.0519         0.0022         0.0160 
BAR-estimator:      0.50000        0.55000       -0.2552         2.8474        -0.2552         0.0029         0.0162 
BAR-estimator:      0.55000        0.60000       -0.5558         2.2916        -0.5558         0.0030         0.0165 
BAR-estimator:      0.60000        0.65000       -0.8449         1.4467        -0.8449         0.0032         0.0168 
BAR-estimator:      0.65000        0.70000       -1.1233         0.3234        -1.1233         0.0036         0.0172 
BAR-estimator:      0.70000        0.75000       -1.3151        -0.9917        -1.3151         0.0033         0.0175 
BAR-estimator:      0.75000        0.80000       -1.4235        -2.4152        -1.4235         0.0032         0.0178 
BAR-estimator:      0.80000        0.85000       -1.4720        -3.8872        -1.4720         0.0035         0.0181 
BAR-estimator:      0.85000        0.90000       -1.4904        -5.3776        -1.4904         0.0037         0.0185 
BAR-estimator:      0.90000        0.95000       -1.4896        -6.8673        -1.4896         0.0016         0.0186 
BAR-estimator:      0.95000        1.00000       -1.4834        -8.3507        -1.4834         0.0031         0.0188 
BAR-estimator: total free energy change is -8.350663371270963 , total error is 0.01881506307042319
