#========================================================================================
#                     Free energy perturbation    
#----------------------------------------------------------------------------------------
#forward/backward          λ              ΔΔA                 ΔA                  δε   
#                                                 
#----------------------------------------------------------------------------------------
forward:               0.0000              0.0000              0.0000              0.0000  
forward:               0.0500              1.3134              1.3134              0.0127  
forward:               0.1000              0.7337              2.0471              0.0159  
forward:               0.1500              0.3667              2.4138              0.0175  
forward:               0.2000              0.2003              2.6141              0.0182  
forward:               0.2500              0.1267              2.7408              0.0187  
forward:               0.3000              0.0655              2.8063              0.0191  
forward:               0.3500              0.0309              2.8372              0.0195  
forward:               0.4000              0.0020              2.8392              0.0197  
forward:               0.4500             -0.0082              2.8310              0.0200  
forward:               0.5000             -0.0162              2.8148              0.0201  
forward:               0.5500             -0.0343              2.7805              0.0204  
forward:               0.6000             -0.0735              2.7069              0.0206  
forward:               0.6500             -0.1022              2.6047              0.0208  
forward:               0.7000             -0.1182              2.4865              0.0209  
forward:               0.7500             -0.1333              2.3532              0.0212  
forward:               0.8000             -0.1420              2.2112              0.0213  
forward:               0.8500             -0.1566              2.0546              0.0215  
forward:               0.9000             -0.1603              1.8943              0.0216  
forward:               0.9500             -0.1693              1.7250              0.0218  
forward:               1.0000             -0.1741              1.5509              0.0219  
backward:              1.0000              0.0000              1.5509              0.0000  
backward:              0.9500              0.1727              1.7235              0.0032  
backward:              0.9000              0.1644              1.8879              0.0044  
backward:              0.8500              0.1613              2.0493              0.0056  
backward:              0.8000              0.1542              2.2034              0.0065  
backward:              0.7500              0.1462              2.3496              0.0074  
backward:              0.7000              0.1345              2.4841              0.0079  
backward:              0.6500              0.1147              2.5989              0.0086  
backward:              0.6000              0.0940              2.6928              0.0093  
backward:              0.5500              0.0709              2.7637              0.0100  
backward:              0.5000              0.0389              2.8026              0.0107  
backward:              0.4500              0.0257              2.8283              0.0113  
backward:              0.4000              0.0093              2.8376              0.0122  
backward:              0.3500             -0.0084              2.8292              0.0128  
backward:              0.3000             -0.0303              2.7988              0.0135  
backward:              0.2500             -0.0714              2.7275              0.0144  
backward:              0.2000             -0.1194              2.6081              0.0158  
backward:              0.1500             -0.1998              2.4083              0.0175  
backward:              0.1000             -0.3785              2.0297              0.0234  
backward:              0.0500             -0.7925              1.2373              0.0742  
backward:              0.0000             -1.3022             -0.0650              0.0768  
Inaccuracy estimation
======================================================================================================
                   i        i+δi          P0_overlap_P1   δε(forward)/ε   δε(backward)/ε
======================================================================================================
inaccuracy:  0.00000        0.05000           41.48           -0.04            1.23
inaccuracy:  0.05000        0.10000           49.83           -0.02            0.83
inaccuracy:  0.10000        0.15000           61.61           -0.01            0.41
inaccuracy:  0.15000        0.20000           67.64           -0.01            0.25
inaccuracy:  0.20000        0.25000           70.28           -0.01            0.18
inaccuracy:  0.25000        0.30000           72.99           -0.01            0.14
inaccuracy:  0.30000        0.35000           74.19           -0.01            0.12
inaccuracy:  0.35000        0.40000           75.42           -0.01            0.10
inaccuracy:  0.40000        0.45000           74.66           -0.01            0.11
inaccuracy:  0.45000        0.50000           74.35           -0.01            0.10
inaccuracy:  0.50000        0.55000           73.98           -0.02            0.10
inaccuracy:  0.55000        0.60000           75.13           -0.02            0.09
inaccuracy:  0.60000        0.65000           76.12           -0.02            0.08
inaccuracy:  0.65000        0.70000           75.74           -0.02            0.08
inaccuracy:  0.70000        0.75000           75.79           -0.02            0.08
inaccuracy:  0.75000        0.80000           74.54           -0.02            0.08
inaccuracy:  0.80000        0.85000           75.37           -0.02            0.08
inaccuracy:  0.85000        0.90000           74.52           -0.03            0.08
inaccuracy:  0.90000        0.95000           75.40           -0.02            0.08
inaccuracy:  0.95000        1.00000           74.57           -0.02            0.08
===================================================================================================================================
                BAR        
-----------------------------------------------------------------------------------------------------------------------------------
BAR-estimator:         λ             λ+δλ          ΔΔA             ΔA            C               Δδe            δe       
                          
-----------------------------------------------------------------------------------------------------------------------------------
BAR-estimator:      0.00000        0.05000        1.3115         1.3115         1.3115         0.0063         0.0063 
BAR-estimator:      0.05000        0.10000        0.7327         2.0442         0.7327         0.0059         0.0086 
BAR-estimator:      0.10000        0.15000        0.3686         2.4128         0.3686         0.0050         0.0100 
BAR-estimator:      0.15000        0.20000        0.2008         2.6136         0.2008         0.0034         0.0105 
BAR-estimator:      0.20000        0.25000        0.1238         2.7375         0.1238         0.0028         0.0109 
BAR-estimator:      0.25000        0.30000        0.0668         2.8043         0.0668         0.0027         0.0112 
BAR-estimator:      0.30000        0.35000        0.0311         2.8354         0.0311         0.0025         0.0115 
BAR-estimator:      0.35000        0.40000        0.0048         2.8401         0.0048         0.0023         0.0117 
BAR-estimator:      0.40000        0.45000       -0.0100         2.8301        -0.0100         0.0022         0.0119 
BAR-estimator:      0.45000        0.50000       -0.0201         2.8100        -0.0201         0.0018         0.0121 
BAR-estimator:      0.50000        0.55000       -0.0348         2.7751        -0.0348         0.0021         0.0122 
BAR-estimator:      0.55000        0.60000       -0.0722         2.7030        -0.0722         0.0021         0.0124 
BAR-estimator:      0.60000        0.65000       -0.0989         2.6041        -0.0989         0.0021         0.0126 
BAR-estimator:      0.65000        0.70000       -0.1173         2.4868        -0.1173         0.0020         0.0128 
BAR-estimator:      0.70000        0.75000       -0.1328         2.3540        -0.1328         0.0023         0.0130 
BAR-estimator:      0.75000        0.80000       -0.1439         2.2102        -0.1439         0.0020         0.0131 
BAR-estimator:      0.80000        0.85000       -0.1559         2.0543        -0.1559         0.0021         0.0133 
BAR-estimator:      0.85000        0.90000       -0.1625         1.8918        -0.1625         0.0021         0.0134 
BAR-estimator:      0.90000        0.95000       -0.1673         1.7245        -0.1673         0.0020         0.0136 
BAR-estimator:      0.95000        1.00000       -0.1736         1.5509        -0.1736         0.0021         0.0138 
BAR-estimator: total free energy change is 1.5508702211254766 , total error is 0.013756849614292056
