#========================================================================================
#                     Free energy perturbation    
#----------------------------------------------------------------------------------------
#forward/backward          λ              ΔΔA                 ΔA                  δε   
#                                                 
#----------------------------------------------------------------------------------------
forward:               0.0000              0.0000              0.0000              0.0000  
forward:               0.0500              1.1224              1.1224              0.0098  
forward:               0.1000              0.7119              1.8343              0.0130  
forward:               0.1500              0.4262              2.2605              0.0149  
forward:               0.2000              0.2789              2.5394              0.0159  
forward:               0.2500              0.1863              2.7258              0.0164  
forward:               0.3000              0.1159              2.8416              0.0169  
forward:               0.3500              0.0845              2.9261              0.0173  
forward:               0.4000              0.0524              2.9785              0.0176  
forward:               0.4500              0.0283              3.0068              0.0179  
forward:               0.5000              0.0084              3.0152              0.0182  
forward:               0.5500             -0.0816              2.9335              0.0186  
forward:               0.6000             -0.2426              2.6909              0.0191  
forward:               0.6500             -0.3999              2.2911              0.0195  
forward:               0.7000             -0.5327              1.7583              0.0198  
forward:               0.7500             -0.6356              1.1227              0.0201  
forward:               0.8000             -0.6968              0.4259              0.0204  
forward:               0.8500             -0.7444             -0.3185              0.0206  
forward:               0.9000             -0.7636             -1.0821              0.0208  
forward:               0.9500             -0.7877             -1.8699              0.0211  
forward:               1.0000             -0.7952             -2.6651              0.0213  
backward:              1.0000              0.0000             -2.6651              0.0000  
backward:              0.9500              0.7964             -1.8687              0.0036  
backward:              0.9000              0.7827             -1.0860              0.0057  
backward:              0.8500              0.7695             -0.3165              0.0069  
backward:              0.8000              0.7322              0.4158              0.0079  
backward:              0.7500              0.6955              1.1113              0.0089  
backward:              0.7000              0.6333              1.7446              0.0095  
backward:              0.6500              0.5306              2.2753              0.0105  
backward:              0.6000              0.3967              2.6720              0.0114  
backward:              0.5500              0.2483              2.9203              0.0121  
backward:              0.5000              0.0818              3.0021              0.0129  
backward:              0.4500             -0.0098              2.9922              0.0135  
backward:              0.4000             -0.0236              2.9686              0.0141  
backward:              0.3500             -0.0466              2.9219              0.0147  
backward:              0.3000             -0.0783              2.8436              0.0152  
backward:              0.2500             -0.1227              2.7209              0.0163  
backward:              0.2000             -0.1692              2.5517              0.0174  
backward:              0.1500             -0.2649              2.2868              0.0187  
backward:              0.1000             -0.4191              1.8677              0.0217  
backward:              0.0500             -0.7315              1.1362              0.0304  
backward:              0.0000             -1.1452             -0.0090              0.0346  
Inaccuracy estimation
======================================================================================================
                   i        i+δi          P0_overlap_P1   δε(forward)/ε   δε(backward)/ε
======================================================================================================
inaccuracy:  0.00000        0.05000           45.81           -0.03            1.00
inaccuracy:  0.05000        0.10000           53.00           -0.02            0.67
inaccuracy:  0.10000        0.15000           61.40           -0.01            0.41
inaccuracy:  0.15000        0.20000           66.03           -0.01            0.27
inaccuracy:  0.20000        0.25000           68.60           -0.01            0.20
inaccuracy:  0.25000        0.30000           72.46           -0.01            0.15
inaccuracy:  0.30000        0.35000           72.78           -0.01            0.13
inaccuracy:  0.35000        0.40000           73.77           -0.01            0.11
inaccuracy:  0.40000        0.45000           74.51           -0.01            0.11
inaccuracy:  0.45000        0.50000           75.44           -0.01            0.10
inaccuracy:  0.50000        0.55000           69.31           -0.06            0.12
inaccuracy:  0.55000        0.60000           68.84           -0.07            0.10
inaccuracy:  0.60000        0.65000           69.05           -0.07            0.08
inaccuracy:  0.65000        0.70000           69.62           -0.07            0.07
inaccuracy:  0.70000        0.75000           70.13           -0.07            0.06
inaccuracy:  0.75000        0.80000           69.98           -0.08            0.06
inaccuracy:  0.80000        0.85000           70.36           -0.06            0.05
inaccuracy:  0.85000        0.90000           69.07           -0.08            0.06
inaccuracy:  0.90000        0.95000           69.70           -0.07            0.06
inaccuracy:  0.95000        1.00000           69.17           -0.08            0.06
===================================================================================================================================
                BAR        
-----------------------------------------------------------------------------------------------------------------------------------
BAR-estimator:         λ             λ+δλ          ΔΔA             ΔA            C               Δδe            δe       
                          
-----------------------------------------------------------------------------------------------------------------------------------
BAR-estimator:      0.00000        0.05000        1.1329         1.1329         1.1329         0.0055         0.0055 
BAR-estimator:      0.05000        0.10000        0.7070         1.8398         0.7070         0.0051         0.0075 
BAR-estimator:      0.10000        0.15000        0.4270         2.2668         0.4270         0.0046         0.0088 
BAR-estimator:      0.15000        0.20000        0.2775         2.5444         0.2775         0.0036         0.0095 
BAR-estimator:      0.20000        0.25000        0.1797         2.7241         0.1797         0.0029         0.0099 
BAR-estimator:      0.25000        0.30000        0.1185         2.8426         0.1185         0.0027         0.0103 
BAR-estimator:      0.30000        0.35000        0.0823         2.9248         0.0823         0.0027         0.0106 
BAR-estimator:      0.35000        0.40000        0.0506         2.9754         0.0506         0.0023         0.0109 
BAR-estimator:      0.40000        0.45000        0.0264         3.0018         0.0264         0.0021         0.0111 
BAR-estimator:      0.45000        0.50000        0.0092         3.0110         0.0092         0.0022         0.0113 
BAR-estimator:      0.50000        0.55000       -0.0818         2.9292        -0.0818         0.0027         0.0116 
BAR-estimator:      0.55000        0.60000       -0.2446         2.6846        -0.2446         0.0026         0.0119 
BAR-estimator:      0.60000        0.65000       -0.3981         2.2865        -0.3981         0.0025         0.0122 
BAR-estimator:      0.65000        0.70000       -0.5327         1.7538        -0.5327         0.0025         0.0124 
BAR-estimator:      0.70000        0.75000       -0.6338         1.1200        -0.6338         0.0025         0.0127 
BAR-estimator:      0.75000        0.80000       -0.6961         0.4239        -0.6961         0.0025         0.0129 
BAR-estimator:      0.80000        0.85000       -0.7396        -0.3157        -0.7396         0.0021         0.0131 
BAR-estimator:      0.85000        0.90000       -0.7672        -1.0829        -0.7672         0.0025         0.0133 
BAR-estimator:      0.90000        0.95000       -0.7857        -1.8686        -0.7857         0.0027         0.0136 
BAR-estimator:      0.95000        1.00000       -0.7951        -2.6638        -0.7951         0.0025         0.0138 
BAR-estimator: total free energy change is -2.6637507488451466 , total error is 0.013821892981895468
