#========================================================================================
#                     Free energy perturbation    
#----------------------------------------------------------------------------------------
#forward/backward          λ              ΔΔA                 ΔA                  δε   
#                                                 
#----------------------------------------------------------------------------------------
forward:               0.0000              0.0000              0.0000              0.0000  
forward:               0.0500              1.9231              1.9231              0.0184  
forward:               0.1000              1.0898              3.0129              0.0227  
forward:               0.1500              0.5121              3.5250              0.0247  
forward:               0.2000              0.2464              3.7714              0.0259  
forward:               0.2500              0.1076              3.8790              0.0265  
forward:               0.3000              0.0352              3.9142              0.0268  
forward:               0.3500             -0.0259              3.8884              0.0272  
forward:               0.4000             -0.0527              3.8356              0.0274  
forward:               0.4500             -0.0884              3.7472              0.0276  
forward:               0.5000             -0.1095              3.6377              0.0278  
forward:               0.5500             -0.1987              3.4390              0.0282  
forward:               0.6000             -0.3651              3.0739              0.0284  
forward:               0.6500             -0.5297              2.5442              0.0287  
forward:               0.7000             -0.6726              1.8716              0.0291  
forward:               0.7500             -0.7793              1.0923              0.0293  
forward:               0.8000             -0.8363              0.2560              0.0295  
forward:               0.8500             -0.8667             -0.6107              0.0297  
forward:               0.9000             -0.8917             -1.5024              0.0299  
forward:               0.9500             -0.8990             -2.4014              0.0301  
forward:               1.0000             -0.9090             -3.3104              0.0303  
backward:              1.0000              0.0000             -3.3104              0.0000  
backward:              0.9500              0.9095             -2.4008              0.0046  
backward:              0.9000              0.8907             -1.5101              0.0068  
backward:              0.8500              0.8835             -0.6266              0.0085  
backward:              0.8000              0.8682              0.2415              0.0099  
backward:              0.7500              0.8292              1.0707              0.0112  
backward:              0.7000              0.7641              1.8348              0.0122  
backward:              0.6500              0.6772              2.5120              0.0132  
backward:              0.6000              0.5358              3.0478              0.0140  
backward:              0.5500              0.3571              3.4048              0.0148  
backward:              0.5000              0.1922              3.5970              0.0157  
backward:              0.4500              0.1040              3.7010              0.0162  
backward:              0.4000              0.0851              3.7861              0.0168  
backward:              0.3500              0.0589              3.8449              0.0175  
backward:              0.3000              0.0226              3.8676              0.0182  
backward:              0.2500             -0.0303              3.8373              0.0191  
backward:              0.2000             -0.1185              3.7188              0.0207  
backward:              0.1500             -0.2232              3.4956              0.0229  
backward:              0.1000             -0.4677              3.0279              0.0272  
backward:              0.0500             -1.0789              1.9490              0.0384  
backward:              0.0000             -1.9726             -0.0236              0.0477  
Inaccuracy estimation
======================================================================================================
                   i        i+δi          P0_overlap_P1   δε(forward)/ε   δε(backward)/ε
======================================================================================================
inaccuracy:  0.00000        0.05000           33.68           -0.02            2.00
inaccuracy:  0.05000        0.10000           40.34           -0.06            1.33
inaccuracy:  0.10000        0.15000           51.91           -0.05            0.68
inaccuracy:  0.15000        0.20000           60.75           -0.03            0.37
inaccuracy:  0.20000        0.25000           66.07           -0.02            0.23
inaccuracy:  0.25000        0.30000           67.97           -0.02            0.19
inaccuracy:  0.30000        0.35000           70.29           -0.02            0.15
inaccuracy:  0.35000        0.40000           70.28           -0.02            0.14
inaccuracy:  0.40000        0.45000           72.05           -0.02            0.12
inaccuracy:  0.45000        0.50000           72.90           -0.02            0.12
inaccuracy:  0.50000        0.55000           67.26           -0.08            0.14
inaccuracy:  0.55000        0.60000           67.14           -0.08            0.11
inaccuracy:  0.60000        0.65000           65.87           -0.10            0.10
inaccuracy:  0.65000        0.70000           66.27           -0.09            0.08
inaccuracy:  0.70000        0.75000           67.59           -0.09            0.07
inaccuracy:  0.75000        0.80000           67.39           -0.09            0.06
inaccuracy:  0.80000        0.85000           67.28           -0.10            0.06
inaccuracy:  0.85000        0.90000           67.09           -0.09            0.06
inaccuracy:  0.90000        0.95000           66.63           -0.09            0.07
inaccuracy:  0.95000        1.00000           66.25           -0.09            0.07
===================================================================================================================================
                BAR        
-----------------------------------------------------------------------------------------------------------------------------------
BAR-estimator:         λ             λ+δλ          ΔΔA             ΔA            C               Δδe            δe       
                          
-----------------------------------------------------------------------------------------------------------------------------------
BAR-estimator:      0.00000        0.05000        1.9362         1.9362         1.9362         0.0079         0.0079 
BAR-estimator:      0.05000        0.10000        1.0765         3.0127         1.0765         0.0084         0.0115 
BAR-estimator:      0.10000        0.15000        0.4982         3.5109         0.4982         0.0063         0.0131 
BAR-estimator:      0.15000        0.20000        0.2394         3.7503         0.2394         0.0044         0.0139 
BAR-estimator:      0.20000        0.25000        0.1106         3.8609         0.1106         0.0036         0.0143 
BAR-estimator:      0.25000        0.30000        0.0335         3.8944         0.0335         0.0035         0.0147 
BAR-estimator:      0.30000        0.35000       -0.0220         3.8724        -0.0220         0.0025         0.0150 
BAR-estimator:      0.35000        0.40000       -0.0556         3.8168        -0.0556         0.0025         0.0152 
BAR-estimator:      0.40000        0.45000       -0.0874         3.7294        -0.0874         0.0025         0.0154 
BAR-estimator:      0.45000        0.50000       -0.1050         3.6244        -0.1050         0.0023         0.0155 
BAR-estimator:      0.50000        0.55000       -0.1944         3.4299        -0.1944         0.0029         0.0158 
BAR-estimator:      0.55000        0.60000       -0.3621         3.0678        -0.3621         0.0027         0.0160 
BAR-estimator:      0.60000        0.65000       -0.5306         2.5372        -0.5306         0.0029         0.0163 
BAR-estimator:      0.65000        0.70000       -0.6738         1.8634        -0.6738         0.0027         0.0165 
BAR-estimator:      0.70000        0.75000       -0.7765         1.0869        -0.7765         0.0027         0.0167 
BAR-estimator:      0.75000        0.80000       -0.8345         0.2524        -0.8345         0.0028         0.0170 
BAR-estimator:      0.80000        0.85000       -0.8670        -0.6146        -0.8670         0.0029         0.0172 
BAR-estimator:      0.85000        0.90000       -0.8894        -1.5040        -0.8894         0.0028         0.0174 
BAR-estimator:      0.90000        0.95000       -0.8956        -2.3996        -0.8956         0.0031         0.0177 
BAR-estimator:      0.95000        1.00000       -0.9094        -3.3091        -0.9094         0.0027         0.0179 
BAR-estimator: total free energy change is -3.3090508278905797 , total error is 0.017929588898516993
