#========================================================================================
#                     Free energy perturbation    
#----------------------------------------------------------------------------------------
#forward/backward          λ              ΔΔA                 ΔA                  δε   
#                                                 
#----------------------------------------------------------------------------------------
forward:               0.0000              0.0000              0.0000              0.0000  
forward:               0.0500              2.1412              2.1412              0.0183  
forward:               0.1000              1.2775              3.4187              0.0242  
forward:               0.1500              0.6984              4.1171              0.0268  
forward:               0.2000              0.3822              4.4993              0.0280  
forward:               0.2500              0.2179              4.7172              0.0288  
forward:               0.3000              0.1298              4.8470              0.0294  
forward:               0.3500              0.0535              4.9005              0.0298  
forward:               0.4000              0.0106              4.9112              0.0302  
forward:               0.4500             -0.0252              4.8860              0.0304  
forward:               0.5000             -0.0553              4.8306              0.0307  
forward:               0.5500             -0.0699              4.7608              0.0308  
forward:               0.6000             -0.0823              4.6785              0.0310  
forward:               0.6500             -0.1015              4.5770              0.0312  
forward:               0.7000             -0.1137              4.4633              0.0313  
forward:               0.7500             -0.1284              4.3349              0.0314  
forward:               0.8000             -0.1388              4.1960              0.0316  
forward:               0.8500             -0.1405              4.0556              0.0317  
forward:               0.9000             -0.1513              3.9043              0.0319  
forward:               0.9500             -0.1568              3.7475              0.0321  
forward:               1.0000             -0.1651              3.5825              0.0322  
backward:              1.0000              0.0000              3.5825              0.0000  
backward:              0.9500              0.1562              3.7386              0.0045  
backward:              0.9000              0.1498              3.8884              0.0080  
backward:              0.8500              0.1557              4.0441              0.0088  
backward:              0.8000              0.1460              4.1901              0.0096  
backward:              0.7500              0.1383              4.3284              0.0103  
backward:              0.7000              0.1205              4.4489              0.0112  
backward:              0.6500              0.1105              4.5594              0.0121  
backward:              0.6000              0.0930              4.6524              0.0134  
backward:              0.5500              0.0766              4.7290              0.0144  
backward:              0.5000              0.0625              4.7915              0.0152  
backward:              0.4500              0.0132              4.8047              0.0337  
backward:              0.4000              0.0266              4.8312              0.0341  
backward:              0.3500             -0.0073              4.8239              0.0346  
backward:              0.3000             -0.0568              4.7671              0.0351  
backward:              0.2500             -0.1339              4.6332              0.0362  
backward:              0.2000             -0.2113              4.4219              0.0369  
backward:              0.1500             -0.4013              4.0206              0.0409  
backward:              0.1000             -0.7101              3.3105              0.0439  
backward:              0.0500             -1.2848              2.0258              0.0486  
backward:              0.0000             -2.1121             -0.0864              0.0576  
Inaccuracy estimation
======================================================================================================
                   i        i+δi          P0_overlap_P1   δε(forward)/ε   δε(backward)/ε
======================================================================================================
inaccuracy:  0.00000        0.05000           30.99            0.02            2.34
inaccuracy:  0.05000        0.10000           39.71           -0.06            1.50
inaccuracy:  0.10000        0.15000           49.41           -0.05            0.81
inaccuracy:  0.15000        0.20000           57.47           -0.03            0.45
inaccuracy:  0.20000        0.25000           62.46           -0.03            0.30
inaccuracy:  0.25000        0.30000           65.05           -0.03            0.24
inaccuracy:  0.30000        0.35000           66.85           -0.02            0.20
inaccuracy:  0.35000        0.40000           67.80           -0.02            0.18
inaccuracy:  0.40000        0.45000           68.97           -0.03            0.15
inaccuracy:  0.45000        0.50000           70.17           -0.02            0.14
inaccuracy:  0.50000        0.55000           70.28           -0.02            0.13
inaccuracy:  0.55000        0.60000           70.30           -0.02            0.13
inaccuracy:  0.60000        0.65000           70.63           -0.02            0.13
inaccuracy:  0.65000        0.70000           71.02           -0.03            0.12
inaccuracy:  0.70000        0.75000           71.22           -0.02            0.12
inaccuracy:  0.75000        0.80000           71.22           -0.03            0.12
inaccuracy:  0.80000        0.85000           70.33           -0.03            0.12
inaccuracy:  0.85000        0.90000           70.39           -0.02            0.11
inaccuracy:  0.90000        0.95000           70.78           -0.03            0.11
inaccuracy:  0.95000        1.00000           70.41           -0.02            0.11
===================================================================================================================================
                BAR        
-----------------------------------------------------------------------------------------------------------------------------------
BAR-estimator:         λ             λ+δλ          ΔΔA             ΔA            C               Δδe            δe       
                          
-----------------------------------------------------------------------------------------------------------------------------------
BAR-estimator:      0.00000        0.05000        2.1428         2.1428         2.1428         0.0084         0.0084 
BAR-estimator:      0.05000        0.10000        1.2801         3.4228         1.2801         0.0086         0.0120 
BAR-estimator:      0.10000        0.15000        0.7013         4.1242         0.7013         0.0064         0.0136 
BAR-estimator:      0.15000        0.20000        0.3818         4.5060         0.3818         0.0051         0.0145 
BAR-estimator:      0.20000        0.25000        0.2192         4.7251         0.2192         0.0051         0.0154 
BAR-estimator:      0.25000        0.30000        0.1281         4.8533         0.1281         0.0040         0.0159 
BAR-estimator:      0.30000        0.35000        0.0544         4.9077         0.0544         0.0034         0.0163 
BAR-estimator:      0.35000        0.40000        0.0111         4.9188         0.0111         0.0030         0.0166 
BAR-estimator:      0.40000        0.45000       -0.0262         4.8926        -0.0262         0.0027         0.0168 
BAR-estimator:      0.45000        0.50000       -0.0524         4.8402        -0.0524         0.0028         0.0170 
BAR-estimator:      0.50000        0.55000       -0.0669         4.7733        -0.0669         0.0026         0.0172 
BAR-estimator:      0.55000        0.60000       -0.0814         4.6920        -0.0814         0.0026         0.0174 
BAR-estimator:      0.60000        0.65000       -0.0997         4.5923        -0.0997         0.0026         0.0176 
BAR-estimator:      0.65000        0.70000       -0.1152         4.4771        -0.1152         0.0020         0.0177 
BAR-estimator:      0.70000        0.75000       -0.1258         4.3513        -0.1258         0.0026         0.0179 
BAR-estimator:      0.75000        0.80000       -0.1376         4.2137        -0.1376         0.0025         0.0181 
BAR-estimator:      0.80000        0.85000       -0.1421         4.0716        -0.1421         0.0027         0.0183 
BAR-estimator:      0.85000        0.90000       -0.1523         3.9193        -0.1523         0.0027         0.0185 
BAR-estimator:      0.90000        0.95000       -0.1557         3.7636        -0.1557         0.0025         0.0186 
BAR-estimator:      0.95000        1.00000       -0.1623         3.6013        -0.1623         0.0026         0.0188 
BAR-estimator: total free energy change is 3.601314269253149 , total error is 0.018815219000246866
