#========================================================================================
#                     Free energy perturbation    
#----------------------------------------------------------------------------------------
#forward/backward          λ              ΔΔA                 ΔA                  δε   
#                                                 
#----------------------------------------------------------------------------------------
forward:               0.0000              0.0000              0.0000              0.0000  
forward:               0.0500              1.8065              1.8065              0.0188  
forward:               0.1000              0.9211              2.7277              0.0222  
forward:               0.1500              0.4506              3.1782              0.0235  
forward:               0.2000              0.2163              3.3946              0.0243  
forward:               0.2500              0.1068              3.5013              0.0247  
forward:               0.3000              0.0229              3.5243              0.0251  
forward:               0.3500             -0.0322              3.4921              0.0253  
forward:               0.4000             -0.0676              3.4245              0.0255  
forward:               0.4500             -0.0919              3.3325              0.0257  
forward:               0.5000             -0.1135              3.2190              0.0258  
forward:               0.5500             -0.2613              2.9577              0.0262  
forward:               0.6000             -0.5069              2.4509              0.0265  
forward:               0.6500             -0.7164              1.7345              0.0271  
forward:               0.7000             -0.9112              0.8233              0.0275  
forward:               0.7500             -1.0178             -0.1945              0.0279  
forward:               0.8000             -1.0547             -1.2492              0.0281  
forward:               0.8500             -1.0469             -2.2961              0.0282  
forward:               0.9000             -1.0290             -3.3251              0.0284  
forward:               0.9500             -1.0005             -4.3256              0.0286  
forward:               1.0000             -0.9785             -5.3041              0.0287  
backward:              1.0000              0.0000             -5.3041              0.0000  
backward:              0.9500              0.9759             -4.3282              0.0042  
backward:              0.9000              1.0008             -3.3274              0.0060  
backward:              0.8500              1.0264             -2.3010              0.0075  
backward:              0.8000              1.0535             -1.2474              0.0087  
backward:              0.7500              1.0584             -0.1890              0.0097  
backward:              0.7000              1.0118              0.8228              0.0102  
backward:              0.6500              0.9025              1.7253              0.0116  
backward:              0.6000              0.7297              2.4550              0.0126  
backward:              0.5500              0.5111              2.9661              0.0135  
backward:              0.5000              0.2569              3.2230              0.0143  
backward:              0.4500              0.1177              3.3407              0.0148  
backward:              0.4000              0.0927              3.4334              0.0152  
backward:              0.3500              0.0608              3.4942              0.0162  
backward:              0.3000              0.0227              3.5170              0.0170  
backward:              0.2500             -0.0262              3.4908              0.0178  
backward:              0.2000             -0.1061              3.3847              0.0187  
backward:              0.1500             -0.2257              3.1591              0.0202  
backward:              0.1000             -0.4360              2.7230              0.0224  
backward:              0.0500             -0.9450              1.7781              0.0349  
backward:              0.0000             -1.8634             -0.0853              0.0728  
Inaccuracy estimation
======================================================================================================
                   i        i+δi          P0_overlap_P1   δε(forward)/ε   δε(backward)/ε
======================================================================================================
inaccuracy:  0.00000        0.05000           32.07           -0.03            2.42
inaccuracy:  0.05000        0.10000           45.82           -0.04            1.10
inaccuracy:  0.10000        0.15000           57.06           -0.02            0.52
inaccuracy:  0.15000        0.20000           65.93           -0.01            0.27
inaccuracy:  0.20000        0.25000           69.07           -0.01            0.19
inaccuracy:  0.25000        0.30000           71.76           -0.02            0.14
inaccuracy:  0.30000        0.35000           74.20           -0.01            0.11
inaccuracy:  0.35000        0.40000           74.97           -0.01            0.10
inaccuracy:  0.40000        0.45000           74.82           -0.01            0.08
inaccuracy:  0.45000        0.50000           75.44           -0.02            0.09
inaccuracy:  0.50000        0.55000           65.95           -0.08            0.13
inaccuracy:  0.55000        0.60000           67.09           -0.11            0.08
inaccuracy:  0.60000        0.65000           65.74           -0.16            0.06
inaccuracy:  0.65000        0.70000           66.54           -0.13            0.04
inaccuracy:  0.70000        0.75000           67.54           -0.11            0.03
inaccuracy:  0.75000        0.80000           67.19           -0.10            0.03
inaccuracy:  0.80000        0.85000           67.18           -0.11            0.04
inaccuracy:  0.85000        0.90000           67.04           -0.10            0.05
inaccuracy:  0.90000        0.95000           66.42           -0.10            0.05
inaccuracy:  0.95000        1.00000           66.97           -0.09            0.06
===================================================================================================================================
                BAR        
-----------------------------------------------------------------------------------------------------------------------------------
BAR-estimator:         λ             λ+δλ          ΔΔA             ΔA            C               Δδe            δe       
                          
-----------------------------------------------------------------------------------------------------------------------------------
BAR-estimator:      0.00000        0.05000        1.8056         1.8056         1.8056         0.0088         0.0088 
BAR-estimator:      0.05000        0.10000        0.9253         2.7310         0.9253         0.0067         0.0111 
BAR-estimator:      0.10000        0.15000        0.4511         3.1821         0.4511         0.0048         0.0120 
BAR-estimator:      0.15000        0.20000        0.2217         3.4038         0.2217         0.0039         0.0127 
BAR-estimator:      0.20000        0.25000        0.1067         3.5105         0.1067         0.0032         0.0131 
BAR-estimator:      0.25000        0.30000        0.0238         3.5343         0.0238         0.0029         0.0134 
BAR-estimator:      0.30000        0.35000       -0.0291         3.5052        -0.0291         0.0026         0.0136 
BAR-estimator:      0.35000        0.40000       -0.0660         3.4392        -0.0660         0.0023         0.0138 
BAR-estimator:      0.40000        0.45000       -0.0928         3.3465        -0.0928         0.0022         0.0140 
BAR-estimator:      0.45000        0.50000       -0.1146         3.2319        -0.1146         0.0018         0.0141 
BAR-estimator:      0.50000        0.55000       -0.2591         2.9728        -0.2591         0.0026         0.0143 
BAR-estimator:      0.55000        0.60000       -0.5082         2.4646        -0.5082         0.0026         0.0146 
BAR-estimator:      0.60000        0.65000       -0.7258         1.7388        -0.7258         0.0029         0.0149 
BAR-estimator:      0.65000        0.70000       -0.9093         0.8295        -0.9093         0.0029         0.0151 
BAR-estimator:      0.70000        0.75000       -1.0141        -0.1846        -1.0141         0.0031         0.0155 
BAR-estimator:      0.75000        0.80000       -1.0560        -1.2406        -1.0560         0.0027         0.0157 
BAR-estimator:      0.80000        0.85000       -1.0483        -2.2890        -1.0483         0.0025         0.0159 
BAR-estimator:      0.85000        0.90000       -1.0288        -3.3178        -1.0288         0.0025         0.0161 
BAR-estimator:      0.90000        0.95000       -1.0008        -4.3186        -1.0008         0.0027         0.0163 
BAR-estimator:      0.95000        1.00000       -0.9739        -5.2925        -0.9739         0.0026         0.0165 
BAR-estimator: total free energy change is -5.2925411597836405 , total error is 0.016526754906789877
