#========================================================================================
#                     Free energy perturbation    
#----------------------------------------------------------------------------------------
#forward/backward          λ              ΔΔA                 ΔA                  δε   
#                                                 
#----------------------------------------------------------------------------------------
forward:               0.0000              0.0000              0.0000              0.0000  
forward:               0.0500              2.0068              2.0068              0.0184  
forward:               0.1000              1.0662              3.0729              0.0228  
forward:               0.1500              0.4840              3.5569              0.0244  
forward:               0.2000              0.2397              3.7966              0.0251  
forward:               0.2500              0.1018              3.8984              0.0257  
forward:               0.3000              0.0248              3.9232              0.0260  
forward:               0.3500             -0.0210              3.9022              0.0263  
forward:               0.4000             -0.0624              3.8397              0.0265  
forward:               0.4500             -0.0934              3.7464              0.0267  
forward:               0.5000             -0.1182              3.6281              0.0269  
forward:               0.5500             -0.2612              3.3669              0.0274  
forward:               0.6000             -0.5885              2.7784              0.0279  
forward:               0.6500             -0.8748              1.9036              0.0285  
forward:               0.7000             -1.1201              0.7835              0.0291  
forward:               0.7500             -1.2736             -0.4901              0.0295  
forward:               0.8000             -1.3455             -1.8355              0.0301  
forward:               0.8500             -1.3798             -3.2153              0.0304  
forward:               0.9000             -1.3924             -4.6077              0.0307  
forward:               0.9500             -1.3837             -5.9914              0.0309  
forward:               1.0000             -1.3666             -7.3580              0.0311  
backward:              1.0000              0.0000             -7.3580              0.0000  
backward:              0.9500              1.3749             -5.9831              0.0058  
backward:              0.9000              1.3850             -4.5981              0.0086  
backward:              0.8500              1.3771             -3.2210              0.0110  
backward:              0.8000              1.3833             -1.8377              0.0116  
backward:              0.7500              1.3439             -0.4939              0.0129  
backward:              0.7000              1.2653              0.7715              0.0142  
backward:              0.6500              1.1127              1.8841              0.0158  
backward:              0.6000              0.8750              2.7591              0.0171  
backward:              0.5500              0.6006              3.3598              0.0182  
backward:              0.5000              0.2755              3.6353              0.0192  
backward:              0.4500              0.1255              3.7609              0.0195  
backward:              0.4000              0.0872              3.8481              0.0201  
backward:              0.3500              0.0618              3.9099              0.0207  
backward:              0.3000              0.0253              3.9352              0.0213  
backward:              0.2500             -0.0379              3.8973              0.0219  
backward:              0.2000             -0.1096              3.7877              0.0232  
backward:              0.1500             -0.2472              3.5405              0.0256  
backward:              0.1000             -0.4821              3.0584              0.0285  
backward:              0.0500             -0.9897              2.0687              0.0343  
backward:              0.0000             -2.0235              0.0452              0.0800  
Inaccuracy estimation
======================================================================================================
                   i        i+δi          P0_overlap_P1   δε(forward)/ε   δε(backward)/ε
======================================================================================================
inaccuracy:  0.00000        0.05000           30.07           -0.01            2.30
inaccuracy:  0.05000        0.10000           41.22           -0.05            1.35
inaccuracy:  0.10000        0.15000           54.87           -0.03            0.60
inaccuracy:  0.15000        0.20000           62.76           -0.03            0.33
inaccuracy:  0.20000        0.25000           67.98           -0.02            0.21
inaccuracy:  0.25000        0.30000           70.52           -0.02            0.16
inaccuracy:  0.30000        0.35000           70.47           -0.02            0.14
inaccuracy:  0.35000        0.40000           71.93           -0.02            0.12
inaccuracy:  0.40000        0.45000           73.29           -0.02            0.11
inaccuracy:  0.45000        0.50000           73.23           -0.02            0.10
inaccuracy:  0.50000        0.55000           61.41           -0.13            0.18
inaccuracy:  0.55000        0.60000           61.81           -0.16            0.11
inaccuracy:  0.60000        0.65000           62.52           -0.18            0.07
inaccuracy:  0.65000        0.70000           63.69           -0.17            0.04
inaccuracy:  0.70000        0.75000           64.17           -0.16            0.03
inaccuracy:  0.75000        0.80000           64.37           -0.16            0.02
inaccuracy:  0.80000        0.85000           63.45           -0.14            0.03
inaccuracy:  0.85000        0.90000           63.97           -0.16            0.03
inaccuracy:  0.90000        0.95000           63.04           -0.13            0.04
inaccuracy:  0.95000        1.00000           61.98           -0.15            0.04
===================================================================================================================================
                BAR        
-----------------------------------------------------------------------------------------------------------------------------------
BAR-estimator:         λ             λ+δλ          ΔΔA             ΔA            C               Δδe            δe       
                          
-----------------------------------------------------------------------------------------------------------------------------------
BAR-estimator:      0.00000        0.05000        1.9819         1.9819         1.9819         0.0088         0.0088 
BAR-estimator:      0.05000        0.10000        1.0476         3.0295         1.0476         0.0080         0.0119 
BAR-estimator:      0.10000        0.15000        0.4847         3.5142         0.4847         0.0054         0.0131 
BAR-estimator:      0.15000        0.20000        0.2415         3.7557         0.2415         0.0041         0.0137 
BAR-estimator:      0.20000        0.25000        0.1052         3.8609         0.1052         0.0034         0.0141 
BAR-estimator:      0.25000        0.30000        0.0292         3.8901         0.0292         0.0032         0.0145 
BAR-estimator:      0.30000        0.35000       -0.0235         3.8666        -0.0235         0.0024         0.0147 
BAR-estimator:      0.35000        0.40000       -0.0630         3.8036        -0.0630         0.0027         0.0149 
BAR-estimator:      0.40000        0.45000       -0.0917         3.7119        -0.0917         0.0027         0.0151 
BAR-estimator:      0.45000        0.50000       -0.1197         3.5922        -0.1197         0.0023         0.0153 
BAR-estimator:      0.50000        0.55000       -0.2689         3.3233        -0.2689         0.0032         0.0156 
BAR-estimator:      0.55000        0.60000       -0.5966         2.7267        -0.5966         0.0034         0.0160 
BAR-estimator:      0.60000        0.65000       -0.8765         1.8502        -0.8765         0.0032         0.0163 
BAR-estimator:      0.65000        0.70000       -1.1172         0.7330        -1.1172         0.0034         0.0167 
BAR-estimator:      0.70000        0.75000       -1.2696        -0.5366        -1.2696         0.0034         0.0170 
BAR-estimator:      0.75000        0.80000       -1.3459        -1.8825        -1.3459         0.0035         0.0174 
BAR-estimator:      0.80000        0.85000       -1.3798        -3.2623        -1.3798         0.0036         0.0177 
BAR-estimator:      0.85000        0.90000       -1.3919        -4.6542        -1.3919         0.0034         0.0181 
BAR-estimator:      0.90000        0.95000       -1.3832        -6.0375        -1.3832         0.0032         0.0183 
BAR-estimator:      0.95000        1.00000       -1.3724        -7.4098        -1.3724         0.0031         0.0186 
BAR-estimator: total free energy change is -7.409836119170028 , total error is 0.01860230918868089
