#========================================================================================
#                     Free energy perturbation    
#----------------------------------------------------------------------------------------
#forward/backward          λ              ΔΔA                 ΔA                  δε   
#                                                 
#----------------------------------------------------------------------------------------
forward:               0.0000              0.0000              0.0000              0.0000  
forward:               0.0500              1.5821              1.5821              0.0172  
forward:               0.1000              0.8485              2.4305              0.0209  
forward:               0.1500              0.4594              2.8899              0.0227  
forward:               0.2000              0.2539              3.1438              0.0233  
forward:               0.2500              0.1369              3.2807              0.0238  
forward:               0.3000              0.0634              3.3441              0.0240  
forward:               0.3500              0.0284              3.3725              0.0243  
forward:               0.4000             -0.0094              3.3631              0.0246  
forward:               0.4500             -0.0357              3.3274              0.0248  
forward:               0.5000             -0.0659              3.2615              0.0249  
forward:               0.5500             -0.1928              3.0687              0.0253  
forward:               0.6000             -0.4413              2.6274              0.0257  
forward:               0.6500             -0.6694              1.9580              0.0261  
forward:               0.7000             -0.8614              1.0966              0.0266  
forward:               0.7500             -0.9828              0.1138              0.0270  
forward:               0.8000             -1.0420             -0.9282              0.0273  
forward:               0.8500             -1.0487             -1.9769              0.0276  
forward:               0.9000             -1.0391             -3.0160              0.0279  
forward:               0.9500             -1.0116             -4.0276              0.0281  
forward:               1.0000             -0.9947             -5.0223              0.0282  
backward:              1.0000              0.0000             -5.0223              0.0000  
backward:              0.9500              0.9868             -4.0354              0.0045  
backward:              0.9000              1.0154             -3.0201              0.0069  
backward:              0.8500              1.0227             -1.9974              0.0088  
backward:              0.8000              1.0404             -0.9570              0.0103  
backward:              0.7500              1.0357              0.0787              0.0114  
backward:              0.7000              0.9713              1.0500              0.0125  
backward:              0.6500              0.8602              1.9102              0.0137  
backward:              0.6000              0.6691              2.5793              0.0147  
backward:              0.5500              0.4471              3.0264              0.0155  
backward:              0.5000              0.1995              3.2259              0.0164  
backward:              0.4500              0.0647              3.2906              0.0168  
backward:              0.4000              0.0402              3.3308              0.0172  
backward:              0.3500              0.0121              3.3429              0.0178  
backward:              0.3000             -0.0278              3.3151              0.0183  
backward:              0.2500             -0.0699              3.2452              0.0189  
backward:              0.2000             -0.1458              3.0994              0.0200  
backward:              0.1500             -0.2680              2.8314              0.0230  
backward:              0.1000             -0.4787              2.3527              0.0278  
backward:              0.0500             -0.8577              1.4951              0.0323  
backward:              0.0000             -1.5372             -0.0421              0.0390  
Inaccuracy estimation
======================================================================================================
                   i        i+δi          P0_overlap_P1   δε(forward)/ε   δε(backward)/ε
======================================================================================================
inaccuracy:  0.00000        0.05000           36.92           -0.03            1.60
inaccuracy:  0.05000        0.10000           48.65           -0.03            0.96
inaccuracy:  0.10000        0.15000           58.14           -0.03            0.49
inaccuracy:  0.15000        0.20000           65.07           -0.01            0.28
inaccuracy:  0.20000        0.25000           69.08           -0.01            0.20
inaccuracy:  0.25000        0.30000           72.09           -0.01            0.16
inaccuracy:  0.30000        0.35000           72.42           -0.01            0.13
inaccuracy:  0.35000        0.40000           73.23           -0.01            0.11
inaccuracy:  0.40000        0.45000           74.15           -0.01            0.10
inaccuracy:  0.45000        0.50000           75.24           -0.01            0.10
inaccuracy:  0.50000        0.55000           65.46           -0.10            0.15
inaccuracy:  0.55000        0.60000           65.83           -0.12            0.11
inaccuracy:  0.60000        0.65000           65.10           -0.13            0.07
inaccuracy:  0.65000        0.70000           65.69           -0.14            0.05
inaccuracy:  0.70000        0.75000           66.35           -0.11            0.05
inaccuracy:  0.75000        0.80000           66.53           -0.12            0.04
inaccuracy:  0.80000        0.85000           66.75           -0.11            0.05
inaccuracy:  0.85000        0.90000           65.98           -0.11            0.05
inaccuracy:  0.90000        0.95000           64.81           -0.11            0.06
inaccuracy:  0.95000        1.00000           65.41           -0.12            0.07
===================================================================================================================================
                BAR        
-----------------------------------------------------------------------------------------------------------------------------------
BAR-estimator:         λ             λ+δλ          ΔΔA             ΔA            C               Δδe            δe       
                          
-----------------------------------------------------------------------------------------------------------------------------------
BAR-estimator:      0.00000        0.05000        1.5569         1.5569         1.5569         0.0071         0.0071 
BAR-estimator:      0.05000        0.10000        0.8631         2.4200         0.8631         0.0071         0.0100 
BAR-estimator:      0.10000        0.15000        0.4586         2.8787         0.4586         0.0049         0.0112 
BAR-estimator:      0.15000        0.20000        0.2556         3.1342         0.2556         0.0036         0.0117 
BAR-estimator:      0.20000        0.25000        0.1391         3.2734         0.1391         0.0027         0.0121 
BAR-estimator:      0.25000        0.30000        0.0680         3.3414         0.0680         0.0028         0.0124 
BAR-estimator:      0.30000        0.35000        0.0291         3.3705         0.0291         0.0027         0.0127 
BAR-estimator:      0.35000        0.40000       -0.0110         3.3595        -0.0110         0.0028         0.0130 
BAR-estimator:      0.40000        0.45000       -0.0373         3.3222        -0.0373         0.0022         0.0132 
BAR-estimator:      0.45000        0.50000       -0.0648         3.2573        -0.0648         0.0021         0.0133 
BAR-estimator:      0.50000        0.55000       -0.1945         3.0629        -0.1945         0.0029         0.0137 
BAR-estimator:      0.55000        0.60000       -0.4428         2.6200        -0.4428         0.0028         0.0139 
BAR-estimator:      0.60000        0.65000       -0.6697         1.9503        -0.6697         0.0030         0.0142 
BAR-estimator:      0.65000        0.70000       -0.8613         1.0891        -0.8613         0.0030         0.0146 
BAR-estimator:      0.70000        0.75000       -0.9766         0.1124        -0.9766         0.0031         0.0149 
BAR-estimator:      0.75000        0.80000       -1.0406        -0.9282        -1.0406         0.0031         0.0152 
BAR-estimator:      0.80000        0.85000       -1.0456        -1.9738        -1.0456         0.0029         0.0155 
BAR-estimator:      0.85000        0.90000       -1.0351        -3.0089        -1.0351         0.0022         0.0156 
BAR-estimator:      0.90000        0.95000       -1.0139        -4.0228        -1.0139         0.0032         0.0160 
BAR-estimator:      0.95000        1.00000       -0.9920        -5.0148        -0.9920         0.0025         0.0162 
BAR-estimator: total free energy change is -5.014810211894203 , total error is 0.016156406270884435
