#========================================================================================
#                     Free energy perturbation    
#----------------------------------------------------------------------------------------
#forward/backward          λ              ΔΔA                 ΔA                  δε   
#                                                 
#----------------------------------------------------------------------------------------
forward:               0.0000              0.0000              0.0000              0.0000  
forward:               0.0500              3.4308              3.4308              0.0269  
forward:               0.1000              1.8970              5.3279              0.0359  
forward:               0.1500              0.9158              6.2437              0.0387  
forward:               0.2000              0.4350              6.6786              0.0399  
forward:               0.2500              0.1732              6.8518              0.0406  
forward:               0.3000              0.0185              6.8704              0.0410  
forward:               0.3500             -0.0758              6.7945              0.0412  
forward:               0.4000             -0.1329              6.6617              0.0415  
forward:               0.4500             -0.1931              6.4685              0.0417  
forward:               0.5000             -0.2286              6.2399              0.0418  
forward:               0.5500             -0.4873              5.7527              0.0423  
forward:               0.6000             -0.8162              4.9365              0.0427  
forward:               0.6500             -1.1475              3.7890              0.0433  
forward:               0.7000             -1.4131              2.3759              0.0438  
forward:               0.7500             -1.5990              0.7769              0.0442  
forward:               0.8000             -1.6514             -0.8745              0.0445  
forward:               0.8500             -1.6786             -2.5531              0.0448  
forward:               0.9000             -1.6503             -4.2034              0.0451  
forward:               0.9500             -1.6255             -5.8289              0.0453  
forward:               1.0000             -1.5907             -7.4195              0.0456  
backward:              1.0000              0.0000             -7.4195              0.0000  
backward:              0.9500              2.6118             -4.8077              0.0070  
backward:              0.9000              2.5051             -2.3026              0.0172  
backward:              0.8500              2.4786              0.1760              0.0194  
backward:              0.8000              2.4030              2.5790              0.0198  
backward:              0.7500              2.2948              4.8739              0.0224  
backward:              0.7000              1.6911              6.5650              0.0232  
backward:              0.6500              1.4247              7.9897              0.0242  
backward:              0.6000              1.1576              9.1472              0.0251  
backward:              0.5500              0.8304              9.9777              0.0259  
backward:              0.5000              0.4617             10.4394              0.0268  
backward:              0.4500              0.2292             10.6687              0.0272  
backward:              0.4000              0.1855             10.8542              0.0279  
backward:              0.3500              0.1437             10.9979              0.0287  
backward:              0.3000              0.0707             11.0687              0.0295  
backward:              0.2500             -0.0386             11.0301              0.0309  
backward:              0.2000             -0.2034             10.8266              0.0346  
backward:              0.1500             -0.3973             10.4294              0.0405  
backward:              0.1000             -0.9180              9.5113              0.0466  
backward:              0.0500             -1.8840              7.6274              0.0579  
backward:              0.0000             -3.3538              4.2735              0.0912  
Inaccuracy estimation
======================================================================================================
                   i        i+δi          P0_overlap_P1   δε(forward)/ε   δε(backward)/ε
======================================================================================================
inaccuracy:  0.00000        0.05000           19.56            0.38            4.59
inaccuracy:  0.05000        0.10000           28.65           -0.06            2.79
inaccuracy:  0.10000        0.15000           40.52           -0.09            1.29
inaccuracy:  0.15000        0.20000           49.81           -0.07            0.68
inaccuracy:  0.20000        0.25000           57.95           -0.04            0.39
inaccuracy:  0.25000        0.30000           62.21           -0.04            0.27
inaccuracy:  0.30000        0.35000           63.85           -0.05            0.23
inaccuracy:  0.35000        0.40000           64.48           -0.04            0.19
inaccuracy:  0.40000        0.45000           66.59           -0.04            0.16
inaccuracy:  0.45000        0.50000           67.13           -0.04            0.14
inaccuracy:  0.50000        0.55000           57.23           -0.16            0.22
inaccuracy:  0.55000        0.60000           57.36           -0.24            0.13
inaccuracy:  0.60000        0.65000           57.31           -0.27            0.08
inaccuracy:  0.65000        0.70000           56.99           -0.27            0.04
inaccuracy:  0.70000        0.75000           52.44           -0.56            0.01
inaccuracy:  0.75000        0.80000           29.50           -1.57           -0.16
inaccuracy:  0.80000        0.85000           26.51           -1.73           -0.19
inaccuracy:  0.85000        0.90000           23.27           -1.98           -0.22
inaccuracy:  0.90000        0.95000           21.89           -2.13           -0.23
inaccuracy:  0.95000        1.00000           18.53           -2.43           -0.28
===================================================================================================================================
                BAR        
-----------------------------------------------------------------------------------------------------------------------------------
BAR-estimator:         λ             λ+δλ          ΔΔA             ΔA            C               Δδe            δe       
                          
-----------------------------------------------------------------------------------------------------------------------------------
BAR-estimator:      0.00000        0.05000        3.3770         3.3770         3.3770         0.0146         0.0146 
BAR-estimator:      0.05000        0.10000        1.9084         5.2853         1.9084         0.0104         0.0179 
BAR-estimator:      0.10000        0.15000        0.9246         6.2099         0.9246         0.0088         0.0200 
BAR-estimator:      0.15000        0.20000        0.4240         6.6340         0.4240         0.0061         0.0209 
BAR-estimator:      0.20000        0.25000        0.1799         6.8139         0.1799         0.0055         0.0216 
BAR-estimator:      0.25000        0.30000        0.0252         6.8390         0.0252         0.0037         0.0219 
BAR-estimator:      0.30000        0.35000       -0.0722         6.7669        -0.0722         0.0038         0.0223 
BAR-estimator:      0.35000        0.40000       -0.1372         6.6297        -0.1372         0.0033         0.0225 
BAR-estimator:      0.40000        0.45000       -0.1900         6.4396        -0.1900         0.0029         0.0227 
BAR-estimator:      0.45000        0.50000       -0.2294         6.2102        -0.2294         0.0025         0.0228 
BAR-estimator:      0.50000        0.55000       -0.4651         5.7451        -0.4651         0.0052         0.0234 
BAR-estimator:      0.55000        0.60000       -0.8213         4.9238        -0.8213         0.0034         0.0237 
BAR-estimator:      0.60000        0.65000       -1.1546         3.7691        -1.1546         0.0042         0.0240 
BAR-estimator:      0.65000        0.70000       -1.4162         2.3529        -1.4162         0.0040         0.0244 
BAR-estimator:      0.70000        0.75000       -1.6667         0.6862        -1.6667         0.0040         0.0247 
BAR-estimator:      0.75000        0.80000       -2.0095        -1.3232        -2.0095         0.0046         0.0251 
BAR-estimator:      0.80000        0.85000       -2.0729        -3.3961        -2.0729         0.0048         0.0256 
BAR-estimator:      0.85000        0.90000       -2.1014        -5.4975        -2.1014         0.0051         0.0261 
BAR-estimator:      0.90000        0.95000       -2.1094        -7.6068        -2.1094         0.0048         0.0265 
BAR-estimator:      0.95000        1.00000       -2.1407        -9.7476        -2.1407         0.0042         0.0268 
BAR-estimator: total free energy change is -9.74755360331078 , total error is 0.02684537293019292
