#========================================================================================
#                     Free energy perturbation    
#----------------------------------------------------------------------------------------
#forward/backward          λ              ΔΔA                 ΔA                  δε   
#                                                 
#----------------------------------------------------------------------------------------
forward:               0.0000              0.0000              0.0000              0.0000  
forward:               0.0500              1.4066              1.4066              0.0144  
forward:               0.1000              0.7095              2.1161              0.0168  
forward:               0.1500              0.3933              2.5094              0.0180  
forward:               0.2000              0.2215              2.7309              0.0187  
forward:               0.2500              0.1423              2.8732              0.0192  
forward:               0.3000              0.0793              2.9524              0.0200  
forward:               0.3500              0.0411              2.9936              0.0202  
forward:               0.4000              0.0121              3.0056              0.0205  
forward:               0.4500             -0.0195              2.9862              0.0207  
forward:               0.5000             -0.0334              2.9528              0.0209  
forward:               0.5500             -0.0787              2.8741              0.0211  
forward:               0.6000             -0.1524              2.7217              0.0214  
forward:               0.6500             -0.2110              2.5107              0.0215  
forward:               0.7000             -0.2600              2.2507              0.0217  
forward:               0.7500             -0.2993              1.9514              0.0218  
forward:               0.8000             -0.3386              1.6129              0.0220  
forward:               0.8500             -0.3693              1.2436              0.0221  
forward:               0.9000             -0.3988              0.8447              0.0222  
forward:               0.9500             -0.4241              0.4207              0.0224  
forward:               1.0000             -0.4398             -0.0191              0.0225  
backward:              1.0000              0.0000             -0.0191              0.0000  
backward:              0.9500              0.4457              0.4265              0.0028  
backward:              0.9000              0.4221              0.8487              0.0040  
backward:              0.8500              0.4009              1.2495              0.0051  
backward:              0.8000              0.3680              1.6175              0.0059  
backward:              0.7500              0.3368              1.9543              0.0067  
backward:              0.7000              0.3002              2.2545              0.0074  
backward:              0.6500              0.2583              2.5127              0.0081  
backward:              0.6000              0.2080              2.7208              0.0086  
backward:              0.5500              0.1613              2.8821              0.0092  
backward:              0.5000              0.0749              2.9570              0.0110  
backward:              0.4500              0.0297              2.9867              0.0116  
backward:              0.4000              0.0119              2.9987              0.0122  
backward:              0.3500             -0.0142              2.9845              0.0127  
backward:              0.3000             -0.0374              2.9471              0.0133  
backward:              0.2500             -0.0769              2.8702              0.0140  
backward:              0.2000             -0.1331              2.7371              0.0148  
backward:              0.1500             -0.2319              2.5052              0.0164  
backward:              0.1000             -0.3824              2.1228              0.0187  
backward:              0.0500             -0.6886              1.4342              0.0231  
backward:              0.0000             -1.3611              0.0730              0.0339  
Inaccuracy estimation
======================================================================================================
                   i        i+δi          P0_overlap_P1   δε(forward)/ε   δε(backward)/ε
======================================================================================================
inaccuracy:  0.00000        0.05000           37.23           -0.04            2.46
inaccuracy:  0.05000        0.10000           52.94           -0.02            0.71
inaccuracy:  0.10000        0.15000           62.14           -0.01            0.39
inaccuracy:  0.15000        0.20000           68.99           -0.01            0.22
inaccuracy:  0.20000        0.25000           71.24           -0.01            0.17
inaccuracy:  0.25000        0.30000           73.69           -0.01            0.13
inaccuracy:  0.30000        0.35000           75.09           -0.01            0.11
inaccuracy:  0.35000        0.40000           75.88           -0.01            0.09
inaccuracy:  0.40000        0.45000           77.31           -0.01            0.08
inaccuracy:  0.45000        0.50000           77.50           -0.01            0.08
inaccuracy:  0.50000        0.55000           74.20           -0.03            0.09
inaccuracy:  0.55000        0.60000           73.78           -0.02            0.08
inaccuracy:  0.60000        0.65000           75.54           -0.03            0.07
inaccuracy:  0.65000        0.70000           75.69           -0.03            0.07
inaccuracy:  0.70000        0.75000           75.69           -0.03            0.06
inaccuracy:  0.75000        0.80000           75.88           -0.03            0.06
inaccuracy:  0.80000        0.85000           76.48           -0.03            0.06
inaccuracy:  0.85000        0.90000           75.95           -0.03            0.06
inaccuracy:  0.90000        0.95000           75.77           -0.03            0.05
inaccuracy:  0.95000        1.00000           74.92           -0.03            0.06
===================================================================================================================================
                BAR        
-----------------------------------------------------------------------------------------------------------------------------------
BAR-estimator:         λ             λ+δλ          ΔΔA             ΔA            C               Δδe            δe       
                          
-----------------------------------------------------------------------------------------------------------------------------------
BAR-estimator:      0.00000        0.05000        1.4190         1.4190         1.4190         0.0076         0.0076 
BAR-estimator:      0.05000        0.10000        0.7038         2.1228         0.7038         0.0055         0.0094 
BAR-estimator:      0.10000        0.15000        0.3905         2.5133         0.3905         0.0045         0.0104 
BAR-estimator:      0.15000        0.20000        0.2271         2.7404         0.2271         0.0033         0.0110 
BAR-estimator:      0.20000        0.25000        0.1413         2.8817         0.1413         0.0028         0.0113 
BAR-estimator:      0.25000        0.30000        0.0794         2.9611         0.0794         0.0035         0.0119 
BAR-estimator:      0.30000        0.35000        0.0396         3.0006         0.0396         0.0022         0.0121 
BAR-estimator:      0.35000        0.40000        0.0126         3.0133         0.0126         0.0019         0.0122 
BAR-estimator:      0.40000        0.45000       -0.0176         2.9957        -0.0176         0.0020         0.0124 
BAR-estimator:      0.45000        0.50000       -0.0318         2.9639        -0.0318         0.0020         0.0125 
BAR-estimator:      0.50000        0.55000       -0.0799         2.8840        -0.0799         0.0024         0.0128 
BAR-estimator:      0.55000        0.60000       -0.1560         2.7280        -0.1560         0.0021         0.0129 
BAR-estimator:      0.60000        0.65000       -0.2108         2.5173        -0.2108         0.0020         0.0131 
BAR-estimator:      0.65000        0.70000       -0.2595         2.2578        -0.2595         0.0020         0.0132 
BAR-estimator:      0.70000        0.75000       -0.3002         1.9576        -0.3002         0.0018         0.0134 
BAR-estimator:      0.75000        0.80000       -0.3388         1.6188        -0.3388         0.0020         0.0135 
BAR-estimator:      0.80000        0.85000       -0.3692         1.2497        -0.3692         0.0019         0.0136 
BAR-estimator:      0.85000        0.90000       -0.3975         0.8522        -0.3975         0.0019         0.0138 
BAR-estimator:      0.90000        0.95000       -0.4227         0.4295        -0.4227         0.0022         0.0140 
BAR-estimator:      0.95000        1.00000       -0.4425        -0.0130        -0.4425         0.0018         0.0141 
BAR-estimator: total free energy change is -0.0130469496358811 , total error is 0.01407870338154154
