#========================================================================================
#                     Free energy perturbation    
#----------------------------------------------------------------------------------------
#forward/backward          λ              ΔΔA                 ΔA                  δε   
#                                                 
#----------------------------------------------------------------------------------------
forward:               0.0000              0.0000              0.0000              0.0000  
forward:               0.0500              1.6571              1.6571              0.0193  
forward:               0.1000              1.0118              2.6689              0.0229  
forward:               0.1500              0.5509              3.2198              0.0250  
forward:               0.2000              0.3187              3.5385              0.0260  
forward:               0.2500              0.1821              3.7206              0.0266  
forward:               0.3000              0.1137              3.8342              0.0270  
forward:               0.3500              0.0505              3.8848              0.0273  
forward:               0.4000              0.0199              3.9047              0.0276  
forward:               0.4500             -0.0096              3.8951              0.0278  
forward:               0.5000             -0.0326              3.8625              0.0280  
forward:               0.5500             -0.0395              3.8229              0.0282  
forward:               0.6000             -0.0633              3.7597              0.0284  
forward:               0.6500             -0.0749              3.6848              0.0285  
forward:               0.7000             -0.0876              3.5972              0.0287  
forward:               0.7500             -0.0973              3.4999              0.0289  
forward:               0.8000             -0.0990              3.4010              0.0290  
forward:               0.8500             -0.1053              3.2957              0.0292  
forward:               0.9000             -0.1188              3.1768              0.0293  
forward:               0.9500             -0.1192              3.0576              0.0294  
forward:               1.0000             -0.1192              2.9384              0.0295  
backward:              1.0000              0.0000              2.9384              0.0000  
backward:              0.9500              0.1239              3.0623              0.0035  
backward:              0.9000              0.1194              3.1818              0.0048  
backward:              0.8500              0.1136              3.2953              0.0060  
backward:              0.8000              0.1073              3.4027              0.0071  
backward:              0.7500              0.1037              3.5064              0.0079  
backward:              0.7000              0.0987              3.6050              0.0088  
backward:              0.6500              0.0880              3.6930              0.0093  
backward:              0.6000              0.0799              3.7729              0.0100  
backward:              0.5500              0.0557              3.8286              0.0108  
backward:              0.5000              0.0367              3.8653              0.0116  
backward:              0.4500              0.0335              3.8988              0.0125  
backward:              0.4000              0.0123              3.9111              0.0132  
backward:              0.3500             -0.0176              3.8935              0.0140  
backward:              0.3000             -0.0527              3.8408              0.0151  
backward:              0.2500             -0.1036              3.7372              0.0164  
backward:              0.2000             -0.1808              3.5565              0.0184  
backward:              0.1500             -0.3303              3.2262              0.0240  
backward:              0.1000             -0.5522              2.6740              0.0275  
backward:              0.0500             -1.0394              1.6346              0.0465  
backward:              0.0000             -1.6803             -0.0457              0.0521  
Inaccuracy estimation
======================================================================================================
                   i        i+δi          P0_overlap_P1   δε(forward)/ε   δε(backward)/ε
======================================================================================================
inaccuracy:  0.00000        0.05000           38.20           -0.03            1.62
inaccuracy:  0.05000        0.10000           44.40           -0.04            1.12
inaccuracy:  0.10000        0.15000           54.64           -0.03            0.61
inaccuracy:  0.15000        0.20000           61.75           -0.03            0.37
inaccuracy:  0.20000        0.25000           65.54           -0.02            0.24
inaccuracy:  0.25000        0.30000           67.76           -0.02            0.20
inaccuracy:  0.30000        0.35000           70.35           -0.02            0.15
inaccuracy:  0.35000        0.40000           70.95           -0.01            0.14
inaccuracy:  0.40000        0.45000           72.05           -0.02            0.13
inaccuracy:  0.45000        0.50000           72.44           -0.02            0.12
inaccuracy:  0.50000        0.55000           72.84           -0.02            0.11
inaccuracy:  0.55000        0.60000           74.09           -0.02            0.10
inaccuracy:  0.60000        0.65000           73.46           -0.02            0.10
inaccuracy:  0.65000        0.70000           73.57           -0.02            0.10
inaccuracy:  0.70000        0.75000           73.88           -0.02            0.10
inaccuracy:  0.75000        0.80000           73.07           -0.02            0.10
inaccuracy:  0.80000        0.85000           73.43           -0.02            0.10
inaccuracy:  0.85000        0.90000           74.29           -0.01            0.09
inaccuracy:  0.90000        0.95000           73.73           -0.02            0.10
inaccuracy:  0.95000        1.00000           73.09           -0.02            0.10
===================================================================================================================================
                BAR        
-----------------------------------------------------------------------------------------------------------------------------------
BAR-estimator:         λ             λ+δλ          ΔΔA             ΔA            C               Δδe            δe       
                          
-----------------------------------------------------------------------------------------------------------------------------------
BAR-estimator:      0.00000        0.05000        1.6756         1.6756         1.6756         0.0076         0.0076 
BAR-estimator:      0.05000        0.10000        1.0165         2.6921         1.0165         0.0053         0.0092 
BAR-estimator:      0.10000        0.15000        0.5515         3.2437         0.5515         0.0066         0.0113 
BAR-estimator:      0.15000        0.20000        0.3236         3.5673         0.3236         0.0045         0.0122 
BAR-estimator:      0.20000        0.25000        0.1806         3.7479         0.1806         0.0036         0.0127 
BAR-estimator:      0.25000        0.30000        0.1086         3.8565         0.1086         0.0032         0.0131 
BAR-estimator:      0.30000        0.35000        0.0499         3.9064         0.0499         0.0029         0.0135 
BAR-estimator:      0.35000        0.40000        0.0194         3.9258         0.0194         0.0026         0.0137 
BAR-estimator:      0.40000        0.45000       -0.0095         3.9163        -0.0095         0.0025         0.0139 
BAR-estimator:      0.45000        0.50000       -0.0345         3.8818        -0.0345         0.0027         0.0142 
BAR-estimator:      0.50000        0.55000       -0.0404         3.8414        -0.0404         0.0024         0.0144 
BAR-estimator:      0.55000        0.60000       -0.0605         3.7809        -0.0605         0.0022         0.0146 
BAR-estimator:      0.60000        0.65000       -0.0766         3.7043        -0.0766         0.0023         0.0147 
BAR-estimator:      0.65000        0.70000       -0.0881         3.6162        -0.0881         0.0027         0.0150 
BAR-estimator:      0.70000        0.75000       -0.0979         3.5183        -0.0979         0.0025         0.0152 
BAR-estimator:      0.75000        0.80000       -0.1013         3.4170        -0.1013         0.0023         0.0154 
BAR-estimator:      0.80000        0.85000       -0.1062         3.3108        -0.1062         0.0021         0.0155 
BAR-estimator:      0.85000        0.90000       -0.1166         3.1942        -0.1166         0.0023         0.0157 
BAR-estimator:      0.90000        0.95000       -0.1187         3.0755        -0.1187         0.0026         0.0159 
BAR-estimator:      0.95000        1.00000       -0.1209         2.9546        -0.1209         0.0021         0.0160 
BAR-estimator: total free energy change is 2.954616974765089 , total error is 0.016031207709338458
