#========================================================================================
#                     Free energy perturbation    
#----------------------------------------------------------------------------------------
#forward/backward          λ              ΔΔA                 ΔA                  δε   
#                                                 
#----------------------------------------------------------------------------------------
forward:               0.0000              0.0000              0.0000              0.0000  
forward:               0.0500              0.5547              0.5547              0.0060  
forward:               0.1000              0.3425              0.8972              0.0077  
forward:               0.1500              0.2003              1.0975              0.0086  
forward:               0.2000              0.1272              1.2248              0.0092  
forward:               0.2500              0.0800              1.3048              0.0097  
forward:               0.3000              0.0512              1.3560              0.0102  
forward:               0.3500              0.0218              1.3778              0.0106  
forward:               0.4000              0.0024              1.3801              0.0109  
forward:               0.4500             -0.0120              1.3681              0.0111  
forward:               0.5000             -0.0241              1.3441              0.0114  
forward:               0.5500             -0.0795              1.2645              0.0116  
forward:               0.6000             -0.1713              1.0932              0.0120  
forward:               0.6500             -0.2318              0.8613              0.0121  
forward:               0.7000             -0.2885              0.5729              0.0123  
forward:               0.7500             -0.3273              0.2455              0.0125  
forward:               0.8000             -0.3656             -0.1201              0.0127  
forward:               0.8500             -0.3902             -0.5103              0.0129  
forward:               0.9000             -0.4177             -0.9280              0.0131  
forward:               0.9500             -0.4407             -1.3687              0.0133  
forward:               1.0000             -0.4545             -1.8232              0.0134  
backward:              1.0000              0.0000             -1.8232              0.0000  
backward:              0.9500              0.4531             -1.3701              0.0027  
backward:              0.9000              0.4379             -0.9322              0.0038  
backward:              0.8500              0.4188             -0.5133              0.0046  
backward:              0.8000              0.3878             -0.1255              0.0053  
backward:              0.7500              0.3608              0.2352              0.0060  
backward:              0.7000              0.3298              0.5650              0.0063  
backward:              0.6500              0.2920              0.8570              0.0068  
backward:              0.6000              0.2328              1.0898              0.0075  
backward:              0.5500              0.1669              1.2566              0.0081  
backward:              0.5000              0.0859              1.3425              0.0087  
backward:              0.4500              0.0263              1.3689              0.0090  
backward:              0.4000              0.0057              1.3745              0.0095  
backward:              0.3500             -0.0087              1.3659              0.0099  
backward:              0.3000             -0.0237              1.3422              0.0107  
backward:              0.2500             -0.0433              1.2989              0.0114  
backward:              0.2000             -0.0735              1.2254              0.0122  
backward:              0.1500             -0.1290              1.0963              0.0131  
backward:              0.1000             -0.1964              0.9000              0.0144  
backward:              0.0500             -0.3335              0.5665              0.0164  
backward:              0.0000             -0.5528              0.0137              0.0203  
Inaccuracy estimation
======================================================================================================
                   i        i+δi          P0_overlap_P1   δε(forward)/ε   δε(backward)/ε
======================================================================================================
inaccuracy:  0.00000        0.05000           57.93           -0.01            0.48
inaccuracy:  0.05000        0.10000           65.46           -0.01            0.31
inaccuracy:  0.10000        0.15000           71.46           -0.00            0.20
inaccuracy:  0.15000        0.20000           74.44           -0.01            0.14
inaccuracy:  0.20000        0.25000           76.26           -0.00            0.11
inaccuracy:  0.25000        0.30000           76.84           -0.01            0.10
inaccuracy:  0.30000        0.35000           78.90           -0.01            0.09
inaccuracy:  0.35000        0.40000           80.04           -0.01            0.07
inaccuracy:  0.40000        0.45000           79.92           -0.01            0.07
inaccuracy:  0.45000        0.50000           80.03           -0.01            0.07
inaccuracy:  0.50000        0.55000           75.18           -0.02            0.08
inaccuracy:  0.55000        0.60000           76.91           -0.03            0.07
inaccuracy:  0.60000        0.65000           76.65           -0.03            0.06
inaccuracy:  0.65000        0.70000           77.24           -0.03            0.05
inaccuracy:  0.70000        0.75000           77.13           -0.03            0.05
inaccuracy:  0.75000        0.80000           77.82           -0.03            0.05
inaccuracy:  0.80000        0.85000           77.70           -0.03            0.05
inaccuracy:  0.85000        0.90000           77.21           -0.03            0.05
inaccuracy:  0.90000        0.95000           76.81           -0.03            0.05
inaccuracy:  0.95000        1.00000           76.11           -0.03            0.05
===================================================================================================================================
                BAR        
-----------------------------------------------------------------------------------------------------------------------------------
BAR-estimator:         λ             λ+δλ          ΔΔA             ΔA            C               Δδe            δe       
                          
-----------------------------------------------------------------------------------------------------------------------------------
BAR-estimator:      0.00000        0.05000        0.5505         0.5505         0.5505         0.0040         0.0040 
BAR-estimator:      0.05000        0.10000        0.3373         0.8878         0.3373         0.0033         0.0052 
BAR-estimator:      0.10000        0.15000        0.2012         1.0890         0.2012         0.0027         0.0058 
BAR-estimator:      0.15000        0.20000        0.1268         1.2158         0.1268         0.0023         0.0062 
BAR-estimator:      0.20000        0.25000        0.0787         1.2945         0.0787         0.0021         0.0066 
BAR-estimator:      0.25000        0.30000        0.0477         1.3422         0.0477         0.0022         0.0069 
BAR-estimator:      0.30000        0.35000        0.0232         1.3654         0.0232         0.0019         0.0072 
BAR-estimator:      0.35000        0.40000        0.0044         1.3698         0.0044         0.0019         0.0074 
BAR-estimator:      0.40000        0.45000       -0.0103         1.3594        -0.0103         0.0017         0.0076 
BAR-estimator:      0.45000        0.50000       -0.0248         1.3346        -0.0248         0.0017         0.0078 
BAR-estimator:      0.50000        0.55000       -0.0808         1.2539        -0.0808         0.0022         0.0081 
BAR-estimator:      0.55000        0.60000       -0.1687         1.0851        -0.1687         0.0020         0.0083 
BAR-estimator:      0.60000        0.65000       -0.2317         0.8535        -0.2317         0.0017         0.0085 
BAR-estimator:      0.65000        0.70000       -0.2898         0.5637        -0.2898         0.0019         0.0087 
BAR-estimator:      0.70000        0.75000       -0.3287         0.2350        -0.3287         0.0018         0.0089 
BAR-estimator:      0.75000        0.80000       -0.3637        -0.1287        -0.3637         0.0018         0.0091 
BAR-estimator:      0.80000        0.85000       -0.3903        -0.5190        -0.3903         0.0018         0.0092 
BAR-estimator:      0.85000        0.90000       -0.4171        -0.9361        -0.4171         0.0018         0.0094 
BAR-estimator:      0.90000        0.95000       -0.4399        -1.3760        -0.4399         0.0017         0.0096 
BAR-estimator:      0.95000        1.00000       -0.4546        -1.8306        -0.4546         0.0018         0.0097 
BAR-estimator: total free energy change is -1.8305907923864515 , total error is 0.009721895982827336
