#========================================================================================
#                     Free energy perturbation    
#----------------------------------------------------------------------------------------
#forward/backward          λ              ΔΔA                 ΔA                  δε   
#                                                 
#----------------------------------------------------------------------------------------
forward:               0.0000              0.0000              0.0000              0.0000  
forward:               0.0500              1.7988              1.7988              0.0179  
forward:               0.1000              0.9832              2.7820              0.0221  
forward:               0.1500              0.5031              3.2851              0.0237  
forward:               0.2000              0.2751              3.5602              0.0245  
forward:               0.2500              0.1516              3.7118              0.0249  
forward:               0.3000              0.0800              3.7918              0.0255  
forward:               0.3500              0.0277              3.8195              0.0257  
forward:               0.4000             -0.0067              3.8127              0.0260  
forward:               0.4500             -0.0264              3.7864              0.0262  
forward:               0.5000             -0.0561              3.7303              0.0263  
forward:               0.5500             -0.0977              3.6325              0.0264  
forward:               0.6000             -0.1184              3.5142              0.0265  
forward:               0.6500             -0.1381              3.3761              0.0266  
forward:               0.7000             -0.1464              3.2297              0.0268  
forward:               0.7500             -0.1591              3.0706              0.0269  
forward:               0.8000             -0.1671              2.9035              0.0270  
forward:               0.8500             -0.1792              2.7243              0.0271  
forward:               0.9000             -0.1820              2.5423              0.0273  
forward:               0.9500             -0.1922              2.3501              0.0274  
forward:               1.0000             -0.1944              2.1557              0.0274  
backward:              1.0000              0.0000              2.1557              0.0000  
backward:              0.9500              0.1948              2.3505              0.0031  
backward:              0.9000              0.1865              2.5370              0.0040  
backward:              0.8500              0.1839              2.7209              0.0048  
backward:              0.8000              0.1760              2.8969              0.0055  
backward:              0.7500              0.1703              3.0672              0.0057  
backward:              0.7000              0.1608              3.2280              0.0065  
backward:              0.6500              0.1507              3.3787              0.0071  
backward:              0.6000              0.1360              3.5147              0.0077  
backward:              0.5500              0.1188              3.6335              0.0084  
backward:              0.5000              0.0934              3.7269              0.0090  
backward:              0.4500              0.0469              3.7738              0.0096  
backward:              0.4000              0.0357              3.8095              0.0101  
backward:              0.3500              0.0056              3.8151              0.0109  
backward:              0.3000             -0.0373              3.7778              0.0117  
backward:              0.2500             -0.0898              3.6880              0.0131  
backward:              0.2000             -0.1565              3.5315              0.0143  
backward:              0.1500             -0.2776              3.2539              0.0169  
backward:              0.1000             -0.5105              2.7434              0.0210  
backward:              0.0500             -1.0325              1.7109              0.0351  
backward:              0.0000             -1.7413             -0.0304              0.0440  
Inaccuracy estimation
======================================================================================================
                   i        i+δi          P0_overlap_P1   δε(forward)/ε   δε(backward)/ε
======================================================================================================
inaccuracy:  0.00000        0.05000           34.36           -0.02            2.20
inaccuracy:  0.05000        0.10000           46.11           -0.04            1.07
inaccuracy:  0.10000        0.15000           58.15           -0.02            0.53
inaccuracy:  0.15000        0.20000           65.95           -0.02            0.28
inaccuracy:  0.20000        0.25000           69.94           -0.01            0.18
inaccuracy:  0.25000        0.30000           73.13           -0.01            0.14
inaccuracy:  0.30000        0.35000           75.70           -0.01            0.11
inaccuracy:  0.35000        0.40000           75.53           -0.01            0.09
inaccuracy:  0.40000        0.45000           75.60           -0.02            0.09
inaccuracy:  0.45000        0.50000           78.03           -0.01            0.07
inaccuracy:  0.50000        0.55000           76.75           -0.01            0.07
inaccuracy:  0.55000        0.60000           77.52           -0.02            0.07
inaccuracy:  0.60000        0.65000           78.12           -0.01            0.06
inaccuracy:  0.65000        0.70000           77.72           -0.02            0.06
inaccuracy:  0.70000        0.75000           78.00           -0.02            0.06
inaccuracy:  0.75000        0.80000           78.08           -0.02            0.06
inaccuracy:  0.80000        0.85000           78.45           -0.01            0.06
inaccuracy:  0.85000        0.90000           78.23           -0.01            0.06
inaccuracy:  0.90000        0.95000           78.44           -0.01            0.05
inaccuracy:  0.95000        1.00000           77.96           -0.02            0.05
===================================================================================================================================
                BAR        
-----------------------------------------------------------------------------------------------------------------------------------
BAR-estimator:         λ             λ+δλ          ΔΔA             ΔA            C               Δδe            δe       
                          
-----------------------------------------------------------------------------------------------------------------------------------
BAR-estimator:      0.00000        0.05000        1.7888         1.7888         1.7888         0.0067         0.0067 
BAR-estimator:      0.05000        0.10000        0.9962         2.7850         0.9962         0.0073         0.0099 
BAR-estimator:      0.10000        0.15000        0.5083         3.2933         0.5083         0.0057         0.0114 
BAR-estimator:      0.15000        0.20000        0.2762         3.5695         0.2762         0.0039         0.0121 
BAR-estimator:      0.20000        0.25000        0.1518         3.7213         0.1518         0.0026         0.0124 
BAR-estimator:      0.25000        0.30000        0.0815         3.8028         0.0815         0.0037         0.0129 
BAR-estimator:      0.30000        0.35000        0.0333         3.8360         0.0333         0.0026         0.0132 
BAR-estimator:      0.35000        0.40000       -0.0072         3.8288        -0.0072         0.0023         0.0134 
BAR-estimator:      0.40000        0.45000       -0.0300         3.7988        -0.0300         0.0022         0.0135 
BAR-estimator:      0.45000        0.50000       -0.0532         3.7455        -0.0532         0.0020         0.0137 
BAR-estimator:      0.50000        0.55000       -0.0971         3.6484        -0.0971         0.0019         0.0138 
BAR-estimator:      0.55000        0.60000       -0.1186         3.5299        -0.1186         0.0019         0.0139 
BAR-estimator:      0.60000        0.65000       -0.1374         3.3925        -0.1374         0.0019         0.0141 
BAR-estimator:      0.65000        0.70000       -0.1484         3.2440        -0.1484         0.0021         0.0142 
BAR-estimator:      0.70000        0.75000       -0.1603         3.0838        -0.1603         0.0018         0.0143 
BAR-estimator:      0.75000        0.80000       -0.1679         2.9159        -0.1679         0.0019         0.0145 
BAR-estimator:      0.80000        0.85000       -0.1778         2.7381        -0.1778         0.0020         0.0146 
BAR-estimator:      0.85000        0.90000       -0.1820         2.5561        -0.1820         0.0023         0.0148 
BAR-estimator:      0.90000        0.95000       -0.1893         2.3668        -0.1893         0.0019         0.0149 
BAR-estimator:      0.95000        1.00000       -0.1954         2.1714        -0.1954         0.0017         0.0150 
BAR-estimator: total free energy change is 2.171428710748341 , total error is 0.01499816387036577
