#========================================================================================
#                     Free energy perturbation    
#----------------------------------------------------------------------------------------
#forward/backward          λ              ΔΔA                 ΔA                  δε   
#                                                 
#----------------------------------------------------------------------------------------
forward:               0.0000              0.0000              0.0000              0.0000  
forward:               0.0500              3.3400              3.3400              0.0310  
forward:               0.1000              1.6672              5.0072              0.0374  
forward:               0.1500              0.7508              5.7579              0.0394  
forward:               0.2000              0.3120              6.0699              0.0404  
forward:               0.2500              0.0708              6.1408              0.0408  
forward:               0.3000             -0.0475              6.0933              0.0412  
forward:               0.3500             -0.1377              5.9556              0.0414  
forward:               0.4000             -0.2071              5.7485              0.0416  
forward:               0.4500             -0.2482              5.5004              0.0418  
forward:               0.5000             -0.2936              5.2067              0.0420  
forward:               0.5500             -0.3801              4.8266              0.0422  
forward:               0.6000             -0.5296              4.2970              0.0423  
forward:               0.6500             -0.6331              3.6639              0.0425  
forward:               0.7000             -0.7154              2.9485              0.0426  
forward:               0.7500             -0.7774              2.1711              0.0428  
forward:               0.8000             -0.8194              1.3517              0.0429  
forward:               0.8500             -0.8507              0.5010              0.0430  
forward:               0.9000             -0.8789             -0.3780              0.0431  
forward:               0.9500             -0.8995             -1.2775              0.0432  
forward:               1.0000             -0.9155             -2.1930              0.0434  
backward:              1.0000              0.0000             -2.1930              0.0000  
backward:              0.9500              0.9252             -1.2678              0.0042  
backward:              0.9000              0.9006             -0.3672              0.0059  
backward:              0.8500              0.8826              0.5154              0.0072  
backward:              0.8000              0.8495              1.3649              0.0088  
backward:              0.7500              0.8087              2.1736              0.0097  
backward:              0.7000              0.7749              2.9485              0.0107  
backward:              0.6500              0.7110              3.6595              0.0115  
backward:              0.6000              0.6250              4.2845              0.0123  
backward:              0.5500              0.5277              4.8122              0.0137  
backward:              0.5000              0.3658              5.1779              0.0148  
backward:              0.4500              0.2928              5.4708              0.0156  
backward:              0.4000              0.2438              5.7145              0.0165  
backward:              0.3500              0.1983              5.9128              0.0174  
backward:              0.3000              0.1371              6.0498              0.0182  
backward:              0.2500              0.0594              6.1092              0.0194  
backward:              0.2000             -0.0691              6.0401              0.0208  
backward:              0.1500             -0.2920              5.7481              0.0240  
backward:              0.1000             -0.7078              5.0403              0.0291  
backward:              0.0500             -1.8173              3.2230              0.1800  
backward:              0.0000             -3.1460              0.0770              0.1864  
Inaccuracy estimation
======================================================================================================
                   i        i+δi          P0_overlap_P1   δε(forward)/ε   δε(backward)/ε
======================================================================================================
inaccuracy:  0.00000        0.05000           19.24            0.35            4.73
inaccuracy:  0.05000        0.10000           29.56           -0.08            2.52
inaccuracy:  0.10000        0.15000           43.85           -0.08            1.06
inaccuracy:  0.15000        0.20000           54.04           -0.06            0.53
inaccuracy:  0.20000        0.25000           61.20           -0.03            0.30
inaccuracy:  0.25000        0.30000           63.89           -0.05            0.22
inaccuracy:  0.30000        0.35000           66.56           -0.04            0.17
inaccuracy:  0.35000        0.40000           68.48           -0.03            0.14
inaccuracy:  0.40000        0.45000           69.00           -0.04            0.12
inaccuracy:  0.45000        0.50000           69.71           -0.04            0.11
inaccuracy:  0.50000        0.55000           65.35           -0.07            0.13
inaccuracy:  0.55000        0.60000           66.83           -0.07            0.10
inaccuracy:  0.60000        0.65000           68.43           -0.08            0.08
inaccuracy:  0.65000        0.70000           68.50           -0.08            0.07
inaccuracy:  0.70000        0.75000           68.55           -0.07            0.06
inaccuracy:  0.75000        0.80000           68.83           -0.07            0.06
inaccuracy:  0.80000        0.85000           68.18           -0.07            0.06
inaccuracy:  0.85000        0.90000           67.95           -0.08            0.06
inaccuracy:  0.90000        0.95000           67.61           -0.08            0.05
inaccuracy:  0.95000        1.00000           67.13           -0.09            0.06
===================================================================================================================================
                BAR        
-----------------------------------------------------------------------------------------------------------------------------------
BAR-estimator:         λ             λ+δλ          ΔΔA             ΔA            C               Δδe            δe       
                          
-----------------------------------------------------------------------------------------------------------------------------------
BAR-estimator:      0.00000        0.05000        3.2886         3.2886         3.2886         0.0107         0.0107 
BAR-estimator:      0.05000        0.10000        1.6726         4.9611         1.6726         0.0099         0.0146 
BAR-estimator:      0.10000        0.15000        0.7408         5.7019         0.7408         0.0073         0.0163 
BAR-estimator:      0.15000        0.20000        0.3022         6.0042         0.3022         0.0052         0.0171 
BAR-estimator:      0.20000        0.25000        0.0736         6.0778         0.0736         0.0044         0.0177 
BAR-estimator:      0.25000        0.30000       -0.0508         6.0269        -0.0508         0.0035         0.0180 
BAR-estimator:      0.30000        0.35000       -0.1378         5.8891        -0.1378         0.0030         0.0183 
BAR-estimator:      0.35000        0.40000       -0.2024         5.6867        -0.2024         0.0028         0.0185 
BAR-estimator:      0.40000        0.45000       -0.2476         5.4391        -0.2476         0.0029         0.0187 
BAR-estimator:      0.45000        0.50000       -0.2952         5.1439        -0.2952         0.0025         0.0189 
BAR-estimator:      0.50000        0.55000       -0.3749         4.7691        -0.3749         0.0029         0.0191 
BAR-estimator:      0.55000        0.60000       -0.5282         4.2409        -0.5282         0.0027         0.0193 
BAR-estimator:      0.60000        0.65000       -0.6306         3.6103        -0.6306         0.0027         0.0194 
BAR-estimator:      0.65000        0.70000       -0.7146         2.8957        -0.7146         0.0025         0.0196 
BAR-estimator:      0.70000        0.75000       -0.7765         2.1192        -0.7765         0.0027         0.0198 
BAR-estimator:      0.75000        0.80000       -0.8158         1.3034        -0.8158         0.0019         0.0199 
BAR-estimator:      0.80000        0.85000       -0.8501         0.4533        -0.8501         0.0025         0.0200 
BAR-estimator:      0.85000        0.90000       -0.8771        -0.4238        -0.8771         0.0026         0.0202 
BAR-estimator:      0.90000        0.95000       -0.9001        -1.3240        -0.9001         0.0028         0.0204 
BAR-estimator:      0.95000        1.00000       -0.9195        -2.2435        -0.9195         0.0030         0.0206 
BAR-estimator: total free energy change is -2.243492275256632 , total error is 0.02062580179636818
