#========================================================================================
#                     Free energy perturbation    
#----------------------------------------------------------------------------------------
#forward/backward          λ              ΔΔA                 ΔA                  δε   
#                                                 
#----------------------------------------------------------------------------------------
forward:               0.0000              0.0000              0.0000              0.0000  
forward:               0.0500              2.9049              2.9049              0.0268  
forward:               0.1000              1.5376              4.4426              0.0357  
forward:               0.1500              0.7120              5.1546              0.0380  
forward:               0.2000              0.2663              5.4209              0.0384  
forward:               0.2500              0.0530              5.4739              0.0390  
forward:               0.3000             -0.0555              5.4184              0.0394  
forward:               0.3500             -0.1293              5.2891              0.0397  
forward:               0.4000             -0.1845              5.1046              0.0399  
forward:               0.4500             -0.2241              4.8805              0.0401  
forward:               0.5000             -0.2524              4.6281              0.0403  
forward:               0.5500             -0.5000              4.1281              0.0407  
forward:               0.6000             -0.9431              3.1850              0.0415  
forward:               0.6500             -1.3968              1.7882              0.0422  
forward:               0.7000             -1.7987             -0.0104              0.0429  
forward:               0.7500             -2.0324             -2.0429              0.0433  
forward:               0.8000             -2.1267             -4.1696              0.0440  
forward:               0.8500             -2.1472             -6.3168              0.0443  
forward:               0.9000             -2.1393             -8.4561              0.0446  
forward:               0.9500             -2.1227            -10.5788              0.0449  
forward:               1.0000             -2.0808            -12.6596              0.0452  
backward:              1.0000              0.0000            -12.6596              0.0000  
backward:              0.9500              2.0752            -10.5845              0.0064  
backward:              0.9000              2.1101             -8.4744              0.0100  
backward:              0.8500              2.1368             -6.3376              0.0126  
backward:              0.8000              2.1389             -4.1987              0.0147  
backward:              0.7500              2.1145             -2.0842              0.0168  
backward:              0.7000              2.0299             -0.0543              0.0181  
backward:              0.6500              1.7965              1.7422              0.0197  
backward:              0.6000              1.4203              3.1625              0.0211  
backward:              0.5500              0.9473              4.1098              0.0221  
backward:              0.5000              0.5142              4.6240              0.0231  
backward:              0.4500              0.2591              4.8831              0.0235  
backward:              0.4000              0.2213              5.1043              0.0241  
backward:              0.3500              0.1771              5.2815              0.0247  
backward:              0.3000              0.1399              5.4213              0.0255  
backward:              0.2500              0.0657              5.4871              0.0266  
backward:              0.2000             -0.0711              5.4160              0.0274  
backward:              0.1500             -0.2749              5.1411              0.0304  
backward:              0.1000             -0.7053              4.4357              0.0404  
backward:              0.0500             -1.6058              2.8299              0.0661  
backward:              0.0000             -2.8018              0.0281              0.0854  
Inaccuracy estimation
======================================================================================================
                   i        i+δi          P0_overlap_P1   δε(forward)/ε   δε(backward)/ε
======================================================================================================
inaccuracy:  0.00000        0.05000           22.87            0.20            3.81
inaccuracy:  0.05000        0.10000           31.93           -0.09            2.22
inaccuracy:  0.10000        0.15000           44.23           -0.07            1.07
inaccuracy:  0.15000        0.20000           54.88           -0.05            0.48
inaccuracy:  0.20000        0.25000           62.27           -0.04            0.30
inaccuracy:  0.25000        0.30000           64.21           -0.03            0.22
inaccuracy:  0.30000        0.35000           66.59           -0.03            0.18
inaccuracy:  0.35000        0.40000           68.93           -0.03            0.15
inaccuracy:  0.40000        0.45000           69.32           -0.03            0.13
inaccuracy:  0.45000        0.50000           69.12           -0.03            0.12
inaccuracy:  0.50000        0.55000           56.48           -0.21            0.19
inaccuracy:  0.55000        0.60000           56.33           -0.31            0.11
inaccuracy:  0.60000        0.65000           54.05           -0.38            0.05
inaccuracy:  0.65000        0.70000           56.28           -0.35           -0.01
inaccuracy:  0.70000        0.75000           57.16           -0.31           -0.05
inaccuracy:  0.75000        0.80000           57.79           -0.29           -0.06
inaccuracy:  0.80000        0.85000           57.52           -0.33           -0.05
inaccuracy:  0.85000        0.90000           56.64           -0.33           -0.05
inaccuracy:  0.90000        0.95000           55.78           -0.29           -0.05
inaccuracy:  0.95000        1.00000           55.20           -0.34           -0.03
===================================================================================================================================
                BAR        
-----------------------------------------------------------------------------------------------------------------------------------
BAR-estimator:         λ             λ+δλ          ΔΔA             ΔA            C               Δδe            δe       
                          
-----------------------------------------------------------------------------------------------------------------------------------
BAR-estimator:      0.00000        0.05000        2.8601         2.8601         2.8601         0.0135         0.0135 
BAR-estimator:      0.05000        0.10000        1.5625         4.4226         1.5625         0.0050         0.0144 
BAR-estimator:      0.10000        0.15000        0.7133         5.1359         0.7133         0.0077         0.0163 
BAR-estimator:      0.15000        0.20000        0.2620         5.3979         0.2620         0.0043         0.0169 
BAR-estimator:      0.20000        0.25000        0.0588         5.4567         0.0588         0.0042         0.0174 
BAR-estimator:      0.25000        0.30000       -0.0581         5.3986        -0.0581         0.0039         0.0178 
BAR-estimator:      0.30000        0.35000       -0.1309         5.2677        -0.1309         0.0034         0.0181 
BAR-estimator:      0.35000        0.40000       -0.1817         5.0859        -0.1817         0.0035         0.0185 
BAR-estimator:      0.40000        0.45000       -0.2238         4.8622        -0.2238         0.0026         0.0187 
BAR-estimator:      0.45000        0.50000       -0.2552         4.6070        -0.2552         0.0027         0.0189 
BAR-estimator:      0.50000        0.55000       -0.5059         4.1011        -0.5059         0.0035         0.0192 
BAR-estimator:      0.55000        0.60000       -0.9461         3.1549        -0.9461         0.0036         0.0195 
BAR-estimator:      0.60000        0.65000       -1.4078         1.7472        -1.4078         0.0042         0.0199 
BAR-estimator:      0.65000        0.70000       -1.7987        -0.0515        -1.7987         0.0040         0.0203 
BAR-estimator:      0.70000        0.75000       -2.0288        -2.0803        -2.0288         0.0039         0.0207 
BAR-estimator:      0.75000        0.80000       -2.1220        -4.2022        -2.1220         0.0038         0.0211 
BAR-estimator:      0.80000        0.85000       -2.1482        -6.3504        -2.1482         0.0040         0.0214 
BAR-estimator:      0.85000        0.90000       -2.1393        -8.4897        -2.1393         0.0039         0.0218 
BAR-estimator:      0.90000        0.95000       -2.1171       -10.6068        -2.1171         0.0041         0.0222 
BAR-estimator:      0.95000        1.00000       -2.0776       -12.6844        -2.0776         0.0040         0.0225 
BAR-estimator: total free energy change is -12.684418238657369 , total error is 0.022536576359997985
