#========================================================================================
#                     Free energy perturbation    
#----------------------------------------------------------------------------------------
#forward/backward          λ              ΔΔA                 ΔA                  δε   
#                                                 
#----------------------------------------------------------------------------------------
forward:               0.0000              0.0000              0.0000              0.0000  
forward:               0.0500              4.2801              4.2801              0.0509  
forward:               0.1000              2.2188              6.4989              0.0593  
forward:               0.1500              0.9282              7.4270              0.0614  
forward:               0.2000              0.3389              7.7660              0.0621  
forward:               0.2500              0.0436              7.8096              0.0625  
forward:               0.3000             -0.1074              7.7022              0.0627  
forward:               0.3500             -0.2206              7.4816              0.0629  
forward:               0.4000             -0.2915              7.1901              0.0631  
forward:               0.4500             -0.3482              6.8419              0.0633  
forward:               0.5000             -0.4022              6.4397              0.0634  
forward:               0.5500             -0.4775              5.9622              0.0635  
forward:               0.6000             -0.5812              5.3810              0.0636  
forward:               0.6500             -0.6538              4.7272              0.0637  
forward:               0.7000             -0.7123              4.0149              0.0638  
forward:               0.7500             -0.7573              3.2576              0.0639  
forward:               0.8000             -0.7867              2.4710              0.0640  
forward:               0.8500             -0.8115              1.6595              0.0641  
forward:               0.9000             -0.8308              0.8287              0.0641  
forward:               0.9500             -0.8544             -0.0257              0.0642  
forward:               1.0000             -0.8721             -0.8978              0.0643  
backward:              1.0000              0.0000             -0.8978              0.0000  
backward:              0.9500              0.8672             -0.0306              0.0037  
backward:              0.9000              0.8546              0.8240              0.0053  
backward:              0.8500              0.8382              1.6622              0.0067  
backward:              0.8000              0.8064              2.4686              0.0078  
backward:              0.7500              0.7950              3.2636              0.0087  
backward:              0.7000              0.7516              4.0152              0.0096  
backward:              0.6500              0.7070              4.7222              0.0106  
backward:              0.6000              0.6556              5.3779              0.0114  
backward:              0.5500              0.5752              5.9531              0.0129  
backward:              0.5000              0.4796              6.4327              0.0140  
backward:              0.4500              0.4029              6.8356              0.0147  
backward:              0.4000              0.3634              7.1990              0.0155  
backward:              0.3500              0.2882              7.4872              0.0185  
backward:              0.3000              0.2263              7.7135              0.0197  
backward:              0.2500              0.1173              7.8308              0.0211  
backward:              0.2000             -0.0475              7.7832              0.0228  
backward:              0.1500             -0.3133              7.4699              0.0263  
backward:              0.1000             -0.9894              6.4805              0.0509  
backward:              0.0500             -2.1008              4.3798              0.0677  
backward:              0.0000             -4.3251              0.0547              0.1471  
Inaccuracy estimation
======================================================================================================
                   i        i+δi          P0_overlap_P1   δε(forward)/ε   δε(backward)/ε
======================================================================================================
inaccuracy:  0.00000        0.05000           13.74            0.89            6.99
inaccuracy:  0.05000        0.10000           24.05           -0.03            3.56
inaccuracy:  0.10000        0.15000           38.94           -0.09            1.47
inaccuracy:  0.15000        0.20000           50.69           -0.07            0.64
inaccuracy:  0.20000        0.25000           58.50           -0.06            0.35
inaccuracy:  0.25000        0.30000           61.95           -0.04            0.26
inaccuracy:  0.30000        0.35000           64.52           -0.05            0.18
inaccuracy:  0.35000        0.40000           66.49           -0.04            0.14
inaccuracy:  0.40000        0.45000           66.70           -0.04            0.12
inaccuracy:  0.45000        0.50000           68.60           -0.05            0.10
inaccuracy:  0.50000        0.55000           66.13           -0.07            0.12
inaccuracy:  0.55000        0.60000           67.65           -0.07            0.09
inaccuracy:  0.60000        0.65000           67.89           -0.07            0.08
inaccuracy:  0.65000        0.70000           69.22           -0.07            0.07
inaccuracy:  0.70000        0.75000           69.40           -0.07            0.06
inaccuracy:  0.75000        0.80000           68.65           -0.07            0.06
inaccuracy:  0.80000        0.85000           69.27           -0.07            0.06
inaccuracy:  0.85000        0.90000           68.38           -0.09            0.05
inaccuracy:  0.90000        0.95000           68.72           -0.08            0.05
inaccuracy:  0.95000        1.00000           68.93           -0.07            0.05
===================================================================================================================================
                BAR        
-----------------------------------------------------------------------------------------------------------------------------------
BAR-estimator:         λ             λ+δλ          ΔΔA             ΔA            C               Δδe            δe       
                          
-----------------------------------------------------------------------------------------------------------------------------------
BAR-estimator:      0.00000        0.05000        4.3521         4.3521         4.3521         0.0131         0.0131 
BAR-estimator:      0.05000        0.10000        2.2174         6.5695         2.2174         0.0122         0.0179 
BAR-estimator:      0.10000        0.15000        0.9487         7.5183         0.9487         0.0091         0.0201 
BAR-estimator:      0.15000        0.20000        0.3296         7.8479         0.3296         0.0059         0.0209 
BAR-estimator:      0.20000        0.25000        0.0495         7.8973         0.0495         0.0044         0.0214 
BAR-estimator:      0.25000        0.30000       -0.1074         7.7899        -0.1074         0.0036         0.0217 
BAR-estimator:      0.30000        0.35000       -0.2230         7.5669        -0.2230         0.0034         0.0220 
BAR-estimator:      0.35000        0.40000       -0.2944         7.2724        -0.2944         0.0031         0.0222 
BAR-estimator:      0.40000        0.45000       -0.3531         6.9194        -0.3531         0.0030         0.0224 
BAR-estimator:      0.45000        0.50000       -0.4042         6.5152        -0.4042         0.0027         0.0225 
BAR-estimator:      0.50000        0.55000       -0.4775         6.0377        -0.4775         0.0028         0.0227 
BAR-estimator:      0.55000        0.60000       -0.5801         5.4576        -0.5801         0.0026         0.0229 
BAR-estimator:      0.60000        0.65000       -0.6531         4.8045        -0.6531         0.0026         0.0230 
BAR-estimator:      0.65000        0.70000       -0.7103         4.0942        -0.7103         0.0023         0.0231 
BAR-estimator:      0.70000        0.75000       -0.7540         3.3403        -0.7540         0.0023         0.0233 
BAR-estimator:      0.75000        0.80000       -0.7891         2.5512        -0.7891         0.0024         0.0234 
BAR-estimator:      0.80000        0.85000       -0.8086         1.7426        -0.8086         0.0026         0.0235 
BAR-estimator:      0.85000        0.90000       -0.8339         0.9087        -0.8339         0.0026         0.0237 
BAR-estimator:      0.90000        0.95000       -0.8548         0.0539        -0.8548         0.0028         0.0238 
BAR-estimator:      0.95000        1.00000       -0.8712        -0.8173        -0.8712         0.0024         0.0240 
BAR-estimator: total free energy change is -0.8172794685923744 , total error is 0.023961340556110978
