#========================================================================================
#                     Free energy perturbation    
#----------------------------------------------------------------------------------------
#forward/backward          λ              ΔΔA                 ΔA                  δε   
#                                                 
#----------------------------------------------------------------------------------------
forward:               0.0000              0.0000              0.0000              0.0000  
forward:               0.0500              1.7213              1.7213              0.0150  
forward:               0.1000              0.9160              2.6373              0.0189  
forward:               0.1500              0.4367              3.0740              0.0208  
forward:               0.2000              0.2001              3.2741              0.0216  
forward:               0.2500              0.0748              3.3489              0.0221  
forward:               0.3000             -0.0129              3.3360              0.0221  
forward:               0.3500             -0.0685              3.2674              0.0224  
forward:               0.4000             -0.1039              3.1636              0.0227  
forward:               0.4500             -0.1384              3.0252              0.0230  
forward:               0.5000             -0.1676              2.8576              0.0232  
forward:               0.5500             -0.3520              2.5056              0.0237  
forward:               0.6000             -0.6323              1.8733              0.0241  
forward:               0.6500             -0.8431              1.0302              0.0244  
forward:               0.7000             -1.0175              0.0127              0.0250  
forward:               0.7500             -1.1357             -1.1230              0.0254  
forward:               0.8000             -1.2170             -2.3400              0.0258  
forward:               0.8500             -1.2485             -3.5886              0.0260  
forward:               0.9000             -1.2638             -4.8523              0.0263  
forward:               0.9500             -1.2694             -6.1217              0.0265  
forward:               1.0000             -1.2809             -7.4026              0.0267  
backward:              1.0000              0.0000             -7.4026              0.0000  
backward:              0.9500              1.2637             -6.1389              0.0052  
backward:              0.9000              1.2699             -4.8689              0.0075  
backward:              0.8500              1.2634             -3.6055              0.0092  
backward:              0.8000              1.2408             -2.3648              0.0107  
backward:              0.7500              1.2100             -1.1548              0.0118  
backward:              0.7000              1.1357             -0.0191              0.0127  
backward:              0.6500              1.0131              0.9940              0.0136  
backward:              0.6000              0.8431              1.8371              0.0144  
backward:              0.5500              0.6214              2.4585              0.0152  
backward:              0.5000              0.3476              2.8061              0.0165  
backward:              0.4500              0.1590              2.9652              0.0170  
backward:              0.4000              0.1405              3.1057              0.0174  
backward:              0.3500              0.1124              3.2181              0.0180  
backward:              0.3000              0.0684              3.2865              0.0186  
backward:              0.2500              0.0115              3.2981              0.0194  
backward:              0.2000             -0.0806              3.2175              0.0205  
backward:              0.1500             -0.1942              3.0233              0.0222  
backward:              0.1000             -0.4278              2.5956              0.0251  
backward:              0.0500             -0.9433              1.6523              0.0364  
backward:              0.0000             -1.7217             -0.0694              0.0459  
Inaccuracy estimation
======================================================================================================
                   i        i+δi          P0_overlap_P1   δε(forward)/ε   δε(backward)/ε
======================================================================================================
inaccuracy:  0.00000        0.05000           34.27           -0.03            1.85
inaccuracy:  0.05000        0.10000           45.10           -0.04            1.14
inaccuracy:  0.10000        0.15000           56.16           -0.02            0.55
inaccuracy:  0.15000        0.20000           63.04           -0.02            0.32
inaccuracy:  0.20000        0.25000           67.98           -0.02            0.20
inaccuracy:  0.25000        0.30000           70.33           -0.02            0.15
inaccuracy:  0.30000        0.35000           72.35           -0.02            0.13
inaccuracy:  0.35000        0.40000           72.28           -0.02            0.11
inaccuracy:  0.40000        0.45000           73.74           -0.02            0.10
inaccuracy:  0.45000        0.50000           75.09           -0.02            0.09
inaccuracy:  0.50000        0.55000           63.49           -0.10            0.14
inaccuracy:  0.55000        0.60000           65.68           -0.12            0.09
inaccuracy:  0.60000        0.65000           66.05           -0.13            0.06
inaccuracy:  0.65000        0.70000           66.22           -0.13            0.04
inaccuracy:  0.70000        0.75000           65.72           -0.14            0.03
inaccuracy:  0.75000        0.80000           66.03           -0.14            0.03
inaccuracy:  0.80000        0.85000           65.58           -0.12            0.03
inaccuracy:  0.85000        0.90000           64.55           -0.12            0.04
inaccuracy:  0.90000        0.95000           64.36           -0.14            0.04
inaccuracy:  0.95000        1.00000           64.52           -0.14            0.05
===================================================================================================================================
                BAR        
-----------------------------------------------------------------------------------------------------------------------------------
BAR-estimator:         λ             λ+δλ          ΔΔA             ΔA            C               Δδe            δe       
                          
-----------------------------------------------------------------------------------------------------------------------------------
BAR-estimator:      0.00000        0.05000        1.7097         1.7097         1.7097         0.0073         0.0073 
BAR-estimator:      0.05000        0.10000        0.9243         2.6339         0.9243         0.0064         0.0097 
BAR-estimator:      0.10000        0.15000        0.4361         3.0700         0.4361         0.0056         0.0112 
BAR-estimator:      0.15000        0.20000        0.1989         3.2689         0.1989         0.0039         0.0119 
BAR-estimator:      0.20000        0.25000        0.0748         3.3437         0.0748         0.0021         0.0121 
BAR-estimator:      0.25000        0.30000       -0.0114         3.3323        -0.0114         0.0029         0.0124 
BAR-estimator:      0.30000        0.35000       -0.0658         3.2664        -0.0658         0.0026         0.0127 
BAR-estimator:      0.35000        0.40000       -0.1084         3.1580        -0.1084         0.0026         0.0129 
BAR-estimator:      0.40000        0.45000       -0.1399         3.0181        -0.1399         0.0024         0.0132 
BAR-estimator:      0.45000        0.50000       -0.1655         2.8526        -0.1655         0.0022         0.0133 
BAR-estimator:      0.50000        0.55000       -0.3478         2.5048        -0.3478         0.0030         0.0137 
BAR-estimator:      0.55000        0.60000       -0.6269         1.8779        -0.6269         0.0028         0.0139 
BAR-estimator:      0.60000        0.65000       -0.8424         1.0355        -0.8424         0.0028         0.0142 
BAR-estimator:      0.65000        0.70000       -1.0160         0.0194        -1.0160         0.0028         0.0145 
BAR-estimator:      0.70000        0.75000       -1.1341        -1.1147        -1.1341         0.0029         0.0148 
BAR-estimator:      0.75000        0.80000       -1.2162        -2.3309        -1.2162         0.0029         0.0151 
BAR-estimator:      0.80000        0.85000       -1.2443        -3.5752        -1.2443         0.0029         0.0153 
BAR-estimator:      0.85000        0.90000       -1.2613        -4.8365        -1.2613         0.0034         0.0157 
BAR-estimator:      0.90000        0.95000       -1.2684        -6.1048        -1.2684         0.0030         0.0160 
BAR-estimator:      0.95000        1.00000       -1.2750        -7.3798        -1.2750         0.0028         0.0162 
BAR-estimator: total free energy change is -7.379845431708844 , total error is 0.016246144748015032
