#========================================================================================
#                     Free energy perturbation    
#----------------------------------------------------------------------------------------
#forward/backward          λ              ΔΔA                 ΔA                  δε   
#                                                 
#----------------------------------------------------------------------------------------
forward:               0.0000              0.0000              0.0000              0.0000  
forward:               0.0500              1.2694              1.2694              0.0110  
forward:               0.1000              0.7503              2.0197              0.0143  
forward:               0.1500              0.4420              2.4616              0.0161  
forward:               0.2000              0.2820              2.7436              0.0172  
forward:               0.2500              0.1756              2.9192              0.0178  
forward:               0.3000              0.1132              3.0323              0.0182  
forward:               0.3500              0.0713              3.1037              0.0185  
forward:               0.4000              0.0410              3.1446              0.0189  
forward:               0.4500              0.0215              3.1661              0.0192  
forward:               0.5000             -0.0066              3.1595              0.0194  
forward:               0.5500             -0.0395              3.1200              0.0196  
forward:               0.6000             -0.0899              3.0301              0.0199  
forward:               0.6500             -0.1238              2.9063              0.0201  
forward:               0.7000             -0.1631              2.7432              0.0203  
forward:               0.7500             -0.1921              2.5511              0.0205  
forward:               0.8000             -0.2123              2.3389              0.0207  
forward:               0.8500             -0.2324              2.1064              0.0208  
forward:               0.9000             -0.2486              1.8578              0.0210  
forward:               0.9500             -0.2661              1.5917              0.0211  
forward:               1.0000             -0.2747              1.3170              0.0212  
backward:              1.0000              0.0000              1.3170              0.0000  
backward:              0.9500              0.2753              1.5923              0.0031  
backward:              0.9000              0.2624              1.8547              0.0046  
backward:              0.8500              0.2514              2.1061              0.0055  
backward:              0.8000              0.2337              2.3398              0.0062  
backward:              0.7500              0.2160              2.5559              0.0070  
backward:              0.7000              0.1874              2.7432              0.0077  
backward:              0.6500              0.1591              2.9023              0.0084  
backward:              0.6000              0.1289              3.0312              0.0091  
backward:              0.5500              0.0843              3.1156              0.0097  
backward:              0.5000              0.0401              3.1556              0.0105  
backward:              0.4500             -0.0012              3.1544              0.0112  
backward:              0.4000             -0.0119              3.1425              0.0121  
backward:              0.3500             -0.0513              3.0913              0.0128  
backward:              0.3000             -0.0734              3.0179              0.0137  
backward:              0.2500             -0.1154              2.9025              0.0147  
backward:              0.2000             -0.1862              2.7162              0.0158  
backward:              0.1500             -0.2885              2.4277              0.0178  
backward:              0.1000             -0.4495              1.9781              0.0206  
backward:              0.0500             -0.7447              1.2334              0.0250  
backward:              0.0000             -1.2425             -0.0090              0.0315  
Inaccuracy estimation
======================================================================================================
                   i        i+δi          P0_overlap_P1   δε(forward)/ε   δε(backward)/ε
======================================================================================================
inaccuracy:  0.00000        0.05000           42.27           -0.03            1.37
inaccuracy:  0.05000        0.10000           53.24           -0.02            0.71
inaccuracy:  0.10000        0.15000           60.87           -0.02            0.40
inaccuracy:  0.15000        0.20000           66.56           -0.01            0.26
inaccuracy:  0.20000        0.25000           70.40           -0.01            0.18
inaccuracy:  0.25000        0.30000           72.38           -0.01            0.15
inaccuracy:  0.30000        0.35000           73.39           -0.01            0.13
inaccuracy:  0.35000        0.40000           75.37           -0.01            0.11
inaccuracy:  0.40000        0.45000           74.35           -0.01            0.10
inaccuracy:  0.45000        0.50000           76.05           -0.01            0.09
inaccuracy:  0.50000        0.55000           73.71           -0.02            0.09
inaccuracy:  0.55000        0.60000           75.15           -0.02            0.09
inaccuracy:  0.60000        0.65000           74.52           -0.02            0.09
inaccuracy:  0.65000        0.70000           75.50           -0.02            0.08
inaccuracy:  0.70000        0.75000           75.79           -0.02            0.08
inaccuracy:  0.75000        0.80000           75.05           -0.02            0.07
inaccuracy:  0.80000        0.85000           75.15           -0.03            0.07
inaccuracy:  0.85000        0.90000           75.08           -0.03            0.07
inaccuracy:  0.90000        0.95000           75.04           -0.03            0.07
inaccuracy:  0.95000        1.00000           74.51           -0.03            0.07
===================================================================================================================================
                BAR        
-----------------------------------------------------------------------------------------------------------------------------------
BAR-estimator:         λ             λ+δλ          ΔΔA             ΔA            C               Δδe            δe       
                          
-----------------------------------------------------------------------------------------------------------------------------------
BAR-estimator:      0.00000        0.05000        1.2616         1.2616         1.2616         0.0063         0.0063 
BAR-estimator:      0.05000        0.10000        0.7575         2.0191         0.7575         0.0062         0.0088 
BAR-estimator:      0.10000        0.15000        0.4429         2.4620         0.4429         0.0049         0.0101 
BAR-estimator:      0.15000        0.20000        0.2841         2.7461         0.2841         0.0036         0.0107 
BAR-estimator:      0.20000        0.25000        0.1768         2.9229         0.1768         0.0028         0.0111 
BAR-estimator:      0.25000        0.30000        0.1142         3.0371         0.1142         0.0027         0.0114 
BAR-estimator:      0.30000        0.35000        0.0714         3.1085         0.0714         0.0025         0.0117 
BAR-estimator:      0.35000        0.40000        0.0443         3.1528         0.0443         0.0026         0.0120 
BAR-estimator:      0.40000        0.45000        0.0188         3.1716         0.0188         0.0022         0.0121 
BAR-estimator:      0.45000        0.50000       -0.0043         3.1673        -0.0043         0.0021         0.0123 
BAR-estimator:      0.50000        0.55000       -0.0402         3.1271        -0.0402         0.0021         0.0125 
BAR-estimator:      0.55000        0.60000       -0.0881         3.0390        -0.0881         0.0019         0.0127 
BAR-estimator:      0.60000        0.65000       -0.1261         2.9129        -0.1261         0.0020         0.0128 
BAR-estimator:      0.65000        0.70000       -0.1617         2.7512        -0.1617         0.0022         0.0130 
BAR-estimator:      0.70000        0.75000       -0.1897         2.5615        -0.1897         0.0021         0.0132 
BAR-estimator:      0.75000        0.80000       -0.2138         2.3477        -0.2138         0.0022         0.0133 
BAR-estimator:      0.80000        0.85000       -0.2326         2.1151        -0.2326         0.0021         0.0135 
BAR-estimator:      0.85000        0.90000       -0.2491         1.8660        -0.2491         0.0020         0.0136 
BAR-estimator:      0.90000        0.95000       -0.2663         1.5997        -0.2663         0.0022         0.0138 
BAR-estimator:      0.95000        1.00000       -0.2751         1.3246        -0.2751         0.0020         0.0140 
BAR-estimator: total free energy change is 1.3245829217609595 , total error is 0.01398082656440867
