#========================================================================================
#                     Free energy perturbation    
#----------------------------------------------------------------------------------------
#forward/backward          λ              ΔΔA                 ΔA                  δε   
#                                                 
#----------------------------------------------------------------------------------------
forward:               0.0000              0.0000              0.0000              0.0000  
forward:               0.0500              1.5376              1.5376              0.0142  
forward:               0.1000              0.9158              2.4534              0.0184  
forward:               0.1500              0.4854              2.9389              0.0195  
forward:               0.2000              0.2216              3.1605              0.0207  
forward:               0.2500              0.0794              3.2398              0.0215  
forward:               0.3000             -0.0264              3.2135              0.0221  
forward:               0.3500             -0.0969              3.1165              0.0224  
forward:               0.4000             -0.1386              2.9779              0.0227  
forward:               0.4500             -0.1796              2.7983              0.0230  
forward:               0.5000             -0.2166              2.5817              0.0232  
forward:               0.5500             -0.3298              2.2518              0.0236  
forward:               0.6000             -0.4722              1.7796              0.0239  
forward:               0.6500             -0.5774              1.2022              0.0241  
forward:               0.7000             -0.6652              0.5370              0.0244  
forward:               0.7500             -0.7385             -0.2015              0.0246  
forward:               0.8000             -0.7931             -0.9946              0.0248  
forward:               0.8500             -0.8340             -1.8286              0.0251  
forward:               0.9000             -0.8686             -2.6972              0.0255  
forward:               0.9500             -0.9017             -3.5989              0.0259  
forward:               1.0000             -0.9297             -4.5287              0.0263  
backward:              1.0000              0.0000             -4.5287              0.0000  
backward:              0.9500              0.9379             -3.5908              0.0060  
backward:              0.9000              0.8987             -2.6921              0.0090  
backward:              0.8500              0.8685             -1.8237              0.0107  
backward:              0.8000              0.8366             -0.9871              0.0117  
backward:              0.7500              0.7802             -0.2069              0.0125  
backward:              0.7000              0.7379              0.5310              0.0131  
backward:              0.6500              0.6631              1.1941              0.0137  
backward:              0.6000              0.5780              1.7721              0.0143  
backward:              0.5500              0.4669              2.2390              0.0156  
backward:              0.5000              0.3247              2.5637              0.0173  
backward:              0.4500              0.2135              2.7772              0.0176  
backward:              0.4000              0.1848              2.9620              0.0182  
backward:              0.3500              0.1334              3.0954              0.0189  
backward:              0.3000              0.0929              3.1883              0.0195  
backward:              0.2500              0.0223              3.2106              0.0206  
backward:              0.2000             -0.0768              3.1338              0.0216  
backward:              0.1500             -0.2337              2.9001              0.0238  
backward:              0.1000             -0.4607              2.4394              0.0268  
backward:              0.0500             -0.8939              1.5455              0.0342  
backward:              0.0000             -1.5430              0.0025              0.0537  
Inaccuracy estimation
======================================================================================================
                   i        i+δi          P0_overlap_P1   δε(forward)/ε   δε(backward)/ε
======================================================================================================
inaccuracy:  0.00000        0.05000           36.84           -0.05            1.63
inaccuracy:  0.05000        0.10000           44.05           -0.06            1.11
inaccuracy:  0.10000        0.15000           52.73           -0.05            0.61
inaccuracy:  0.15000        0.20000           60.40           -0.03            0.36
inaccuracy:  0.20000        0.25000           63.43           -0.03            0.26
inaccuracy:  0.25000        0.30000           67.20           -0.03            0.19
inaccuracy:  0.30000        0.35000           69.04           -0.02            0.16
inaccuracy:  0.35000        0.40000           69.99           -0.03            0.13
inaccuracy:  0.40000        0.45000           70.70           -0.03            0.13
inaccuracy:  0.45000        0.50000           71.89           -0.03            0.11
inaccuracy:  0.50000        0.55000           66.77           -0.07            0.12
inaccuracy:  0.55000        0.60000           67.26           -0.07            0.10
inaccuracy:  0.60000        0.65000           68.72           -0.07            0.08
inaccuracy:  0.65000        0.70000           68.61           -0.07            0.07
inaccuracy:  0.70000        0.75000           68.72           -0.07            0.06
inaccuracy:  0.75000        0.80000           69.78           -0.07            0.06
inaccuracy:  0.80000        0.85000           68.10           -0.09            0.06
inaccuracy:  0.85000        0.90000           68.23           -0.08            0.06
inaccuracy:  0.90000        0.95000           67.58           -0.10            0.06
inaccuracy:  0.95000        1.00000           67.00           -0.10            0.05
===================================================================================================================================
                BAR        
-----------------------------------------------------------------------------------------------------------------------------------
BAR-estimator:         λ             λ+δλ          ΔΔA             ΔA            C               Δδe            δe       
                          
-----------------------------------------------------------------------------------------------------------------------------------
BAR-estimator:      0.00000        0.05000        1.5324         1.5324         1.5324         0.0084         0.0084 
BAR-estimator:      0.05000        0.10000        0.9076         2.4400         0.9076         0.0063         0.0105 
BAR-estimator:      0.10000        0.15000        0.4840         2.9240         0.4840         0.0058         0.0120 
BAR-estimator:      0.15000        0.20000        0.2263         3.1503         0.2263         0.0046         0.0128 
BAR-estimator:      0.20000        0.25000        0.0763         3.2267         0.0763         0.0038         0.0134 
BAR-estimator:      0.25000        0.30000       -0.0251         3.2016        -0.0251         0.0034         0.0138 
BAR-estimator:      0.30000        0.35000       -0.0956         3.1061        -0.0956         0.0028         0.0141 
BAR-estimator:      0.35000        0.40000       -0.1377         2.9683        -0.1377         0.0019         0.0142 
BAR-estimator:      0.40000        0.45000       -0.1803         2.7880        -0.1803         0.0025         0.0145 
BAR-estimator:      0.45000        0.50000       -0.2138         2.5742        -0.2138         0.0023         0.0146 
BAR-estimator:      0.50000        0.55000       -0.3266         2.2476        -0.3266         0.0027         0.0149 
BAR-estimator:      0.55000        0.60000       -0.4715         1.7761        -0.4715         0.0026         0.0151 
BAR-estimator:      0.60000        0.65000       -0.5782         1.1979        -0.5782         0.0025         0.0153 
BAR-estimator:      0.65000        0.70000       -0.6635         0.5344        -0.6635         0.0024         0.0155 
BAR-estimator:      0.70000        0.75000       -0.7396        -0.2052        -0.7396         0.0022         0.0157 
BAR-estimator:      0.75000        0.80000       -0.7868        -0.9920        -0.7868         0.0025         0.0159 
BAR-estimator:      0.80000        0.85000       -0.8365        -1.8285        -0.8365         0.0026         0.0161 
BAR-estimator:      0.85000        0.90000       -0.8675        -2.6959        -0.8675         0.0031         0.0164 
BAR-estimator:      0.90000        0.95000       -0.9045        -3.6004        -0.9045         0.0021         0.0165 
BAR-estimator:      0.95000        1.00000       -0.9356        -4.5360        -0.9356         0.0032         0.0168 
BAR-estimator: total free energy change is -4.5359674949793325 , total error is 0.016800073659635456
