#========================================================================================
#                     Free energy perturbation    
#----------------------------------------------------------------------------------------
#forward/backward          λ              ΔΔA                 ΔA                  δε   
#                                                 
#----------------------------------------------------------------------------------------
forward:               0.0000              0.0000              0.0000              0.0000  
forward:               0.0500              2.5702              2.5702              0.0249  
forward:               0.1000              1.5005              4.0708              0.0312  
forward:               0.1500              0.7522              4.8230              0.0334  
forward:               0.2000              0.3385              5.1615              0.0344  
forward:               0.2500              0.1309              5.2924              0.0352  
forward:               0.3000              0.0087              5.3011              0.0355  
forward:               0.3500             -0.0798              5.2213              0.0357  
forward:               0.4000             -0.1458              5.0756              0.0358  
forward:               0.4500             -0.1950              4.8806              0.0360  
forward:               0.5000             -0.2231              4.6575              0.0361  
forward:               0.5500             -0.4278              4.2297              0.0365  
forward:               0.6000             -0.7273              3.5024              0.0367  
forward:               0.6500             -0.9686              2.5338              0.0371  
forward:               0.7000             -1.1766              1.3573              0.0374  
forward:               0.7500             -1.3331              0.0242              0.0379  
forward:               0.8000             -1.4128             -1.3887              0.0383  
forward:               0.8500             -1.4678             -2.8565              0.0394  
forward:               0.9000             -1.4972             -4.3537              0.0416  
forward:               0.9500             -1.4908             -5.8444              0.0437  
forward:               1.0000             -1.5595             -7.4039              0.0597  
backward:              1.0000              0.0000             -7.4039              0.0000  
backward:              0.9500              1.5462             -5.8577              0.0063  
backward:              0.9000              1.4979             -4.3599              0.0149  
backward:              0.8500              1.4974             -2.8625              0.0163  
backward:              0.8000              1.4663             -1.3962              0.0174  
backward:              0.7500              1.4155              0.0193              0.0184  
backward:              0.7000              1.3294              1.3487              0.0204  
backward:              0.6500              1.1693              2.5180              0.0213  
backward:              0.6000              0.9730              3.4910              0.0223  
backward:              0.5500              0.7302              4.2212              0.0231  
backward:              0.5000              0.4102              4.6314              0.0241  
backward:              0.4500              0.2213              4.8527              0.0245  
backward:              0.4000              0.1829              5.0356              0.0252  
backward:              0.3500              0.1440              5.1797              0.0256  
backward:              0.3000              0.0869              5.2666              0.0263  
backward:              0.2500              0.0033              5.2699              0.0271  
backward:              0.2000             -0.1310              5.1389              0.0283  
backward:              0.1500             -0.3588              4.7800              0.0307  
backward:              0.1000             -0.7423              4.0378              0.0345  
backward:              0.0500             -1.4929              2.5449              0.0474  
backward:              0.0000             -2.5213              0.0236              0.0632  
Inaccuracy estimation
======================================================================================================
                   i        i+δi          P0_overlap_P1   δε(forward)/ε   δε(backward)/ε
======================================================================================================
inaccuracy:  0.00000        0.05000           25.72            0.09            3.31
inaccuracy:  0.05000        0.10000           35.36           -0.07            1.96
inaccuracy:  0.10000        0.15000           45.81           -0.07            0.98
inaccuracy:  0.15000        0.20000           56.29           -0.04            0.51
inaccuracy:  0.20000        0.25000           61.27           -0.04            0.31
inaccuracy:  0.25000        0.30000           64.10           -0.03            0.22
inaccuracy:  0.30000        0.35000           66.22           -0.04            0.18
inaccuracy:  0.35000        0.40000           68.65           -0.03            0.15
inaccuracy:  0.40000        0.45000           70.64           -0.03            0.13
inaccuracy:  0.45000        0.50000           70.18           -0.03            0.12
inaccuracy:  0.50000        0.55000           60.71           -0.14            0.17
inaccuracy:  0.55000        0.60000           61.75           -0.15            0.11
inaccuracy:  0.60000        0.65000           61.61           -0.19            0.07
inaccuracy:  0.65000        0.70000           62.26           -0.19            0.04
inaccuracy:  0.70000        0.75000           62.03           -0.21            0.03
inaccuracy:  0.75000        0.80000           61.37           -0.20            0.02
inaccuracy:  0.80000        0.85000           61.24           -0.20            0.02
inaccuracy:  0.85000        0.90000           60.19           -0.22            0.02
inaccuracy:  0.90000        0.95000           59.13           -0.25            0.03
inaccuracy:  0.95000        1.00000           57.84           -0.24            0.03
===================================================================================================================================
                BAR        
-----------------------------------------------------------------------------------------------------------------------------------
BAR-estimator:         λ             λ+δλ          ΔΔA             ΔA            C               Δδe            δe       
                          
-----------------------------------------------------------------------------------------------------------------------------------
BAR-estimator:      0.00000        0.05000        2.5747         2.5747         2.5747         0.0091         0.0091 
BAR-estimator:      0.05000        0.10000        1.5051         4.0798         1.5051         0.0095         0.0132 
BAR-estimator:      0.10000        0.15000        0.7533         4.8331         0.7533         0.0111         0.0172 
BAR-estimator:      0.15000        0.20000        0.3490         5.1821         0.3490         0.0057         0.0181 
BAR-estimator:      0.20000        0.25000        0.1314         5.3135         0.1314         0.0052         0.0188 
BAR-estimator:      0.25000        0.30000        0.0018         5.3153         0.0018         0.0046         0.0194 
BAR-estimator:      0.30000        0.35000       -0.0823         5.2330        -0.0823         0.0031         0.0197 
BAR-estimator:      0.35000        0.40000       -0.1438         5.0892        -0.1438         0.0028         0.0199 
BAR-estimator:      0.40000        0.45000       -0.1880         4.9012        -0.1880         0.0025         0.0200 
BAR-estimator:      0.45000        0.50000       -0.2205         4.6807        -0.2205         0.0029         0.0202 
BAR-estimator:      0.50000        0.55000       -0.4227         4.2580        -0.4227         0.0032         0.0205 
BAR-estimator:      0.55000        0.60000       -0.7260         3.5320        -0.7260         0.0036         0.0208 
BAR-estimator:      0.60000        0.65000       -0.9687         2.5633        -0.9687         0.0035         0.0211 
BAR-estimator:      0.65000        0.70000       -1.1746         1.3887        -1.1746         0.0039         0.0214 
BAR-estimator:      0.70000        0.75000       -1.3322         0.0565        -1.3322         0.0029         0.0216 
BAR-estimator:      0.75000        0.80000       -1.4120        -1.3555        -1.4120         0.0035         0.0219 
BAR-estimator:      0.80000        0.85000       -1.4653        -2.8208        -1.4653         0.0049         0.0225 
BAR-estimator:      0.85000        0.90000       -1.5023        -4.3231        -1.5023         0.0067         0.0234 
BAR-estimator:      0.90000        0.95000       -1.4963        -5.8194        -1.4963         0.0064         0.0243 
BAR-estimator:      0.95000        1.00000       -1.5520        -7.3713        -1.5520         0.0157         0.0289 
BAR-estimator: total free energy change is -7.371343120408609 , total error is 0.028932539691939107
