#========================================================================================
#                     Free energy perturbation    
#----------------------------------------------------------------------------------------
#forward/backward          λ              ΔΔA                 ΔA                  δε   
#                                                 
#----------------------------------------------------------------------------------------
forward:               0.0000              0.0000              0.0000              0.0000  
forward:               0.0500              1.0250              1.0250              0.0099  
forward:               0.1000              0.6013              1.6262              0.0123  
forward:               0.1500              0.3794              2.0057              0.0137  
forward:               0.2000              0.2379              2.2435              0.0145  
forward:               0.2500              0.1657              2.4092              0.0150  
forward:               0.3000              0.1117              2.5209              0.0155  
forward:               0.3500              0.0841              2.6050              0.0158  
forward:               0.4000              0.0548              2.6598              0.0161  
forward:               0.4500              0.0332              2.6929              0.0164  
forward:               0.5000              0.0152              2.7081              0.0166  
forward:               0.5500             -0.0113              2.6969              0.0169  
forward:               0.6000             -0.0668              2.6301              0.0171  
forward:               0.6500             -0.1062              2.5239              0.0173  
forward:               0.7000             -0.1364              2.3875              0.0175  
forward:               0.7500             -0.1614              2.2261              0.0176  
forward:               0.8000             -0.1851              2.0410              0.0178  
forward:               0.8500             -0.2083              1.8327              0.0180  
forward:               0.9000             -0.2214              1.6113              0.0181  
forward:               0.9500             -0.2336              1.3777              0.0182  
forward:               1.0000             -0.2496              1.1280              0.0184  
backward:              1.0000              0.0000              1.1280              0.0000  
backward:              0.9500              0.2468              1.3749              0.0030  
backward:              0.9000              0.2304              1.6053              0.0040  
backward:              0.8500              0.2203              1.8256              0.0050  
backward:              0.8000              0.2033              2.0289              0.0063  
backward:              0.7500              0.1860              2.2149              0.0069  
backward:              0.7000              0.1550              2.3699              0.0076  
backward:              0.6500              0.1373              2.5072              0.0083  
backward:              0.6000              0.0998              2.6070              0.0089  
backward:              0.5500              0.0629              2.6699              0.0095  
backward:              0.5000              0.0140              2.6839              0.0102  
backward:              0.4500             -0.0212              2.6627              0.0113  
backward:              0.4000             -0.0339              2.6288              0.0118  
backward:              0.3500             -0.0553              2.5735              0.0125  
backward:              0.3000             -0.0827              2.4908              0.0131  
backward:              0.2500             -0.1175              2.3733              0.0140  
backward:              0.2000             -0.1696              2.2037              0.0146  
backward:              0.1500             -0.2453              1.9584              0.0158  
backward:              0.1000             -0.4273              1.5311              0.0280  
backward:              0.0500             -0.6053              0.9258              0.0322  
backward:              0.0000             -1.0390             -0.1132              0.0373  
Inaccuracy estimation
======================================================================================================
                   i        i+δi          P0_overlap_P1   δε(forward)/ε   δε(backward)/ε
======================================================================================================
inaccuracy:  0.00000        0.05000           47.19           -0.02            1.07
inaccuracy:  0.05000        0.10000           57.23           -0.02            0.55
inaccuracy:  0.10000        0.15000           64.77           -0.01            0.31
inaccuracy:  0.15000        0.20000           70.04           -0.01            0.21
inaccuracy:  0.20000        0.25000           72.58           -0.01            0.16
inaccuracy:  0.25000        0.30000           75.01           -0.01            0.12
inaccuracy:  0.30000        0.35000           75.02           -0.01            0.11
inaccuracy:  0.35000        0.40000           76.69           -0.01            0.10
inaccuracy:  0.40000        0.45000           77.23           -0.01            0.09
inaccuracy:  0.45000        0.50000           77.90           -0.01            0.08
inaccuracy:  0.50000        0.55000           74.97           -0.02            0.09
inaccuracy:  0.55000        0.60000           76.92           -0.02            0.08
inaccuracy:  0.60000        0.65000           77.49           -0.02            0.07
inaccuracy:  0.65000        0.70000           76.63           -0.02            0.07
inaccuracy:  0.70000        0.75000           77.62           -0.02            0.06
inaccuracy:  0.75000        0.80000           76.56           -0.02            0.07
inaccuracy:  0.80000        0.85000           77.10           -0.02            0.06
inaccuracy:  0.85000        0.90000           76.89           -0.02            0.06
inaccuracy:  0.90000        0.95000           76.84           -0.02            0.06
inaccuracy:  0.95000        1.00000           77.15           -0.02            0.06
===================================================================================================================================
                BAR        
-----------------------------------------------------------------------------------------------------------------------------------
BAR-estimator:         λ             λ+δλ          ΔΔA             ΔA            C               Δδe            δe       
                          
-----------------------------------------------------------------------------------------------------------------------------------
BAR-estimator:      0.00000        0.05000        1.0375         1.0375         1.0375         0.0055         0.0055 
BAR-estimator:      0.05000        0.10000        0.6024         1.6400         0.6024         0.0046         0.0072 
BAR-estimator:      0.10000        0.15000        0.3796         2.0196         0.3796         0.0029         0.0077 
BAR-estimator:      0.15000        0.20000        0.2432         2.2627         0.2432         0.0032         0.0084 
BAR-estimator:      0.20000        0.25000        0.1659         2.4286         0.1659         0.0027         0.0088 
BAR-estimator:      0.25000        0.30000        0.1132         2.5418         0.1132         0.0025         0.0091 
BAR-estimator:      0.30000        0.35000        0.0832         2.6251         0.0832         0.0024         0.0094 
BAR-estimator:      0.35000        0.40000        0.0555         2.6806         0.0555         0.0022         0.0097 
BAR-estimator:      0.40000        0.45000        0.0340         2.7146         0.0340         0.0020         0.0099 
BAR-estimator:      0.45000        0.50000        0.0173         2.7319         0.0173         0.0020         0.0101 
BAR-estimator:      0.50000        0.55000       -0.0136         2.7183        -0.0136         0.0021         0.0103 
BAR-estimator:      0.55000        0.60000       -0.0649         2.6535        -0.0649         0.0020         0.0105 
BAR-estimator:      0.60000        0.65000       -0.1034         2.5501        -0.1034         0.0019         0.0107 
BAR-estimator:      0.65000        0.70000       -0.1382         2.4119        -0.1382         0.0018         0.0108 
BAR-estimator:      0.70000        0.75000       -0.1592         2.2526        -0.1592         0.0020         0.0110 
BAR-estimator:      0.75000        0.80000       -0.1855         2.0671        -0.1855         0.0019         0.0112 
BAR-estimator:      0.80000        0.85000       -0.2072         1.8599        -0.2072         0.0018         0.0113 
BAR-estimator:      0.85000        0.90000       -0.2210         1.6389        -0.2210         0.0020         0.0115 
BAR-estimator:      0.90000        0.95000       -0.2337         1.4052        -0.2337         0.0020         0.0117 
BAR-estimator:      0.95000        1.00000       -0.2487         1.1565        -0.2487         0.0019         0.0118 
BAR-estimator: total free energy change is 1.1565057931778102 , total error is 0.011835628077176563
