#========================================================================================
#                     Free energy perturbation    
#----------------------------------------------------------------------------------------
#forward/backward          λ              ΔΔA                 ΔA                  δε   
#                                                 
#----------------------------------------------------------------------------------------
forward:               0.0000              0.0000              0.0000              0.0000  
forward:               0.0500              4.2798              4.2798              0.0519  
forward:               0.1000              2.3941              6.6739              0.0698  
forward:               0.1500              1.1031              7.7770              0.0714  
forward:               0.2000              0.4318              8.2087              0.0723  
forward:               0.2500              0.0794              8.2882              0.0729  
forward:               0.3000             -0.1256              8.1625              0.0732  
forward:               0.3500             -0.2238              7.9387              0.0734  
forward:               0.4000             -0.3057              7.6330              0.0736  
forward:               0.4500             -0.3646              7.2684              0.0737  
forward:               0.5000             -0.4136              6.8547              0.0738  
forward:               0.5500             -0.6889              6.1659              0.0741  
forward:               0.6000             -1.0693              5.0966              0.0743  
forward:               0.6500             -1.3991              3.6975              0.0746  
forward:               0.7000             -1.6484              2.0492              0.0751  
forward:               0.7500             -1.8145              0.2347              0.0753  
forward:               0.8000             -1.9001             -1.6654              0.0755  
forward:               0.8500             -1.9351             -3.6005              0.0756  
forward:               0.9000             -1.9405             -5.5410              0.0758  
forward:               0.9500             -1.9389             -7.4798              0.0760  
forward:               1.0000             -1.9323             -9.4121              0.0761  
backward:              1.0000              0.0000             -9.4121              0.0000  
backward:              0.9500              1.9166             -7.4955              0.0082  
backward:              0.9000              1.9290             -5.5665              0.0121  
backward:              0.8500              1.9218             -3.6447              0.0147  
backward:              0.8000              1.9216             -1.7231              0.0172  
backward:              0.7500              1.8866              0.1636              0.0200  
backward:              0.7000              1.8085              1.9721              0.0213  
backward:              0.6500              1.6424              3.6145              0.0227  
backward:              0.6000              1.3817              4.9962              0.0241  
backward:              0.5500              1.0732              6.0693              0.0251  
backward:              0.5000              0.6824              6.7518              0.0267  
backward:              0.4500              0.4159              7.1676              0.0276  
backward:              0.4000              0.3739              7.5415              0.0283  
backward:              0.3500              0.3113              7.8529              0.0292  
backward:              0.3000              0.2430              8.0959              0.0303  
backward:              0.2500              0.1101              8.2060              0.0316  
backward:              0.2000             -0.0460              8.1600              0.0335  
backward:              0.1500             -0.4000              7.7599              0.0382  
backward:              0.1000             -1.2392              6.5207              0.1283  
backward:              0.0500             -2.3322              4.1885              0.1382  
backward:              0.0000             -3.9507              0.2378              0.1556  
Inaccuracy estimation
======================================================================================================
                   i        i+δi          P0_overlap_P1   δε(forward)/ε   δε(backward)/ε
======================================================================================================
inaccuracy:  0.00000        0.05000           13.26            0.85            6.79
inaccuracy:  0.05000        0.10000           22.32           -0.01            3.77
inaccuracy:  0.10000        0.15000           33.53           -0.18            1.85
inaccuracy:  0.15000        0.20000           44.14           -0.12            0.93
inaccuracy:  0.20000        0.25000           51.75           -0.10            0.51
inaccuracy:  0.25000        0.30000           57.52           -0.09            0.34
inaccuracy:  0.30000        0.35000           58.66           -0.07            0.28
inaccuracy:  0.35000        0.40000           60.95           -0.07            0.22
inaccuracy:  0.40000        0.45000           61.61           -0.06            0.19
inaccuracy:  0.45000        0.50000           62.96           -0.06            0.18
inaccuracy:  0.50000        0.55000           53.29           -0.25            0.23
inaccuracy:  0.55000        0.60000           54.78           -0.29            0.13
inaccuracy:  0.60000        0.65000           55.33           -0.31            0.07
inaccuracy:  0.65000        0.70000           55.12           -0.32            0.03
inaccuracy:  0.70000        0.75000           56.32           -0.32           -0.01
inaccuracy:  0.75000        0.80000           55.79           -0.31           -0.02
inaccuracy:  0.80000        0.85000           55.67           -0.33           -0.01
inaccuracy:  0.85000        0.90000           55.05           -0.32           -0.01
inaccuracy:  0.90000        0.95000           54.47           -0.31           -0.00
inaccuracy:  0.95000        1.00000           53.81           -0.34            0.00
===================================================================================================================================
                BAR        
-----------------------------------------------------------------------------------------------------------------------------------
BAR-estimator:         λ             λ+δλ          ΔΔA             ΔA            C               Δδe            δe       
                          
-----------------------------------------------------------------------------------------------------------------------------------
BAR-estimator:      0.00000        0.05000        4.2051         4.2051         4.2051         0.0139         0.0139 
BAR-estimator:      0.05000        0.10000        2.3677         6.5728         2.3677         0.0116         0.0181 
BAR-estimator:      0.10000        0.15000        1.0964         7.6692         1.0964         0.0109         0.0211 
BAR-estimator:      0.15000        0.20000        0.4233         8.0925         0.4233         0.0073         0.0223 
BAR-estimator:      0.20000        0.25000        0.0709         8.1634         0.0709         0.0054         0.0230 
BAR-estimator:      0.25000        0.30000       -0.1170         8.0464        -0.1170         0.0046         0.0234 
BAR-estimator:      0.30000        0.35000       -0.2278         7.8186        -0.2278         0.0040         0.0238 
BAR-estimator:      0.35000        0.40000       -0.3065         7.5121        -0.3065         0.0033         0.0240 
BAR-estimator:      0.40000        0.45000       -0.3651         7.1471        -0.3651         0.0032         0.0242 
BAR-estimator:      0.45000        0.50000       -0.4134         6.7337        -0.4134         0.0029         0.0244 
BAR-estimator:      0.50000        0.55000       -0.6869         6.0468        -0.6869         0.0037         0.0247 
BAR-estimator:      0.55000        0.60000       -1.0689         4.9778        -1.0689         0.0036         0.0250 
BAR-estimator:      0.60000        0.65000       -1.3928         3.5850        -1.3928         0.0036         0.0252 
BAR-estimator:      0.65000        0.70000       -1.6480         1.9370        -1.6480         0.0044         0.0256 
BAR-estimator:      0.70000        0.75000       -1.8116         0.1254        -1.8116         0.0040         0.0259 
BAR-estimator:      0.75000        0.80000       -1.8988        -1.7734        -1.8988         0.0039         0.0262 
BAR-estimator:      0.80000        0.85000       -1.9357        -3.7091        -1.9357         0.0038         0.0265 
BAR-estimator:      0.85000        0.90000       -1.9412        -5.6503        -1.9412         0.0039         0.0268 
BAR-estimator:      0.90000        0.95000       -1.9350        -7.5853        -1.9350         0.0042         0.0271 
BAR-estimator:      0.95000        1.00000       -1.9265        -9.5118        -1.9265         0.0037         0.0273 
BAR-estimator: total free energy change is -9.51181702008551 , total error is 0.02734392904794114
