#========================================================================================
#                     Free energy perturbation    
#----------------------------------------------------------------------------------------
#forward/backward          λ              ΔΔA                 ΔA                  δε   
#                                                 
#----------------------------------------------------------------------------------------
forward:               0.0000              0.0000              0.0000              0.0000  
forward:               0.0500              1.5101              1.5101              0.0139  
forward:               0.1000              0.9619              2.4719              0.0183  
forward:               0.1500              0.5599              3.0319              0.0203  
forward:               0.2000              0.3345              3.3664              0.0213  
forward:               0.2500              0.1979              3.5642              0.0220  
forward:               0.3000              0.1186              3.6828              0.0227  
forward:               0.3500              0.0570              3.7398              0.0231  
forward:               0.4000              0.0177              3.7575              0.0235  
forward:               0.4500             -0.0168              3.7406              0.0238  
forward:               0.5000             -0.0372              3.7035              0.0241  
forward:               0.5500             -0.1549              3.5486              0.0244  
forward:               0.6000             -0.3392              3.2094              0.0248  
forward:               0.6500             -0.5124              2.6970              0.0252  
forward:               0.7000             -0.6596              2.0374              0.0255  
forward:               0.7500             -0.7541              1.2833              0.0258  
forward:               0.8000             -0.8182              0.4651              0.0261  
forward:               0.8500             -0.8445             -0.3795              0.0264  
forward:               0.9000             -0.8589             -1.2383              0.0267  
forward:               0.9500             -0.8611             -2.0994              0.0269  
forward:               1.0000             -0.8578             -2.9572              0.0272  
backward:              1.0000              0.0000             -2.9572              0.0000  
backward:              0.9500              0.8425             -2.1147              0.0055  
backward:              0.9000              0.8535             -1.2612              0.0070  
backward:              0.8500              0.8594             -0.4018              0.0085  
backward:              0.8000              0.8335              0.4318              0.0098  
backward:              0.7500              0.8174              1.2491              0.0108  
backward:              0.7000              0.7530              2.0022              0.0119  
backward:              0.6500              0.6486              2.6508              0.0134  
backward:              0.6000              0.5026              3.1534              0.0145  
backward:              0.5500              0.3303              3.4836              0.0154  
backward:              0.5000              0.1371              3.6207              0.0162  
backward:              0.4500              0.0428              3.6635              0.0168  
backward:              0.4000              0.0128              3.6763              0.0175  
backward:              0.3500             -0.0212              3.6551              0.0184  
backward:              0.3000             -0.0560              3.5991              0.0190  
backward:              0.2500             -0.1174              3.4818              0.0200  
backward:              0.2000             -0.2117              3.2701              0.0215  
backward:              0.1500             -0.3395              2.9306              0.0232  
backward:              0.1000             -0.5688              2.3618              0.0286  
backward:              0.0500             -0.9546              1.4071              0.0353  
backward:              0.0000             -1.5683             -0.1612              0.0501  
Inaccuracy estimation
======================================================================================================
                   i        i+δi          P0_overlap_P1   δε(forward)/ε   δε(backward)/ε
======================================================================================================
inaccuracy:  0.00000        0.05000           38.81           -0.03            1.55
inaccuracy:  0.05000        0.10000           46.26           -0.04            1.04
inaccuracy:  0.10000        0.15000           55.16           -0.03            0.58
inaccuracy:  0.15000        0.20000           61.85           -0.03            0.36
inaccuracy:  0.20000        0.25000           65.89           -0.02            0.25
inaccuracy:  0.25000        0.30000           67.18           -0.02            0.21
inaccuracy:  0.30000        0.35000           69.52           -0.02            0.17
inaccuracy:  0.35000        0.40000           70.81           -0.02            0.14
inaccuracy:  0.40000        0.45000           71.51           -0.02            0.13
inaccuracy:  0.45000        0.50000           71.25           -0.02            0.13
inaccuracy:  0.50000        0.55000           66.55           -0.07            0.15
inaccuracy:  0.55000        0.60000           66.34           -0.09            0.12
inaccuracy:  0.60000        0.65000           66.16           -0.10            0.10
inaccuracy:  0.65000        0.70000           66.65           -0.10            0.08
inaccuracy:  0.70000        0.75000           65.95           -0.11            0.07
inaccuracy:  0.75000        0.80000           66.84           -0.10            0.07
inaccuracy:  0.80000        0.85000           66.92           -0.09            0.07
inaccuracy:  0.85000        0.90000           65.96           -0.10            0.07
inaccuracy:  0.90000        0.95000           66.23           -0.08            0.08
inaccuracy:  0.95000        1.00000           66.04           -0.09            0.08
===================================================================================================================================
                BAR        
-----------------------------------------------------------------------------------------------------------------------------------
BAR-estimator:         λ             λ+δλ          ΔΔA             ΔA            C               Δδe            δe       
                          
-----------------------------------------------------------------------------------------------------------------------------------
BAR-estimator:      0.00000        0.05000        1.5289         1.5289         1.5289         0.0071         0.0071 
BAR-estimator:      0.05000        0.10000        0.9637         2.4926         0.9637         0.0071         0.0101 
BAR-estimator:      0.10000        0.15000        0.5670         3.0596         0.5670         0.0060         0.0117 
BAR-estimator:      0.15000        0.20000        0.3391         3.3987         0.3391         0.0044         0.0125 
BAR-estimator:      0.20000        0.25000        0.2018         3.6005         0.2018         0.0021         0.0127 
BAR-estimator:      0.25000        0.30000        0.1186         3.7190         0.1186         0.0037         0.0132 
BAR-estimator:      0.30000        0.35000        0.0569         3.7759         0.0569         0.0031         0.0135 
BAR-estimator:      0.35000        0.40000        0.0189         3.7949         0.0189         0.0027         0.0138 
BAR-estimator:      0.40000        0.45000       -0.0152         3.7796        -0.0152         0.0027         0.0141 
BAR-estimator:      0.45000        0.50000       -0.0401         3.7395        -0.0401         0.0024         0.0143 
BAR-estimator:      0.50000        0.55000       -0.1473         3.5922        -0.1473         0.0027         0.0145 
BAR-estimator:      0.55000        0.60000       -0.3373         3.2550        -0.3373         0.0028         0.0148 
BAR-estimator:      0.60000        0.65000       -0.5091         2.7458        -0.5091         0.0028         0.0151 
BAR-estimator:      0.65000        0.70000       -0.6573         2.0886        -0.6573         0.0028         0.0153 
BAR-estimator:      0.70000        0.75000       -0.7559         1.3327        -0.7559         0.0030         0.0156 
BAR-estimator:      0.75000        0.80000       -0.8175         0.5151        -0.8175         0.0029         0.0159 
BAR-estimator:      0.80000        0.85000       -0.8407        -0.3255        -0.8407         0.0030         0.0162 
BAR-estimator:      0.85000        0.90000       -0.8576        -1.1831        -0.8576         0.0031         0.0165 
BAR-estimator:      0.90000        0.95000       -0.8566        -2.0397        -0.8566         0.0031         0.0168 
BAR-estimator:      0.95000        1.00000       -0.8518        -2.8915        -0.8518         0.0024         0.0169 
BAR-estimator: total free energy change is -2.8915289733127483 , total error is 0.016938931361770153
