#========================================================================================
#                     Free energy perturbation    
#----------------------------------------------------------------------------------------
#forward/backward          λ              ΔΔA                 ΔA                  δε   
#                                                 
#----------------------------------------------------------------------------------------
forward:               0.0000              0.0000              0.0000              0.0000  
forward:               0.0500              1.5708              1.5708              0.0151  
forward:               0.1000              0.8700              2.4409              0.0190  
forward:               0.1500              0.4662              2.9071              0.0209  
forward:               0.2000              0.2604              3.1675              0.0214  
forward:               0.2500              0.1535              3.3210              0.0221  
forward:               0.3000              0.0792              3.4003              0.0225  
forward:               0.3500              0.0372              3.4375              0.0228  
forward:               0.4000              0.0008              3.4383              0.0230  
forward:               0.4500             -0.0236              3.4147              0.0232  
forward:               0.5000             -0.0462              3.3685              0.0234  
forward:               0.5500             -0.1144              3.2541              0.0236  
forward:               0.6000             -0.1802              3.0739              0.0238  
forward:               0.6500             -0.2230              2.8509              0.0239  
forward:               0.7000             -0.2528              2.5981              0.0240  
forward:               0.7500             -0.2789              2.3192              0.0242  
forward:               0.8000             -0.2939              2.0253              0.0243  
forward:               0.8500             -0.3117              1.7136              0.0244  
forward:               0.9000             -0.3242              1.3894              0.0245  
forward:               0.9500             -0.3306              1.0588              0.0246  
forward:               1.0000             -0.3436              0.7152              0.0247  
backward:              1.0000              0.0000              0.7152              0.0000  
backward:              0.9500              0.3486              1.0638              0.0034  
backward:              0.9000              0.3321              1.3960              0.0043  
backward:              0.8500              0.3240              1.7200              0.0051  
backward:              0.8000              0.3108              2.0308              0.0058  
backward:              0.7500              0.2955              2.3263              0.0064  
backward:              0.7000              0.2773              2.6036              0.0070  
backward:              0.6500              0.2537              2.8573              0.0076  
backward:              0.6000              0.2223              3.0796              0.0081  
backward:              0.5500              0.1844              3.2640              0.0088  
backward:              0.5000              0.1200              3.3840              0.0095  
backward:              0.4500              0.0373              3.4213              0.0101  
backward:              0.4000              0.0272              3.4485              0.0107  
backward:              0.3500             -0.0026              3.4459              0.0113  
backward:              0.3000             -0.0407              3.4052              0.0123  
backward:              0.2500             -0.0911              3.3141              0.0133  
backward:              0.2000             -0.1560              3.1581              0.0147  
backward:              0.1500             -0.2967              2.8614              0.0200  
backward:              0.1000             -0.4576              2.4038              0.0229  
backward:              0.0500             -0.8396              1.5643              0.0396  
backward:              0.0000             -1.5232              0.0410              0.0485  
Inaccuracy estimation
======================================================================================================
                   i        i+δi          P0_overlap_P1   δε(forward)/ε   δε(backward)/ε
======================================================================================================
inaccuracy:  0.00000        0.05000           37.44           -0.03            2.08
inaccuracy:  0.05000        0.10000           47.37           -0.03            0.92
inaccuracy:  0.10000        0.15000           59.35           -0.02            0.45
inaccuracy:  0.15000        0.20000           67.85           -0.01            0.24
inaccuracy:  0.20000        0.25000           70.88           -0.01            0.17
inaccuracy:  0.25000        0.30000           73.90           -0.01            0.13
inaccuracy:  0.30000        0.35000           75.32           -0.01            0.11
inaccuracy:  0.35000        0.40000           76.56           -0.01            0.09
inaccuracy:  0.40000        0.45000           76.31           -0.01            0.09
inaccuracy:  0.45000        0.50000           78.66           -0.01            0.08
inaccuracy:  0.50000        0.55000           74.37           -0.03            0.08
inaccuracy:  0.55000        0.60000           75.35           -0.02            0.07
inaccuracy:  0.60000        0.65000           77.17           -0.02            0.06
inaccuracy:  0.65000        0.70000           76.92           -0.02            0.06
inaccuracy:  0.70000        0.75000           77.27           -0.02            0.05
inaccuracy:  0.75000        0.80000           76.81           -0.02            0.05
inaccuracy:  0.80000        0.85000           76.90           -0.02            0.05
inaccuracy:  0.85000        0.90000           76.81           -0.02            0.05
inaccuracy:  0.90000        0.95000           76.38           -0.03            0.05
inaccuracy:  0.95000        1.00000           76.20           -0.02            0.06
===================================================================================================================================
                BAR        
-----------------------------------------------------------------------------------------------------------------------------------
BAR-estimator:         λ             λ+δλ          ΔΔA             ΔA            C               Δδe            δe       
                          
-----------------------------------------------------------------------------------------------------------------------------------
BAR-estimator:      0.00000        0.05000        1.5664         1.5664         1.5664         0.0077         0.0077 
BAR-estimator:      0.05000        0.10000        0.8576         2.4240         0.8576         0.0066         0.0101 
BAR-estimator:      0.10000        0.15000        0.4631         2.8871         0.4631         0.0050         0.0113 
BAR-estimator:      0.15000        0.20000        0.2664         3.1535         0.2664         0.0034         0.0118 
BAR-estimator:      0.20000        0.25000        0.1552         3.3086         0.1552         0.0034         0.0123 
BAR-estimator:      0.25000        0.30000        0.0826         3.3912         0.0826         0.0028         0.0126 
BAR-estimator:      0.30000        0.35000        0.0385         3.4297         0.0385         0.0027         0.0129 
BAR-estimator:      0.35000        0.40000        0.0004         3.4302         0.0004         0.0021         0.0130 
BAR-estimator:      0.40000        0.45000       -0.0244         3.4058        -0.0244         0.0021         0.0132 
BAR-estimator:      0.45000        0.50000       -0.0435         3.3623        -0.0435         0.0021         0.0134 
BAR-estimator:      0.50000        0.55000       -0.1171         3.2452        -0.1171         0.0021         0.0135 
BAR-estimator:      0.55000        0.60000       -0.1822         3.0629        -0.1822         0.0021         0.0137 
BAR-estimator:      0.60000        0.65000       -0.2225         2.8404        -0.2225         0.0019         0.0138 
BAR-estimator:      0.65000        0.70000       -0.2526         2.5878        -0.2526         0.0019         0.0140 
BAR-estimator:      0.70000        0.75000       -0.2783         2.3095        -0.2783         0.0020         0.0141 
BAR-estimator:      0.75000        0.80000       -0.2943         2.0152        -0.2943         0.0020         0.0143 
BAR-estimator:      0.80000        0.85000       -0.3115         1.7036        -0.3115         0.0019         0.0144 
BAR-estimator:      0.85000        0.90000       -0.3244         1.3792        -0.3244         0.0021         0.0145 
BAR-estimator:      0.90000        0.95000       -0.3314         1.0479        -0.3314         0.0020         0.0147 
BAR-estimator:      0.95000        1.00000       -0.3451         0.7028        -0.3451         0.0018         0.0148 
BAR-estimator: total free energy change is 0.7027940350405788 , total error is 0.014770652532767842
