#========================================================================================
#                     Free energy perturbation    
#----------------------------------------------------------------------------------------
#forward/backward          λ              ΔΔA                 ΔA                  δε   
#                                                 
#----------------------------------------------------------------------------------------
forward:               0.0000              0.0000              0.0000              0.0000  
forward:               0.0500              2.4485              2.4485              0.0280  
forward:               0.1000              1.2124              3.6609              0.0329  
forward:               0.1500              0.5375              4.1984              0.0344  
forward:               0.2000              0.2211              4.4195              0.0349  
forward:               0.2500              0.0686              4.4881              0.0353  
forward:               0.3000             -0.0112              4.4770              0.0356  
forward:               0.3500             -0.0678              4.4091              0.0358  
forward:               0.4000             -0.0998              4.3093              0.0360  
forward:               0.4500             -0.1355              4.1738              0.0361  
forward:               0.5000             -0.1595              4.0144              0.0363  
forward:               0.5500             -0.2244              3.7899              0.0366  
forward:               0.6000             -0.4042              3.3857              0.0368  
forward:               0.6500             -0.5568              2.8290              0.0372  
forward:               0.7000             -0.6733              2.1557              0.0374  
forward:               0.7500             -0.7671              1.3886              0.0376  
forward:               0.8000             -0.8589              0.5297              0.0378  
forward:               0.8500             -0.9251             -0.3954              0.0378  
forward:               0.9000             -0.9788             -1.3742              0.0379  
forward:               0.9500             -1.0205             -2.3947              0.0381  
forward:               1.0000             -1.0468             -3.4415              0.0382  
backward:              1.0000              0.0000             -3.4415              0.0000  
backward:              0.9500              1.0284             -2.4131              0.0052  
backward:              0.9000              1.0191             -1.3940              0.0069  
backward:              0.8500              0.9693             -0.4247              0.0087  
backward:              0.8000              0.9247              0.5000              0.0097  
backward:              0.7500              0.8568              1.3569              0.0106  
backward:              0.7000              0.7631              2.1199              0.0118  
backward:              0.6500              0.6686              2.7885              0.0129  
backward:              0.6000              0.5527              3.3412              0.0137  
backward:              0.5500              0.4027              3.7439              0.0147  
backward:              0.5000              0.2229              3.9669              0.0157  
backward:              0.4500              0.1560              4.1229              0.0162  
backward:              0.4000              0.1274              4.2503              0.0169  
backward:              0.3500              0.1095              4.3597              0.0175  
backward:              0.3000              0.0573              4.4170              0.0182  
backward:              0.2500              0.0009              4.4179              0.0192  
backward:              0.2000             -0.0779              4.3400              0.0209  
backward:              0.1500             -0.2404              4.0996              0.0255  
backward:              0.1000             -0.5430              3.5566              0.0312  
backward:              0.0500             -1.2104              2.3463              0.0461  
backward:              0.0000             -2.3878             -0.0415              0.0683  
Inaccuracy estimation
======================================================================================================
                   i        i+δi          P0_overlap_P1   δε(forward)/ε   δε(backward)/ε
======================================================================================================
inaccuracy:  0.00000        0.05000           25.95            0.06            3.03
inaccuracy:  0.05000        0.10000           37.18           -0.07            1.70
inaccuracy:  0.10000        0.15000           50.89           -0.04            0.75
inaccuracy:  0.15000        0.20000           61.07           -0.02            0.36
inaccuracy:  0.20000        0.25000           66.07           -0.02            0.24
inaccuracy:  0.25000        0.30000           68.96           -0.02            0.18
inaccuracy:  0.30000        0.35000           70.32           -0.02            0.14
inaccuracy:  0.35000        0.40000           70.01           -0.03            0.14
inaccuracy:  0.40000        0.45000           71.94           -0.02            0.11
inaccuracy:  0.45000        0.50000           72.44           -0.02            0.11
inaccuracy:  0.50000        0.55000           65.91           -0.07            0.14
inaccuracy:  0.55000        0.60000           67.28           -0.08            0.11
inaccuracy:  0.60000        0.65000           67.89           -0.08            0.09
inaccuracy:  0.65000        0.70000           67.61           -0.09            0.08
inaccuracy:  0.70000        0.75000           68.19           -0.09            0.06
inaccuracy:  0.75000        0.80000           68.58           -0.08            0.05
inaccuracy:  0.80000        0.85000           68.30           -0.09            0.05
inaccuracy:  0.85000        0.90000           68.55           -0.09            0.04
inaccuracy:  0.90000        0.95000           68.02           -0.09            0.04
inaccuracy:  0.95000        1.00000           68.74           -0.09            0.04
===================================================================================================================================
                BAR        
-----------------------------------------------------------------------------------------------------------------------------------
BAR-estimator:         λ             λ+δλ          ΔΔA             ΔA            C               Δδe            δe       
                          
-----------------------------------------------------------------------------------------------------------------------------------
BAR-estimator:      0.00000        0.05000        2.4366         2.4366         2.4366         0.0102         0.0102 
BAR-estimator:      0.05000        0.10000        1.2140         3.6506         1.2140         0.0098         0.0142 
BAR-estimator:      0.10000        0.15000        0.5427         4.1932         0.5427         0.0064         0.0155 
BAR-estimator:      0.15000        0.20000        0.2236         4.4168         0.2236         0.0042         0.0161 
BAR-estimator:      0.20000        0.25000        0.0707         4.4875         0.0707         0.0036         0.0165 
BAR-estimator:      0.25000        0.30000       -0.0072         4.4803        -0.0072         0.0032         0.0168 
BAR-estimator:      0.30000        0.35000       -0.0622         4.4181        -0.0622         0.0027         0.0170 
BAR-estimator:      0.35000        0.40000       -0.1034         4.3148        -0.1034         0.0027         0.0172 
BAR-estimator:      0.40000        0.45000       -0.1332         4.1816        -0.1332         0.0028         0.0174 
BAR-estimator:      0.45000        0.50000       -0.1578         4.0237        -0.1578         0.0024         0.0176 
BAR-estimator:      0.50000        0.55000       -0.2233         3.8004        -0.2233         0.0029         0.0178 
BAR-estimator:      0.55000        0.60000       -0.4035         3.3969        -0.4035         0.0028         0.0180 
BAR-estimator:      0.60000        0.65000       -0.5556         2.8413        -0.5556         0.0030         0.0183 
BAR-estimator:      0.65000        0.70000       -0.6713         2.1700        -0.6713         0.0027         0.0185 
BAR-estimator:      0.70000        0.75000       -0.7681         1.4020        -0.7681         0.0028         0.0187 
BAR-estimator:      0.75000        0.80000       -0.8565         0.5454        -0.8565         0.0032         0.0190 
BAR-estimator:      0.80000        0.85000       -0.9242        -0.3788        -0.9242         0.0028         0.0192 
BAR-estimator:      0.85000        0.90000       -0.9765        -1.3553        -0.9765         0.0028         0.0194 
BAR-estimator:      0.90000        0.95000       -1.0199        -2.3752        -1.0199         0.0029         0.0196 
BAR-estimator:      0.95000        1.00000       -1.0417        -3.4169        -1.0417         0.0027         0.0198 
BAR-estimator: total free energy change is -3.4168999111680587 , total error is 0.019767672984523962
