#========================================================================================
#                     Free energy perturbation    
#----------------------------------------------------------------------------------------
#forward/backward          λ              ΔΔA                 ΔA                  δε   
#                                                 
#----------------------------------------------------------------------------------------
forward:               0.0000              0.0000              0.0000              0.0000  
forward:               0.0500              0.8608              0.8608              0.0078  
forward:               0.1000              0.5691              1.4298              0.0097  
forward:               0.1500              0.3777              1.8075              0.0114  
forward:               0.2000              0.2597              2.0672              0.0123  
forward:               0.2500              0.1879              2.2551              0.0130  
forward:               0.3000              0.1492              2.4043              0.0136  
forward:               0.3500              0.1169              2.5212              0.0141  
forward:               0.4000              0.0978              2.6189              0.0144  
forward:               0.4500              0.0741              2.6930              0.0147  
forward:               0.5000              0.0553              2.7483              0.0150  
forward:               0.5500              0.0504              2.7986              0.0152  
forward:               0.6000              0.0206              2.8192              0.0154  
forward:               0.6500             -0.0003              2.8189              0.0157  
forward:               0.7000             -0.0211              2.7978              0.0159  
forward:               0.7500             -0.0285              2.7693              0.0161  
forward:               0.8000             -0.0435              2.7258              0.0162  
forward:               0.8500             -0.0428              2.6829              0.0164  
forward:               0.9000             -0.0545              2.6284              0.0166  
forward:               0.9500             -0.0588              2.5697              0.0167  
forward:               1.0000             -0.0569              2.5128              0.0169  
backward:              1.0000              0.0000              2.5128              0.0000  
backward:              0.9500              0.0605              2.5733              0.0026  
backward:              0.9000              0.0576              2.6309              0.0040  
backward:              0.8500              0.0514              2.6823              0.0050  
backward:              0.8000              0.0454              2.7277              0.0058  
backward:              0.7500              0.0376              2.7653              0.0066  
backward:              0.7000              0.0265              2.7918              0.0073  
backward:              0.6500              0.0181              2.8100              0.0079  
backward:              0.6000             -0.0047              2.8052              0.0086  
backward:              0.5500             -0.0143              2.7909              0.0091  
backward:              0.5000             -0.0485              2.7424              0.0098  
backward:              0.4500             -0.0575              2.6849              0.0105  
backward:              0.4000             -0.0720              2.6129              0.0110  
backward:              0.3500             -0.0953              2.5175              0.0116  
backward:              0.3000             -0.1144              2.4031              0.0123  
backward:              0.2500             -0.1475              2.2556              0.0132  
backward:              0.2000             -0.1953              2.0603              0.0143  
backward:              0.1500             -0.2672              1.7932              0.0156  
backward:              0.1000             -0.3829              1.4103              0.0178  
backward:              0.0500             -0.5639              0.8464              0.0231  
backward:              0.0000             -0.8477             -0.0013              0.0272  
Inaccuracy estimation
======================================================================================================
                   i        i+δi          P0_overlap_P1   δε(forward)/ε   δε(backward)/ε
======================================================================================================
inaccuracy:  0.00000        0.05000           51.80           -0.02            0.77
inaccuracy:  0.05000        0.10000           59.80           -0.02            0.48
inaccuracy:  0.10000        0.15000           66.28           -0.01            0.29
inaccuracy:  0.15000        0.20000           70.42           -0.01            0.21
inaccuracy:  0.20000        0.25000           73.01           -0.01            0.16
inaccuracy:  0.25000        0.30000           74.00           -0.01            0.13
inaccuracy:  0.30000        0.35000           75.39           -0.00            0.12
inaccuracy:  0.35000        0.40000           76.25           -0.01            0.11
inaccuracy:  0.40000        0.45000           76.61           -0.00            0.10
inaccuracy:  0.45000        0.50000           77.78           -0.01            0.09
inaccuracy:  0.50000        0.55000           75.78           -0.01            0.09
inaccuracy:  0.55000        0.60000           76.42           -0.01            0.08
inaccuracy:  0.60000        0.65000           77.72           -0.01            0.08
inaccuracy:  0.65000        0.70000           78.25           -0.01            0.08
inaccuracy:  0.70000        0.75000           77.34           -0.01            0.08
inaccuracy:  0.75000        0.80000           78.25           -0.01            0.08
inaccuracy:  0.80000        0.85000           76.91           -0.02            0.08
inaccuracy:  0.85000        0.90000           77.83           -0.02            0.07
inaccuracy:  0.90000        0.95000           77.57           -0.02            0.08
inaccuracy:  0.95000        1.00000           77.07           -0.01            0.08
===================================================================================================================================
                BAR        
-----------------------------------------------------------------------------------------------------------------------------------
BAR-estimator:         λ             λ+δλ          ΔΔA             ΔA            C               Δδe            δe       
                          
-----------------------------------------------------------------------------------------------------------------------------------
BAR-estimator:      0.00000        0.05000        0.8615         0.8615         0.8615         0.0047         0.0047 
BAR-estimator:      0.05000        0.10000        0.5661         1.4276         0.5661         0.0039         0.0061 
BAR-estimator:      0.10000        0.15000        0.3792         1.8068         0.3792         0.0039         0.0073 
BAR-estimator:      0.15000        0.20000        0.2653         2.0721         0.2653         0.0031         0.0079 
BAR-estimator:      0.20000        0.25000        0.1897         2.2618         0.1897         0.0030         0.0085 
BAR-estimator:      0.25000        0.30000        0.1472         2.4090         0.1472         0.0026         0.0088 
BAR-estimator:      0.30000        0.35000        0.1170         2.5259         0.1170         0.0025         0.0092 
BAR-estimator:      0.35000        0.40000        0.0973         2.6232         0.0973         0.0019         0.0094 
BAR-estimator:      0.40000        0.45000        0.0739         2.6972         0.0739         0.0021         0.0096 
BAR-estimator:      0.45000        0.50000        0.0570         2.7541         0.0570         0.0019         0.0098 
BAR-estimator:      0.50000        0.55000        0.0494         2.8035         0.0494         0.0023         0.0101 
BAR-estimator:      0.55000        0.60000        0.0179         2.8214         0.0179         0.0020         0.0103 
BAR-estimator:      0.60000        0.65000        0.0015         2.8228         0.0015         0.0021         0.0105 
BAR-estimator:      0.65000        0.70000       -0.0191         2.8037        -0.0191         0.0020         0.0107 
BAR-estimator:      0.70000        0.75000       -0.0285         2.7752        -0.0285         0.0018         0.0108 
BAR-estimator:      0.75000        0.80000       -0.0410         2.7342        -0.0410         0.0019         0.0110 
BAR-estimator:      0.80000        0.85000       -0.0440         2.6902        -0.0440         0.0019         0.0111 
BAR-estimator:      0.85000        0.90000       -0.0534         2.6368        -0.0534         0.0019         0.0113 
BAR-estimator:      0.90000        0.95000       -0.0576         2.5793        -0.0576         0.0019         0.0115 
BAR-estimator:      0.95000        1.00000       -0.0574         2.5218        -0.0574         0.0018         0.0116 
BAR-estimator: total free energy change is 2.521835288833771 , total error is 0.011605453799618054
