#========================================================================================
#                     Free energy perturbation    
#----------------------------------------------------------------------------------------
#forward/backward          λ              ΔΔA                 ΔA                  δε   
#                                                 
#----------------------------------------------------------------------------------------
forward:               0.0000              0.0000              0.0000              0.0000  
forward:               0.0500              1.8627              1.8627              0.0151  
forward:               0.1000              0.9443              2.8070              0.0203  
forward:               0.1500              0.4769              3.2839              0.0231  
forward:               0.2000              0.2480              3.5320              0.0239  
forward:               0.2500              0.1224              3.6543              0.0243  
forward:               0.3000              0.0506              3.7049              0.0247  
forward:               0.3500              0.0048              3.7097              0.0249  
forward:               0.4000             -0.0403              3.6694              0.0250  
forward:               0.4500             -0.0735              3.5959              0.0252  
forward:               0.5000             -0.0925              3.5033              0.0253  
forward:               0.5500             -0.1504              3.3530              0.0255  
forward:               0.6000             -0.2104              3.1425              0.0256  
forward:               0.6500             -0.2571              2.8855              0.0257  
forward:               0.7000             -0.2892              2.5963              0.0258  
forward:               0.7500             -0.3182              2.2781              0.0259  
forward:               0.8000             -0.3401              1.9380              0.0260  
forward:               0.8500             -0.3665              1.5715              0.0261  
forward:               0.9000             -0.3851              1.1864              0.0262  
forward:               0.9500             -0.3992              0.7872              0.0263  
forward:               1.0000             -0.4104              0.3768              0.0264  
backward:              1.0000              0.0000              0.3768              0.0000  
backward:              0.9500              0.4077              0.7845              0.0028  
backward:              0.9000              0.3900              1.1745              0.0040  
backward:              0.8500              0.3812              1.5558              0.0049  
backward:              0.8000              0.3641              1.9198              0.0056  
backward:              0.7500              0.3411              2.2610              0.0062  
backward:              0.7000              0.3206              2.5815              0.0069  
backward:              0.6500              0.2883              2.8699              0.0075  
backward:              0.6000              0.2584              3.1283              0.0080  
backward:              0.5500              0.2072              3.3355              0.0087  
backward:              0.5000              0.1477              3.4832              0.0093  
backward:              0.4500              0.0964              3.5796              0.0098  
backward:              0.4000              0.0622              3.6418              0.0104  
backward:              0.3500              0.0315              3.6732              0.0110  
backward:              0.3000             -0.0007              3.6726              0.0117  
backward:              0.2500             -0.0506              3.6219              0.0128  
backward:              0.2000             -0.1275              3.4944              0.0152  
backward:              0.1500             -0.2427              3.2517              0.0166  
backward:              0.1000             -0.4742              2.7775              0.0218  
backward:              0.0500             -0.9145              1.8630              0.0286  
backward:              0.0000             -1.7866              0.0764              0.0401  
Inaccuracy estimation
======================================================================================================
                   i        i+δi          P0_overlap_P1   δε(forward)/ε   δε(backward)/ε
======================================================================================================
inaccuracy:  0.00000        0.05000           31.84           -0.02            2.55
inaccuracy:  0.05000        0.10000           46.17           -0.04            1.09
inaccuracy:  0.10000        0.15000           57.80           -0.02            0.50
inaccuracy:  0.15000        0.20000           66.17           -0.02            0.27
inaccuracy:  0.20000        0.25000           70.68           -0.01            0.17
inaccuracy:  0.25000        0.30000           72.84           -0.02            0.13
inaccuracy:  0.30000        0.35000           74.45           -0.01            0.11
inaccuracy:  0.35000        0.40000           76.72           -0.01            0.09
inaccuracy:  0.40000        0.45000           77.97           -0.01            0.08
inaccuracy:  0.45000        0.50000           77.67           -0.01            0.07
inaccuracy:  0.50000        0.55000           75.54           -0.02            0.08
inaccuracy:  0.55000        0.60000           76.00           -0.02            0.07
inaccuracy:  0.60000        0.65000           76.78           -0.02            0.06
inaccuracy:  0.65000        0.70000           76.61           -0.02            0.05
inaccuracy:  0.70000        0.75000           76.64           -0.03            0.05
inaccuracy:  0.75000        0.80000           77.04           -0.03            0.05
inaccuracy:  0.80000        0.85000           77.20           -0.03            0.05
inaccuracy:  0.85000        0.90000           77.54           -0.03            0.05
inaccuracy:  0.90000        0.95000           77.83           -0.03            0.05
inaccuracy:  0.95000        1.00000           77.30           -0.03            0.05
===================================================================================================================================
                BAR        
-----------------------------------------------------------------------------------------------------------------------------------
BAR-estimator:         λ             λ+δλ          ΔΔA             ΔA            C               Δδe            δe       
                          
-----------------------------------------------------------------------------------------------------------------------------------
BAR-estimator:      0.00000        0.05000        1.8492         1.8492         1.8492         0.0084         0.0084 
BAR-estimator:      0.05000        0.10000        0.9441         2.7933         0.9441         0.0078         0.0115 
BAR-estimator:      0.10000        0.15000        0.4739         3.2673         0.4739         0.0071         0.0135 
BAR-estimator:      0.15000        0.20000        0.2453         3.5126         0.2453         0.0041         0.0141 
BAR-estimator:      0.20000        0.25000        0.1219         3.6345         0.1219         0.0030         0.0144 
BAR-estimator:      0.25000        0.30000        0.0496         3.6840         0.0496         0.0028         0.0147 
BAR-estimator:      0.30000        0.35000        0.0041         3.6881         0.0041         0.0023         0.0149 
BAR-estimator:      0.35000        0.40000       -0.0365         3.6516        -0.0365         0.0021         0.0150 
BAR-estimator:      0.40000        0.45000       -0.0684         3.5833        -0.0684         0.0018         0.0151 
BAR-estimator:      0.45000        0.50000       -0.0927         3.4906        -0.0927         0.0019         0.0152 
BAR-estimator:      0.50000        0.55000       -0.1488         3.3418        -0.1488         0.0020         0.0154 
BAR-estimator:      0.55000        0.60000       -0.2093         3.1325        -0.2093         0.0019         0.0155 
BAR-estimator:      0.60000        0.65000       -0.2573         2.8752        -0.2573         0.0019         0.0156 
BAR-estimator:      0.65000        0.70000       -0.2890         2.5862        -0.2890         0.0020         0.0157 
BAR-estimator:      0.70000        0.75000       -0.3197         2.2666        -0.3197         0.0019         0.0159 
BAR-estimator:      0.75000        0.80000       -0.3407         1.9258        -0.3407         0.0018         0.0160 
BAR-estimator:      0.80000        0.85000       -0.3656         1.5602        -0.3656         0.0020         0.0161 
BAR-estimator:      0.85000        0.90000       -0.3836         1.1766        -0.3836         0.0020         0.0162 
BAR-estimator:      0.90000        0.95000       -0.3963         0.7803        -0.3963         0.0020         0.0163 
BAR-estimator:      0.95000        1.00000       -0.4101         0.3702        -0.4101         0.0017         0.0164 
BAR-estimator: total free energy change is 0.3701908694986785 , total error is 0.016426206673310365
