#========================================================================================
#                     Free energy perturbation    
#----------------------------------------------------------------------------------------
#forward/backward          λ              ΔΔA                 ΔA                  δε   
#                                                 
#----------------------------------------------------------------------------------------
forward:               0.0000              0.0000              0.0000              0.0000  
forward:               0.0500              1.3688              1.3688              0.0058  
forward:               0.1000              0.7538              2.1226              0.0113  
forward:               0.1500              0.3959              2.5185              0.0137  
forward:               0.2000              0.2185              2.7370              0.0149  
forward:               0.2500              0.1224              2.8595              0.0155  
forward:               0.3000              0.0655              2.9250              0.0160  
forward:               0.3500              0.0216              2.9466              0.0164  
forward:               0.4000             -0.0040              2.9426              0.0167  
forward:               0.4500             -0.0289              2.9138              0.0170  
forward:               0.5000             -0.0524              2.8614              0.0172  
forward:               0.5500             -0.1207              2.7407              0.0176  
forward:               0.6000             -0.2740              2.4667              0.0180  
forward:               0.6500             -0.4189              2.0478              0.0183  
forward:               0.7000             -0.5416              1.5063              0.0186  
forward:               0.7500             -0.6432              0.8630              0.0190  
forward:               0.8000             -0.7099              0.1532              0.0192  
forward:               0.8500             -0.7450             -0.5918              0.0195  
forward:               0.9000             -0.7632             -1.3551              0.0197  
forward:               0.9500             -0.7753             -2.1304              0.0200  
forward:               1.0000             -0.7778             -2.9081              0.0202  
backward:              1.0000              0.0000             -2.9081              0.0000  
backward:              0.9500              0.7727             -2.1354              0.0038  
backward:              0.9000              0.7685             -1.3669              0.0053  
backward:              0.8500              0.7680             -0.5989              0.0064  
backward:              0.8000              0.7385              0.1396              0.0078  
backward:              0.7500              0.6997              0.8392              0.0088  
backward:              0.7000              0.6353              1.4745              0.0097  
backward:              0.6500              0.5250              1.9995              0.0108  
backward:              0.6000              0.4160              2.4155              0.0116  
backward:              0.5500              0.2808              2.6963              0.0123  
backward:              0.5000              0.1175              2.8138              0.0132  
backward:              0.4500              0.0497              2.8635              0.0136  
backward:              0.4000              0.0239              2.8875              0.0142  
backward:              0.3500              0.0033              2.8907              0.0148  
backward:              0.3000             -0.0228              2.8680              0.0155  
backward:              0.2500             -0.0747              2.7932              0.0166  
backward:              0.2000             -0.1347              2.6585              0.0168  
backward:              0.1500             -0.2096              2.4489              0.0178  
backward:              0.1000             -0.3841              2.0648              0.0205  
backward:              0.0500             -0.7291              1.3357              0.0242  
backward:              0.0000             -1.3847             -0.0490              0.0361  
Inaccuracy estimation
======================================================================================================
                   i        i+δi          P0_overlap_P1   δε(forward)/ε   δε(backward)/ε
======================================================================================================
inaccuracy:  0.00000        0.05000           39.42           -0.03            1.36
inaccuracy:  0.05000        0.10000           50.41           -0.03            0.86
inaccuracy:  0.10000        0.15000           60.36           -0.01            0.42
inaccuracy:  0.15000        0.20000           66.88           -0.02            0.25
inaccuracy:  0.20000        0.25000           71.32           -0.02            0.16
inaccuracy:  0.25000        0.30000           72.82           -0.01            0.14
inaccuracy:  0.30000        0.35000           73.85           -0.01            0.12
inaccuracy:  0.35000        0.40000           74.62           -0.01            0.11
inaccuracy:  0.40000        0.45000           76.04           -0.01            0.10
inaccuracy:  0.45000        0.50000           76.13           -0.01            0.09
inaccuracy:  0.50000        0.55000           69.59           -0.06            0.11
inaccuracy:  0.55000        0.60000           69.75           -0.07            0.09
inaccuracy:  0.60000        0.65000           70.77           -0.07            0.08
inaccuracy:  0.65000        0.70000           71.17           -0.07            0.06
inaccuracy:  0.70000        0.75000           71.09           -0.06            0.06
inaccuracy:  0.75000        0.80000           71.47           -0.06            0.05
inaccuracy:  0.80000        0.85000           70.81           -0.06            0.05
inaccuracy:  0.85000        0.90000           70.33           -0.07            0.05
inaccuracy:  0.90000        0.95000           70.85           -0.07            0.05
inaccuracy:  0.95000        1.00000           70.14           -0.06            0.05
===================================================================================================================================
                BAR        
-----------------------------------------------------------------------------------------------------------------------------------
BAR-estimator:         λ             λ+δλ          ΔΔA             ΔA            C               Δδe            δe       
                          
-----------------------------------------------------------------------------------------------------------------------------------
BAR-estimator:      0.00000        0.05000        1.3784         1.3784         1.3784         0.0073         0.0073 
BAR-estimator:      0.05000        0.10000        0.7610         2.1394         0.7610         0.0060         0.0094 
BAR-estimator:      0.10000        0.15000        0.3936         2.5331         0.3936         0.0052         0.0108 
BAR-estimator:      0.15000        0.20000        0.2193         2.7523         0.2193         0.0039         0.0114 
BAR-estimator:      0.20000        0.25000        0.1265         2.8788         0.1265         0.0029         0.0118 
BAR-estimator:      0.25000        0.30000        0.0667         2.9455         0.0667         0.0026         0.0121 
BAR-estimator:      0.30000        0.35000        0.0216         2.9671         0.0216         0.0018         0.0122 
BAR-estimator:      0.35000        0.40000       -0.0036         2.9636        -0.0036         0.0023         0.0124 
BAR-estimator:      0.40000        0.45000       -0.0268         2.9368        -0.0268         0.0020         0.0126 
BAR-estimator:      0.45000        0.50000       -0.0511         2.8857        -0.0511         0.0020         0.0128 
BAR-estimator:      0.50000        0.55000       -0.1203         2.7653        -0.1203         0.0024         0.0130 
BAR-estimator:      0.55000        0.60000       -0.2766         2.4887        -0.2766         0.0024         0.0132 
BAR-estimator:      0.60000        0.65000       -0.4174         2.0713        -0.4174         0.0024         0.0134 
BAR-estimator:      0.65000        0.70000       -0.5354         1.5359        -0.5354         0.0025         0.0137 
BAR-estimator:      0.70000        0.75000       -0.6385         0.8974        -0.6385         0.0027         0.0139 
BAR-estimator:      0.75000        0.80000       -0.7050         0.1924        -0.7050         0.0022         0.0141 
BAR-estimator:      0.80000        0.85000       -0.7428        -0.5504        -0.7428         0.0024         0.0143 
BAR-estimator:      0.85000        0.90000       -0.7654        -1.3158        -0.7654         0.0024         0.0145 
BAR-estimator:      0.90000        0.95000       -0.7742        -2.0900        -0.7742         0.0027         0.0147 
BAR-estimator:      0.95000        1.00000       -0.7767        -2.8666        -0.7767         0.0024         0.0149 
BAR-estimator: total free energy change is -2.8666351913418704 , total error is 0.014933150195782603
