#========================================================================================
#                     Free energy perturbation    
#----------------------------------------------------------------------------------------
#forward/backward          λ              ΔΔA                 ΔA                  δε   
#                                                 
#----------------------------------------------------------------------------------------
forward:               0.0000              0.0000              0.0000              0.0000  
forward:               0.0500              1.4362              1.4362              0.0145  
forward:               0.1000              0.7712              2.2074              0.0163  
forward:               0.1500              0.3726              2.5799              0.0181  
forward:               0.2000              0.1811              2.7610              0.0189  
forward:               0.2500              0.0947              2.8557              0.0194  
forward:               0.3000              0.0382              2.8939              0.0198  
forward:               0.3500             -0.0003              2.8936              0.0202  
forward:               0.4000             -0.0302              2.8634              0.0205  
forward:               0.4500             -0.0517              2.8117              0.0207  
forward:               0.5000             -0.0744              2.7373              0.0209  
forward:               0.5500             -0.1625              2.5748              0.0212  
forward:               0.6000             -0.3270              2.2478              0.0215  
forward:               0.6500             -0.4755              1.7723              0.0218  
forward:               0.7000             -0.6028              1.1695              0.0221  
forward:               0.7500             -0.7105              0.4590              0.0223  
forward:               0.8000             -0.7681             -0.3091              0.0225  
forward:               0.8500             -0.8067             -1.1158              0.0227  
forward:               0.9000             -0.8388             -1.9546              0.0230  
forward:               0.9500             -0.8515             -2.8062              0.0232  
forward:               1.0000             -0.8620             -3.6681              0.0235  
backward:              1.0000              0.0000             -3.6681              0.0000  
backward:              0.9500              0.8629             -2.8052              0.0039  
backward:              0.9000              0.8509             -1.9543              0.0058  
backward:              0.8500              0.8316             -1.1227              0.0076  
backward:              0.8000              0.8082             -0.3145              0.0086  
backward:              0.7500              0.7635              0.4490              0.0098  
backward:              0.7000              0.7021              1.1511              0.0107  
backward:              0.6500              0.6058              1.7569              0.0116  
backward:              0.6000              0.4759              2.2327              0.0125  
backward:              0.5500              0.3288              2.5615              0.0131  
backward:              0.5000              0.1664              2.7279              0.0137  
backward:              0.4500              0.0689              2.7968              0.0141  
backward:              0.4000              0.0474              2.8442              0.0147  
backward:              0.3500              0.0390              2.8833              0.0152  
backward:              0.3000              0.0068              2.8900              0.0158  
backward:              0.2500             -0.0381              2.8519              0.0166  
backward:              0.2000             -0.0940              2.7579              0.0179  
backward:              0.1500             -0.1936              2.5643              0.0195  
backward:              0.1000             -0.3840              2.1803              0.0234  
backward:              0.0500             -0.8067              1.3736              0.0377  
backward:              0.0000             -1.4059             -0.0323              0.0427  
Inaccuracy estimation
======================================================================================================
                   i        i+δi          P0_overlap_P1   δε(forward)/ε   δε(backward)/ε
======================================================================================================
inaccuracy:  0.00000        0.05000           38.80           -0.04            1.44
inaccuracy:  0.05000        0.10000           47.83           -0.03            0.93
inaccuracy:  0.10000        0.15000           59.81           -0.02            0.45
inaccuracy:  0.15000        0.20000           66.72           -0.02            0.25
inaccuracy:  0.20000        0.25000           69.31           -0.01            0.18
inaccuracy:  0.25000        0.30000           71.51           -0.01            0.15
inaccuracy:  0.30000        0.35000           72.53           -0.01            0.13
inaccuracy:  0.35000        0.40000           73.35           -0.02            0.12
inaccuracy:  0.40000        0.45000           74.65           -0.01            0.10
inaccuracy:  0.45000        0.50000           75.63           -0.01            0.10
inaccuracy:  0.50000        0.55000           68.06           -0.07            0.12
inaccuracy:  0.55000        0.60000           69.07           -0.07            0.10
inaccuracy:  0.60000        0.65000           68.55           -0.09            0.08
inaccuracy:  0.65000        0.70000           68.44           -0.08            0.07
inaccuracy:  0.70000        0.75000           69.54           -0.08            0.06
inaccuracy:  0.75000        0.80000           69.91           -0.08            0.05
inaccuracy:  0.80000        0.85000           68.94           -0.08            0.06
inaccuracy:  0.85000        0.90000           69.05           -0.08            0.06
inaccuracy:  0.90000        0.95000           68.23           -0.07            0.06
inaccuracy:  0.95000        1.00000           67.99           -0.08            0.06
===================================================================================================================================
                BAR        
-----------------------------------------------------------------------------------------------------------------------------------
BAR-estimator:         λ             λ+δλ          ΔΔA             ΔA            C               Δδe            δe       
                          
-----------------------------------------------------------------------------------------------------------------------------------
BAR-estimator:      0.00000        0.05000        1.4359         1.4359         1.4359         0.0068         0.0068 
BAR-estimator:      0.05000        0.10000        0.7769         2.2128         0.7769         0.0074         0.0101 
BAR-estimator:      0.10000        0.15000        0.3747         2.5876         0.3747         0.0054         0.0114 
BAR-estimator:      0.15000        0.20000        0.1842         2.7718         0.1842         0.0038         0.0121 
BAR-estimator:      0.20000        0.25000        0.0920         2.8638         0.0920         0.0031         0.0124 
BAR-estimator:      0.25000        0.30000        0.0399         2.9037         0.0399         0.0026         0.0127 
BAR-estimator:      0.30000        0.35000       -0.0020         2.9016        -0.0020         0.0025         0.0130 
BAR-estimator:      0.35000        0.40000       -0.0327         2.8689        -0.0327         0.0025         0.0132 
BAR-estimator:      0.40000        0.45000       -0.0509         2.8180        -0.0509         0.0022         0.0134 
BAR-estimator:      0.45000        0.50000       -0.0720         2.7460        -0.0720         0.0020         0.0135 
BAR-estimator:      0.50000        0.55000       -0.1653         2.5807        -0.1653         0.0024         0.0137 
BAR-estimator:      0.55000        0.60000       -0.3266         2.2541        -0.3266         0.0024         0.0140 
BAR-estimator:      0.60000        0.65000       -0.4767         1.7774        -0.4767         0.0027         0.0142 
BAR-estimator:      0.65000        0.70000       -0.6051         1.1723        -0.6051         0.0025         0.0144 
BAR-estimator:      0.70000        0.75000       -0.7067         0.4656        -0.7067         0.0026         0.0147 
BAR-estimator:      0.75000        0.80000       -0.7689        -0.3033        -0.7689         0.0025         0.0149 
BAR-estimator:      0.80000        0.85000       -0.8088        -1.1120        -0.8088         0.0024         0.0151 
BAR-estimator:      0.85000        0.90000       -0.8361        -1.9481        -0.8361         0.0026         0.0153 
BAR-estimator:      0.90000        0.95000       -0.8516        -2.7997        -0.8516         0.0027         0.0155 
BAR-estimator:      0.95000        1.00000       -0.8609        -3.6606        -0.8609         0.0030         0.0158 
BAR-estimator: total free energy change is -3.6606128866046426 , total error is 0.015824283020065593
