#========================================================================================
#                     Free energy perturbation    
#----------------------------------------------------------------------------------------
#forward/backward          λ              ΔΔA                 ΔA                  δε   
#                                                 
#----------------------------------------------------------------------------------------
forward:               0.0000              0.0000              0.0000              0.0000  
forward:               0.0500              1.6336              1.6336              0.0162  
forward:               0.1000              0.7819              2.4156              0.0196  
forward:               0.1500              0.3603              2.7758              0.0209  
forward:               0.2000              0.1502              2.9260              0.0217  
forward:               0.2500              0.0278              2.9538              0.0223  
forward:               0.3000             -0.0442              2.9096              0.0226  
forward:               0.3500             -0.0990              2.8107              0.0229  
forward:               0.4000             -0.1296              2.6811              0.0231  
forward:               0.4500             -0.1556              2.5254              0.0233  
forward:               0.5000             -0.1837              2.3417              0.0234  
forward:               0.5500             -0.5140              1.8277              0.0239  
forward:               0.6000             -1.0008              0.8269              0.0245  
forward:               0.6500             -1.4623             -0.6355              0.0253  
forward:               0.7000             -1.8187             -2.4542              0.0261  
forward:               0.7500             -2.0237             -4.4779              0.0267  
forward:               0.8000             -2.0979             -6.5758              0.0271  
forward:               0.8500             -2.0999             -8.6757              0.0275  
forward:               0.9000             -2.0493            -10.7250              0.0279  
forward:               0.9500             -1.9837            -12.7087              0.0282  
forward:               1.0000             -1.9206            -14.6293              0.0284  
backward:              1.0000              0.0000            -14.6293              0.0000  
backward:              0.9500              1.9168            -12.7125              0.0063  
backward:              0.9000              1.9866            -10.7259              0.0096  
backward:              0.8500              2.0464             -8.6795              0.0117  
backward:              0.8000              2.0922             -6.5873              0.0132  
backward:              0.7500              2.0993             -4.4880              0.0150  
backward:              0.7000              2.0194             -2.4686              0.0161  
backward:              0.6500              1.8124             -0.6562              0.0176  
backward:              0.6000              1.4401              0.7839              0.0186  
backward:              0.5500              1.0018              1.7857              0.0196  
backward:              0.5000              0.5332              2.3189              0.0204  
backward:              0.4500              0.1875              2.5064              0.0207  
backward:              0.4000              0.1646              2.6710              0.0210  
backward:              0.3500              0.1161              2.7871              0.0235  
backward:              0.3000              0.0961              2.8831              0.0239  
backward:              0.2500              0.0316              2.9147              0.0245  
backward:              0.2000             -0.0404              2.8743              0.0253  
backward:              0.1500             -0.1521              2.7222              0.0270  
backward:              0.1000             -0.3701              2.3521              0.0294  
backward:              0.0500             -0.7912              1.5609              0.0345  
backward:              0.0000             -1.5676             -0.0068              0.0411  
Inaccuracy estimation
======================================================================================================
                   i        i+δi          P0_overlap_P1   δε(forward)/ε   δε(backward)/ε
======================================================================================================
inaccuracy:  0.00000        0.05000           33.91           -0.04            1.96
inaccuracy:  0.05000        0.10000           46.94           -0.03            1.01
inaccuracy:  0.10000        0.15000           58.45           -0.03            0.45
inaccuracy:  0.15000        0.20000           66.05           -0.02            0.26
inaccuracy:  0.20000        0.25000           70.76           -0.01            0.16
inaccuracy:  0.25000        0.30000           73.53           -0.01            0.13
inaccuracy:  0.30000        0.35000           74.20           -0.01            0.11
inaccuracy:  0.35000        0.40000           74.79           -0.02            0.09
inaccuracy:  0.40000        0.45000           74.80           -0.02            0.09
inaccuracy:  0.45000        0.50000           75.78           -0.02            0.08
inaccuracy:  0.50000        0.55000           58.04           -0.21            0.16
inaccuracy:  0.55000        0.60000           59.54           -0.26            0.07
inaccuracy:  0.60000        0.65000           59.62           -0.29            0.01
inaccuracy:  0.65000        0.70000           59.07           -0.31           -0.04
inaccuracy:  0.70000        0.75000           60.50           -0.29           -0.05
inaccuracy:  0.75000        0.80000           59.93           -0.25           -0.06
inaccuracy:  0.80000        0.85000           59.72           -0.29           -0.06
inaccuracy:  0.85000        0.90000           58.96           -0.25           -0.05
inaccuracy:  0.90000        0.95000           57.61           -0.27           -0.03
inaccuracy:  0.95000        1.00000           56.82           -0.27           -0.01
===================================================================================================================================
                BAR        
-----------------------------------------------------------------------------------------------------------------------------------
BAR-estimator:         λ             λ+δλ          ΔΔA             ΔA            C               Δδe            δe       
                          
-----------------------------------------------------------------------------------------------------------------------------------
BAR-estimator:      0.00000        0.05000        1.6211         1.6211         1.6211         0.0076         0.0076 
BAR-estimator:      0.05000        0.10000        0.7880         2.4090         0.7880         0.0066         0.0101 
BAR-estimator:      0.10000        0.15000        0.3594         2.7684         0.3594         0.0045         0.0110 
BAR-estimator:      0.15000        0.20000        0.1507         2.9191         0.1507         0.0039         0.0117 
BAR-estimator:      0.20000        0.25000        0.0310         2.9501         0.0310         0.0035         0.0122 
BAR-estimator:      0.25000        0.30000       -0.0406         2.9096        -0.0406         0.0020         0.0124 
BAR-estimator:      0.30000        0.35000       -0.0976         2.8119        -0.0976         0.0026         0.0126 
BAR-estimator:      0.35000        0.40000       -0.1293         2.6826        -0.1293         0.0021         0.0128 
BAR-estimator:      0.40000        0.45000       -0.1589         2.5237        -0.1589         0.0022         0.0130 
BAR-estimator:      0.45000        0.50000       -0.1848         2.3390        -0.1848         0.0019         0.0132 
BAR-estimator:      0.50000        0.55000       -0.5216         1.8173        -0.5216         0.0032         0.0135 
BAR-estimator:      0.55000        0.60000       -1.0013         0.8160        -1.0013         0.0031         0.0139 
BAR-estimator:      0.60000        0.65000       -1.4475        -0.6315        -1.4475         0.0034         0.0143 
BAR-estimator:      0.65000        0.70000       -1.8126        -2.4440        -1.8126         0.0035         0.0147 
BAR-estimator:      0.70000        0.75000       -2.0202        -4.4642        -2.0202         0.0031         0.0151 
BAR-estimator:      0.75000        0.80000       -2.0978        -6.5620        -2.0978         0.0035         0.0155 
BAR-estimator:      0.80000        0.85000       -2.0984        -8.6605        -2.0984         0.0035         0.0159 
BAR-estimator:      0.85000        0.90000       -2.0474       -10.7079        -2.0474         0.0032         0.0162 
BAR-estimator:      0.90000        0.95000       -1.9842       -12.6921        -1.9842         0.0034         0.0165 
BAR-estimator:      0.95000        1.00000       -1.9167       -14.6087        -1.9167         0.0038         0.0170 
BAR-estimator: total free energy change is -14.608733222256733 , total error is 0.016960321604446816
