#========================================================================================
#                     Free energy perturbation    
#----------------------------------------------------------------------------------------
#forward/backward          λ              ΔΔA                 ΔA                  δε   
#                                                 
#----------------------------------------------------------------------------------------
forward:               0.0000              0.0000              0.0000              0.0000  
forward:               0.0500              4.2109              4.2109              0.0423  
forward:               0.1000              2.0397              6.2507              0.0493  
forward:               0.1500              0.8752              7.1258              0.0516  
forward:               0.2000              0.3320              7.4578              0.0522  
forward:               0.2500              0.0613              7.5192              0.0526  
forward:               0.3000             -0.0919              7.4273              0.0530  
forward:               0.3500             -0.2004              7.2269              0.0533  
forward:               0.4000             -0.2868              6.9401              0.0535  
forward:               0.4500             -0.3343              6.6058              0.0537  
forward:               0.5000             -0.3873              6.2184              0.0538  
forward:               0.5500             -0.6347              5.5837              0.0541  
forward:               0.6000             -1.1040              4.4798              0.0544  
forward:               0.6500             -1.4927              2.9871              0.0548  
forward:               0.7000             -1.7777              1.2094              0.0551  
forward:               0.7500             -2.0155             -0.8061              0.0554  
forward:               0.8000             -2.1734             -2.9795              0.0558  
forward:               0.8500             -2.2502             -5.2297              0.0559  
forward:               0.9000             -2.3276             -7.5572              0.0561  
forward:               0.9500             -2.4023             -9.9596              0.0563  
forward:               1.0000             -2.4787            -12.4383              0.0583  
backward:              1.0000              0.0000            -12.4383              0.0000  
backward:              0.9500              2.4363            -10.0021              0.0120  
backward:              0.9000              2.3437             -7.6584              0.0154  
backward:              0.8500              2.3259             -5.3325              0.0170  
backward:              0.8000              2.2523             -3.0802              0.0183  
backward:              0.7500              2.1229             -0.9573              0.0194  
backward:              0.7000              2.0268              1.0695              0.0206  
backward:              0.6500              1.7986              2.8681              0.0218  
backward:              0.6000              1.4606              4.3286              0.0238  
backward:              0.5500              1.0895              5.4181              0.0257  
backward:              0.5000              0.6506              6.0687              0.0269  
backward:              0.4500              0.3771              6.4458              0.0283  
backward:              0.4000              0.3374              6.7832              0.0288  
backward:              0.3500              0.2735              7.0567              0.0296  
backward:              0.3000              0.1949              7.2516              0.0310  
backward:              0.2500              0.0822              7.3338              0.0375  
backward:              0.2000             -0.0702              7.2637              0.0389  
backward:              0.1500             -0.3275              6.9362              0.0410  
backward:              0.1000             -0.8478              6.0883              0.0469  
backward:              0.0500             -2.0658              4.0225              0.0902  
backward:              0.0000             -3.9117              0.1108              0.1281  
Inaccuracy estimation
======================================================================================================
                   i        i+δi          P0_overlap_P1   δε(forward)/ε   δε(backward)/ε
======================================================================================================
inaccuracy:  0.00000        0.05000           13.03            0.80            6.99
inaccuracy:  0.05000        0.10000           24.98           -0.08            3.32
inaccuracy:  0.10000        0.15000           39.20           -0.13            1.36
inaccuracy:  0.15000        0.20000           50.06           -0.08            0.64
inaccuracy:  0.20000        0.25000           56.83           -0.07            0.40
inaccuracy:  0.25000        0.30000           59.72           -0.07            0.28
inaccuracy:  0.30000        0.35000           62.79           -0.07            0.22
inaccuracy:  0.35000        0.40000           64.52           -0.05            0.18
inaccuracy:  0.40000        0.45000           65.17           -0.06            0.15
inaccuracy:  0.45000        0.50000           66.25           -0.05            0.14
inaccuracy:  0.50000        0.55000           53.05           -0.24            0.22
inaccuracy:  0.55000        0.60000           54.86           -0.29            0.10
inaccuracy:  0.60000        0.65000           56.83           -0.29            0.04
inaccuracy:  0.65000        0.70000           55.52           -0.34           -0.01
inaccuracy:  0.70000        0.75000           55.67           -0.32           -0.04
inaccuracy:  0.75000        0.80000           58.65           -0.28           -0.06
inaccuracy:  0.80000        0.85000           55.80           -0.39           -0.08
inaccuracy:  0.85000        0.90000           54.60           -0.42           -0.09
inaccuracy:  0.90000        0.95000           55.84           -0.36           -0.08
inaccuracy:  0.95000        1.00000           54.30           -0.40           -0.10
===================================================================================================================================
                BAR        
-----------------------------------------------------------------------------------------------------------------------------------
BAR-estimator:         λ             λ+δλ          ΔΔA             ΔA            C               Δδe            δe       
                          
-----------------------------------------------------------------------------------------------------------------------------------
BAR-estimator:      0.00000        0.05000        4.1148         4.1148         4.1148         0.0131         0.0131 
BAR-estimator:      0.05000        0.10000        2.0440         6.1588         2.0440         0.0213         0.0251 
BAR-estimator:      0.10000        0.15000        0.8739         7.0327         0.8739         0.0085         0.0265 
BAR-estimator:      0.15000        0.20000        0.3322         7.3649         0.3322         0.0154         0.0306 
BAR-estimator:      0.20000        0.25000        0.0650         7.4299         0.0650         0.0053         0.0311 
BAR-estimator:      0.25000        0.30000       -0.0982         7.3317        -0.0982         0.0042         0.0313 
BAR-estimator:      0.30000        0.35000       -0.2030         7.1287        -0.2030         0.0038         0.0316 
BAR-estimator:      0.35000        0.40000       -0.2808         6.8479        -0.2808         0.0035         0.0317 
BAR-estimator:      0.40000        0.45000       -0.3349         6.5130        -0.3349         0.0031         0.0319 
BAR-estimator:      0.45000        0.50000       -0.3852         6.1278        -0.3852         0.0028         0.0320 
BAR-estimator:      0.50000        0.55000       -0.6436         5.4841        -0.6436         0.0036         0.0322 
BAR-estimator:      0.55000        0.60000       -1.1052         4.3790        -1.1052         0.0033         0.0324 
BAR-estimator:      0.60000        0.65000       -1.4791         2.8999        -1.4791         0.0037         0.0326 
BAR-estimator:      0.65000        0.70000       -1.7865         1.1134        -1.7865         0.0038         0.0328 
BAR-estimator:      0.70000        0.75000       -2.0190        -0.9056        -2.0190         0.0036         0.0330 
BAR-estimator:      0.75000        0.80000       -2.1451        -3.0507        -2.1451         0.0039         0.0332 
BAR-estimator:      0.80000        0.85000       -2.2567        -5.3074        -2.2567         0.0035         0.0334 
BAR-estimator:      0.85000        0.90000       -2.3352        -7.6426        -2.3352         0.0037         0.0336 
BAR-estimator:      0.90000        0.95000       -2.3751       -10.0177        -2.3751         0.0035         0.0338 
BAR-estimator:      0.95000        1.00000       -2.4573       -12.4750        -2.4573         0.0072         0.0346 
BAR-estimator: total free energy change is -12.474991477248668 , total error is 0.03456489257900191
