#========================================================================================
#                     Free energy perturbation    
#----------------------------------------------------------------------------------------
#forward/backward          λ              ΔΔA                 ΔA                  δε   
#                                                 
#----------------------------------------------------------------------------------------
forward:               0.0000              0.0000              0.0000              0.0000  
forward:               0.0500              1.5538              1.5538              0.0132  
forward:               0.1000              0.9881              2.5420              0.0178  
forward:               0.1500              0.6014              3.1434              0.0199  
forward:               0.2000              0.3501              3.4934              0.0211  
forward:               0.2500              0.2082              3.7016              0.0220  
forward:               0.3000              0.1249              3.8265              0.0227  
forward:               0.3500              0.0665              3.8931              0.0231  
forward:               0.4000              0.0279              3.9210              0.0235  
forward:               0.4500             -0.0051              3.9158              0.0238  
forward:               0.5000             -0.0347              3.8811              0.0242  
forward:               0.5500             -0.0903              3.7908              0.0246  
forward:               0.6000             -0.2400              3.5509              0.0249  
forward:               0.6500             -0.3707              3.1801              0.0253  
forward:               0.7000             -0.4868              2.6934              0.0259  
forward:               0.7500             -0.5994              2.0939              0.0266  
forward:               0.8000             -0.6712              1.4227              0.0290  
forward:               0.8500             -0.7058              0.7169              0.0305  
forward:               0.9000             -0.7397             -0.0228              0.0322  
forward:               0.9500             -0.7591             -0.7819              0.0337  
forward:               1.0000             -0.7578             -1.5397              0.0354  
backward:              1.0000              0.0000             -1.5397              0.0000  
backward:              0.9500              0.7660             -0.7737              0.0046  
backward:              0.9000              0.7598             -0.0139              0.0124  
backward:              0.8500              0.7287              0.7148              0.0132  
backward:              0.8000              0.7061              1.4209              0.0155  
backward:              0.7500              0.6580              2.0789              0.0169  
backward:              0.7000              0.5965              2.6754              0.0181  
backward:              0.6500              0.4976              3.1730              0.0189  
backward:              0.6000              0.3587              3.5317              0.0199  
backward:              0.5500              0.2451              3.7769              0.0205  
backward:              0.5000              0.0955              3.8724              0.0211  
backward:              0.4500              0.0315              3.9039              0.0215  
backward:              0.4000              0.0099              3.9139              0.0218  
backward:              0.3500             -0.0370              3.8768              0.0225  
backward:              0.3000             -0.0718              3.8050              0.0231  
backward:              0.2500             -0.1228              3.6822              0.0240  
backward:              0.2000             -0.2246              3.4577              0.0252  
backward:              0.1500             -0.3743              3.0834              0.0282  
backward:              0.1000             -0.5977              2.4857              0.0327  
backward:              0.0500             -0.9786              1.5070              0.0362  
backward:              0.0000             -1.5215             -0.0144              0.0450  
Inaccuracy estimation
======================================================================================================
                   i        i+δi          P0_overlap_P1   δε(forward)/ε   δε(backward)/ε
======================================================================================================
inaccuracy:  0.00000        0.05000           38.28           -0.03            1.61
inaccuracy:  0.05000        0.10000           45.83           -0.04            1.01
inaccuracy:  0.10000        0.15000           53.43           -0.03            0.63
inaccuracy:  0.15000        0.20000           60.93           -0.03            0.38
inaccuracy:  0.20000        0.25000           65.20           -0.02            0.26
inaccuracy:  0.25000        0.30000           67.20           -0.03            0.21
inaccuracy:  0.30000        0.35000           69.46           -0.02            0.17
inaccuracy:  0.35000        0.40000           70.13           -0.02            0.15
inaccuracy:  0.40000        0.45000           70.95           -0.02            0.15
inaccuracy:  0.45000        0.50000           71.58           -0.02            0.13
inaccuracy:  0.50000        0.55000           66.47           -0.07            0.15
inaccuracy:  0.55000        0.60000           66.87           -0.08            0.13
inaccuracy:  0.60000        0.65000           67.51           -0.09            0.11
inaccuracy:  0.65000        0.70000           65.90           -0.09            0.10
inaccuracy:  0.70000        0.75000           66.58           -0.09            0.09
inaccuracy:  0.75000        0.80000           67.91           -0.08            0.08
inaccuracy:  0.80000        0.85000           66.40           -0.09            0.08
inaccuracy:  0.85000        0.90000           66.17           -0.10            0.08
inaccuracy:  0.90000        0.95000           64.54           -0.12            0.08
inaccuracy:  0.95000        1.00000           63.98           -0.13            0.09
===================================================================================================================================
                BAR        
-----------------------------------------------------------------------------------------------------------------------------------
BAR-estimator:         λ             λ+δλ          ΔΔA             ΔA            C               Δδe            δe       
                          
-----------------------------------------------------------------------------------------------------------------------------------
BAR-estimator:      0.00000        0.05000        1.5473         1.5473         1.5473         0.0142         0.0142 
BAR-estimator:      0.05000        0.10000        0.9866         2.5339         0.9866         0.0087         0.0167 
BAR-estimator:      0.10000        0.15000        0.6022         3.1361         0.6022         0.0096         0.0192 
BAR-estimator:      0.15000        0.20000        0.3560         3.4920         0.3560         0.0060         0.0202 
BAR-estimator:      0.20000        0.25000        0.2151         3.7072         0.2151         0.0042         0.0206 
BAR-estimator:      0.25000        0.30000        0.1254         3.8326         0.1254         0.0041         0.0210 
BAR-estimator:      0.30000        0.35000        0.0688         3.9014         0.0688         0.0034         0.0213 
BAR-estimator:      0.35000        0.40000        0.0284         3.9298         0.0284         0.0030         0.0215 
BAR-estimator:      0.40000        0.45000       -0.0053         3.9245        -0.0053         0.0029         0.0217 
BAR-estimator:      0.45000        0.50000       -0.0323         3.8922        -0.0323         0.0029         0.0219 
BAR-estimator:      0.50000        0.55000       -0.0962         3.7959        -0.0962         0.0029         0.0221 
BAR-estimator:      0.55000        0.60000       -0.2419         3.5540        -0.2419         0.0028         0.0223 
BAR-estimator:      0.60000        0.65000       -0.3675         3.1865        -0.3675         0.0029         0.0224 
BAR-estimator:      0.65000        0.70000       -0.4910         2.6955        -0.4910         0.0034         0.0227 
BAR-estimator:      0.70000        0.75000       -0.5996         2.0958        -0.5996         0.0035         0.0230 
BAR-estimator:      0.75000        0.80000       -0.6622         1.4337        -0.6622         0.0061         0.0237 
BAR-estimator:      0.80000        0.85000       -0.7063         0.7274        -0.7063         0.0046         0.0242 
BAR-estimator:      0.85000        0.90000       -0.7353        -0.0079        -0.7353         0.0056         0.0248 
BAR-estimator:      0.90000        0.95000       -0.7644        -0.7723        -0.7644         0.0055         0.0254 
BAR-estimator:      0.95000        1.00000       -0.7663        -1.5386        -0.7663         0.0058         0.0261 
BAR-estimator: total free energy change is -1.5386174560033932 , total error is 0.02607712419254767
