#========================================================================================
#                     Free energy perturbation    
#----------------------------------------------------------------------------------------
#forward/backward          λ              ΔΔA                 ΔA                  δε   
#                                                 
#----------------------------------------------------------------------------------------
forward:               0.0000              0.0000              0.0000              0.0000  
forward:               0.0500              1.0184              1.0184              0.0102  
forward:               0.1000              0.6046              1.6230              0.0134  
forward:               0.1500              0.3262              1.9492              0.0158  
forward:               0.2000              0.1909              2.1401              0.0164  
forward:               0.2500              0.0967              2.2367              0.0170  
forward:               0.3000              0.0465              2.2832              0.0174  
forward:               0.3500              0.0108              2.2941              0.0177  
forward:               0.4000             -0.0226              2.2714              0.0180  
forward:               0.4500             -0.0451              2.2264              0.0182  
forward:               0.5000             -0.0617              2.1647              0.0186  
forward:               0.5500             -0.3120              1.8527              0.0191  
forward:               0.6000             -0.6685              1.1842              0.0197  
forward:               0.6500             -0.9915              0.1926              0.0203  
forward:               0.7000             -1.2356             -1.0429              0.0228  
forward:               0.7500             -1.4219             -2.4648              0.0250  
forward:               0.8000             -1.4691             -3.9340              0.0261  
forward:               0.8500             -1.4575             -5.3915              0.0267  
forward:               0.9000             -1.4354             -6.8268              0.0278  
forward:               0.9500             -1.4178             -8.2446              0.0289  
forward:               1.0000             -1.4751             -9.7197              0.0299  
backward:              1.0000              0.0000             -9.7197              0.0000  
backward:              0.9500              1.4801             -8.2395              0.0109  
backward:              0.9000              1.4397             -6.7999              0.0123  
backward:              0.8500              1.4213             -5.3785              0.0162  
backward:              0.8000              1.4386             -3.9399              0.0175  
backward:              0.7500              1.4577             -2.4822              0.0187  
backward:              0.7000              1.4332             -1.0490              0.0196  
backward:              0.6500              1.2682              0.2192              0.0205  
backward:              0.6000              0.9619              1.1811              0.0213  
backward:              0.5500              0.6596              1.8407              0.0218  
backward:              0.5000              0.2999              2.1405              0.0226  
backward:              0.4500              0.0653              2.2058              0.0229  
backward:              0.4000              0.0401              2.2460              0.0231  
backward:              0.3500              0.0147              2.2606              0.0235  
backward:              0.3000             -0.0112              2.2494              0.0238  
backward:              0.2500             -0.0496              2.1998              0.0242  
backward:              0.2000             -0.1053              2.0945              0.0250  
backward:              0.1500             -0.1996              1.8948              0.0259  
backward:              0.1000             -0.3404              1.5544              0.0278  
backward:              0.0500             -0.6080              0.9464              0.0304  
backward:              0.0000             -1.0610             -0.1146              0.0368  
Inaccuracy estimation
======================================================================================================
                   i        i+δi          P0_overlap_P1   δε(forward)/ε   δε(backward)/ε
======================================================================================================
inaccuracy:  0.00000        0.05000           47.04           -0.03            0.88
inaccuracy:  0.05000        0.10000           54.80           -0.02            0.61
inaccuracy:  0.10000        0.15000           63.70           -0.01            0.34
inaccuracy:  0.15000        0.20000           68.44           -0.02            0.22
inaccuracy:  0.20000        0.25000           72.18           -0.01            0.15
inaccuracy:  0.25000        0.30000           73.74           -0.02            0.13
inaccuracy:  0.30000        0.35000           74.94           -0.01            0.10
inaccuracy:  0.35000        0.40000           76.33           -0.01            0.09
inaccuracy:  0.40000        0.45000           77.08           -0.01            0.08
inaccuracy:  0.45000        0.50000           76.36           -0.01            0.08
inaccuracy:  0.50000        0.55000           63.67           -0.13            0.15
inaccuracy:  0.55000        0.60000           64.09           -0.17            0.08
inaccuracy:  0.60000        0.65000           63.97           -0.21            0.05
inaccuracy:  0.65000        0.70000           59.36           -0.29            0.02
inaccuracy:  0.70000        0.75000           60.65           -0.24            0.01
inaccuracy:  0.75000        0.80000           61.94           -0.22            0.02
inaccuracy:  0.80000        0.85000           60.38           -0.24            0.03
inaccuracy:  0.85000        0.90000           58.43           -0.23            0.04
inaccuracy:  0.90000        0.95000           55.36           -0.33            0.06
inaccuracy:  0.95000        1.00000           53.67           -0.36            0.07
===================================================================================================================================
                BAR        
-----------------------------------------------------------------------------------------------------------------------------------
BAR-estimator:         λ             λ+δλ          ΔΔA             ΔA            C               Δδe            δe       
                          
-----------------------------------------------------------------------------------------------------------------------------------
BAR-estimator:      0.00000        0.05000        1.0311         1.0311         1.0311         0.0070         0.0070 
BAR-estimator:      0.05000        0.10000        0.6055         1.6366         0.6055         0.0064         0.0095 
BAR-estimator:      0.10000        0.15000        0.3319         1.9686         0.3319         0.0068         0.0117 
BAR-estimator:      0.15000        0.20000        0.1904         2.1590         0.1904         0.0033         0.0122 
BAR-estimator:      0.20000        0.25000        0.0978         2.2568         0.0978         0.0030         0.0125 
BAR-estimator:      0.25000        0.30000        0.0473         2.3040         0.0473         0.0027         0.0128 
BAR-estimator:      0.30000        0.35000        0.0101         2.3141         0.0101         0.0029         0.0131 
BAR-estimator:      0.35000        0.40000       -0.0198         2.2943        -0.0198         0.0022         0.0133 
BAR-estimator:      0.40000        0.45000       -0.0427         2.2516        -0.0427         0.0020         0.0135 
BAR-estimator:      0.45000        0.50000       -0.0627         2.1889        -0.0627         0.0026         0.0137 
BAR-estimator:      0.50000        0.55000       -0.3053         1.8836        -0.3053         0.0028         0.0140 
BAR-estimator:      0.55000        0.60000       -0.6612         1.2224        -0.6612         0.0028         0.0143 
BAR-estimator:      0.60000        0.65000       -0.9758         0.2466        -0.9758         0.0048         0.0151 
BAR-estimator:      0.65000        0.70000       -1.2565        -1.0100        -1.2565         0.0050         0.0159 
BAR-estimator:      0.70000        0.75000       -1.4251        -2.4351        -1.4251         0.0044         0.0165 
BAR-estimator:      0.75000        0.80000       -1.4607        -3.8958        -1.4607         0.0036         0.0169 
BAR-estimator:      0.80000        0.85000       -1.4545        -5.3503        -1.4545         0.0037         0.0172 
BAR-estimator:      0.85000        0.90000       -1.4223        -6.7726        -1.4223         0.0043         0.0178 
BAR-estimator:      0.90000        0.95000       -1.4271        -8.1997        -1.4271         0.0045         0.0184 
BAR-estimator:      0.95000        1.00000       -1.4789        -9.6786        -1.4789         0.0050         0.0190 
BAR-estimator: total free energy change is -9.67859593098782 , total error is 0.019031021541662068
