#========================================================================================
#                     Free energy perturbation    
#----------------------------------------------------------------------------------------
#forward/backward          λ              ΔΔA                 ΔA                  δε   
#                                                 
#----------------------------------------------------------------------------------------
forward:               0.0000              0.0000              0.0000              0.0000  
forward:               0.0500              1.5209              1.5209              0.0126  
forward:               0.1000              0.9386              2.4595              0.0167  
forward:               0.1500              0.5574              3.0168              0.0183  
forward:               0.2000              0.3300              3.3468              0.0195  
forward:               0.2500              0.2046              3.5515              0.0203  
forward:               0.3000              0.1132              3.6647              0.0209  
forward:               0.3500              0.0533              3.7180              0.0213  
forward:               0.4000              0.0155              3.7335              0.0216  
forward:               0.4500             -0.0150              3.7186              0.0219  
forward:               0.5000             -0.0432              3.6753              0.0221  
forward:               0.5500             -0.1528              3.5226              0.0225  
forward:               0.6000             -0.3371              3.1855              0.0229  
forward:               0.6500             -0.5237              2.6618              0.0233  
forward:               0.7000             -0.6546              2.0072              0.0237  
forward:               0.7500             -0.7506              1.2566              0.0240  
forward:               0.8000             -0.8172              0.4394              0.0243  
forward:               0.8500             -0.8497             -0.4103              0.0246  
forward:               0.9000             -0.8547             -1.2649              0.0248  
forward:               0.9500             -0.8583             -2.1233              0.0252  
forward:               1.0000             -0.8580             -2.9813              0.0254  
backward:              1.0000              0.0000             -2.9813              0.0000  
backward:              0.9500              0.8501             -2.1313              0.0048  
backward:              0.9000              0.8585             -1.2728              0.0068  
backward:              0.8500              0.8571             -0.4157              0.0082  
backward:              0.8000              0.8471              0.4314              0.0095  
backward:              0.7500              0.8028              1.2342              0.0112  
backward:              0.7000              0.7627              1.9969              0.0123  
backward:              0.6500              0.6528              2.6497              0.0133  
backward:              0.6000              0.5046              3.1543              0.0144  
backward:              0.5500              0.3458              3.5000              0.0153  
backward:              0.5000              0.1574              3.6574              0.0160  
backward:              0.4500              0.0431              3.7005              0.0167  
backward:              0.4000              0.0160              3.7165              0.0173  
backward:              0.3500             -0.0140              3.7025              0.0176  
backward:              0.3000             -0.0584              3.6441              0.0184  
backward:              0.2500             -0.1139              3.5302              0.0205  
backward:              0.2000             -0.2134              3.3169              0.0234  
backward:              0.1500             -0.3409              2.9760              0.0272  
backward:              0.1000             -0.5808              2.3952              0.0321  
backward:              0.0500             -0.9697              1.4255              0.0416  
backward:              0.0000             -1.4867             -0.0612              0.0478  
Inaccuracy estimation
======================================================================================================
                   i        i+δi          P0_overlap_P1   δε(forward)/ε   δε(backward)/ε
======================================================================================================
inaccuracy:  0.00000        0.05000           38.41           -0.03            1.60
inaccuracy:  0.05000        0.10000           47.41           -0.04            0.99
inaccuracy:  0.10000        0.15000           54.83           -0.04            0.55
inaccuracy:  0.15000        0.20000           61.06           -0.02            0.37
inaccuracy:  0.20000        0.25000           64.75           -0.02            0.24
inaccuracy:  0.25000        0.30000           67.76           -0.02            0.21
inaccuracy:  0.30000        0.35000           70.02           -0.02            0.16
inaccuracy:  0.35000        0.40000           70.41           -0.02            0.15
inaccuracy:  0.40000        0.45000           71.31           -0.02            0.14
inaccuracy:  0.45000        0.50000           72.10           -0.02            0.13
inaccuracy:  0.50000        0.55000           65.26           -0.08            0.15
inaccuracy:  0.55000        0.60000           65.56           -0.09            0.12
inaccuracy:  0.60000        0.65000           66.83           -0.09            0.10
inaccuracy:  0.65000        0.70000           65.58           -0.10            0.08
inaccuracy:  0.70000        0.75000           65.93           -0.11            0.07
inaccuracy:  0.75000        0.80000           67.21           -0.10            0.07
inaccuracy:  0.80000        0.85000           66.85           -0.09            0.07
inaccuracy:  0.85000        0.90000           65.98           -0.10            0.07
inaccuracy:  0.90000        0.95000           65.59           -0.09            0.07
inaccuracy:  0.95000        1.00000           65.67           -0.09            0.08
===================================================================================================================================
                BAR        
-----------------------------------------------------------------------------------------------------------------------------------
BAR-estimator:         λ             λ+δλ          ΔΔA             ΔA            C               Δδe            δe       
                          
-----------------------------------------------------------------------------------------------------------------------------------
BAR-estimator:      0.00000        0.05000        1.5172         1.5172         1.5172         0.0069         0.0069 
BAR-estimator:      0.05000        0.10000        0.9465         2.4637         0.9465         0.0064         0.0094 
BAR-estimator:      0.10000        0.15000        0.5563         3.0201         0.5563         0.0049         0.0106 
BAR-estimator:      0.15000        0.20000        0.3317         3.3518         0.3317         0.0044         0.0115 
BAR-estimator:      0.20000        0.25000        0.2014         3.5532         0.2014         0.0040         0.0122 
BAR-estimator:      0.25000        0.30000        0.1153         3.6686         0.1153         0.0033         0.0126 
BAR-estimator:      0.30000        0.35000        0.0557         3.7243         0.0557         0.0028         0.0129 
BAR-estimator:      0.35000        0.40000        0.0134         3.7377         0.0134         0.0024         0.0131 
BAR-estimator:      0.40000        0.45000       -0.0146         3.7230        -0.0146         0.0027         0.0134 
BAR-estimator:      0.45000        0.50000       -0.0426         3.6805        -0.0426         0.0024         0.0136 
BAR-estimator:      0.50000        0.55000       -0.1541         3.5263        -0.1541         0.0029         0.0139 
BAR-estimator:      0.55000        0.60000       -0.3394         3.1869        -0.3394         0.0028         0.0142 
BAR-estimator:      0.60000        0.65000       -0.5103         2.6766        -0.5103         0.0029         0.0145 
BAR-estimator:      0.65000        0.70000       -0.6543         2.0223        -0.6543         0.0029         0.0148 
BAR-estimator:      0.70000        0.75000       -0.7560         1.2663        -0.7560         0.0031         0.0151 
BAR-estimator:      0.75000        0.80000       -0.8139         0.4524        -0.8139         0.0028         0.0153 
BAR-estimator:      0.80000        0.85000       -0.8463        -0.3939        -0.8463         0.0021         0.0155 
BAR-estimator:      0.85000        0.90000       -0.8586        -1.2526        -0.8586         0.0024         0.0157 
BAR-estimator:      0.90000        0.95000       -0.8584        -2.1110        -0.8584         0.0028         0.0159 
BAR-estimator:      0.95000        1.00000       -0.8555        -2.9664        -0.8555         0.0027         0.0161 
BAR-estimator: total free energy change is -2.9664395892177042 , total error is 0.016118476365950696
