#========================================================================================
#                     Free energy perturbation    
#----------------------------------------------------------------------------------------
#forward/backward          λ              ΔΔA                 ΔA                  δε   
#                                                 
#----------------------------------------------------------------------------------------
forward:               0.0000              0.0000              0.0000              0.0000  
forward:               0.0500              1.9053              1.9053              0.0173  
forward:               0.1000              1.1020              3.0074              0.0219  
forward:               0.1500              0.6059              3.6133              0.0238  
forward:               0.2000              0.3333              3.9466              0.0249  
forward:               0.2500              0.1691              4.1157              0.0255  
forward:               0.3000              0.0856              4.2013              0.0259  
forward:               0.3500              0.0442              4.2455              0.0262  
forward:               0.4000             -0.0006              4.2449              0.0264  
forward:               0.4500             -0.0352              4.2097              0.0266  
forward:               0.5000             -0.0620              4.1477              0.0268  
forward:               0.5500             -0.1120              4.0357              0.0271  
forward:               0.6000             -0.2118              3.8238              0.0274  
forward:               0.6500             -0.3043              3.5196              0.0276  
forward:               0.7000             -0.3826              3.1369              0.0279  
forward:               0.7500             -0.4524              2.6846              0.0282  
forward:               0.8000             -0.5045              2.1800              0.0285  
forward:               0.8500             -0.5517              1.6283              0.0287  
forward:               0.9000             -0.5909              1.0374              0.0289  
forward:               0.9500             -0.6096              0.4277              0.0291  
forward:               1.0000             -0.6264             -0.1987              0.0293  
backward:              1.0000              0.0000             -0.1987              0.0000  
backward:              0.9500              0.6276              0.4289              0.0045  
backward:              0.9000              0.6052              1.0341              0.0062  
backward:              0.8500              0.5914              1.6255              0.0075  
backward:              0.8000              0.5508              2.1763              0.0090  
backward:              0.7500              0.5090              2.6853              0.0099  
backward:              0.7000              0.4554              3.1407              0.0109  
backward:              0.6500              0.3825              3.5232              0.0118  
backward:              0.6000              0.2988              3.8219              0.0129  
backward:              0.5500              0.2131              4.0351              0.0136  
backward:              0.5000              0.1019              4.1369              0.0146  
backward:              0.4500              0.0578              4.1947              0.0152  
backward:              0.4000              0.0333              4.2280              0.0170  
backward:              0.3500             -0.0031              4.2249              0.0178  
backward:              0.3000             -0.0382              4.1868              0.0186  
backward:              0.2500             -0.0896              4.0972              0.0198  
backward:              0.2000             -0.1853              3.9119              0.0215  
backward:              0.1500             -0.3173              3.5945              0.0232  
backward:              0.1000             -0.5770              3.0175              0.0266  
backward:              0.0500             -1.1313              1.8862              0.0526  
backward:              0.0000             -1.8954             -0.0092              0.0584  
Inaccuracy estimation
======================================================================================================
                   i        i+δi          P0_overlap_P1   δε(forward)/ε   δε(backward)/ε
======================================================================================================
inaccuracy:  0.00000        0.05000           33.45           -0.01            2.07
inaccuracy:  0.05000        0.10000           42.71           -0.04            1.30
inaccuracy:  0.10000        0.15000           51.78           -0.03            0.67
inaccuracy:  0.15000        0.20000           60.29           -0.02            0.37
inaccuracy:  0.20000        0.25000           65.96           -0.02            0.24
inaccuracy:  0.25000        0.30000           68.59           -0.02            0.18
inaccuracy:  0.30000        0.35000           69.26           -0.02            0.16
inaccuracy:  0.35000        0.40000           70.83           -0.02            0.14
inaccuracy:  0.40000        0.45000           71.84           -0.02            0.13
inaccuracy:  0.45000        0.50000           72.92           -0.01            0.11
inaccuracy:  0.50000        0.55000           69.56           -0.04            0.13
inaccuracy:  0.55000        0.60000           69.98           -0.05            0.11
inaccuracy:  0.60000        0.65000           70.77           -0.06            0.10
inaccuracy:  0.65000        0.70000           70.14           -0.05            0.09
inaccuracy:  0.70000        0.75000           70.15           -0.06            0.08
inaccuracy:  0.75000        0.80000           70.18           -0.06            0.08
inaccuracy:  0.80000        0.85000           69.95           -0.06            0.07
inaccuracy:  0.85000        0.90000           70.50           -0.06            0.07
inaccuracy:  0.90000        0.95000           70.30           -0.06            0.07
inaccuracy:  0.95000        1.00000           70.07           -0.06            0.07
===================================================================================================================================
                BAR        
-----------------------------------------------------------------------------------------------------------------------------------
BAR-estimator:         λ             λ+δλ          ΔΔA             ΔA            C               Δδe            δe       
                          
-----------------------------------------------------------------------------------------------------------------------------------
BAR-estimator:      0.00000        0.05000        1.9041         1.9041         1.9041         0.0088         0.0088 
BAR-estimator:      0.05000        0.10000        1.1158         3.0199         1.1158         0.0078         0.0117 
BAR-estimator:      0.10000        0.15000        0.5982         3.6181         0.5982         0.0065         0.0134 
BAR-estimator:      0.15000        0.20000        0.3279         3.9460         0.3279         0.0051         0.0143 
BAR-estimator:      0.20000        0.25000        0.1752         4.1213         0.1752         0.0038         0.0148 
BAR-estimator:      0.25000        0.30000        0.0871         4.2084         0.0871         0.0032         0.0152 
BAR-estimator:      0.30000        0.35000        0.0422         4.2506         0.0422         0.0031         0.0155 
BAR-estimator:      0.35000        0.40000       -0.0000         4.2506        -0.0000         0.0022         0.0156 
BAR-estimator:      0.40000        0.45000       -0.0357         4.2148        -0.0357         0.0025         0.0158 
BAR-estimator:      0.45000        0.50000       -0.0603         4.1546        -0.0603         0.0025         0.0160 
BAR-estimator:      0.50000        0.55000       -0.1096         4.0450        -0.1096         0.0027         0.0162 
BAR-estimator:      0.55000        0.60000       -0.2111         3.8339        -0.2111         0.0027         0.0165 
BAR-estimator:      0.60000        0.65000       -0.3028         3.5311        -0.3028         0.0025         0.0167 
BAR-estimator:      0.65000        0.70000       -0.3824         3.1487        -0.3824         0.0028         0.0169 
BAR-estimator:      0.70000        0.75000       -0.4549         2.6938        -0.4549         0.0028         0.0171 
BAR-estimator:      0.75000        0.80000       -0.5058         2.1880        -0.5058         0.0029         0.0174 
BAR-estimator:      0.80000        0.85000       -0.5524         1.6356        -0.5524         0.0026         0.0176 
BAR-estimator:      0.85000        0.90000       -0.5903         1.0453        -0.5903         0.0026         0.0178 
BAR-estimator:      0.90000        0.95000       -0.6093         0.4361        -0.6093         0.0026         0.0180 
BAR-estimator:      0.95000        1.00000       -0.6279        -0.1919        -0.6279         0.0026         0.0181 
BAR-estimator: total free energy change is -0.1918769564743622 , total error is 0.018146254219216028
