#========================================================================================
#                     Free energy perturbation    
#----------------------------------------------------------------------------------------
#forward/backward          λ              ΔΔA                 ΔA                  δε   
#                                                 
#----------------------------------------------------------------------------------------
forward:               0.0000              0.0000              0.0000              0.0000  
forward:               0.0500              2.1088              2.1088              0.0247  
forward:               0.1000              1.1994              3.3082              0.0286  
forward:               0.1500              0.6593              3.9675              0.0302  
forward:               0.2000              0.3787              4.3462              0.0315  
forward:               0.2500              0.2048              4.5509              0.0320  
forward:               0.3000              0.1025              4.6534              0.0324  
forward:               0.3500              0.0252              4.6786              0.0327  
forward:               0.4000             -0.0108              4.6679              0.0331  
forward:               0.4500             -0.0594              4.6084              0.0333  
forward:               0.5000             -0.0868              4.5216              0.0335  
forward:               0.5500             -0.1255              4.3961              0.0337  
forward:               0.6000             -0.1741              4.2220              0.0339  
forward:               0.6500             -0.2216              4.0004              0.0341  
forward:               0.7000             -0.2519              3.7485              0.0342  
forward:               0.7500             -0.2824              3.4661              0.0344  
forward:               0.8000             -0.3123              3.1537              0.0345  
forward:               0.8500             -0.3283              2.8254              0.0346  
forward:               0.9000             -0.3501              2.4753              0.0347  
forward:               0.9500             -0.3639              2.1114              0.0349  
forward:               1.0000             -0.3829              1.7286              0.0350  
backward:              1.0000              0.0000              1.7286              0.0000  
backward:              0.9500              0.3722              2.1008              0.0033  
backward:              0.9000              0.3607              2.4615              0.0051  
backward:              0.8500              0.3419              2.8034              0.0067  
backward:              0.8000              0.3281              3.1315              0.0077  
backward:              0.7500              0.3037              3.4352              0.0087  
backward:              0.7000              0.2865              3.7217              0.0094  
backward:              0.6500              0.2428              3.9645              0.0103  
backward:              0.6000              0.2194              4.1839              0.0111  
backward:              0.5500              0.1696              4.3535              0.0127  
backward:              0.5000              0.1210              4.4745              0.0135  
backward:              0.4500              0.0791              4.5537              0.0144  
backward:              0.4000              0.0506              4.6043              0.0154  
backward:              0.3500              0.0178              4.6221              0.0162  
backward:              0.3000             -0.0318              4.5903              0.0174  
backward:              0.2500             -0.1152              4.4752              0.0189  
backward:              0.2000             -0.1991              4.2761              0.0209  
backward:              0.1500             -0.3633              3.9128              0.0229  
backward:              0.1000             -0.6872              3.2256              0.0287  
backward:              0.0500             -1.1966              2.0289              0.0363  
backward:              0.0000             -2.0860             -0.0570              0.0561  
Inaccuracy estimation
======================================================================================================
                   i        i+δi          P0_overlap_P1   δε(forward)/ε   δε(backward)/ε
======================================================================================================
inaccuracy:  0.00000        0.05000           28.90            0.01            2.92
inaccuracy:  0.05000        0.10000           41.34           -0.05            1.39
inaccuracy:  0.10000        0.15000           52.01           -0.04            0.72
inaccuracy:  0.15000        0.20000           57.96           -0.03            0.44
inaccuracy:  0.20000        0.25000           62.32           -0.03            0.30
inaccuracy:  0.25000        0.30000           66.57           -0.03            0.21
inaccuracy:  0.30000        0.35000           68.09           -0.02            0.18
inaccuracy:  0.35000        0.40000           68.67           -0.02            0.16
inaccuracy:  0.40000        0.45000           70.27           -0.02            0.14
inaccuracy:  0.45000        0.50000           71.10           -0.02            0.13
inaccuracy:  0.50000        0.55000           70.30           -0.03            0.13
inaccuracy:  0.55000        0.60000           70.25           -0.03            0.12
inaccuracy:  0.60000        0.65000           71.19           -0.04            0.11
inaccuracy:  0.65000        0.70000           71.35           -0.03            0.10
inaccuracy:  0.70000        0.75000           70.74           -0.03            0.10
inaccuracy:  0.75000        0.80000           72.18           -0.03            0.10
inaccuracy:  0.80000        0.85000           71.04           -0.04            0.09
inaccuracy:  0.85000        0.90000           71.72           -0.04            0.09
inaccuracy:  0.90000        0.95000           71.04           -0.04            0.09
inaccuracy:  0.95000        1.00000           71.45           -0.04            0.09
===================================================================================================================================
                BAR        
-----------------------------------------------------------------------------------------------------------------------------------
BAR-estimator:         λ             λ+δλ          ΔΔA             ΔA            C               Δδe            δe       
                          
-----------------------------------------------------------------------------------------------------------------------------------
BAR-estimator:      0.00000        0.05000        2.1038         2.1038         2.1038         0.0093         0.0093 
BAR-estimator:      0.05000        0.10000        1.2124         3.3162         1.2124         0.0076         0.0120 
BAR-estimator:      0.10000        0.15000        0.6625         3.9787         0.6625         0.0072         0.0140 
BAR-estimator:      0.15000        0.20000        0.3757         4.3544         0.3757         0.0052         0.0149 
BAR-estimator:      0.20000        0.25000        0.2002         4.5547         0.2002         0.0040         0.0154 
BAR-estimator:      0.25000        0.30000        0.1084         4.6631         0.1084         0.0032         0.0158 
BAR-estimator:      0.30000        0.35000        0.0291         4.6922         0.0291         0.0032         0.0161 
BAR-estimator:      0.35000        0.40000       -0.0130         4.6792        -0.0130         0.0031         0.0164 
BAR-estimator:      0.40000        0.45000       -0.0565         4.6227        -0.0565         0.0025         0.0166 
BAR-estimator:      0.45000        0.50000       -0.0833         4.5394        -0.0833         0.0036         0.0170 
BAR-estimator:      0.50000        0.55000       -0.1231         4.4163        -0.1231         0.0028         0.0172 
BAR-estimator:      0.55000        0.60000       -0.1741         4.2423        -0.1741         0.0026         0.0174 
BAR-estimator:      0.60000        0.65000       -0.2204         4.0219        -0.2204         0.0025         0.0176 
BAR-estimator:      0.65000        0.70000       -0.2497         3.7722        -0.2497         0.0025         0.0177 
BAR-estimator:      0.70000        0.75000       -0.2823         3.4899        -0.2823         0.0026         0.0179 
BAR-estimator:      0.75000        0.80000       -0.3084         3.1815        -0.3084         0.0024         0.0181 
BAR-estimator:      0.80000        0.85000       -0.3280         2.8535        -0.3280         0.0025         0.0183 
BAR-estimator:      0.85000        0.90000       -0.3474         2.5061        -0.3474         0.0026         0.0184 
BAR-estimator:      0.90000        0.95000       -0.3626         2.1434        -0.3626         0.0024         0.0186 
BAR-estimator:      0.95000        1.00000       -0.3800         1.7635        -0.3800         0.0023         0.0187 
BAR-estimator: total free energy change is 1.763471256068831 , total error is 0.018739980142200675
